あの特別試合のあと、オレと杏奈ちゃんは、\n銀蘭学園で時の人となった。%K%P
あの特別試合のあと、オレと杏奈ちゃんは、\n銀蘭学園で時の人となった。%K%P
おかげで、銀蘭祭２日目の騎士カフェも大盛況。%K%P
おかげで、銀蘭祭２日目の騎士カフェも大盛況。%K%P
懸念されていた歌劇アリアも、\n梨理ちゃんの怪我が手だったこともあって、\n出演者の変更はなく、無事に上演された。%K%P
懸念されていた歌劇アリアも、\n梨理ちゃんの怪我が手だったこともあって、\n出演者の変更はなく、無事に上演された。%K%P
１０年ぶりに聞くつーちゃんの歌声は、\n{歌姫:ディーバ}の名に相応しい素晴らしいものだった。%K%P
１０年ぶりに聞くつーちゃんの歌声は、\n{歌姫:ディーバ}の名に相応しい素晴らしいものだった。%K%P
そうして、銀蘭祭が終わったあと、\nゆるやかに穏やかに、時は流れて――。%K%P
そうして、銀蘭祭が終わったあと、\nゆるやかに穏やかに、時は流れて――。%K%P
ついに、その日はやってきた。%K%P
ついに、その日はやってきた。%K%P
%LC陽菜
%LC陽菜
「……うん。忘れ物なし」%K%P
「……うん。忘れ物なし」%K%P
%LC陽菜
%LC陽菜
「ニナさん、そろそろ行きます」%K%P
「ニナさん、そろそろ行きます」%K%P
%LCニナ
%LCニナ
「本当にお見送りしなくていいの？」%K%P
「本当にお見送りしなくていいの？」%K%P
%LC陽菜
%LC陽菜
「大丈夫です。\n　今日までお世話になりました」%K%P
「大丈夫です。\n　今日までお世話になりました」%K%P
%LCニナ
%LCニナ
「それはこっちの台詞。\n　陽菜ちゃんのおかげで色々と助かったもの」%K%P
「それはこっちの台詞。\n　陽菜ちゃんのおかげで色々と助かったもの」%K%P
深々と頭を下げたオレに、\nニナさんが、ちょっと寂しげに微笑む。%K%P
深々と頭を下げたオレに、\nニナさんが、ちょっと寂しげに微笑む。%K%P
先週、銀蘭学園に二人の職員が復職した。%K%P
先週、銀蘭学園に二人の職員が復職した。%K%P
鶴谷先生と、鴨居先生――二人とも、\nオレが代理を務めていた、本来の指南役補佐だ。%K%P
鶴谷先生と、鴨居先生――二人とも、\nオレが代理を務めていた、本来の指南役補佐だ。%K%P
その二人が戻ってきたということは、\n補佐代理を続ける必要がなくなったということで。%K%P
その二人が戻ってきたということは、\n補佐代理を続ける必要がなくなったということで。%K%P
職員ではなくなったオレは、\n職員寮を出て行かなくてはならなくなった。%K%P
職員ではなくなったオレは、\n職員寮を出て行かなくてはならなくなった。%K%P
さいわい、姉さんの両親――叔父さんたちは、\n武者修行を終えて、いまは日本で暮らしている。%K%P
さいわい、姉さんの両親――叔父さんたちは、\n武者修行を終えて、いまは日本で暮らしている。%K%P
だから、叔父さんの家に下宿するという道も、\nあるにはあったんだけど――、%K%P
だから、叔父さんの家に下宿するという道も、\nあるにはあったんだけど――、%K%P
オレが選んだのは、その道ではなかった。%K%P
オレが選んだのは、その道ではなかった。%K%P
%LC宗千佳
%LC宗千佳
「陽菜がいなくなると寂しくなるな」%K%P
「陽菜がいなくなると寂しくなるな」%K%P
%LC陽菜
%LC陽菜
「しめっぽくなる必要ないでしょ？\n　これからも会うんだし」%K%P
「しめっぽくなる必要ないでしょ？\n　これからも会うんだし」%K%P
%LC宗千佳
%LC宗千佳
「ふふっ、それもそうか」%K%P
「ふふっ、それもそうか」%K%P
%LC陽菜
%LC陽菜
「じゃあ、私はこれで」%K%P
「じゃあ、私はこれで」%K%P
%LCニナ
%LCニナ
「ヒナちゃんさえよければ、\n　たまには遊びに来てね」%K%P
「ヒナちゃんさえよければ、\n　たまには遊びに来てね」%K%P
%LC陽菜
%LC陽菜
「はい。では、ごきげんよう」%K%P
「はい。では、ごきげんよう」%K%P
すっかり馴染んだ挨拶で職員寮をあとにすると、\nキャリーカートと共に歩き出す。%K%P
すっかり馴染んだ挨拶で職員寮をあとにすると、\nキャリーカートと共に歩き出す。%K%P
いまから向かうのは、新たな住居。%K%P
いまから向かうのは、新たな住居。%K%P
といっても、徒歩数分の場所なんだけど。%K%P
といっても、徒歩数分の場所なんだけど。%K%P
%LC杏奈
%LC杏奈
「陽菜ちゃんっ」%K%P
「陽菜ちゃんっ」%K%P
%LC陽菜
%LC陽菜
「杏奈ちゃん……。\n　部屋で待ってるはずじゃ」%K%P
「杏奈ちゃん……。\n　部屋で待ってるはずじゃ」%K%P
%LC杏奈
%LC杏奈
「待ちきれなくて迎えに来ちゃった。\n　それ荷物だよね？　持ってあげよっか？」%K%P
「待ちきれなくて迎えに来ちゃった。\n　それ荷物だよね？　持ってあげよっか？」%K%P
%LC陽菜
%LC陽菜
「大丈夫、大した量じゃないから」%K%P
「大丈夫、大した量じゃないから」%K%P
%LC陽菜
%LC陽菜
「それより、ごめんね。\n　今回は無理なお願いをしちゃって」%K%P
「それより、ごめんね。\n　今回は無理なお願いをしちゃって」%K%P
%LC杏奈
%LC杏奈
「ううんっ、むしろ願ったり叶ったり。\n　ほらっ、早く早くっ」%K%P
「ううんっ、むしろ願ったり叶ったり。\n　ほらっ、早く早くっ」%K%P
%LC陽菜
%LC陽菜
「わわっ、ちょっ、引っ張らないでってばっ」%K%P
「わわっ、ちょっ、引っ張らないでってばっ」%K%P
%LC杏奈
%LC杏奈
「ささっ、どうぞ。入って入って」%K%P
「ささっ、どうぞ。入って入って」%K%P
%LC陽菜
%LC陽菜
「お邪魔します」%K%P
「お邪魔します」%K%P
%LC杏奈
%LC杏奈
「もう、陽菜ちゃん？　違うでしょ？\n　ただいま、でしょ？」%K%P
「もう、陽菜ちゃん？　違うでしょ？\n　ただいま、でしょ？」%K%P
%LC杏奈
%LC杏奈
「今日からここは、\n　陽菜ちゃんの部屋でもあるんだから」%K%P
「今日からここは、\n　陽菜ちゃんの部屋でもあるんだから」%K%P
%LC陽菜
%LC陽菜
「あっ、うん。……ただいま、杏奈ちゃん」%K%P
「あっ、うん。……ただいま、杏奈ちゃん」%K%P
%LC杏奈
%LC杏奈
「おかえりなさいっ」%K%P
「おかえりなさいっ」%K%P
――そう。オレの新たな住まいは、学生寮。%K%P
――そう。オレの新たな住まいは、学生寮。%K%P
オレはここで、引き続き卯花陽菜として、\n女装生活を続けることを選んだ。%K%P
オレはここで、引き続き卯花陽菜として、\n女装生活を続けることを選んだ。%K%P
今度の期限は、来年春――、\nつまり、銀蘭学園を卒業するまでだ。%K%P
今度の期限は、来年春――、\nつまり、銀蘭学園を卒業するまでだ。%K%P
%LC杏奈
%LC杏奈
「どう？　その紅茶、美味しい？」%K%P
「どう？　その紅茶、美味しい？」%K%P
%LC陽菜
%LC陽菜
「うん。こっちのお菓子も美味しい」%K%P
「うん。こっちのお菓子も美味しい」%K%P
%LC杏奈
%LC杏奈
「よかった。それ、新作なんだよ。\n　今日の為に作ったんだから」%K%P
「よかった。それ、新作なんだよ。\n　今日の為に作ったんだから」%K%P
%LC杏奈
%LC杏奈
「お菓子もいっぱい用意してあるし。\n　ほらほら、食べて食べて」%K%P
「お菓子もいっぱい用意してあるし。\n　ほらほら、食べて食べて」%K%P
%LC陽菜
%LC陽菜
「あんまり食べると太っちゃうってば」%K%P
「あんまり食べると太っちゃうってば」%K%P
%LC杏奈
%LC杏奈
「なに言ってるの。\n　陽菜ちゃん太る体質じゃないでしょ？」%K%P
「なに言ってるの。\n　陽菜ちゃん太る体質じゃないでしょ？」%K%P
%LC陽菜
%LC陽菜
「だからって、これはさすがに……。\n　そもそもこの量、多すぎじゃない？」%K%P
「だからって、これはさすがに……。\n　そもそもこの量、多すぎじゃない？」%K%P
%LC杏奈
%LC杏奈
「楽しみで作り過ぎちゃったんだもん」%K%P
「楽しみで作り過ぎちゃったんだもん」%K%P
照れながらも笑う杏奈ちゃんが可愛い。%K%P
照れながらも笑う杏奈ちゃんが可愛い。%K%P
%LC杏奈
%LC杏奈
「でも、まさか陽菜ちゃんが、\n　学生として銀蘭に残るだなんて思わなかった」%K%P
「でも、まさか陽菜ちゃんが、\n　学生として銀蘭に残るだなんて思わなかった」%K%P
%LC杏奈
%LC杏奈
「てっきり、補佐代理のお務めが終わったら、\n　この学園を辞めちゃうと思ってたから」%K%P
「てっきり、補佐代理のお務めが終わったら、\n　この学園を辞めちゃうと思ってたから」%K%P
%LC陽菜
%LC陽菜
「私も最初は、そのつもりだったんだけど。\n　でも、この場所でやりたいことができたから」%K%P
「私も最初は、そのつもりだったんだけど。\n　でも、この場所でやりたいことができたから」%K%P
%LC杏奈
%LC杏奈
「{最優秀騎士:ブリランテ}になりたい、とか？」%K%P
「{最優秀騎士:ブリランテ}になりたい、とか？」%K%P
%LC陽菜
%LC陽菜
「それもあるけど。一番は、\n　杏奈ちゃんと一緒にいたいなって」%K%P
「それもあるけど。一番は、\n　杏奈ちゃんと一緒にいたいなって」%K%P
%LC陽菜
%LC陽菜
「日本に帰国してから、ずっと一緒だったし。\n　今さら離れるとか、考えられなくて」%K%P
「日本に帰国してから、ずっと一緒だったし。\n　今さら離れるとか、考えられなくて」%K%P
%LC陽菜
%LC陽菜
「ただ、こうして学生寮で暮らすかどうかは、\n　最後まで迷ってたんだけどね」%K%P
「ただ、こうして学生寮で暮らすかどうかは、\n　最後まで迷ってたんだけどね」%K%P
%LC杏奈
%LC杏奈
「なんで？」%K%P
「なんで？」%K%P
%LC陽菜
%LC陽菜
「職員寮での生活は、ニナさんも姉さんも\n　女装のことを知ってたから、気兼ねなかったし」%K%P
「職員寮での生活は、ニナさんも姉さんも\n　女装のことを知ってたから、気兼ねなかったし」%K%P
%LC陽菜
%LC陽菜
「その点、学生寮だと、杏奈ちゃん以外には\n　女装のことを隠したまま生活するわけだから」%K%P
「その点、学生寮だと、杏奈ちゃん以外には\n　女装のことを隠したまま生活するわけだから」%K%P
%LC陽菜
%LC陽菜
「絶対に苦労は増えるし、\n　杏奈ちゃんにも負担をかけちゃうでしょ？」%K%P
「絶対に苦労は増えるし、\n　杏奈ちゃんにも負担をかけちゃうでしょ？」%K%P
%LC杏奈
%LC杏奈
「もう、水くさいこと言って。\n　ばっちりフォローするから任せといて」%K%P
「もう、水くさいこと言って。\n　ばっちりフォローするから任せといて」%K%P
%LC杏奈
%LC杏奈
「お風呂の入浴時間とかも、\n　他の子と重ならないようにしておいたし」%K%P
「お風呂の入浴時間とかも、\n　他の子と重ならないようにしておいたし」%K%P
%LC陽菜
%LC陽菜
「ありがとう。ほんと、大助かり」%K%P
「ありがとう。ほんと、大助かり」%K%P
%LC杏奈
%LC杏奈
「まあ、他の子と一緒じゃないってだけで、\n　私とは一緒に入るんだけどね」%K%P
「まあ、他の子と一緒じゃないってだけで、\n　私とは一緒に入るんだけどね」%K%P
%LC陽菜
%LC陽菜
「……へ？　え、なんで？」%K%P
「……へ？　え、なんで？」%K%P
%LC杏奈
%LC杏奈
「なんでって、お風呂って裸で入るんだよ？\n　そんな危ない場所に一人で行かせられないもん」%K%P
「なんでって、お風呂って裸で入るんだよ？\n　そんな危ない場所に一人で行かせられないもん」%K%P
%LC陽菜
%LC陽菜
「杏奈ちゃんと一緒に入るほうが、\n　よっぽどバレそうな気がするんだけど」%K%P
「杏奈ちゃんと一緒に入るほうが、\n　よっぽどバレそうな気がするんだけど」%K%P
杏奈ちゃんと一緒に入浴して、\n勃起しないという未来が一切見えない。%K%P
杏奈ちゃんと一緒に入浴して、\n勃起しないという未来が一切見えない。%K%P
%LC杏奈
%LC杏奈
「大丈夫っ。万一のときは、\n　私が抱きついて隠してあげるから」%K%P
「大丈夫っ。万一のときは、\n　私が抱きついて隠してあげるから」%K%P
%LC陽菜
%LC陽菜
「そんなことしたら余計におっきくなるでしょ」%K%P
「そんなことしたら余計におっきくなるでしょ」%K%P
%LC杏奈
%LC杏奈
「そしたら挿れて隠せばいいし」%K%P
「そしたら挿れて隠せばいいし」%K%P
%LC陽菜
%LC陽菜
%XS21「なんでそういうこと思いつくのっ」%XE%K%P
%XS21「なんでそういうこと思いつくのっ」%XE%K%P
%LC杏奈
%LC杏奈
「だって私、ドスケベだもん。……んふふっ氈v%K%P
「だって私、ドスケベだもん。……んふふっ氈v%K%P
%LC陽菜
%LC陽菜
「もう……」%K%P
「もう……」%K%P
こっちを見つめて微笑む杏奈ちゃんに、\nかなわないなって気持ちで、肩をすくめる。%K%P
こっちを見つめて微笑む杏奈ちゃんに、\nかなわないなって気持ちで、肩をすくめる。%K%P
はたして彼女と一緒に暮らして、\n卒業まで女装がバレずに過ごせるかどうか――、\nそれはまだ、わからないけれど。%K%P
はたして彼女と一緒に暮らして、\n卒業まで女装がバレずに過ごせるかどうか――、\nそれはまだ、わからないけれど。%K%P
願わくば、銀蘭学園を卒業したあとも、\nこうして彼女と一緒に暮らせる日々が来ますように。%K%P
願わくば、銀蘭学園を卒業したあとも、\nこうして彼女と一緒に暮らせる日々が来ますように。%K%P
