――週明け、月曜日。%K%P
――週明け、月曜日。%K%P
ニナさんの予告通り、その日の朝礼では、\n{連弾:デュオ}{舞闘:カデンツァ}のエンゲージ投票が行われた。%K%P
ニナさんの予告通り、その日の朝礼では、\n{連弾:デュオ}{舞闘:カデンツァ}のエンゲージ投票が行われた。%K%P
もちろん、オレは杏奈ちゃんに投票した。%K%P
もちろん、オレは杏奈ちゃんに投票した。%K%P
で、他の{騎士:ワルキュリア}たちも投票した結果――、%K%P
で、他の{騎士:ワルキュリア}たちも投票した結果――、%K%P
%LCニナ
%LCニナ
「わはっ、これはすごいっ……！\n　とんでもないことになっちゃったっ！」%K%P
「わはっ、これはすごいっ……！\n　とんでもないことになっちゃったっ！」%K%P
エンゲージ結果を発表していたニナさんの声が、\n自然と熱を帯びる。%K%P
エンゲージ結果を発表していたニナさんの声が、\n自然と熱を帯びる。%K%P
それもそのはず――、%K%P
それもそのはず――、%K%P
%LCニナ
%LCニナ
「なんとなんと、依夜ちゃんとクレール、\n　{最優秀騎士:ブリランテ}ペアの誕生ですっ！」%K%P
「なんとなんと、依夜ちゃんとクレール、\n　{最優秀騎士:ブリランテ}ペアの誕生ですっ！」%K%P
ニナさんの声に、ホールがわあっと沸き立つ。%K%P
ニナさんの声に、ホールがわあっと沸き立つ。%K%P
歓声に応えるように会釈をする依夜様と、\n控えめに、だけどにこにこ手を振るクレール様。%K%P
歓声に応えるように会釈をする依夜様と、\n控えめに、だけどにこにこ手を振るクレール様。%K%P
テスト{舞闘:カデンツァ}で鮮烈な戦いを見せた二人が、\nまさかまさかのエンゲージ。%K%P
テスト{舞闘:カデンツァ}で鮮烈な戦いを見せた二人が、\nまさかまさかのエンゲージ。%K%P
これはもう、文句なしの優勝候補筆頭だ。%K%P
これはもう、文句なしの優勝候補筆頭だ。%K%P
%LC美実
%LC美実
「いやはや、こうなっちゃうかぁ……」%K%P
「いやはや、こうなっちゃうかぁ……」%K%P
%LC梨理
%LC梨理
「相手にとって不足なし」%K%P
「相手にとって不足なし」%K%P
%LC美実
%LC美実
「もう、この子はホントに……」%K%P
「もう、この子はホントに……」%K%P
%LC小夜
%LC小夜
「すごいね、千波」%K%P
「すごいね、千波」%K%P
%LC千波
%LC千波
「うん、わくわくする」%K%P
「うん、わくわくする」%K%P
%LC小夜
%LC小夜
「ふふっ、私も」%K%P
「ふふっ、私も」%K%P
%LC杏奈
%LC杏奈
「すごいことになっちゃった……」%K%P
「すごいことになっちゃった……」%K%P
%LC陽菜
%LC陽菜
「だね」%K%P
「だね」%K%P
%LC杏奈
%LC杏奈
「あれ？　あんまり驚いてない……？」%K%P
「あれ？　あんまり驚いてない……？」%K%P
%LC陽菜
%LC陽菜
「こうなるんじゃないかって、\n　そんな気はしてたから」%K%P
「こうなるんじゃないかって、\n　そんな気はしてたから」%K%P
小夜さんと千波ちゃんがエンゲージして、\nオレと杏奈ちゃんがエンゲージ。%K%P
小夜さんと千波ちゃんがエンゲージして、\nオレと杏奈ちゃんがエンゲージ。%K%P
残る４人の組み合わせを考えたとき、\n椋木姉妹がペアを組むって仮定すると――、%K%P
残る４人の組み合わせを考えたとき、\n椋木姉妹がペアを組むって仮定すると――、%K%P
必然、この二人がエンゲージすることになる。%K%P
必然、この二人がエンゲージすることになる。%K%P
%LCニナ
%LCニナ
「じゃあ、エンゲージに続いて、\n　トーナメントの組み合わせ抽選ね」%K%P
「じゃあ、エンゲージに続いて、\n　トーナメントの組み合わせ抽選ね」%K%P
%LCニナ
%LCニナ
「ひと組ずつ、抽選札を引いてもらうから。\n　ペアのどちらか一人、こちらに来て」%K%P
「ひと組ずつ、抽選札を引いてもらうから。\n　ペアのどちらか一人、こちらに来て」%K%P
%LC千波
%LC千波
「小夜」%K%P
「小夜」%K%P
%LC小夜
%LC小夜
「うん、行ってくる」%K%P
「うん、行ってくる」%K%P
%LC美実
%LC美実
「梨理、行っておいで」%K%P
「梨理、行っておいで」%K%P
%LC梨理
%LC梨理
「えっ、でも」%K%P
「えっ、でも」%K%P
%LC美実
%LC美実
「いいから」%K%P
「いいから」%K%P
%LC依夜
%LC依夜
「クレール、ここはあなたが」%K%P
「クレール、ここはあなたが」%K%P
%LCクレール
%LCクレール
「依夜ちゃん、じゃんけんしましょ」%K%P
「依夜ちゃん、じゃんけんしましょ」%K%P
%LC依夜
%LC依夜
「え」%K%P
「え」%K%P
%LCクレール
%LCクレール
「せーの……じゃんけん、ぽんっ」%K%P
「せーの……じゃんけん、ぽんっ」%K%P
%LC依夜
%LC依夜
「あっ……」%K%P
「あっ……」%K%P
%LCクレール
%LCクレール
「じゃあ依夜ちゃん、よろしくね」%K%P
「じゃあ依夜ちゃん、よろしくね」%K%P
%LC杏奈
%LC杏奈
「ここはもちろん、陽菜ちゃんで――」%K%P
「ここはもちろん、陽菜ちゃんで――」%K%P
%LC陽菜
%LC陽菜
「私たちもじゃんけんしよっか」%K%P
「私たちもじゃんけんしよっか」%K%P
%LC杏奈
%LC杏奈
「え？」%K%P
「え？」%K%P
%LC陽菜
%LC陽菜
「いくよ？　じゃんけん――」%K%P
「いくよ？　じゃんけん――」%K%P
%LC陽菜・杏奈
%LC陽菜・杏奈
「ぽんっ」\n「ぽんっ？！」%K%P
「ぽんっ」\n「ぽんっ？！」%K%P
%LC杏奈
%LC杏奈
「うわ、勝っちゃったっ……？！」%K%P
「うわ、勝っちゃったっ……？！」%K%P
%LC陽菜
%LC陽菜
「というわけで、お願い」%K%P
「というわけで、お願い」%K%P
%LC杏奈
%LC杏奈
「うっ、うん」%K%P
「うっ、うん」%K%P
そうして代表４人が抽選札を引いた結果、\nトーナメントの組み合わせが決まった。%K%P
そうして代表４人が抽選札を引いた結果、\nトーナメントの組み合わせが決まった。%K%P
で、初戦の相手はというと――、%K%P
で、初戦の相手はというと――、%K%P
%LC杏奈
%LC杏奈
「ほんっとーにごめんっ」%K%P
「ほんっとーにごめんっ」%K%P
%LC陽菜
%LC陽菜
「もう。さっきから謝ってばっかりだよ？」%K%P
「もう。さっきから謝ってばっかりだよ？」%K%P
%LC杏奈
%LC杏奈
「だって、だっていきなりだよっ？」%K%P
「だって、だっていきなりだよっ？」%K%P
%LC杏奈
%LC杏奈
「いきなり、ダブル{最優秀騎士:ブリランテ}なんて……」%K%P
「いきなり、ダブル{最優秀騎士:ブリランテ}なんて……」%K%P
%LC陽菜
%LC陽菜
「けど、抽選ってそういうものでしょ？」%K%P
「けど、抽選ってそういうものでしょ？」%K%P
というわけで、オレたちの初戦の相手は、\n依夜様とクレール様のペアに決まった。%K%P
というわけで、オレたちの初戦の相手は、\n依夜様とクレール様のペアに決まった。%K%P
抽選札を引いた杏奈ちゃんは、\n朝礼が終わってから、ずっとこんな調子で。%K%P
抽選札を引いた杏奈ちゃんは、\n朝礼が終わってから、ずっとこんな調子で。%K%P
%LC杏奈
%LC杏奈
「はぅ……。どうしよう、\n　あの二人に勝つなんて無理ぃ……」%K%P
「はぅ……。どうしよう、\n　あの二人に勝つなんて無理ぃ……」%K%P
%LC陽菜
%LC陽菜
「やる前から諦めちゃうの？」%K%P
「やる前から諦めちゃうの？」%K%P
%LC杏奈
%LC杏奈
「そうじゃない、けど……」%K%P
「そうじゃない、けど……」%K%P
%LC杏奈
%LC杏奈
「でも、あまりにも\n　現実が非情すぎるっていうか……」%K%P
「でも、あまりにも\n　現実が非情すぎるっていうか……」%K%P
%LC陽菜
%LC陽菜
「私の歌、聞きたくない？」%K%P
「私の歌、聞きたくない？」%K%P
%LC杏奈
%LC杏奈
「う……」%K%P
「う……」%K%P
%LC陽菜
%LC陽菜
「私の歌を聞くには？　どうするんだっけ？」%K%P
「私の歌を聞くには？　どうするんだっけ？」%K%P
%LC杏奈
%LC杏奈
「{最優秀騎士:ブリランテ}に、なる……」%K%P
「{最優秀騎士:ブリランテ}に、なる……」%K%P
%LC陽菜
%LC陽菜
「{最優秀騎士:ブリランテ}になるには？」%K%P
「{最優秀騎士:ブリランテ}になるには？」%K%P
%LC杏奈
%LC杏奈
「銀蘭祭の{連弾:デュオ}{舞闘:カデンツァ}で優勝……」%K%P
「銀蘭祭の{連弾:デュオ}{舞闘:カデンツァ}で優勝……」%K%P
%LC陽菜
%LC陽菜
「つまり、誰が相手だったとしても、\n　勝たないといけない――でしょ？」%K%P
「つまり、誰が相手だったとしても、\n　勝たないといけない――でしょ？」%K%P
%LC杏奈
%LC杏奈
「にゅえええ……」%K%P
「にゅえええ……」%K%P
%LC杏奈
%LC杏奈
「そう考えると、陽菜ちゃんってば、\n　すっごい無茶ぶりしてくれたよね……」%K%P
「そう考えると、陽菜ちゃんってば、\n　すっごい無茶ぶりしてくれたよね……」%K%P
%LC陽菜
%LC陽菜
「そう？」%K%P
「そう？」%K%P
%LC杏奈
%LC杏奈
「そうだよぉっ。あの３組相手に優勝とか」%K%P
「そうだよぉっ。あの３組相手に優勝とか」%K%P
%LC陽菜
%LC陽菜
「私の歌、聞きたくない？」%K%P
「私の歌、聞きたくない？」%K%P
%LC杏奈
%LC杏奈
%XS21「聞きたいっ！」%XE%K%P
%XS21「聞きたいっ！」%XE%K%P
%LC陽菜
%LC陽菜
「なら、頑張ろ？」%K%P
「なら、頑張ろ？」%K%P
%LC杏奈
%LC杏奈
「ぐっ……じゃあせめて、ちょっとだけ。\n　鼻歌とか、口笛とか……ね？　聞かせて？」%K%P
「ぐっ……じゃあせめて、ちょっとだけ。\n　鼻歌とか、口笛とか……ね？　聞かせて？」%K%P
%LC陽菜
%LC陽菜
「いいよ。サービスしちゃう」%K%P
「いいよ。サービスしちゃう」%K%P
%LC杏奈
%LC杏奈
「ホントっ？！」%K%P
「ホントっ？！」%K%P
%LC陽菜
%LC陽菜
「初戦に勝てたらね」%K%P
「初戦に勝てたらね」%K%P
%LC杏奈
%LC杏奈
「って、初戦の相手依夜様たちだもんっ！\n　あの二人に勝つとかむーりーぃー」%K%P
「って、初戦の相手依夜様たちだもんっ！\n　あの二人に勝つとかむーりーぃー」%K%P
%LC陽菜
%LC陽菜
「杏奈ちゃん、それ無限ループ」%K%P
「杏奈ちゃん、それ無限ループ」%K%P
%LC杏奈
%LC杏奈
「うぅ、だってぇ……」%K%P
「うぅ、だってぇ……」%K%P
%LC陽菜
%LC陽菜
「私は勝つ気でいるんだけどな」%K%P
「私は勝つ気でいるんだけどな」%K%P
%LC杏奈
%LC杏奈
「自信あるってこと？」%K%P
「自信あるってこと？」%K%P
%LC陽菜
%LC陽菜
「それは、まだないけど」%K%P
「それは、まだないけど」%K%P
%LC杏奈
%LC杏奈
「はうーっ」%K%P
「はうーっ」%K%P
%LC陽菜
%LC陽菜
「でも、戦うのは週末でしょ？\n　今日を入れて、あと５日もあるんだよ？」%K%P
「でも、戦うのは週末でしょ？\n　今日を入れて、あと５日もあるんだよ？」%K%P
%LC陽菜
%LC陽菜
「５日っていったら、実技試験の前、\n　杏奈ちゃんをコーチした期間とほぼ同じ――」%K%P
「５日っていったら、実技試験の前、\n　杏奈ちゃんをコーチした期間とほぼ同じ――」%K%P
%LC杏奈
%LC杏奈
「あ……」%K%P
「あ……」%K%P
%LC陽菜
%LC陽菜
「ね？　なんとかなりそうな気がしない？」%K%P
「ね？　なんとかなりそうな気がしない？」%K%P
%LC杏奈
%LC杏奈
「……また、コーチしてくれる？」%K%P
「……また、コーチしてくれる？」%K%P
%LC陽菜
%LC陽菜
「もちろん」%K%P
「もちろん」%K%P
%LC杏奈
%LC杏奈
「朝練だけじゃなくて、放課後も――」%K%P
「朝練だけじゃなくて、放課後も――」%K%P
%LC陽菜
%LC陽菜
「うん。だから、ね？\n　私と一緒に頑張ってみない？」%K%P
「うん。だから、ね？\n　私と一緒に頑張ってみない？」%K%P
%LC杏奈
%LC杏奈
「……うん。私、頑張る」%K%P
「……うん。私、頑張る」%K%P
%LC杏奈
%LC杏奈
「そもそもあのメンバー相手なら、\n　負けてもともとって感じだし――」%K%P
「そもそもあのメンバー相手なら、\n　負けてもともとって感じだし――」%K%P
%LC杏奈
%LC杏奈
「いや、負けたくないけど。\n　陽菜ちゃんの歌、聞きたいし」%K%P
「いや、負けたくないけど。\n　陽菜ちゃんの歌、聞きたいし」%K%P
%LC杏奈
%LC杏奈
「みんな、すっごく強いけど……。\n　でも、陽菜ちゃんと一緒だったら……ね？」%K%P
「みんな、すっごく強いけど……。\n　でも、陽菜ちゃんと一緒だったら……ね？」%K%P
%LC陽菜
%LC陽菜
「うん。私がついてる」%K%P
「うん。私がついてる」%K%P
%LC杏奈
%LC杏奈
「えへへ……。なんか、\n　やれそうな気がしてきたかも」%K%P
「えへへ……。なんか、\n　やれそうな気がしてきたかも」%K%P
%LC杏奈
%LC杏奈
「よぉしっ！　陽菜ちゃんの歌を聞くために、\n　なんとしてもっ、勝つっ！」%K%P
「よぉしっ！　陽菜ちゃんの歌を聞くために、\n　なんとしてもっ、勝つっ！」%K%P
%LC杏奈
%LC杏奈
「だから陽菜ちゃん、土曜日の本番まで、\n　めいっぱい、いろんなこと教えて」%K%P
「だから陽菜ちゃん、土曜日の本番まで、\n　めいっぱい、いろんなこと教えて」%K%P
%LC陽菜
%LC陽菜
「喜んで」%K%P
「喜んで」%K%P
%LC杏奈
%LC杏奈
「ってわけで、ごめんっ！\n　出し物の準備、手伝えないかも」%K%P
「ってわけで、ごめんっ！\n　出し物の準備、手伝えないかも」%K%P
%LCクラスメートＡ
%LCクラスメートＡ
「そこはいまさら……ねぇ？」%K%P
「そこはいまさら……ねぇ？」%K%P
%LCクラスメートＢ
%LCクラスメートＢ
「ええ。むしろ、クラスのことは気にせず、\n　お二人は練習に精を出してくださいな」%K%P
「ええ。むしろ、クラスのことは気にせず、\n　お二人は練習に精を出してくださいな」%K%P
%LCクラスメートＣ
%LCクラスメートＣ
「銀蘭祭の{舞闘:カデンツァ}に出場する{騎士:ワルキュリア}は、\n　練習最優先ってのが暗黙の了解だからね」%K%P
「銀蘭祭の{舞闘:カデンツァ}に出場する{騎士:ワルキュリア}は、\n　練習最優先ってのが暗黙の了解だからね」%K%P
銀蘭祭のメインイベント、{舞闘:カデンツァ}と歌劇アリア。%K%P
銀蘭祭のメインイベント、{舞闘:カデンツァ}と歌劇アリア。%K%P
そのふたつを成功させることこそ、\n出場する学生の最優先事項――ってことらしい。%K%P
そのふたつを成功させることこそ、\n出場する学生の最優先事項――ってことらしい。%K%P
%LCクラスメートＡ
%LCクラスメートＡ
「それに、銀蘭祭に出場する{騎士:ワルキュリア}を\n　サポートできるのって、名誉なことだし」%K%P
「それに、銀蘭祭に出場する{騎士:ワルキュリア}を\n　サポートできるのって、名誉なことだし」%K%P
%LC杏奈
%LC杏奈
「まぁ、そもそも初戦に勝たないと、\n　肝心の銀蘭祭に出られないんだけど……」%K%P
「まぁ、そもそも初戦に勝たないと、\n　肝心の銀蘭祭に出られないんだけど……」%K%P
%LCクラスメートＡ
%LCクラスメートＡ
「あ、そっか。二人の初戦の相手って――」%K%P
「あ、そっか。二人の初戦の相手って――」%K%P
%LCクラスメートＣ
%LCクラスメートＣ
「ホント、杏奈っちクジ運ないよねぇ」%K%P
「ホント、杏奈っちクジ運ないよねぇ」%K%P
%LC杏奈
%LC杏奈
「はうっ」%K%P
「はうっ」%K%P
%LC陽菜
%LC陽菜
「私は、むしろ望むところって感じだけど」%K%P
「私は、むしろ望むところって感じだけど」%K%P
%LC陽菜
%LC陽菜
「私たちが目指すのは優勝だから。\n　全部勝つ以上、誰が相手でも関係ないよ」%K%P
「私たちが目指すのは優勝だから。\n　全部勝つ以上、誰が相手でも関係ないよ」%K%P
%LCクラスメートＡ
%LCクラスメートＡ
「うわ、陽菜ちゃんおっとこまえ……」%K%P
「うわ、陽菜ちゃんおっとこまえ……」%K%P
%LCクラスメートＢ
%LCクラスメートＢ
「ええ……。わたくし、\n　いまちょっとキュンときました……」%K%P
「ええ……。わたくし、\n　いまちょっとキュンときました……」%K%P
%LC杏奈
%LC杏奈
「ねー？　なんか最近の陽菜ちゃん、\n　めっちゃイケメン度増しちゃってて」%K%P
「ねー？　なんか最近の陽菜ちゃん、\n　めっちゃイケメン度増しちゃってて」%K%P
%LC杏奈
%LC杏奈
「そのうち、オレがついてるぜ？　とか言いそう」%K%P
「そのうち、オレがついてるぜ？　とか言いそう」%K%P
%LC陽菜
%LC陽菜
「あはは、オレとかないない」%K%P
「あはは、オレとかないない」%K%P
なんて言いつつ、心の中ではヒヤヒヤしたり。%K%P
なんて言いつつ、心の中ではヒヤヒヤしたり。%K%P
オレがついてるぜ！　――とは言わないまでも、\n似たようなことは思ってる、というか告げたばかり。%K%P
オレがついてるぜ！　――とは言わないまでも、\n似たようなことは思ってる、というか告げたばかり。%K%P
たぶん、先日の一件で幼少期の記憶が蘇って、\nその頃の気持ちにあてられているんだと思う。%K%P
たぶん、先日の一件で幼少期の記憶が蘇って、\nその頃の気持ちにあてられているんだと思う。%K%P
杏奈ちゃんをからかってた男子を撃退したこと、\n言われるまで完全に忘れちゃってたもんなぁ……。%K%P
杏奈ちゃんをからかってた男子を撃退したこと、\n言われるまで完全に忘れちゃってたもんなぁ……。%K%P
%LCクラスメートＡ
%LCクラスメートＡ
「ともかく、出し物のことは気にしないで。\n　こっちはこっちでやっとくから」%K%P
「ともかく、出し物のことは気にしないで。\n　こっちはこっちでやっとくから」%K%P
%LCクラスメートＢ
%LCクラスメートＢ
「ですわね。おふたりは初戦に向け、\n　みっちり鍛錬なさってくださいな」%K%P
「ですわね。おふたりは初戦に向け、\n　みっちり鍛錬なさってくださいな」%K%P
%LCクラスメートＣ
%LCクラスメートＣ
「うちの杏奈をよろしくね、陽菜ちゃん」%K%P
「うちの杏奈をよろしくね、陽菜ちゃん」%K%P
%LC杏奈
%LC杏奈
%XS21「だからお母さんかっ」%XE%K%P
%XS21「だからお母さんかっ」%XE%K%P
というわけで、みんなのご厚意に甘えて、\n放課後はトレーニングルームへ直行。%K%P
というわけで、みんなのご厚意に甘えて、\n放課後はトレーニングルームへ直行。%K%P
%LC杏奈
%LC杏奈
「わはっ、誰もいない。\n　貸し切り貸し切りっ」%K%P
「わはっ、誰もいない。\n　貸し切り貸し切りっ」%K%P
%LC陽菜
%LC陽菜
「はしゃいでないでストレッチするよ」%K%P
「はしゃいでないでストレッチするよ」%K%P
%LC杏奈
%LC杏奈
「うんっ」%K%P
「うんっ」%K%P
銀蘭祭が行われるのは、来週末の土曜と日曜。%K%P
銀蘭祭が行われるのは、来週末の土曜と日曜。%K%P
それまでの間は、銀蘭祭に出場する{騎士:ワルキュリア}のため、\nトレーニングルームは空けておく決まり――、%K%P
それまでの間は、銀蘭祭に出場する{騎士:ワルキュリア}のため、\nトレーニングルームは空けておく決まり――、%K%P
というのは建前で、みんな銀蘭祭の準備で忙しく、\n練習してる暇がないってのが実際のところらしい。%K%P
というのは建前で、みんな銀蘭祭の準備で忙しく、\n練習してる暇がないってのが実際のところらしい。%K%P
%LC杏奈
%LC杏奈
「ふぅ、はぁ……陽菜ちゃん、\n　スパルタすぎぃ……」%K%P
「ふぅ、はぁ……陽菜ちゃん、\n　スパルタすぎぃ……」%K%P
%LC陽菜
%LC陽菜
「でも、以前の杏奈ちゃんだったら\n　もっと早くヘバってたと思う」%K%P
「でも、以前の杏奈ちゃんだったら\n　もっと早くヘバってたと思う」%K%P
%LC陽菜
%LC陽菜
「前よりスタミナついてきたんじゃない？\n　だから、もうちょっとだけ頑張ろ？」%K%P
「前よりスタミナついてきたんじゃない？\n　だから、もうちょっとだけ頑張ろ？」%K%P
%LC杏奈
%LC杏奈
「んもうっ、ほんっと陽菜ちゃんてば、\n　褒め上手なんだからぁっ」%K%P
「んもうっ、ほんっと陽菜ちゃんてば、\n　褒め上手なんだからぁっ」%K%P
%LC杏奈
%LC杏奈
「はぁ、はぁ……もう、だめぇ……」%K%P
「はぁ、はぁ……もう、だめぇ……」%K%P
%LC陽菜
%LC陽菜
「うん。ちょっと休憩しよっか」%K%P
「うん。ちょっと休憩しよっか」%K%P
%LC杏奈
%LC杏奈
「ふえぇー……」%K%P
「ふえぇー……」%K%P
休憩と聞き、杏奈ちゃんがごろんと大の字に。%K%P
休憩と聞き、杏奈ちゃんがごろんと大の字に。%K%P
%LC杏奈
%LC杏奈
「けど、私たち以外、誰もこないね」%K%P
「けど、私たち以外、誰もこないね」%K%P
%LC陽菜
%LC陽菜
「身体を動かすばかりが、\n　トレーニングってわけでもないし」%K%P
「身体を動かすばかりが、\n　トレーニングってわけでもないし」%K%P
%LC杏奈
%LC杏奈
「そうなの？」%K%P
「そうなの？」%K%P
%LC陽菜
%LC陽菜
「戦略を練ったりしてるのかも。\n　{連弾:デュオ}{舞闘:カデンツァ}って初めての試みでしょ？」%K%P
「戦略を練ったりしてるのかも。\n　{連弾:デュオ}{舞闘:カデンツァ}って初めての試みでしょ？」%K%P
%LC杏奈
%LC杏奈
「あっ、そっか……。プリモとセコンド、\n　どっちがどっちやるかとか、決めないとだし」%K%P
「あっ、そっか……。プリモとセコンド、\n　どっちがどっちやるかとか、決めないとだし」%K%P
%LC陽菜
%LC陽菜
「そうそう」%K%P
「そうそう」%K%P
杏奈ちゃんが言ったプリモとセコンドとは、\n{連弾:デュオ}{舞闘:カデンツァ}における役割のことだ。%K%P
杏奈ちゃんが言ったプリモとセコンドとは、\n{連弾:デュオ}{舞闘:カデンツァ}における役割のことだ。%K%P
『相手の鎧を砕いた騎士の勝ち』――それが、\n{舞闘:カデンツァ}における、シンプルな勝利条件。%K%P
『相手の鎧を砕いた騎士の勝ち』――それが、\n{舞闘:カデンツァ}における、シンプルな勝利条件。%K%P
けど、{連弾:デュオ}は違う。%K%P
けど、{連弾:デュオ}は違う。%K%P
ペアのうち、片方の{騎士:ワルキュリア}は、\n胸に『{飾緒:しょくしょ}』と呼ばれる飾り紐をつける。%K%P
ペアのうち、片方の{騎士:ワルキュリア}は、\n胸に『{飾緒:しょくしょ}』と呼ばれる飾り紐をつける。%K%P
この紐が断たれた時点で、そのペアは敗北する。%K%P
この紐が断たれた時点で、そのペアは敗北する。%K%P
鎧なら、剣がかすったぐらいじゃ壊れないけど、\n飾緒は文字通り紐だから、すごく脆い。%K%P
鎧なら、剣がかすったぐらいじゃ壊れないけど、\n飾緒は文字通り紐だから、すごく脆い。%K%P
それこそ、刃が触れただけで切れてしまう。%K%P
それこそ、刃が触れただけで切れてしまう。%K%P
自分たちの飾緒を守りつつ、\nいかにして相手の飾緒を断つか――。%K%P
自分たちの飾緒を守りつつ、\nいかにして相手の飾緒を断つか――。%K%P
それが、２対２のチーム戦をするにあたって、\nニナさんと姉さんが考えて導入したルールだった。%K%P
それが、２対２のチーム戦をするにあたって、\nニナさんと姉さんが考えて導入したルールだった。%K%P
で、その飾緒をつける{騎士:ワルキュリア}をプリモ。\nもうひとりのことをセコンドと呼ぶ。%K%P
で、その飾緒をつける{騎士:ワルキュリア}をプリモ。\nもうひとりのことをセコンドと呼ぶ。%K%P
このネーミングは、\nピアノの連弾から来ているそうだ。%K%P
このネーミングは、\nピアノの連弾から来ているそうだ。%K%P
{連弾:デュオ}{舞闘:カデンツァ}という名称自体、それが由来だと、\n名付け親であるニナさんが言っていた。%K%P
{連弾:デュオ}{舞闘:カデンツァ}という名称自体、それが由来だと、\n名付け親であるニナさんが言っていた。%K%P
音楽用語をよく採用するのは、ニナさんの趣味――、\nではなく、アリアンロッドからの伝統らしい。%K%P
音楽用語をよく採用するのは、ニナさんの趣味――、\nではなく、アリアンロッドからの伝統らしい。%K%P
言われてみれば{最優秀騎士:ブリランテ}って言葉自体、\n『華やかに、輝かしく』って音楽用語なんだよね。%K%P
言われてみれば{最優秀騎士:ブリランテ}って言葉自体、\n『華やかに、輝かしく』って音楽用語なんだよね。%K%P
%LC杏奈
%LC杏奈
「陽菜ちゃんは、依夜様とクレール様、\n　どっちがプリモだと思う？」%K%P
「陽菜ちゃんは、依夜様とクレール様、\n　どっちがプリモだと思う？」%K%P
%LC陽菜
%LC陽菜
「どっちもある……というか、\n　今朝みたいにじゃんけんで決めそう」%K%P
「どっちもある……というか、\n　今朝みたいにじゃんけんで決めそう」%K%P
%LCクレール
%LCクレール
「ふふっ、ご名答っ。\n　まさにじゃんけんで決めるつもり」%K%P
「ふふっ、ご名答っ。\n　まさにじゃんけんで決めるつもり」%K%P
%LC陽菜
%LC陽菜
「って……クレール様」%K%P
「って……クレール様」%K%P
%LC依夜
%LC依夜
「ごきげんよう。杏奈、陽菜」%K%P
「ごきげんよう。杏奈、陽菜」%K%P
%LC杏奈
%LC杏奈
「依夜様もっ？！」%K%P
「依夜様もっ？！」%K%P
%LC陽菜
%LC陽菜
「ご一緒ってことは、今から練習ですか？」%K%P
「ご一緒ってことは、今から練習ですか？」%K%P
%LCクレール
%LCクレール
「うん。本当はもう少し早く、\n　こちらにくるつもりだったんだけど」%K%P
「うん。本当はもう少し早く、\n　こちらにくるつもりだったんだけど」%K%P
%LCクレール
%LCクレール
「ノーブルとセンシブルだと、\n　なかなか都合を合わせられなくて」%K%P
「ノーブルとセンシブルだと、\n　なかなか都合を合わせられなくて」%K%P
%LC杏奈
%LC杏奈
「あー……。学科が違うと大変ですもんね」%K%P
「あー……。学科が違うと大変ですもんね」%K%P
杏奈ちゃんがしみじみ頷いたのは、\n両学科を経験していればこそだろう。%K%P
杏奈ちゃんがしみじみ頷いたのは、\n両学科を経験していればこそだろう。%K%P
%LC依夜
%LC依夜
「ふたりも練習？」%K%P
「ふたりも練習？」%K%P
%LC陽菜
%LC陽菜
「はい。いまは、ちょっと休憩していて」%K%P
「はい。いまは、ちょっと休憩していて」%K%P
%LC依夜
%LC依夜
「なら、よければあとで一緒にどう？」%K%P
「なら、よければあとで一緒にどう？」%K%P
%LC杏奈
%LC杏奈
「えっ、でも」%K%P
「えっ、でも」%K%P
%LCクレール
%LCクレール
「戦う相手に手の内は見せれない？」%K%P
「戦う相手に手の内は見せれない？」%K%P
%LC杏奈
%LC杏奈
「ちっ、違います違いますっ。\n　そもそも見せる手の内もないですしっ」%K%P
「ちっ、違います違いますっ。\n　そもそも見せる手の内もないですしっ」%K%P
%LC杏奈
%LC杏奈
「というか、戦う予定の相手と、\n　一緒に練習だなんて……いいのかなって」%K%P
「というか、戦う予定の相手と、\n　一緒に練習だなんて……いいのかなって」%K%P
%LC依夜
%LC依夜
「おかしなことはないと思うけれど」%K%P
「おかしなことはないと思うけれど」%K%P
%LCクレール
%LCクレール
「そうそう。そんなこといってたら、\n　誰とも練習出来なくなっちゃうでしょ？」%K%P
「そうそう。そんなこといってたら、\n　誰とも練習出来なくなっちゃうでしょ？」%K%P
%LCクレール
%LCクレール
「それに、みんなで練習したほうが楽しいし」%K%P
「それに、みんなで練習したほうが楽しいし」%K%P
にこっと笑うクレール様と、\nいつもどおり自然体な依夜様。%K%P
にこっと笑うクレール様と、\nいつもどおり自然体な依夜様。%K%P
一方、杏奈ちゃんはかなり恐縮気味で。%K%P
一方、杏奈ちゃんはかなり恐縮気味で。%K%P
%LC杏奈
%LC杏奈
「ねえねえ、いいのかな……？」%K%P
「ねえねえ、いいのかな……？」%K%P
%LC陽菜
%LC陽菜
「いいんじゃない？\n　せっかくのお誘いなんだし」%K%P
「いいんじゃない？\n　せっかくのお誘いなんだし」%K%P
%LC陽菜
%LC陽菜
「それに、私もクレール様に興味あるし」%K%P
「それに、私もクレール様に興味あるし」%K%P
%LC杏奈
%LC杏奈
「興味って――」%K%P
「興味って――」%K%P
%LC杏奈
%LC杏奈
「……陽菜ちゃんのえっち」%K%P
「……陽菜ちゃんのえっち」%K%P
%LC陽菜
%LC陽菜
「えっ……？！　な、なんでそうなるのっ？」%K%P
「えっ……？！　な、なんでそうなるのっ？」%K%P
%LC杏奈
%LC杏奈
「なんか、なんとなく。\n　おっぱい見ながら言ったし」%K%P
「なんか、なんとなく。\n　おっぱい見ながら言ったし」%K%P
%LC陽菜
%LC陽菜
「違うからっ」%K%P
「違うからっ」%K%P
%LCクレール
%LCクレール
「違うの？」%K%P
「違うの？」%K%P
%LC陽菜
%LC陽菜
「違いますっ」%K%P
「違いますっ」%K%P
%LC陽菜
%LC陽菜
「だってほら、前にみんなで練習したときは、\n　クレール様が{最優秀騎士:ブリランテ}だってわかる前で」%K%P
「だってほら、前にみんなで練習したときは、\n　クレール様が{最優秀騎士:ブリランテ}だってわかる前で」%K%P
%LC陽菜
%LC陽菜
「だから、どんな練習するんだろうって、\n　そういう意味での興味あるってことでっ……！」%K%P
「だから、どんな練習するんだろうって、\n　そういう意味での興味あるってことでっ……！」%K%P
%LCクレール
%LCクレール
「んふふっ、慌てる陽菜ちゃん可愛いっ」%K%P
「んふふっ、慌てる陽菜ちゃん可愛いっ」%K%P
%LC陽菜
%LC陽菜
%XS20「にゅええっ！？」%XE%K%P
%XS20「にゅええっ！？」%XE%K%P
またもやおもむろに抱きつく――って、\nフィエルテでそれはダメっ、ダメダメっ……！%K%P
またもやおもむろに抱きつく――って、\nフィエルテでそれはダメっ、ダメダメっ……！%K%P
%LC陽菜
%LC陽菜
「ちょっ、離してくださいってばっ……！\n　でないとっ……！」%K%P
「ちょっ、離してくださいってばっ……！\n　でないとっ……！」%K%P
%LCクレール
%LCクレール
「でないと？　なぁに？」%K%P
「でないと？　なぁに？」%K%P
むにににににっ。%K%P
むにににににっ。%K%P
%LC陽菜
%LC陽菜
「やっ……だ、だから、そのっ……」%K%P
「やっ……だ、だから、そのっ……」%K%P
ごめんなさい理由は言えませんっ！%K%P
ごめんなさい理由は言えませんっ！%K%P
%LC陽菜
%LC陽菜
「ぐっ……かくなる上はっ……！」%K%P
「ぐっ……かくなる上はっ……！」%K%P
前は女装バレを危惧して躊躇ったけど、\nこの状況なら全力でも不自然じゃないはずっ……！%K%P
前は女装バレを危惧して躊躇ったけど、\nこの状況なら全力でも不自然じゃないはずっ……！%K%P
クレール様の呼吸のタイミングを計って――、%K%P
クレール様の呼吸のタイミングを計って――、%K%P
%LC陽菜
%LC陽菜
「ここッ……！」%K%P
「ここッ……！」%K%P
%LCクレール
%LCクレール
「あっ……？！」%K%P
「あっ……？！」%K%P
%LC依夜
%LC依夜
「確保」%K%P
「確保」%K%P
むにんっ。%K%P
むにんっ。%K%P
%LC陽菜
%LC陽菜
「ひんっ……？！」%K%P
「ひんっ……？！」%K%P
おっぱいから逃げたと思ったら、\nまた別のおっぱいが……？！%K%P
おっぱいから逃げたと思ったら、\nまた別のおっぱいが……？！%K%P
%LCクレール
%LCクレール
「依夜ちゃんナイスキャッチ」%K%P
「依夜ちゃんナイスキャッチ」%K%P
%LC陽菜
%LC陽菜
「なにしてるんですか依夜様っ！？」%K%P
「なにしてるんですか依夜様っ！？」%K%P
%LC依夜
%LC依夜
「なにって……こういう練習かと思って」%K%P
「なにって……こういう練習かと思って」%K%P
%LCクレール
%LCクレール
「いいっ、それいいっ。\n　そうしましょそうしましょ」%K%P
「いいっ、それいいっ。\n　そうしましょそうしましょ」%K%P
%LC陽菜
%LC陽菜
「え」%K%P
「え」%K%P
%LC依夜
%LC依夜
「ほら、逃げてみて」%K%P
「ほら、逃げてみて」%K%P
ぎゅむむっ。%K%P
ぎゅむむっ。%K%P
%LC陽菜
%LC陽菜
「ひあうっ」%K%P
「ひあうっ」%K%P
クレール様に比べて力はないけど、\nその分、なんかガッチリ極まってるっ……！？%K%P
クレール様に比べて力はないけど、\nその分、なんかガッチリ極まってるっ……！？%K%P
%LC杏奈
%LC杏奈
「うわ……。なんか、すごい……」%K%P
「うわ……。なんか、すごい……」%K%P
%LC陽菜
%LC陽菜
「杏奈ちゃん、見てないで助けてっ」%K%P
「杏奈ちゃん、見てないで助けてっ」%K%P
%LC杏奈
%LC杏奈
「あっ……う、うんっ！」%K%P
「あっ……う、うんっ！」%K%P
%LCクレール
%LCクレール
「んふふー、そうはさせないわよ。\n　陽菜ちゃんは私たちがいただいたわっ」%K%P
「んふふー、そうはさせないわよ。\n　陽菜ちゃんは私たちがいただいたわっ」%K%P
%LC杏奈
%LC杏奈
「たとえクレール様が相手でも、\n　私の陽菜ちゃんは渡しませんっ！」%K%P
「たとえクレール様が相手でも、\n　私の陽菜ちゃんは渡しませんっ！」%K%P
%LC陽菜
%LC陽菜
%XS20「趣旨ぃー！！」%XE%K%P
%XS20「趣旨ぃー！！」%XE%K%P
二人ともノリノリだこれー？！%K%P
二人ともノリノリだこれー？！%K%P
%LC依夜
%LC依夜
「陽菜、いいの？　逃げなくて」%K%P
「陽菜、いいの？　逃げなくて」%K%P
%LC陽菜
%LC陽菜
「そっ、そうですね。\n　私が逃げさえすればっ……」%K%P
「そっ、そうですね。\n　私が逃げさえすればっ……」%K%P
よかった、依夜様はさすがに冷静――、%K%P
よかった、依夜様はさすがに冷静――、%K%P
%LC依夜
%LC依夜
「易々とは逃がさないけれど」%K%P
「易々とは逃がさないけれど」%K%P
むちっ。%K%P
むちっ。%K%P
%LC陽菜
%LC陽菜
「ふおうっ」%K%P
「ふおうっ」%K%P
うわわっ、冷静すぎて、これ、かえって――、%K%P
うわわっ、冷静すぎて、これ、かえって――、%K%P
%LC杏奈
%LC杏奈
「陽菜ちゃん待ってて、いま助けるねっ」%K%P
「陽菜ちゃん待ってて、いま助けるねっ」%K%P
%LCクレール
%LCクレール
「依夜ちゃん、逃がしちゃだめよ。\n　しっかり陽菜ちゃんを抱っこしてて」%K%P
「依夜ちゃん、逃がしちゃだめよ。\n　しっかり陽菜ちゃんを抱っこしてて」%K%P
%LC依夜
%LC依夜
「任せて」%K%P
「任せて」%K%P
%LC陽菜
%LC陽菜
「あっ、だめ、そこだめぇっ」%K%P
「あっ、だめ、そこだめぇっ」%K%P
放課後のトレーニングルームに響く、\n子供のヒーローごっこ遊びみたいな賑やかな声。%K%P
放課後のトレーニングルームに響く、\n子供のヒーローごっこ遊びみたいな賑やかな声。%K%P
%LC陽菜
%LC陽菜
（けど、これはこれで――）%K%P
（けど、これはこれで――）%K%P
オレを捕まえている依夜様を意識しながら、\nクレール様と対峙する杏奈ちゃん。%K%P
オレを捕まえている依夜様を意識しながら、\nクレール様と対峙する杏奈ちゃん。%K%P
二人を相手にして気を配る練習だって考えたら、\nこの状況、絶好のシチュエーションだ。%K%P
二人を相手にして気を配る練習だって考えたら、\nこの状況、絶好のシチュエーションだ。%K%P
ひょっとしてクレール様たち、\nこれをわかってて――、%K%P
ひょっとしてクレール様たち、\nこれをわかってて――、%K%P
%LCクレール
%LCクレール
「んふっ、この前のリベンジよ。\n　今日こそ杏奈ちゃんの下着拝見っ」%K%P
「んふっ、この前のリベンジよ。\n　今日こそ杏奈ちゃんの下着拝見っ」%K%P
%LC杏奈
%LC杏奈
「フィエルテ脱がされたら裸じゃないですかぁっ！」%K%P
「フィエルテ脱がされたら裸じゃないですかぁっ！」%K%P
……深い考えは、ないのかもしれない。%K%P
……深い考えは、ないのかもしれない。%K%P
でも、今日のこの時間はきっと、\n杏奈ちゃんにとって大きな糧になる……と、思う。%K%P
でも、今日のこの時間はきっと、\n杏奈ちゃんにとって大きな糧になる……と、思う。%K%P
なったらいいな。うん。%K%P
なったらいいな。うん。%K%P
