杏奈ちゃんと同居生活を開始して、約１ヶ月。%K%P
杏奈ちゃんと同居生活を開始して、約１ヶ月。%K%P
いきなりぶっちゃけてしまうと、\n最初の頃は、毎日のようにエッチをしていた。%K%P
いきなりぶっちゃけてしまうと、\n最初の頃は、毎日のようにエッチをしていた。%K%P
夜になれば、恋人と密室にふたりきり――、\nそうなったらもう、歯止めが利くわけもなく。%K%P
夜になれば、恋人と密室にふたりきり――、\nそうなったらもう、歯止めが利くわけもなく。%K%P
部屋にはベッドがふたつあるにも関わらず、\n毎晩どちらかしか使わない、そんな生活だった。%K%P
部屋にはベッドがふたつあるにも関わらず、\n毎晩どちらかしか使わない、そんな生活だった。%K%P
そのうち、授業やトレーニングで疲れた日は、\nキスまでで抑える日が、ちらほら出てきて。%K%P
そのうち、授業やトレーニングで疲れた日は、\nキスまでで抑える日が、ちらほら出てきて。%K%P
でも、そういう日が挟まった翌日は、\n決まってエッチの内容が激しくなって。%K%P
でも、そういう日が挟まった翌日は、\n決まってエッチの内容が激しくなって。%K%P
次第に、しない日も混ざるようになった結果、\n週に何度か、ぐらいに落ち着いたのが、つい最近。%K%P
次第に、しない日も混ざるようになった結果、\n週に何度か、ぐらいに落ち着いたのが、つい最近。%K%P
ただ、無理に我慢しているわけじゃないので、\n毎日しちゃう日が続くことも、もちろんあって。%K%P
ただ、無理に我慢しているわけじゃないので、\n毎日しちゃう日が続くことも、もちろんあって。%K%P
そんな中で、自然と出来上がったのが、\n『したくなったら日向くん』というルールだった。%K%P
そんな中で、自然と出来上がったのが、\n『したくなったら日向くん』というルールだった。%K%P
――土曜、夜遅く。%K%P
――土曜、夜遅く。%K%P
翌日が日曜ということもあって、\n土曜の夜は、夜更かしをする寮生も多い。%K%P
翌日が日曜ということもあって、\n土曜の夜は、夜更かしをする寮生も多い。%K%P
消灯時間が過ぎたあと、こっそり部屋を抜け出し、\n友達の部屋に遊びに行く子もいるみたいだ。%K%P
消灯時間が過ぎたあと、こっそり部屋を抜け出し、\n友達の部屋に遊びに行く子もいるみたいだ。%K%P
%LC杏奈
%LC杏奈
「ねえ、そろそろお風呂行こ？」%K%P
「ねえ、そろそろお風呂行こ？」%K%P
%LC陽菜
%LC陽菜
「ちょっと待って。すぐ支度するね」%K%P
「ちょっと待って。すぐ支度するね」%K%P
学生寮のお風呂は循環装置がついていて、\n就寝時間以外なら、いつでも入る事ができる。%K%P
学生寮のお風呂は循環装置がついていて、\n就寝時間以外なら、いつでも入る事ができる。%K%P
夕食前後のピークタイムは混んでいるけど、\n他の時間は、わりといつでも空いていた。%K%P
夕食前後のピークタイムは混んでいるけど、\n他の時間は、わりといつでも空いていた。%K%P
そんな中、オレと杏奈ちゃんは、\nいつも消灯前に入浴している。%K%P
そんな中、オレと杏奈ちゃんは、\nいつも消灯前に入浴している。%K%P
杏奈ちゃんが寮母さんにお願いして、\n消灯後まで入れるようにしてもらったのだ。%K%P
杏奈ちゃんが寮母さんにお願いして、\n消灯後まで入れるようにしてもらったのだ。%K%P
たまーに他の寮生が入ってきたりもするけど、\nそれも、滅多にはないことで。%K%P
たまーに他の寮生が入ってきたりもするけど、\nそれも、滅多にはないことで。%K%P
おかげで、いつもゆっくり入浴することができた。%K%P
おかげで、いつもゆっくり入浴することができた。%K%P
%LC陽菜
%LC陽菜
「お待たせ、杏奈ちゃん」%K%P
「お待たせ、杏奈ちゃん」%K%P
%LC杏奈
%LC杏奈
「うん。……ところで、日向くん。\n　このあと、なんだけど……」%K%P
「うん。……ところで、日向くん。\n　このあと、なんだけど……」%K%P
そう言って、こちらを上目使いで窺う杏奈ちゃん。%K%P
そう言って、こちらを上目使いで窺う杏奈ちゃん。%K%P
これこそ、『したくなったら日向くん』のサイン。%K%P
これこそ、『したくなったら日向くん』のサイン。%K%P
杏奈ちゃんがオレを日向くんって呼ぶときは、\nエッチがしたくなっちゃった、という合図だった。%K%P
杏奈ちゃんがオレを日向くんって呼ぶときは、\nエッチがしたくなっちゃった、という合図だった。%K%P
ちなみに、オレのほうがしたくなった場合は、\n日向の声で囁けばオッケーなんだけど――、%K%P
ちなみに、オレのほうがしたくなった場合は、\n日向の声で囁けばオッケーなんだけど――、%K%P
エッチの誘いは、いつも杏奈ちゃんからだった。%K%P
エッチの誘いは、いつも杏奈ちゃんからだった。%K%P
%LC陽菜
%LC陽菜
「このタイミングってことは、\n　今日は、お風呂でしたいの？」%K%P
「このタイミングってことは、\n　今日は、お風呂でしたいの？」%K%P
%LC杏奈
%LC杏奈
「うん。今日、放課後のトレーニングで、\n　かなり汗かいちゃったでしょ？」%K%P
「うん。今日、放課後のトレーニングで、\n　かなり汗かいちゃったでしょ？」%K%P
%LC杏奈
%LC杏奈
「だから、その汗、流してあげたいなって」%K%P
「だから、その汗、流してあげたいなって」%K%P
%LC杏奈
%LC杏奈
「あと……今日ね、\n　無性にぎゅーってしたい気分」%K%P
「あと……今日ね、\n　無性にぎゅーってしたい気分」%K%P
%LC杏奈
%LC杏奈
「日向くんの頭を、こーして、\n　おっぱいでぎゅーって……ね？　どう？」%K%P
「日向くんの頭を、こーして、\n　おっぱいでぎゅーって……ね？　どう？」%K%P
自らをハグするような仕草を見せられて、\nその腕の中にいる自分を想像して――、%K%P
自らをハグするような仕草を見せられて、\nその腕の中にいる自分を想像して――、%K%P
%LC陽菜
%LC陽菜
「……誘い方、ズルいんだから」%K%P
「……誘い方、ズルいんだから」%K%P
拗ねるように呟くと、\n杏奈ちゃんはくすっと笑った。%K%P
拗ねるように呟くと、\n杏奈ちゃんはくすっと笑った。%K%P
夜遅い学生寮の浴場に、\nオレと杏奈ちゃんのふたりきり。%K%P
夜遅い学生寮の浴場に、\nオレと杏奈ちゃんのふたりきり。%K%P
ただし、万一に備えて、\nウィッグはしっかりとつけたまま。%K%P
ただし、万一に備えて、\nウィッグはしっかりとつけたまま。%K%P
逆に言うと、それ以外は無防備――それが、\n杏奈ちゃんと入浴するときのスタイルだった。%K%P
逆に言うと、それ以外は無防備――それが、\n杏奈ちゃんと入浴するときのスタイルだった。%K%P
%LC杏奈
%LC杏奈
「じゃあ、さっそく……ぎゅー氈v%K%P
「じゃあ、さっそく……ぎゅー氈v%K%P
頭を抱きかかえられると、\n当然のように、目の前にはおっぱいが。%K%P
頭を抱きかかえられると、\n当然のように、目の前にはおっぱいが。%K%P
%LC杏奈
%LC杏奈
「日向くん、あーん氈v%K%P
「日向くん、あーん氈v%K%P
%LC陽菜
%LC陽菜
「あーむっ……れろ、ちゅっ」%K%P
「あーむっ……れろ、ちゅっ」%K%P
%LC杏奈
%LC杏奈
「んはっ……はあっ、あっ、んあうっ氈v%K%P
「んはっ……はあっ、あっ、んあうっ氈v%K%P
差し出されたおっぱいにしゃぶりつくと、\n杏奈ちゃんが嬉しそうに身悶える。%K%P
差し出されたおっぱいにしゃぶりつくと、\n杏奈ちゃんが嬉しそうに身悶える。%K%P
彼女の乳首はすでに勃っていて、\n口に含んだ瞬間、こちらの舌にあたってきて。%K%P
彼女の乳首はすでに勃っていて、\n口に含んだ瞬間、こちらの舌にあたってきて。%K%P
ほどよく固くて可愛いぽっちは、\n吸いつくたび、唇の間でぷるっと震えた。%K%P
ほどよく固くて可愛いぽっちは、\n吸いつくたび、唇の間でぷるっと震えた。%K%P
%LC杏奈
%LC杏奈
「はふぅ、ん……くふふっ氈@日向くんってば、\n　すっかりおしゃぶり上手になっちゃって……氈v%K%P
「はふぅ、ん……くふふっ氈@日向くんってば、\n　すっかりおしゃぶり上手になっちゃって……氈v%K%P
%LC陽菜
%LC陽菜
「んむ、ちゅっ……杏奈ちゃんがいっつも、\n　ちゅーちゅーしてって言うから……んむむっ」%K%P
「んむ、ちゅっ……杏奈ちゃんがいっつも、\n　ちゅーちゅーしてって言うから……んむむっ」%K%P
%LC杏奈
%LC杏奈
「日向くんにちゅーちゅーされるの、\n　すっごく気持ちいいんだもんっ……氈v%K%P
「日向くんにちゅーちゅーされるの、\n　すっごく気持ちいいんだもんっ……氈v%K%P
%LC杏奈
%LC杏奈
「それに、こーしたほうが、\n　おち○ぽ洗いやすくなるしっ……氈v%K%P
「それに、こーしたほうが、\n　おち○ぽ洗いやすくなるしっ……氈v%K%P
むくっと勃起してきたオレのペニスを、\n杏奈ちゃんが優しく握る。%K%P
むくっと勃起してきたオレのペニスを、\n杏奈ちゃんが優しく握る。%K%P
手つきはすっかり慣れたもので、\nオレの敏感な箇所を、余さず包み込んできた。%K%P
手つきはすっかり慣れたもので、\nオレの敏感な箇所を、余さず包み込んできた。%K%P
%LC杏奈
%LC杏奈
「おち○ぽ、今日も元気いっぱいっ……氈v%K%P
「おち○ぽ、今日も元気いっぱいっ……氈v%K%P
%LC杏奈
%LC杏奈
「ねねっ、日向くんのおち○ぽのこと、\n　ヒナち○ぽって呼んでもいーい？」%K%P
「ねねっ、日向くんのおち○ぽのこと、\n　ヒナち○ぽって呼んでもいーい？」%K%P
%LC陽菜
%LC陽菜
「んっ……なに、急に」%K%P
「んっ……なに、急に」%K%P
%LC杏奈
%LC杏奈
「愛称つけたら、もっと可愛いかなって。\n　どう？　ヒナち○ぽ」%K%P
「愛称つけたら、もっと可愛いかなって。\n　どう？　ヒナち○ぽ」%K%P
%LC陽菜
%LC陽菜
「どうって言われても……。\n　いままで通り、普通でいいと思うけど」%K%P
「どうって言われても……。\n　いままで通り、普通でいいと思うけど」%K%P
%LC杏奈
%LC杏奈
「むぅ……。可愛いと思うんだけどなぁ……」%K%P
「むぅ……。可愛いと思うんだけどなぁ……」%K%P
ちょっと不満げに竿をしごく杏奈ちゃんは、\nそれから、股間をじーっと見つめて。%K%P
ちょっと不満げに竿をしごく杏奈ちゃんは、\nそれから、股間をじーっと見つめて。%K%P
%LC杏奈
%LC杏奈
「なら、本人に聞いてみるね？」%K%P
「なら、本人に聞いてみるね？」%K%P
%LC杏奈
%LC杏奈
「おち○ぽさん、おち○ぽさんっ。\n　ヒナち○ぽって呼び方、どうですかー？」%K%P
「おち○ぽさん、おち○ぽさんっ。\n　ヒナち○ぽって呼び方、どうですかー？」%K%P
%LC陽菜
%LC陽菜
「って、ちょっ、んんうッ……！？」%K%P
「って、ちょっ、んんうッ……！？」%K%P
股間に向かって呼びかけながら、\nおもむろにペニスを撫で回す杏奈ちゃん。%K%P
股間に向かって呼びかけながら、\nおもむろにペニスを撫で回す杏奈ちゃん。%K%P
湿った手のひらが亀頭の突端で滑ると、\nそれだけで腰がびくっと跳ねてしまう。%K%P
湿った手のひらが亀頭の突端で滑ると、\nそれだけで腰がびくっと跳ねてしまう。%K%P
%LC杏奈
%LC杏奈
「ほら。おち○ぽも、いいねって頷いてるよ？」%K%P
「ほら。おち○ぽも、いいねって頷いてるよ？」%K%P
%LC陽菜
%LC陽菜
「杏奈ちゃんが撫で回したからでしょっ」%K%P
「杏奈ちゃんが撫で回したからでしょっ」%K%P
%LC杏奈
%LC杏奈
「なら、なでなでせずに聞いて、それでも頷いたら、\n　これからはヒナち○ぽって呼んでもいーい？」%K%P
「なら、なでなでせずに聞いて、それでも頷いたら、\n　これからはヒナち○ぽって呼んでもいーい？」%K%P
%LC陽菜
%LC陽菜
「それなら、まあ……」%K%P
「それなら、まあ……」%K%P
食い下がる杏奈ちゃんに負けて、思わず譲歩。%K%P
食い下がる杏奈ちゃんに負けて、思わず譲歩。%K%P
%LC杏奈
%LC杏奈
「よしっ、それじゃあ――」%K%P
「よしっ、それじゃあ――」%K%P
%LC杏奈
%LC杏奈
「おち○ぽさん、おち○ぽさん歃n　ヒナち○ぽって呼んでもいいですか？」%K%P
「おち○ぽさん、おち○ぽさん歃n　ヒナち○ぽって呼んでもいいですか？」%K%P
%LC杏奈
%LC杏奈
「ね？　いいよね？　ヒナち○ぽって呼んでも、\n　いーよねー？　……ふぅー氈v%K%P
「ね？　いいよね？　ヒナち○ぽって呼んでも、\n　いーよねー？　……ふぅー氈v%K%P
%LC陽菜
%LC陽菜
「はッ……ぐッ、んんッ……」%K%P
「はッ……ぐッ、んんッ……」%K%P
――びくっ氈@びくびくっ%K%P
――びくっ氈@びくびくっ%K%P
%LC杏奈
%LC杏奈
「あっ……んふふっ氈@ほらほら、\n　撫でてないけど、びくってしたよ？」%K%P
「あっ……んふふっ氈@ほらほら、\n　撫でてないけど、びくってしたよ？」%K%P
%LC陽菜
%LC陽菜
「吐息とか反則だからっ」%K%P
「吐息とか反則だからっ」%K%P
頭を抱き寄せて囁いてくるとか、\nそんなの、耐えられるはずがない。%K%P
頭を抱き寄せて囁いてくるとか、\nそんなの、耐えられるはずがない。%K%P
%LC杏奈
%LC杏奈
「なでなでしないって約束は守ったでしょ？」%K%P
「なでなでしないって約束は守ったでしょ？」%K%P
%LC陽菜
%LC陽菜
「そうだけど」%K%P
「そうだけど」%K%P
%LC杏奈
%LC杏奈
「それじゃあ今日から、このおち○ぽは、\n　ヒナち○ぽってことでっ氈v%K%P
「それじゃあ今日から、このおち○ぽは、\n　ヒナち○ぽってことでっ氈v%K%P
%LC杏奈
%LC杏奈
「よろしくね、ヒナち○ぽちゃん。\n　今日も私が綺麗にしてあげるっ……氈v%K%P
「よろしくね、ヒナち○ぽちゃん。\n　今日も私が綺麗にしてあげるっ……氈v%K%P
%LC陽菜
%LC陽菜
「あっ、急に……はぐっ、はううッ」%K%P
「あっ、急に……はぐっ、はううッ」%K%P
にこにこしながら、しこしこしてくる杏奈ちゃん。%K%P
にこにこしながら、しこしこしてくる杏奈ちゃん。%K%P
いきなり手コキを再開するもんだから、\n無防備だった竿に、どばっと快感が流れ込んで。%K%P
いきなり手コキを再開するもんだから、\n無防備だった竿に、どばっと快感が流れ込んで。%K%P
咄嗟に堪えると、上体がぐっと前に傾いた。%K%P
咄嗟に堪えると、上体がぐっと前に傾いた。%K%P
%LC杏奈
%LC杏奈
「ひゃうっ……氈@んもぉ、日向くんってば、\n　急に甘えてきたりしてぇ……氈v%K%P
「ひゃうっ……氈@んもぉ、日向くんってば、\n　急に甘えてきたりしてぇ……氈v%K%P
%LC杏奈
%LC杏奈
「焦らなくても、誰もこないんだし。\n　もっとじっくり、ちゅーしていいよ？」%K%P
「焦らなくても、誰もこないんだし。\n　もっとじっくり、ちゅーしていいよ？」%K%P
%LC陽菜
%LC陽菜
「んっ……なら、お言葉に甘えて――」%K%P
「んっ……なら、お言葉に甘えて――」%K%P
%LC陽菜
%LC陽菜
「ちゅむむ、あむむ……れろ、れりゅる、\n　んむッ……ちゅぢぅっ、ぢゅぷるるっ」%K%P
「ちゅむむ、あむむ……れろ、れりゅる、\n　んむッ……ちゅぢぅっ、ぢゅぷるるっ」%K%P
%LC杏奈
%LC杏奈
「ふいっ、んあうっ氈@やあっ、強いっ……歃n　そんなに吸われたらイッちゃうっ……氈v%K%P
「ふいっ、んあうっ氈@やあっ、強いっ……歃n　そんなに吸われたらイッちゃうっ……氈v%K%P
%LC杏奈
%LC杏奈
「ただでさえ最近、日向くんに開発されて、\n　イキやすくなっちゃってるのにっ……氈v%K%P
「ただでさえ最近、日向くんに開発されて、\n　イキやすくなっちゃってるのにっ……氈v%K%P
%LC陽菜
%LC陽菜
「けふっ……？！」%K%P
「けふっ……？！」%K%P
とんでもない発言に、思わず咽せる。%K%P
とんでもない発言に、思わず咽せる。%K%P
%LC陽菜
%LC陽菜
「いきなりなんてこと言うのっ」%K%P
「いきなりなんてこと言うのっ」%K%P
%LC杏奈
%LC杏奈
「だって、ホントのことだし」%K%P
「だって、ホントのことだし」%K%P
%LC杏奈
%LC杏奈
「日向くんと一緒に暮らすようになって、\n　私、すっごく感じやすくなったんだよ？」%K%P
「日向くんと一緒に暮らすようになって、\n　私、すっごく感じやすくなったんだよ？」%K%P
%LC陽菜
%LC陽菜
「オレのせいにしないの。\n　杏奈ちゃんはもとからえっちでしょ？」%K%P
「オレのせいにしないの。\n　杏奈ちゃんはもとからえっちでしょ？」%K%P
%LC杏奈
%LC杏奈
「それは否定できないけど……」%K%P
「それは否定できないけど……」%K%P
%LC杏奈
%LC杏奈
「でも、おち○ぽ大好きになったのは、\n　間違いなく日向くんのせいだからね？」%K%P
「でも、おち○ぽ大好きになったのは、\n　間違いなく日向くんのせいだからね？」%K%P
%LC杏奈
%LC杏奈
「勃起前の、ふにふにやわやわち○ぽとか、\n　ほんと、すっごく可愛いし……氈v%K%P
「勃起前の、ふにふにやわやわち○ぽとか、\n　ほんと、すっごく可愛いし……氈v%K%P
%LC杏奈
%LC杏奈
「おっきくなったらなったで、ぷっくり亀頭から、\n　とろとろカウパー垂らしちゃうし……氈v%K%P
「おっきくなったらなったで、ぷっくり亀頭から、\n　とろとろカウパー垂らしちゃうし……氈v%K%P
%LC杏奈
%LC杏奈
「ほんと、ヒナち○ぽ可愛い、大好き……っ氈v%K%P
「ほんと、ヒナち○ぽ可愛い、大好き……っ氈v%K%P
%LC陽菜
%LC陽菜
「あっ、そこっ……んぐっ、んぅうッ」%K%P
「あっ、そこっ……んぐっ、んぅうッ」%K%P
カリ首を執拗にくすぐられ、尿道口がひくつく。%K%P
カリ首を執拗にくすぐられ、尿道口がひくつく。%K%P
一点集中の快感でたまらず腰が震えると、\n杏奈ちゃんは、そんなオレをじっと見つめた。%K%P
一点集中の快感でたまらず腰が震えると、\n杏奈ちゃんは、そんなオレをじっと見つめた。%K%P
%LC杏奈
%LC杏奈
「ヒナち○ぽもだけど、\n　感じてる日向くんは、もっともっと好き」%K%P
「ヒナち○ぽもだけど、\n　感じてる日向くんは、もっともっと好き」%K%P
%LC杏奈
%LC杏奈
「とくに、イクときの声と顔は……んうぅ、\n　思い出すだけで……はぁ、あぁ、ああっ……氈v%K%P
「とくに、イクときの声と顔は……んうぅ、\n　思い出すだけで……はぁ、あぁ、ああっ……氈v%K%P
うっとり呟く杏奈ちゃんの手のひらが、\n少しずつペースをあげていく。%K%P
うっとり呟く杏奈ちゃんの手のひらが、\n少しずつペースをあげていく。%K%P
染み出るカウパーを塗りたくるように、\n亀頭ばかりを丹念に、くるんくるんと撫で回す。%K%P
染み出るカウパーを塗りたくるように、\n亀頭ばかりを丹念に、くるんくるんと撫で回す。%K%P
%LC杏奈
%LC杏奈
「どう？　亀頭なでなで、気持ちいい？\n　ヒナち○ぽ、とろけちゃいそう？」%K%P
「どう？　亀頭なでなで、気持ちいい？\n　ヒナち○ぽ、とろけちゃいそう？」%K%P
%LC陽菜
%LC陽菜
「うんっ……これ、とろけそうっ……」%K%P
「うんっ……これ、とろけそうっ……」%K%P
半ば実力行使で分からされた感じだけど、\n実際に気持ちいいから逆らえない。%K%P
半ば実力行使で分からされた感じだけど、\n実際に気持ちいいから逆らえない。%K%P
腰はひくひく震えるし、口もだらしなく開いて、\nだんだん力が入らなくなってきた。%K%P
腰はひくひく震えるし、口もだらしなく開いて、\nだんだん力が入らなくなってきた。%K%P
%LC杏奈
%LC杏奈
「日向くん？　お口、お留守だよ？\n　おっぱいちゅーちゅーしなくていいの？」%K%P
「日向くん？　お口、お留守だよ？\n　おっぱいちゅーちゅーしなくていいの？」%K%P
%LC陽菜
%LC陽菜
「あっ……んむっ、ちゅっ……れるるっ」%K%P
「あっ……んむっ、ちゅっ……れるるっ」%K%P
%LC杏奈
%LC杏奈
「んぅうぅッ……氈@はぅ……あぁ、んぅんっ歃n　舐め方、さっきよりもやらしいっ……氈v%K%P
「んぅうぅッ……氈@はぅ……あぁ、んぅんっ歃n　舐め方、さっきよりもやらしいっ……氈v%K%P
%LC杏奈
%LC杏奈
「余裕なくなってきたっぽいし、\n　そろそろ、射精したくなってきちゃった？」%K%P
「余裕なくなってきたっぽいし、\n　そろそろ、射精したくなってきちゃった？」%K%P
%LC陽菜
%LC陽菜
「んっ……あと、ちょっとっ……」%K%P
「んっ……あと、ちょっとっ……」%K%P
手コキ開始からあまり時間は経ってないけど、\n精巣は着々と発射準備を進めていく。%K%P
手コキ開始からあまり時間は経ってないけど、\n精巣は着々と発射準備を進めていく。%K%P
%LC杏奈
%LC杏奈
「たっぷり出して欲しいけど、\n　出し過ぎちゃうのもだめだよ？」%K%P
「たっぷり出して欲しいけど、\n　出し過ぎちゃうのもだめだよ？」%K%P
%LC杏奈
%LC杏奈
「あとでおま○こに{膣内射精:なかだし}する分、\n　ちゃんと残しておいてね？」%K%P
「あとでおま○こに{膣内射精:なかだし}する分、\n　ちゃんと残しておいてね？」%K%P
杏奈ちゃんとのエッチは、\n１回出して終わりってことが、まずない。%K%P
杏奈ちゃんとのエッチは、\n１回出して終わりってことが、まずない。%K%P
最低でも２回。多いときだと、一晩で二桁。%K%P
最低でも２回。多いときだと、一晩で二桁。%K%P
そんなペースがずっと続いた結果、\nオレの身体は、だんだんと順応していって。%K%P
そんなペースがずっと続いた結果、\nオレの身体は、だんだんと順応していって。%K%P
今では１度射精したくらいじゃ萎えたりしない、\nまったくもって欲張りなち○ぽになってしまった。%K%P
今では１度射精したくらいじゃ萎えたりしない、\nまったくもって欲張りなち○ぽになってしまった。%K%P
%LC陽菜
%LC陽菜
「残しておいてほしいなら、オレがイッてる間、\n　しこしこしちゃダメだよ？」%K%P
「残しておいてほしいなら、オレがイッてる間、\n　しこしこしちゃダメだよ？」%K%P
%LC陽菜
%LC陽菜
「あれやられると、気持ち良すぎて、\n　おかしくなっちゃうんだから」%K%P
「あれやられると、気持ち良すぎて、\n　おかしくなっちゃうんだから」%K%P
%LC杏奈
%LC杏奈
「わかってはいるんだけど……。\n　連続でイクとこ見るの、好きなんだもん」%K%P
「わかってはいるんだけど……。\n　連続でイクとこ見るの、好きなんだもん」%K%P
%LC陽菜
%LC陽菜
「もぅ……」%K%P
「もぅ……」%K%P
%LC杏奈
%LC杏奈
「だから、先にお詫び。私のおっぱい、\n　好きなだけちゅーちゅーしていいよ？」%K%P
「だから、先にお詫び。私のおっぱい、\n　好きなだけちゅーちゅーしていいよ？」%K%P
%LC杏奈
%LC杏奈
「乳首がふやけちゃうぐらい、\n　たっぷり、ちゅーちゅー氈@って――」%K%P
「乳首がふやけちゃうぐらい、\n　たっぷり、ちゅーちゅー氈@って――」%K%P
%LC陽菜
%LC陽菜
「ちゅぷぷ、んぐっ……じゅぷぷぷっ」%K%P
「ちゅぷぷ、んぐっ……じゅぷぷぷっ」%K%P
%LC杏奈
%LC杏奈
「くああァ氈@はうっ、ふうっ、はぁぁんっ歃n　ちゅーちゅー日向くん、可愛いっ……氈v%K%P
「くああァ氈@はうっ、ふうっ、はぁぁんっ歃n　ちゅーちゅー日向くん、可愛いっ……氈v%K%P
当てつけるように乳首を強く舌でねぶると、\n杏奈ちゃんが嬉しそうに背を逸らす。%K%P
当てつけるように乳首を強く舌でねぶると、\n杏奈ちゃんが嬉しそうに背を逸らす。%K%P
瞬間、ぷるんっと乳房が弾んで。%K%P
瞬間、ぷるんっと乳房が弾んで。%K%P
気付いた時には、目の前の柔らかな膨らみに、\n顔面から突っ込むようにして顔をうずめていた。%K%P
気付いた時には、目の前の柔らかな膨らみに、\n顔面から突っ込むようにして顔をうずめていた。%K%P
%LC杏奈
%LC杏奈
「おっぱいに、顔、ぐりぐりって……んふっ、\n　まるで、お腹を空かせてる赤ちゃんみたい……」%K%P
「おっぱいに、顔、ぐりぐりって……んふっ、\n　まるで、お腹を空かせてる赤ちゃんみたい……」%K%P
%LC杏奈
%LC杏奈
「もっとも、いまミルクが欲しいのは、\n　私のほうなんだけどっ……氈v%K%P
「もっとも、いまミルクが欲しいのは、\n　私のほうなんだけどっ……氈v%K%P
%LC杏奈
%LC杏奈
「特濃ミルクが出るように……先っぽいっぱい、\n　なーで、なーで……いいこ、いいこっ氈v%K%P
「特濃ミルクが出るように……先っぽいっぱい、\n　なーで、なーで……いいこ、いいこっ氈v%K%P
頭と亀頭、二箇所を同時に撫でながら、\n杏奈ちゃんはペニスを射精へ導いていく。%K%P
頭と亀頭、二箇所を同時に撫でながら、\n杏奈ちゃんはペニスを射精へ導いていく。%K%P
抱っこされた体勢も相まって力がほどよく抜けると、\n彼女の手は、さらに優しくペニスを追い詰めた。%K%P
抱っこされた体勢も相まって力がほどよく抜けると、\n彼女の手は、さらに優しくペニスを追い詰めた。%K%P
%LC杏奈
%LC杏奈
「にぎにぎ、しこしこっ……歃n　にぃぎにぃぎ……しこしこしこっ氈v%K%P
「にぎにぎ、しこしこっ……歃n　にぃぎにぃぎ……しこしこしこっ氈v%K%P
%LC陽菜
%LC陽菜
「はうっ……急に、早くっ……」%K%P
「はうっ……急に、早くっ……」%K%P
%LC杏奈
%LC杏奈
「ふふっ、もっと早くしちゃうよ？　\n　しこしこ、しこしこ、しこしこしこっ氈v%K%P
「ふふっ、もっと早くしちゃうよ？　\n　しこしこ、しこしこ、しこしこしこっ氈v%K%P
%LC陽菜
%LC陽菜
「ああっ、それだめ、よすぎっ……！」%K%P
「ああっ、それだめ、よすぎっ……！」%K%P
手コキがぐんぐん加速すると、\n脈打つペニスの突端に、快感が集まって――、%K%P
手コキがぐんぐん加速すると、\n脈打つペニスの突端に、快感が集まって――、%K%P
%LC陽菜
%LC陽菜
「杏奈ちゃん、出るっ、イッちゃうっ……！」%K%P
「杏奈ちゃん、出るっ、イッちゃうっ……！」%K%P
%LC杏奈
%LC杏奈
「いいよ、このまま出してっ？\n　ヒナち○ぽミルク、いっぱい出そっ？」%K%P
「いいよ、このまま出してっ？\n　ヒナち○ぽミルク、いっぱい出そっ？」%K%P
%LC杏奈
%LC杏奈
「このまま一気に、びゅびゅーって――、\n　出して出してっ、出して出して出して出してっ氈v%K%P
「このまま一気に、びゅびゅーって――、\n　出して出してっ、出して出して出して出してっ氈v%K%P
%LC陽菜
%LC陽菜
「ああっ、いくッ……はぐッ、んんんぅううッ！」%K%P
「ああっ、いくッ……はぐッ、んんんぅううッ！」%K%P
%LC杏奈
%LC杏奈
「あああぁ……氈@精子、びゅびゅーって……、\n　ほら、すごいよ？　噴水みたいっ……氈v%K%P
「あああぁ……氈@精子、びゅびゅーって……、\n　ほら、すごいよ？　噴水みたいっ……氈v%K%P
噴き出す精子をうっとり眺めたのも束の間、\n杏奈ちゃんの手が再び動く。%K%P
噴き出す精子をうっとり眺めたのも束の間、\n杏奈ちゃんの手が再び動く。%K%P
やっぱり我慢できなかったんだ、なんて思いつつ、\n出来るだけ耐えようと、竿に力を込めた直後。%K%P
やっぱり我慢できなかったんだ、なんて思いつつ、\n出来るだけ耐えようと、竿に力を込めた直後。%K%P
杏奈ちゃんの手は、するするっと、\nペニスの根元の、さらにその下へと伸びる。%K%P
杏奈ちゃんの手は、するするっと、\nペニスの根元の、さらにその下へと伸びる。%K%P
%LC陽菜
%LC陽菜
「えっ……？　な、なんで、そっち？」%K%P
「えっ……？　な、なんで、そっち？」%K%P
彼女が握ってきたのは、\n精子を送り出したばかりの玉袋だった。%K%P
彼女が握ってきたのは、\n精子を送り出したばかりの玉袋だった。%K%P
%LC杏奈
%LC杏奈
「イクとき、ぶるぶるしてるのが見えて……。\n　それで、なでなでしたくなっちゃった」%K%P
「イクとき、ぶるぶるしてるのが見えて……。\n　それで、なでなでしたくなっちゃった」%K%P
%LC陽菜
%LC陽菜
「わっ、わっ、わわッ……」%K%P
「わっ、わっ、わわッ……」%K%P
陰嚢をそっと持ち上げた杏奈ちゃんは、\n赤ちゃんをあやすように、優しく揺さぶる。%K%P
陰嚢をそっと持ち上げた杏奈ちゃんは、\n赤ちゃんをあやすように、優しく揺さぶる。%K%P
玉袋の中で睾丸がころころ転がると、\nすぐ近くのお尻の穴が、ひゅんと引き締まった。%K%P
玉袋の中で睾丸がころころ転がると、\nすぐ近くのお尻の穴が、ひゅんと引き締まった。%K%P
%LC杏奈
%LC杏奈
「……思ったより、ずしっとしてる。\n　まだまだ中に、精子が入ってる感じ……氈v%K%P
「……思ったより、ずしっとしてる。\n　まだまだ中に、精子が入ってる感じ……氈v%K%P
%LC陽菜
%LC陽菜
「前にも言ったけど、そこは――」%K%P
「前にも言ったけど、そこは――」%K%P
%LC杏奈
%LC杏奈
「男の子の急所、でしょ？　覚えてるよ」%K%P
「男の子の急所、でしょ？　覚えてるよ」%K%P
%LC杏奈
%LC杏奈
「でも、私もあの頃よりは上手になってるし……。\n　いまなら、気持ち良くしてあげられると思う」%K%P
「でも、私もあの頃よりは上手になってるし……。\n　いまなら、気持ち良くしてあげられると思う」%K%P
%LC杏奈
%LC杏奈
「だから、ちょっとだけ……さわってもいい？」%K%P
「だから、ちょっとだけ……さわってもいい？」%K%P
%LC陽菜
%LC陽菜
「いいよ、杏奈の好きにして」%K%P
「いいよ、杏奈の好きにして」%K%P
%LC杏奈
%LC杏奈
「んッ……もぅ、相変わらずさらっと言うしっ。\n　ドキドキしちゃうってば、この、このこのっ」%K%P
「んッ……もぅ、相変わらずさらっと言うしっ。\n　ドキドキしちゃうってば、この、このこのっ」%K%P
%LC陽菜
%LC陽菜
「んにゃあっ？！　やふッ、あうぅうッ」%K%P
「んにゃあっ？！　やふッ、あうぅうッ」%K%P
拗ねた彼女の手の上で、お手玉のように弾む玉袋。%K%P
拗ねた彼女の手の上で、お手玉のように弾む玉袋。%K%P
けど、上手になったという言葉は伊達じゃなく、\n揉むような愛撫は、痺れるぐらい心地いい。%K%P
けど、上手になったという言葉は伊達じゃなく、\n揉むような愛撫は、痺れるぐらい心地いい。%K%P
%LC杏奈
%LC杏奈
「どう？　玉袋、気持ちいい？」%K%P
「どう？　玉袋、気持ちいい？」%K%P
%LC陽菜
%LC陽菜
「んっ、ヤバいかも……。腰、砕けそうっ……」%K%P
「んっ、ヤバいかも……。腰、砕けそうっ……」%K%P
弱みや主導権は『握る』っていうけど、\nいままさに、どちらも彼女の手の中で。%K%P
弱みや主導権は『握る』っていうけど、\nいままさに、どちらも彼女の手の中で。%K%P
スリルと興奮が、さらに竿を固くする。%K%P
スリルと興奮が、さらに竿を固くする。%K%P
%LC杏奈
%LC杏奈
「いま私がぎゅーってしたら、\n　日向くん、ホントに女の子になっちゃうね」%K%P
「いま私がぎゅーってしたら、\n　日向くん、ホントに女の子になっちゃうね」%K%P
%LC陽菜
%LC陽菜
%XS21「怖いこと言わないのっ」%XE%K%P
%XS21「怖いこと言わないのっ」%XE%K%P
%LC杏奈
%LC杏奈
「くすっ、冗談だよ、冗談。\n　そんなこと絶対にしないもん」%K%P
「くすっ、冗談だよ、冗談。\n　そんなこと絶対にしないもん」%K%P
%LC杏奈
%LC杏奈
「日向くんは、おち○ぽあってこそだし」%K%P
「日向くんは、おち○ぽあってこそだし」%K%P
%LC杏奈
%LC杏奈
「可愛いとこも、格好いいとこも、強いとこも。\n　イキ顔も、声も、おち○ぽも、精子も――」%K%P
「可愛いとこも、格好いいとこも、強いとこも。\n　イキ顔も、声も、おち○ぽも、精子も――」%K%P
%LC杏奈
%LC杏奈
「ぜんぶぜーんぶ、だぁい好きっ……氈v%K%P
「ぜんぶぜーんぶ、だぁい好きっ……氈v%K%P
%LC陽菜
%LC陽菜
「んぐっ……あっ、あ、ああああッ……」%K%P
「んぐっ……あっ、あ、ああああッ……」%K%P
愛しさをたっぷり詰め込んだ手のひらが、\n陰嚢をこねるように揉みほぐす。%K%P
愛しさをたっぷり詰め込んだ手のひらが、\n陰嚢をこねるように揉みほぐす。%K%P
睾丸と指が擦れるたびに切なさが募って、\nそれが、すぐ上にあるペニスへと流れ込んで。%K%P
睾丸と指が擦れるたびに切なさが募って、\nそれが、すぐ上にあるペニスへと流れ込んで。%K%P
しゃくるように跳ねたペニスの先からは、\nさっきの精子とカウパーが、じわっと滲む。%K%P
しゃくるように跳ねたペニスの先からは、\nさっきの精子とカウパーが、じわっと滲む。%K%P
%LC杏奈
%LC杏奈
「さわってないのに、おち○ぽ、びくって……。\n　これ、カウントダウン始まってるの？」%K%P
「さわってないのに、おち○ぽ、びくって……。\n　これ、カウントダウン始まってるの？」%K%P
%LC陽菜
%LC陽菜
「というか、いつでもイケそうっ……」%K%P
「というか、いつでもイケそうっ……」%K%P
%LC陽菜
%LC陽菜
「ただ、直接ち○ぽに刺激がないと、\n　一線を越えないっていうか、もどかしくて」%K%P
「ただ、直接ち○ぽに刺激がないと、\n　一線を越えないっていうか、もどかしくて」%K%P
どんなときでも、射精を引き寄せるトリガーは、\nペニス自身への快感が基本だった。%K%P
どんなときでも、射精を引き寄せるトリガーは、\nペニス自身への快感が基本だった。%K%P
それがないと、どうにも切っ掛けが掴めない。%K%P
それがないと、どうにも切っ掛けが掴めない。%K%P
%LC杏奈
%LC杏奈
「なら、このまま私が、\n　玉袋を揉み揉みしてあげる」%K%P
「なら、このまま私が、\n　玉袋を揉み揉みしてあげる」%K%P
%LC杏奈
%LC杏奈
「だから日向くんは、\n　自分でおち○ぽさわっちゃダメだよ？」%K%P
「だから日向くんは、\n　自分でおち○ぽさわっちゃダメだよ？」%K%P
%LC杏奈
%LC杏奈
「私ね、たまーにだけど、\n　さわらずにイッちゃうことがあって……」%K%P
「私ね、たまーにだけど、\n　さわらずにイッちゃうことがあって……」%K%P
%LC杏奈
%LC杏奈
「それがね、もう、すっごく気持ちいいの」%K%P
「それがね、もう、すっごく気持ちいいの」%K%P
%LC杏奈
%LC杏奈
「あの快感を、日向くんにも、\n　味わって欲しいから――」%K%P
「あの快感を、日向くんにも、\n　味わって欲しいから――」%K%P
%LC杏奈
%LC杏奈
「たっぷたぷのたまたまを……私の指で、\n　くに、くに……もみ、もみ……氈v%K%P
「たっぷたぷのたまたまを……私の指で、\n　くに、くに……もみ、もみ……氈v%K%P
%LC陽菜
%LC陽菜
「あっ……はうっ、はあっ、くぅうッ」%K%P
「あっ……はうっ、はあっ、くぅうッ」%K%P
囁く声の妖艶さが増すと、\n玉袋を揉む手つきも、ぐっとやらしくなって。%K%P
囁く声の妖艶さが増すと、\n玉袋を揉む手つきも、ぐっとやらしくなって。%K%P
まるで焦らしプレイのように、\nもどかしさばかりが募って、腰が震え出す。%K%P
まるで焦らしプレイのように、\nもどかしさばかりが募って、腰が震え出す。%K%P
%LC陽菜
%LC陽菜
「杏奈ちゃん、それ、だめっ……。\n　ち○ぽ、おかしくなりそうっ……」%K%P
「杏奈ちゃん、それ、だめっ……。\n　ち○ぽ、おかしくなりそうっ……」%K%P
%LC杏奈
%LC杏奈
「もうちょっとだけ我慢して。\n　我慢した分、ぜったい気持ちいいから」%K%P
「もうちょっとだけ我慢して。\n　我慢した分、ぜったい気持ちいいから」%K%P
%LC杏奈
%LC杏奈
「たぶん、あともう、少しで……」%K%P
「たぶん、あともう、少しで……」%K%P
%LC杏奈
%LC杏奈
「……ほら、おしっこの穴、見て。\n　いまにも出そうだよ？　日向くんの精子」%K%P
「……ほら、おしっこの穴、見て。\n　いまにも出そうだよ？　日向くんの精子」%K%P
%LC陽菜
%LC陽菜
「あっ、あぁ、ああああッ……」%K%P
「あっ、あぁ、ああああッ……」%K%P
絶え間ない睾丸への刺激で、\n精巣は限界を迎え、いよいよ決壊して。%K%P
絶え間ない睾丸への刺激で、\n精巣は限界を迎え、いよいよ決壊して。%K%P
そこに満ちていた快感が\n尿道口に向かって殺到――って、%K%P
そこに満ちていた快感が\n尿道口に向かって殺到――って、%K%P
%LC陽菜
%LC陽菜
「だめ、これ、ほんと……あぁあッ」%K%P
「だめ、これ、ほんと……あぁあッ」%K%P
%LC杏奈
%LC杏奈
「大丈夫、すっごく気持ちいいから。\n　逆らわずに、そのまま、どぴゅってしよ？」%K%P
「大丈夫、すっごく気持ちいいから。\n　逆らわずに、そのまま、どぴゅってしよ？」%K%P
%LC杏奈
%LC杏奈
「濃いのいっぱい、どぴゅぅーって……ねっ？\n　ヒナち○ぽミルク、どぴゅどぴゅーって……氈v%K%P
「濃いのいっぱい、どぴゅぅーって……ねっ？\n　ヒナち○ぽミルク、どぴゅどぴゅーって……氈v%K%P
%LC陽菜
%LC陽菜
「んぅっ、あ、いく、いぐっ……ふうッ、\n　ああっ、あっ、あああああああぁあああッ！」%K%P
「んぅっ、あ、いく、いぐっ……ふうッ、\n　ああっ、あっ、あああああああぁあああッ！」%K%P
%LC陽菜
%LC陽菜
「くあっ、あっ……はあっ、ああっ、\n　やっ、はっ、ああっ、ああっ、ああああっ」%K%P
「くあっ、あっ……はあっ、ああっ、\n　やっ、はっ、ああっ、ああっ、ああああっ」%K%P
一瞬だけど、たぶん、意識が飛んだ。%K%P
一瞬だけど、たぶん、意識が飛んだ。%K%P
どばっと溢れ出したザーメンみたいに、\n視界が真っ白になって、腰も砕けて。%K%P
どばっと溢れ出したザーメンみたいに、\n視界が真っ白になって、腰も砕けて。%K%P
それでもオレのペニスは、間歇泉みたいに、\nびゅ、びゅびゅって、精子を出し続けて。%K%P
それでもオレのペニスは、間歇泉みたいに、\nびゅ、びゅびゅって、精子を出し続けて。%K%P
気持ち良すぎて悶えるしかないオレを、\n杏奈ちゃんは聖母のように抱いていてくれた。%K%P
気持ち良すぎて悶えるしかないオレを、\n杏奈ちゃんは聖母のように抱いていてくれた。%K%P
%LC陽菜
%LC陽菜
「はぁ、ふぅ……いまの、ヤバかった……」%K%P
「はぁ、ふぅ……いまの、ヤバかった……」%K%P
%LC杏奈
%LC杏奈
「ヤバいぐらい気持ち良かった？」%K%P
「ヤバいぐらい気持ち良かった？」%K%P
%LC陽菜
%LC陽菜
「よすぎて出し切っちゃったかも……」%K%P
「よすぎて出し切っちゃったかも……」%K%P
%LC杏奈
%LC杏奈
「でも、日向くんのおち○ぽだもん。\n　ちょっと休めば、元気になるでしょ？」%K%P
「でも、日向くんのおち○ぽだもん。\n　ちょっと休めば、元気になるでしょ？」%K%P
%LC陽菜
%LC陽菜
「さすがに、今回は自信ないかも……」%K%P
「さすがに、今回は自信ないかも……」%K%P
射精って、回数じゃなく濃さだと思う。%K%P
射精って、回数じゃなく濃さだと思う。%K%P
とくにさっきのような焦らされた１回って、\n気持ち良さに比例して、倦怠感も半端ない。%K%P
とくにさっきのような焦らされた１回って、\n気持ち良さに比例して、倦怠感も半端ない。%K%P
%LC陽菜
%LC陽菜
「とにかく、湯船に――」%K%P
「とにかく、湯船に――」%K%P
立ち上がろうとしたけど、\n見事に力が入らない。%K%P
立ち上がろうとしたけど、\n見事に力が入らない。%K%P
%LC杏奈
%LC杏奈
「無理して転ぶと危ないよ。\n　とりあえず、少し横になったら？」%K%P
「無理して転ぶと危ないよ。\n　とりあえず、少し横になったら？」%K%P
%LC陽菜
%LC陽菜
「そんなこと言って。\n　乗っかりたいんでしょ？」%K%P
「そんなこと言って。\n　乗っかりたいんでしょ？」%K%P
%LC杏奈
%LC杏奈
「うんっ氈v%K%P
「うんっ氈v%K%P
というわけで、横になったわけだけど――、%K%P
というわけで、横になったわけだけど――、%K%P
%LC杏奈
%LC杏奈
「うわ、すごい……歃n　日向くんの、ぷっくり勃ってる……氈v%K%P
「うわ、すごい……歃n　日向くんの、ぷっくり勃ってる……氈v%K%P
%LC陽菜
%LC陽菜
「勃ってるって、そんなはず――」%K%P
「勃ってるって、そんなはず――」%K%P
%LC杏奈
%LC杏奈
「おち○ぽじゃなくて、乳首のこと」%K%P
「おち○ぽじゃなくて、乳首のこと」%K%P
%LC杏奈
%LC杏奈
「ほら、ね？　日向くんの乳首、ぷくって」%K%P
「ほら、ね？　日向くんの乳首、ぷくって」%K%P
%LC陽菜
%LC陽菜
「って、こらっ、なにしてるのっ」%K%P
「って、こらっ、なにしてるのっ」%K%P
言われて胸元を見れば、杏奈ちゃんの指が、\nオレの乳首をしっかりと捉えていた。%K%P
言われて胸元を見れば、杏奈ちゃんの指が、\nオレの乳首をしっかりと捉えていた。%K%P
%LC杏奈
%LC杏奈
「たっぷり吸ってくれたお礼に、\n　日向くんの乳首、気持ちよくしようかなって」%K%P
「たっぷり吸ってくれたお礼に、\n　日向くんの乳首、気持ちよくしようかなって」%K%P
%LC陽菜
%LC陽菜
「しなくていいから」%K%P
「しなくていいから」%K%P
%LC杏奈
%LC杏奈
「でも、きっと気持ちいいよ？\n　私、乳首いじるの慣れてるから」%K%P
「でも、きっと気持ちいいよ？\n　私、乳首いじるの慣れてるから」%K%P
%LC陽菜
%LC陽菜
「慣れてるって……」%K%P
「慣れてるって……」%K%P
%LC杏奈
%LC杏奈
「感じやすいし、気持ちよくって。\n　一人でするときは、いつも自分で……ね？」%K%P
「感じやすいし、気持ちよくって。\n　一人でするときは、いつも自分で……ね？」%K%P
オレの胸を確かめるように撫でながら、\n杏奈ちゃんがくすっと笑う。%K%P
オレの胸を確かめるように撫でながら、\n杏奈ちゃんがくすっと笑う。%K%P
%LC杏奈
%LC杏奈
「そういう意味では日向くんだって、\n　おち○ぽの扱い、慣れてるでしょ？」%K%P
「そういう意味では日向くんだって、\n　おち○ぽの扱い、慣れてるでしょ？」%K%P
%LC陽菜
%LC陽菜
「誤解を招く言い方しないのっ」%K%P
「誤解を招く言い方しないのっ」%K%P
言わんとすることはわかるけど、\nもう少し表現を選んでほしい。%K%P
言わんとすることはわかるけど、\nもう少し表現を選んでほしい。%K%P
けど、杏奈ちゃんって自分でするとき、\nおっぱい弄るんだ……。%K%P
けど、杏奈ちゃんって自分でするとき、\nおっぱい弄るんだ……。%K%P
%LC杏奈
%LC杏奈
「私ね、日向くんの胸、\n　実はすっごい好きなんだよ」%K%P
「私ね、日向くんの胸、\n　実はすっごい好きなんだよ」%K%P
%LC陽菜
%LC陽菜
「男の胸板としてってこと？」%K%P
「男の胸板としてってこと？」%K%P
%LC杏奈
%LC杏奈
「それも、あるけど。\n　おっぱいとして見ても、可愛いなって」%K%P
「それも、あるけど。\n　おっぱいとして見ても、可愛いなって」%K%P
%LC陽菜
%LC陽菜
「……は？」%K%P
「……は？」%K%P
%LC杏奈
%LC杏奈
「だから、おっぱい。\n　陽菜ちゃんの、おっぱい」%K%P
「だから、おっぱい。\n　陽菜ちゃんの、おっぱい」%K%P
%LC杏奈
%LC杏奈
「とくに乳首は、ちっちゃっくて……。\n　いじりがいがありそうだなぁって……氈v%K%P
「とくに乳首は、ちっちゃっくて……。\n　いじりがいがありそうだなぁって……氈v%K%P
%LC杏奈
%LC杏奈
「でも、日向くんっていっつも、\n　乳首さわろうとすると逃げちゃうし」%K%P
「でも、日向くんっていっつも、\n　乳首さわろうとすると逃げちゃうし」%K%P
%LC陽菜
%LC陽菜
「そっ、そうだったカナ……？」%K%P
「そっ、そうだったカナ……？」%K%P
%LC杏奈
%LC杏奈
「そうだよー。さわろうとしても、\n　くすぐったいからダメとか言って」%K%P
「そうだよー。さわろうとしても、\n　くすぐったいからダメとか言って」%K%P
%LC杏奈
%LC杏奈
「でも……この状況なら、\n　さすがに逃げられないと思うし――」%K%P
「でも……この状況なら、\n　さすがに逃げられないと思うし――」%K%P
%LC杏奈
%LC杏奈
「えいっ氈v%K%P
「えいっ氈v%K%P
%LC陽菜
%LC陽菜
「みゃふぅっ氈v%K%P
「みゃふぅっ氈v%K%P
不意打ち同然に乳首を摘ままれて、\n自分でもわかるぐらい変な声が漏れた。%K%P
不意打ち同然に乳首を摘ままれて、\n自分でもわかるぐらい変な声が漏れた。%K%P
%LC陽菜
%LC陽菜
「ちょっ、杏奈ちゃんっ……！」%K%P
「ちょっ、杏奈ちゃんっ……！」%K%P
%LC杏奈
%LC杏奈
「なぁに？　可愛い声を出しちゃった日向くん？」%K%P
「なぁに？　可愛い声を出しちゃった日向くん？」%K%P
%LC陽菜
%LC陽菜
「うぐぐっ……」%K%P
「うぐぐっ……」%K%P
文字通りマウントをとった状態で、\n悪戯っぽい笑みを浮かべる杏奈ちゃん。%K%P
文字通りマウントをとった状態で、\n悪戯っぽい笑みを浮かべる杏奈ちゃん。%K%P
その指が、オレの乳首の突端に触れてくる。%K%P
その指が、オレの乳首の突端に触れてくる。%K%P
%LC杏奈
%LC杏奈
「おち○ぽがはやく元気になるように、\n　乳首、たっぷりいじってあげるねっ？」%K%P
「おち○ぽがはやく元気になるように、\n　乳首、たっぷりいじってあげるねっ？」%K%P
%LC杏奈
%LC杏奈
「まずは、先っぽだけを集中して、\n　指のお腹で、こすこす、なでなでっ……氈v%K%P
「まずは、先っぽだけを集中して、\n　指のお腹で、こすこす、なでなでっ……氈v%K%P
%LC陽菜
%LC陽菜
「くっ……は、んんっ」%K%P
「くっ……は、んんっ」%K%P
%LC杏奈
%LC杏奈
「声、我慢しちゃだーめ。\n　出した方が気持ちいいよ？」%K%P
「声、我慢しちゃだーめ。\n　出した方が気持ちいいよ？」%K%P
%LC陽菜
%LC陽菜
「これは、くすぐったいだけ、でっ、\n　べつに、感じてる、わけ、じゃっ……」%K%P
「これは、くすぐったいだけ、でっ、\n　べつに、感じてる、わけ、じゃっ……」%K%P
%LC杏奈
%LC杏奈
「なら、ホントにくすぐってあげる。\n　こしょこしょ、こしょこしょこしょっ氈v%K%P
「なら、ホントにくすぐってあげる。\n　こしょこしょ、こしょこしょこしょっ氈v%K%P
%LC陽菜
%LC陽菜
「あ、だめっ……ひぐっ、ぐっ、あぅあっ」%K%P
「あ、だめっ……ひぐっ、ぐっ、あぅあっ」%K%P
絶妙なフェザータッチに、思わずのけぞる。%K%P
絶妙なフェザータッチに、思わずのけぞる。%K%P
得意と豪語するだけあって、本当に上手い。%K%P
得意と豪語するだけあって、本当に上手い。%K%P
%LC杏奈
%LC杏奈
「くすっ氈@乳首、どんどん固くなって、\n　おマメさんみたいになってる……氈v%K%P
「くすっ氈@乳首、どんどん固くなって、\n　おマメさんみたいになってる……氈v%K%P
%LC杏奈
%LC杏奈
「やっぱり日向くんって、\n　乳首、感じやすかったんだね？」%K%P
「やっぱり日向くんって、\n　乳首、感じやすかったんだね？」%K%P
%LC陽菜
%LC陽菜
「なっ、なに、やっぱりってっ……」%K%P
「なっ、なに、やっぱりってっ……」%K%P
%LC杏奈
%LC杏奈
「エッチのとき、日向くんの乳首、\n　いっつも勃ってたから」%K%P
「エッチのとき、日向くんの乳首、\n　いっつも勃ってたから」%K%P
%LC杏奈
%LC杏奈
「それで、もしかしたら弱いのかなって」%K%P
「それで、もしかしたら弱いのかなって」%K%P
%LC杏奈
%LC杏奈
「というわけで……今度はちょっと強めに、\n　指で、くにくにぃ……っと」%K%P
「というわけで……今度はちょっと強めに、\n　指で、くにくにぃ……っと」%K%P
%LC陽菜
%LC陽菜
「はぐっ……やっ、んうっ……」%K%P
「はぐっ……やっ、んうっ……」%K%P
杏奈ちゃんの指につままれた乳首が、\n声にあわせて、優しく転がされていく。%K%P
杏奈ちゃんの指につままれた乳首が、\n声にあわせて、優しく転がされていく。%K%P
無理に堪えようとすればするほど、\n結んだ唇の隙間から、声が漏れてしまう。%K%P
無理に堪えようとすればするほど、\n結んだ唇の隙間から、声が漏れてしまう。%K%P
ヤバい。なんか、どんどん気持ちよくなる。%K%P
ヤバい。なんか、どんどん気持ちよくなる。%K%P
杏奈ちゃんが上手いのもあるけど、\n乳首を弄られてる状況に、ドキドキしてる。%K%P
杏奈ちゃんが上手いのもあるけど、\n乳首を弄られてる状況に、ドキドキしてる。%K%P
%LC杏奈
%LC杏奈
「日向くんの心臓、ドキドキしてる」%K%P
「日向くんの心臓、ドキドキしてる」%K%P
%LC陽菜
%LC陽菜
「だって、こんなの始めてだしっ……」%K%P
「だって、こんなの始めてだしっ……」%K%P
%LC杏奈
%LC杏奈
「私も。すごく、ドキドキしてきちゃった」%K%P
「私も。すごく、ドキドキしてきちゃった」%K%P
%LC杏奈
%LC杏奈
「なんか、女の子とエッチしてるみたい」%K%P
「なんか、女の子とエッチしてるみたい」%K%P
%LC陽菜
%LC陽菜
「なっ……なに言ってるのっ。\n　ち○ぽの上にまたがっておいてっ」%K%P
「なっ……なに言ってるのっ。\n　ち○ぽの上にまたがっておいてっ」%K%P
%LC杏奈
%LC杏奈
「そのおち○ぽも、お休み中だし。\n　こうして、すりすりしても……ほら、ね？」%K%P
「そのおち○ぽも、お休み中だし。\n　こうして、すりすりしても……ほら、ね？」%K%P
杏奈ちゃんが膣口を押し当てても、\nペニスは無反応で、横になったまま。%K%P
杏奈ちゃんが膣口を押し当てても、\nペニスは無反応で、横になったまま。%K%P
いつもなら、今ので飛び起きただろうけど……、\nさっきの射精はよっぽど堪えたらしい。%K%P
いつもなら、今ので飛び起きただろうけど……、\nさっきの射精はよっぽど堪えたらしい。%K%P
%LC杏奈
%LC杏奈
「私、日向くんと同じぐらい、\n　陽菜ちゃんのことも好きで――」%K%P
「私、日向くんと同じぐらい、\n　陽菜ちゃんのことも好きで――」%K%P
%LC杏奈
%LC杏奈
「だから、陽菜ちゃんともエッチしたいなって、\n　こっそり思ったりしたんだけど……」%K%P
「だから、陽菜ちゃんともエッチしたいなって、\n　こっそり思ったりしたんだけど……」%K%P
%LC杏奈
%LC杏奈
「おち○ぽなしでエッチしたら、陽菜ちゃんと\n　エッチしたことになったりしないかな？」%K%P
「おち○ぽなしでエッチしたら、陽菜ちゃんと\n　エッチしたことになったりしないかな？」%K%P
%LC陽菜
%LC陽菜
「どういう理屈なの、それはっ」%K%P
「どういう理屈なの、それはっ」%K%P
%LC杏奈
%LC杏奈
「自分で言ってても、よくわかんないけど。\n　……でも、そういうのも、いいかなぁって」%K%P
「自分で言ってても、よくわかんないけど。\n　……でも、そういうのも、いいかなぁって」%K%P
%LC杏奈
%LC杏奈
「というわけで……今から私が、\n　陽菜ちゃんの乳首を気持ち良くするね」%K%P
「というわけで……今から私が、\n　陽菜ちゃんの乳首を気持ち良くするね」%K%P
%LC杏奈
%LC杏奈
「だから、陽菜ちゃんは、陽菜ちゃんとして――、\n　女の子として、めいっぱい感じて？」%K%P
「だから、陽菜ちゃんは、陽菜ちゃんとして――、\n　女の子として、めいっぱい感じて？」%K%P
%LC陽菜
%LC陽菜
「んっ……」%K%P
「んっ……」%K%P
エッチをしたくなったときは、日向くん――、\nそれが、同居して出来上がったルールなのに。%K%P
エッチをしたくなったときは、日向くん――、\nそれが、同居して出来上がったルールなのに。%K%P
ここに来て陽菜ちゃん呼びを連呼されて、\nなんとも言えない感覚に、身体の芯が火照る。%K%P
ここに来て陽菜ちゃん呼びを連呼されて、\nなんとも言えない感覚に、身体の芯が火照る。%K%P
組み伏せられているという状況もあわさって、\n無性に恥ずかしくて、身を捩ってしまう。%K%P
組み伏せられているという状況もあわさって、\n無性に恥ずかしくて、身を捩ってしまう。%K%P
%LC杏奈
%LC杏奈
「私、乳首のさきっぽとか根元を、\n　ツメでこりこりするの好きなんだけど……」%K%P
「私、乳首のさきっぽとか根元を、\n　ツメでこりこりするの好きなんだけど……」%K%P
%LC杏奈
%LC杏奈
「同じこと、陽菜ちゃんにもしてあげる」%K%P
「同じこと、陽菜ちゃんにもしてあげる」%K%P
%LC陽菜
%LC陽菜
「やっ……んうッ……はっ、やっ、んんッ」%K%P
「やっ……んうッ……はっ、やっ、んんッ」%K%P
宣言通り、乳首の突端をツメが擦る。%K%P
宣言通り、乳首の突端をツメが擦る。%K%P
頼りない先っぽを丹念にいじられると、\nくすぐったさの中に、快感が芽吹いてきて。%K%P
頼りない先っぽを丹念にいじられると、\nくすぐったさの中に、快感が芽吹いてきて。%K%P
杏奈ちゃん、ほんとに、上手いっ……。%K%P
杏奈ちゃん、ほんとに、上手いっ……。%K%P
%LC陽菜
%LC陽菜
「やうっ、はあっ、ああっ、あ、ああっ……氈v%K%P
「やうっ、はあっ、ああっ、あ、ああっ……氈v%K%P
%LC杏奈
%LC杏奈
「くすっ、すっごいえっちな声……歃n　陽菜ちゃんの乳首、敏感で可愛いっ……氈v%K%P
「くすっ、すっごいえっちな声……歃n　陽菜ちゃんの乳首、敏感で可愛いっ……氈v%K%P
%LC杏奈
%LC杏奈
「もっと気持ち良くなるように、\n　特別プレゼントを……んぅーぅ氈v%K%P
「もっと気持ち良くなるように、\n　特別プレゼントを……んぅーぅ氈v%K%P
口を開け、唾液を垂らした杏奈ちゃんは、\nそれを指先で絡め取る。%K%P
口を開け、唾液を垂らした杏奈ちゃんは、\nそれを指先で絡め取る。%K%P
なにするかわかるよね？　って感じで微笑むと、\n彼女の濡れた指先が、乳首を、くにっと――、%K%P
なにするかわかるよね？　って感じで微笑むと、\n彼女の濡れた指先が、乳首を、くにっと――、%K%P
%LC陽菜
%LC陽菜
「はぅ……くっ、んんぅっ……」%K%P
「はぅ……くっ、んんぅっ……」%K%P
%LC杏奈
%LC杏奈
「指を濡らすと、滑るようになるから。\n　こそばゆい感じが減って気持ちいいでしょ？」%K%P
「指を濡らすと、滑るようになるから。\n　こそばゆい感じが減って気持ちいいでしょ？」%K%P
%LC杏奈
%LC杏奈
「あとは、こんなふうに息を……ふぅー氈v%K%P
「あとは、こんなふうに息を……ふぅー氈v%K%P
%LC陽菜
%LC陽菜
「ひやッ、んぅんッ……！」%K%P
「ひやッ、んぅんッ……！」%K%P
濡れた箇所に息が掛かり、こそばゆくて悶える。%K%P
濡れた箇所に息が掛かり、こそばゆくて悶える。%K%P
やばい、どんどん開発されてくっ……。%K%P
やばい、どんどん開発されてくっ……。%K%P
%LC杏奈
%LC杏奈
「陽菜ちゃんの感じ方、可愛い……歃n　女の子よりも女の子かも……氈v%K%P
「陽菜ちゃんの感じ方、可愛い……歃n　女の子よりも女の子かも……氈v%K%P
%LC陽菜
%LC陽菜
「そんなことないよっ。\n　オレより杏奈ちゃんのほうが――」%K%P
「そんなことないよっ。\n　オレより杏奈ちゃんのほうが――」%K%P
%LC杏奈
%LC杏奈
「陽菜ちゃん。オレじゃなくて、わ・た・し」%K%P
「陽菜ちゃん。オレじゃなくて、わ・た・し」%K%P
%LC杏奈
%LC杏奈
「いまは日向くんじゃなくて、陽菜ちゃんでしょ？\n　女の子のときは、わ・た・し」%K%P
「いまは日向くんじゃなくて、陽菜ちゃんでしょ？\n　女の子のときは、わ・た・し」%K%P
%LC陽菜
%LC陽菜
「でも」%K%P
「でも」%K%P
%LC杏奈
%LC杏奈
「でももすもももないの。\n　いいから、私。ねっ？　陽菜ちゃんっ」%K%P
「でももすもももないの。\n　いいから、私。ねっ？　陽菜ちゃんっ」%K%P
%LC陽菜
%LC陽菜
「きゃうっ氈@はぁ、あ、ふみゃうっ……氈v%K%P
「きゃうっ氈@はぁ、あ、ふみゃうっ……氈v%K%P
水を得た魚のように、\n杏奈ちゃんが乳首を攻め立てる。%K%P
水を得た魚のように、\n杏奈ちゃんが乳首を攻め立てる。%K%P
フィギュアスケートの演技みたいに、\n彼女の指が、乳輪や乳頭の上で、くるくると――、%K%P
フィギュアスケートの演技みたいに、\n彼女の指が、乳輪や乳頭の上で、くるくると――、%K%P
%LC陽菜
%LC陽菜
「んくくっ……はぁはぁ、あっ、ああっ氈v%K%P
「んくくっ……はぁはぁ、あっ、ああっ氈v%K%P
%LC杏奈
%LC杏奈
「ね？　乳首、気持ちいいでしょ？\n　くりくりされると、びくびくするでしょ？」%K%P
「ね？　乳首、気持ちいいでしょ？\n　くりくりされると、びくびくするでしょ？」%K%P
%LC陽菜
%LC陽菜
「んっ、いいっ……乳首、気持ち、いっ……」%K%P
「んっ、いいっ……乳首、気持ち、いっ……」%K%P
%LC杏奈
%LC杏奈
「くすっ、そうそう歃n　いっぱい感じて、いっぱい喘いで」%K%P
「くすっ、そうそう歃n　いっぱい感じて、いっぱい喘いで」%K%P
%LC杏奈
%LC杏奈
「私、陽菜ちゃんのえっちな声、\n　もっともっと、たくさん聞きたいっ……氈v%K%P
「私、陽菜ちゃんのえっちな声、\n　もっともっと、たくさん聞きたいっ……氈v%K%P
%LC陽菜
%LC陽菜
「やっ、ああっ……ちょっ、だめ、\n　ほんとだめ、だめだよ、杏奈ちゃんっ」%K%P
「やっ、ああっ……ちょっ、だめ、\n　ほんとだめ、だめだよ、杏奈ちゃんっ」%K%P
%LC杏奈
%LC杏奈
「くふふっ氈@そんな反応されたら、\n　もっといっぱい、くりくり、くにくにっ氈v%K%P
「くふふっ氈@そんな反応されたら、\n　もっといっぱい、くりくり、くにくにっ氈v%K%P
%LC陽菜
%LC陽菜
「んうッ……くあ、あっ、はあっ、らめっ、\n　しょこ、らめっ、らめにゃひぃっ……」%K%P
「んうッ……くあ、あっ、はあっ、らめっ、\n　しょこ、らめっ、らめにゃひぃっ……」%K%P
口内に唾液が溜まって、うまいこと舌が回らない。%K%P
口内に唾液が溜まって、うまいこと舌が回らない。%K%P
怪しい呂律で抗う声は、本人が聞いても、\nとろけて感じる女の子そのものだった。%K%P
怪しい呂律で抗う声は、本人が聞いても、\nとろけて感じる女の子そのものだった。%K%P
%LC陽菜
%LC陽菜
「あひっ……はあっ、あ、ああっ、\n　うそ、乳首だけで、こんなにっ……」%K%P
「あひっ……はあっ、あ、ああっ、\n　うそ、乳首だけで、こんなにっ……」%K%P
%LC杏奈
%LC杏奈
「陽菜ちゃん、イッちゃうの？\n　乳首で感じて、女の子みたいにイッちゃうの？」%K%P
「陽菜ちゃん、イッちゃうの？\n　乳首で感じて、女の子みたいにイッちゃうの？」%K%P
%LC陽菜
%LC陽菜
「イクって、でも、まだ、あそこがっ……」%K%P
「イクって、でも、まだ、あそこがっ……」%K%P
自分の股間を目視で確かめると、\nペニスは未だ、ふにゃんと柔らかいまま。%K%P
自分の股間を目視で確かめると、\nペニスは未だ、ふにゃんと柔らかいまま。%K%P
なのに、玉袋がじんじん疼く。%K%P
なのに、玉袋がじんじん疼く。%K%P
射精したいって、精子を出したいって、\nどんどんどんどん、熱を帯びて――、%K%P
射精したいって、精子を出したいって、\nどんどんどんどん、熱を帯びて――、%K%P
%LC陽菜
%LC陽菜
「んうッ……なに、これっ……。\n　勃起してないのに、精子、出そうっ……」%K%P
「んうッ……なに、これっ……。\n　勃起してないのに、精子、出そうっ……」%K%P
%LC杏奈
%LC杏奈
「うん、すごい……氈@ヒナち○ぽ、\n　ちっちゃいまま、ぷるぷるしてるっ……氈v%K%P
「うん、すごい……氈@ヒナち○ぽ、\n　ちっちゃいまま、ぷるぷるしてるっ……氈v%K%P
%LC杏奈
%LC杏奈
「勃起してないのに、ぶるぶるぅって……、\n　まるで大人のオモチャみたいっ……氈v%K%P
「勃起してないのに、ぶるぶるぅって……、\n　まるで大人のオモチャみたいっ……氈v%K%P
%LC陽菜
%LC陽菜
「なっ……もおっ、なに言って……あっ、だめ、\n　いま腰振っちゃっ……はうっ、あ、ああっ」%K%P
「なっ……もおっ、なに言って……あっ、だめ、\n　いま腰振っちゃっ……はうっ、あ、ああっ」%K%P
%LC杏奈
%LC杏奈
「だって、ヒナち○ぽ、ちょうど良い感じに、\n　おま○こにあたってるんだもん……っ氈v%K%P
「だって、ヒナち○ぽ、ちょうど良い感じに、\n　おま○こにあたってるんだもん……っ氈v%K%P
%LC杏奈
%LC杏奈
「びくびくぅ、びくびくぅって……はぁんっ、\n　ああっ、ヒナち○ぽ、しゅっごいっ……氈v%K%P
「びくびくぅ、びくびくぅって……はぁんっ、\n　ああっ、ヒナち○ぽ、しゅっごいっ……氈v%K%P
%LC陽菜
%LC陽菜
「あうっ……だめ、だめだよっ、\n　ずりずりしちゃ、やっ……あうッ、くああっ」%K%P
「あうっ……だめ、だめだよっ、\n　ずりずりしちゃ、やっ……あうッ、くああっ」%K%P
乳首いじりの快感で目を覚ましたのか、\n再起動したペニスが、すぐさま勃起を試みる。%K%P
乳首いじりの快感で目を覚ましたのか、\n再起動したペニスが、すぐさま勃起を試みる。%K%P
けど、まだまだエネルギー不足みたいで、\n杏奈ちゃんの秘所を押しのけるほどパワーはなくて。%K%P
けど、まだまだエネルギー不足みたいで、\n杏奈ちゃんの秘所を押しのけるほどパワーはなくて。%K%P
彼女の膣口に密着したまま、\nぷるぷる震えるぐらいしか出来なくて。%K%P
彼女の膣口に密着したまま、\nぷるぷる震えるぐらいしか出来なくて。%K%P
その様子は本当に、大人のオモチャみたいで――、%K%P
その様子は本当に、大人のオモチャみたいで――、%K%P
%LC陽菜
%LC陽菜
「やうっ、んっ……はぁ、はああっ歃n　杏奈ちゃん、私、イクっ、イッちゃうっ」%K%P
「やうっ、んっ……はぁ、はああっ歃n　杏奈ちゃん、私、イクっ、イッちゃうっ」%K%P
%LC杏奈
%LC杏奈
「うんっ……私も、これ、イキそっ……歃n　ぷるぷるち○ぽ、しゅごひ……はっ、ああっ」%K%P
「うんっ……私も、これ、イキそっ……歃n　ぷるぷるち○ぽ、しゅごひ……はっ、ああっ」%K%P
%LC杏奈
%LC杏奈
「陽菜ちゃんのえちえち声とあわさって、\n　おま○こ、じんじんっ……はぅっ、あああっ氈v%K%P
「陽菜ちゃんのえちえち声とあわさって、\n　おま○こ、じんじんっ……はぅっ、あああっ氈v%K%P
乳首を指でコリコリしながら、\n杏奈ちゃんが腰をスライドさせてくる。%K%P
乳首を指でコリコリしながら、\n杏奈ちゃんが腰をスライドさせてくる。%K%P
ロデオマシンに乗ってるような腰の振動が、\n半勃起のち○ぽに、ぜんぶ、ぜんぶ――、%K%P
ロデオマシンに乗ってるような腰の振動が、\n半勃起のち○ぽに、ぜんぶ、ぜんぶ――、%K%P
%LC杏奈
%LC杏奈
「陽菜ちゃん、いこっ？　いっしょにいこっ？\n　ふたり、いっしょっ……はぁ、あああああっ氈v%K%P
「陽菜ちゃん、いこっ？　いっしょにいこっ？\n　ふたり、いっしょっ……はぁ、あああああっ氈v%K%P
%LC陽菜
%LC陽菜
「やうっ、んぅあッ氈@やあっ、そんなにち○ぽ、\n　ぐりぐりしちゃっ……あっ、イぐ、いぐぅッ！」%K%P
「やうっ、んぅあッ氈@やあっ、そんなにち○ぽ、\n　ぐりぐりしちゃっ……あっ、イぐ、いぐぅッ！」%K%P
%LC陽菜
%LC陽菜
「ひぐっ、くっ……あぁああああっ氈@はあっ、\n　んあうっ……はあっ、はぁ、あああぁ……氈v%K%P
「ひぐっ、くっ……あぁああああっ氈@はあっ、\n　んあうっ……はあっ、はぁ、あああぁ……氈v%K%P
%LC杏奈
%LC杏奈
「んぅうッ……はぁ、あっ、ああっ……歃n　陽菜ちゃん、せーし、出てる……氈v%K%P
「んぅうッ……はぁ、あっ、ああっ……歃n　陽菜ちゃん、せーし、出てる……氈v%K%P
%LC杏奈
%LC杏奈
「勃起してないのに……ふにふにち○ぽから、\n　白いの、ぴゅるるぅって……かわいい……氈v%K%P
「勃起してないのに……ふにふにち○ぽから、\n　白いの、ぴゅるるぅって……かわいい……氈v%K%P
%LC陽菜
%LC陽菜
「あぁ……ほんとに、出てる……。\n　ち○ぽ、ぼっきして、ないのに……」%K%P
「あぁ……ほんとに、出てる……。\n　ち○ぽ、ぼっきして、ないのに……」%K%P
反り返る形で押し倒されているペニスから、\n申し訳なさそうに、ちょろちょろ溢れる白濁液。%K%P
反り返る形で押し倒されているペニスから、\n申し訳なさそうに、ちょろちょろ溢れる白濁液。%K%P
おへそあたりに散らばった精子は、\nじんわり熱くて、その温度が心地良い。%K%P
おへそあたりに散らばった精子は、\nじんわり熱くて、その温度が心地良い。%K%P
%LC陽菜
%LC陽菜
「ふぅ……はぁ、あ、あぁ……どうしよ、\n　なんか、変なイキかた、しちゃった……」%K%P
「ふぅ……はぁ、あ、あぁ……どうしよ、\n　なんか、変なイキかた、しちゃった……」%K%P
%LC杏奈
%LC杏奈
「私も……氈@おち○ぽ挿れてないのに、\n　おま○こ、すっごい気持ち良かった……氈v%K%P
「私も……氈@おち○ぽ挿れてないのに、\n　おま○こ、すっごい気持ち良かった……氈v%K%P
%LC杏奈
%LC杏奈
「はぁ、はぁ……ふふっ、でも、新発見だね。\n　おち○ぽ、勃起しなくてもイッちゃうなんて」%K%P
「はぁ、はぁ……ふふっ、でも、新発見だね。\n　おち○ぽ、勃起しなくてもイッちゃうなんて」%K%P
%LC陽菜
%LC陽菜
「んっ……頭もち○ぽも、おかしくなりそう……」%K%P
「んっ……頭もち○ぽも、おかしくなりそう……」%K%P
%LC杏奈
%LC杏奈
「私も……氈@陽菜ちゃん成分ましまし、\n　勃起ち○ぽ抜きエッチ、クセになりそう……氈v%K%P
「私も……氈@陽菜ちゃん成分ましまし、\n　勃起ち○ぽ抜きエッチ、クセになりそう……氈v%K%P
%LC陽菜
%LC陽菜
「変な名前つけないのっ」%K%P
「変な名前つけないのっ」%K%P
%LC杏奈
%LC杏奈
「だって、すっごい気持ちいいんだもん」%K%P
「だって、すっごい気持ちいいんだもん」%K%P
%LC杏奈
%LC杏奈
「今日のこと、ちゃーんと覚えておいて、\n　また今度、かならず２回目を――」%K%P
「今日のこと、ちゃーんと覚えておいて、\n　また今度、かならず２回目を――」%K%P
うっとりしていた杏奈ちゃんが、\n不意に黙り込み、それから腰を浮かせる。%K%P
うっとりしていた杏奈ちゃんが、\n不意に黙り込み、それから腰を浮かせる。%K%P
%LC杏奈
%LC杏奈
「いまの射精で、寝た子が起きたみたい。\n　……ほら、おっきくなってきてる氈v%K%P
「いまの射精で、寝た子が起きたみたい。\n　……ほら、おっきくなってきてる氈v%K%P
%LC陽菜
%LC陽菜
「あぁ……」%K%P
「あぁ……」%K%P
ついさっき、射精の瞬間には、\nたしかに勃起してなかったのに。%K%P
ついさっき、射精の瞬間には、\nたしかに勃起してなかったのに。%K%P
抑え込んでいた割れ目が退くと、\n待ってましたとばかりに、ペニスが立ち上がる。%K%P
抑え込んでいた割れ目が退くと、\n待ってましたとばかりに、ペニスが立ち上がる。%K%P
%LC杏奈
%LC杏奈
「こんなに元気いっぱいなら、\n　ちゃんとお迎えしてあげないとっ……氈v%K%P
「こんなに元気いっぱいなら、\n　ちゃんとお迎えしてあげないとっ……氈v%K%P
%LC陽菜
%LC陽菜
「まさか、このまま――」%K%P
「まさか、このまま――」%K%P
%LC杏奈
%LC杏奈
「うんっ氈@今度は陽菜ち○ぽガチガチ、\n　おま○こたぷたぷ生ミルクたっぷり乗せっ……氈v%K%P
「うんっ氈@今度は陽菜ち○ぽガチガチ、\n　おま○こたぷたぷ生ミルクたっぷり乗せっ……氈v%K%P
%LC陽菜
%LC陽菜
「やぅッ……はあっ、ああああっ」%K%P
「やぅッ……はあっ、ああああっ」%K%P
杏奈ちゃんが腰が降ろすと、\n彼女の割れ目に亀頭が食べられていく。%K%P
杏奈ちゃんが腰が降ろすと、\n彼女の割れ目に亀頭が食べられていく。%K%P
%LC杏奈
%LC杏奈
「くううぅッ……ふぅ、あ、あああああっ歃n　はふっ、おち○ぽ、いつもより熱いっ……」%K%P
「くううぅッ……ふぅ、あ、あああああっ歃n　はふっ、おち○ぽ、いつもより熱いっ……」%K%P
%LC杏奈
%LC杏奈
「挿れただけで、膣内、じゅわーって……はあっ、\n　だめ、イクッ……また、んんんんぅッ氈v%K%P
「挿れただけで、膣内、じゅわーって……はあっ、\n　だめ、イクッ……また、んんんんぅッ氈v%K%P
ペニスを受け入れた直後、\n杏奈ちゃんの全身が、びくっと跳ねる。%K%P
ペニスを受け入れた直後、\n杏奈ちゃんの全身が、びくっと跳ねる。%K%P
%LC杏奈
%LC杏奈
「はふっ……はぁ、はぁ……氈@えへへ、\n　挿れただけで、イッっちゃった……氈v%K%P
「はふっ……はぁ、はぁ……氈@えへへ、\n　挿れただけで、イッっちゃった……氈v%K%P
%LC杏奈
%LC杏奈
「でも、まだまだ、これからっ……。\n　今日もいっぱい、おち○ぽ、ぎゅーするね？」%K%P
「でも、まだまだ、これからっ……。\n　今日もいっぱい、おち○ぽ、ぎゅーするね？」%K%P
%LC杏奈
%LC杏奈
「とろけ顔、いっぱい見れるようにぃ……、\n　いっぱい、いっぱい……ふぐっ、んううっ氈v%K%P
「とろけ顔、いっぱい見れるようにぃ……、\n　いっぱい、いっぱい……ふぐっ、んううっ氈v%K%P
深呼吸ぐらいのゆったりしたペースで、\nお尻を持ち上げ、そっと降ろす杏奈ちゃん。%K%P
深呼吸ぐらいのゆったりしたペースで、\nお尻を持ち上げ、そっと降ろす杏奈ちゃん。%K%P
緩やかなピストンに応えるペニスは、\nこれ以上ないぐらい、好調な滑り出しだった。%K%P
緩やかなピストンに応えるペニスは、\nこれ以上ないぐらい、好調な滑り出しだった。%K%P
%LC杏奈
%LC杏奈
「ふぅ……ぐぅ、んんぅ、はぁ、ああぁ……歃n　はふっ……ぐっ、はあっ、あぁ、あああっ」%K%P
「ふぅ……ぐぅ、んんぅ、はぁ、ああぁ……歃n　はふっ……ぐっ、はあっ、あぁ、あああっ」%K%P
%LC杏奈
%LC杏奈
「今日のおち○ぽ、すごいっ……。\n　いつもより、奥に、届いてるっ……氈v%K%P
「今日のおち○ぽ、すごいっ……。\n　いつもより、奥に、届いてるっ……氈v%K%P
%LC杏奈
%LC杏奈
「はぁあっ……はうっ、そこ、いいっ……歃n　もっと、ぐりぐり……はうっ、ああんっ」%K%P
「はぁあっ……はうっ、そこ、いいっ……歃n　もっと、ぐりぐり……はうっ、ああんっ」%K%P
ペニスが完全に埋没するまで密着したかと思えば、\nカリ首が見えるぐらい、ギリギリまで腰を浮かせる。%K%P
ペニスが完全に埋没するまで密着したかと思えば、\nカリ首が見えるぐらい、ギリギリまで腰を浮かせる。%K%P
杏奈ちゃんの挿抜マネジメントは完璧すぎで、\nオレは彼女を見上げているだけだった。%K%P
杏奈ちゃんの挿抜マネジメントは完璧すぎで、\nオレは彼女を見上げているだけだった。%K%P
%LC陽菜
%LC陽菜
「ごめんね、ぜんぶ、任せちゃってっ……」%K%P
「ごめんね、ぜんぶ、任せちゃってっ……」%K%P
%LC杏奈
%LC杏奈
「ううん。私、動くの好きだし――」%K%P
「ううん。私、動くの好きだし――」%K%P
%LC杏奈
%LC杏奈
「それにいま、陽菜ちゃんを犯してるみたいで、\n　かなりゾクゾクしちゃってるしっ……氈v%K%P
「それにいま、陽菜ちゃんを犯してるみたいで、\n　かなりゾクゾクしちゃってるしっ……氈v%K%P
%LC陽菜
%LC陽菜
「もう、またそういうこと言ってっ……」%K%P
「もう、またそういうこと言ってっ……」%K%P
%LC杏奈
%LC杏奈
「でもいま、陽菜ちゃんって、\n　身体に力、ぜんぜん入らないんでしょ？」%K%P
「でもいま、陽菜ちゃんって、\n　身体に力、ぜんぜん入らないんでしょ？」%K%P
%LC杏奈
%LC杏奈
「もしも私が悪い子だったら、このまま拘束して、\n　朝までおち○ぽいじり倒しちゃうかもだよ？」%K%P
「もしも私が悪い子だったら、このまま拘束して、\n　朝までおち○ぽいじり倒しちゃうかもだよ？」%K%P
%LC陽菜
%LC陽菜
「ッッ……」%K%P
「ッッ……」%K%P
朝までコースを想像した途端、\n全身がぞくっと震える。%K%P
朝までコースを想像した途端、\n全身がぞくっと震える。%K%P
けど、それすら杏奈ちゃんの戦略で。%K%P
けど、それすら杏奈ちゃんの戦略で。%K%P
%LC杏奈
%LC杏奈
「あッ……くッ、んんんんぅっ歃n　すごい……いま、びくって跳ねたっ氈v%K%P
「あッ……くッ、んんんんぅっ歃n　すごい……いま、びくって跳ねたっ氈v%K%P
%LC杏奈
%LC杏奈
「いちばん奥、コンコンする感じで……はうっ、\n　おち○ぽ、すっかり元気になってるっ……氈v%K%P
「いちばん奥、コンコンする感じで……はうっ、\n　おち○ぽ、すっかり元気になってるっ……氈v%K%P
%LC陽菜
%LC陽菜
「ぜんぶ、杏奈ちゃんのおかげ。\n　ち○ぽの感覚も、だいぶ戻ってきたし……」%K%P
「ぜんぶ、杏奈ちゃんのおかげ。\n　ち○ぽの感覚も、だいぶ戻ってきたし……」%K%P
もとよりへばっていた身体は、\nさっきの射精で完全にノックアウト。%K%P
もとよりへばっていた身体は、\nさっきの射精で完全にノックアウト。%K%P
でも、そんな中でペニスだけが、\nいつも以上の敏感さで大きくなっていく。%K%P
でも、そんな中でペニスだけが、\nいつも以上の敏感さで大きくなっていく。%K%P
それこそ、残っているエネルギーをすべて、\n海綿体に注いでるんじゃないかってぐらいに。%K%P
それこそ、残っているエネルギーをすべて、\n海綿体に注いでるんじゃないかってぐらいに。%K%P
%LC杏奈
%LC杏奈
「んうッ、あふっ、あ……んぐうっ、\n　今日のおち○ぽも、きもちいっ……氈v%K%P
「んうッ、あふっ、あ……んぐうっ、\n　今日のおち○ぽも、きもちいっ……氈v%K%P
%LC杏奈
%LC杏奈
「何度エッチしても、いつもいっつも、\n　そのときが、いっちばん、気持ちよくて――」%K%P
「何度エッチしても、いつもいっつも、\n　そのときが、いっちばん、気持ちよくて――」%K%P
%LC杏奈
%LC杏奈
「ほんと、陽菜ちゃんのおち○ぽ、\n　だいだい、だぁーい、すきぃぃぃっ滲氈v%K%P
「ほんと、陽菜ちゃんのおち○ぽ、\n　だいだい、だぁーい、すきぃぃぃっ滲氈v%K%P
じゅぶぶっ、ぐにゅ……にゅぷぷるるるるッ……！%K%P
じゅぶぶっ、ぐにゅ……にゅぷぷるるるるッ……！%K%P
%LC陽菜
%LC陽菜
「うにゃあッ氈@あふっ、はぁ、ああぅッ氈v%K%P
「うにゃあッ氈@あふっ、はぁ、ああぅッ氈v%K%P
杏奈ちゃんが言い切ると同時に腰が落ちて、\n狭い膣内を、亀頭が一気に駆け上がる。%K%P
杏奈ちゃんが言い切ると同時に腰が落ちて、\n狭い膣内を、亀頭が一気に駆け上がる。%K%P
%LC陽菜
%LC陽菜
「いっ……いまの、なにっ？」%K%P
「いっ……いまの、なにっ？」%K%P
%LC杏奈
%LC杏奈
「いつか陽菜ちゃんを押し倒す日が来たら、\n　試そうと思ってた、私のとっておきっ……氈v%K%P
「いつか陽菜ちゃんを押し倒す日が来たら、\n　試そうと思ってた、私のとっておきっ……氈v%K%P
%LC杏奈
%LC杏奈
「どうだった？　きもちよかった？」%K%P
「どうだった？　きもちよかった？」%K%P
%LC陽菜
%LC陽菜
「よすぎてっ……はうっ、ぐっ、んぅうっ」%K%P
「よすぎてっ……はうっ、ぐっ、んぅうっ」%K%P
%LC杏奈
%LC杏奈
「イキそう？　イッちゃいそう？」%K%P
「イキそう？　イッちゃいそう？」%K%P
%LC陽菜
%LC陽菜
「うんッ……これ、もう、イクっ……」%K%P
「うんッ……これ、もう、イクっ……」%K%P
%LC杏奈
%LC杏奈
「私も、いまので、また……んあっ、\n　はあっ、あっ……んうっ、んああっ氈v%K%P
「私も、いまので、また……んあっ、\n　はあっ、あっ……んうっ、んああっ氈v%K%P
杏奈ちゃんのとっておきは破壊力抜群で、\n遠いと思っていた絶頂が、すぐそこにあって。%K%P
杏奈ちゃんのとっておきは破壊力抜群で、\n遠いと思っていた絶頂が、すぐそこにあって。%K%P
杏奈ちゃん自身も、すぐそこにいてくれて。%K%P
杏奈ちゃん自身も、すぐそこにいてくれて。%K%P
%LC杏奈
%LC杏奈
「陽菜ちゃん、出してっ？　\n　私のおま○こに、どぴゅってしてっ？」%K%P
「陽菜ちゃん、出してっ？　\n　私のおま○こに、どぴゅってしてっ？」%K%P
%LC杏奈
%LC杏奈
「最後にもっかい、さっきのするから、\n　子宮いっぱい、陽菜ちゃんをちょうだいっ氈v%K%P
「最後にもっかい、さっきのするから、\n　子宮いっぱい、陽菜ちゃんをちょうだいっ氈v%K%P
%LC陽菜
%LC陽菜
「も、もっかいって……だめ、待って、\n　そんなことされたら、ホントにおかしく――」%K%P
「も、もっかいって……だめ、待って、\n　そんなことされたら、ホントにおかしく――」%K%P
%LC杏奈
%LC杏奈
「だめ、待ってあげないっ……歃n　私といっしょに、おかしくなっちゃおっ？」%K%P
「だめ、待ってあげないっ……歃n　私といっしょに、おかしくなっちゃおっ？」%K%P
%LC杏奈
%LC杏奈
「私と一緒に、せーので…………えいっ氈v%K%P
「私と一緒に、せーので…………えいっ氈v%K%P
%LC陽菜
%LC陽菜
「ひぐッ……ぐぅっ、んぁあああぅッ！」%K%P
「ひぐッ……ぐぅっ、んぁあああぅッ！」%K%P
%LC杏奈
%LC杏奈
「ひぐッ……あっ、ふうぅッ氈@これ、しゅごひ歃n　奥に、びゅくびゅく……くあっ、ああっ氈v%K%P
「ひぐッ……あっ、ふうぅッ氈@これ、しゅごひ歃n　奥に、びゅくびゅく……くあっ、ああっ氈v%K%P
%LC杏奈
%LC杏奈
「でも、もっと……はあっ、もっともっと、\n　陽菜ちゃんの、もっと、もっとっ……氈v%K%P
「でも、もっと……はあっ、もっともっと、\n　陽菜ちゃんの、もっと、もっとっ……氈v%K%P
%LC陽菜
%LC陽菜
「うそっ……まだ、ぎゅって……んんッ」%K%P
「うそっ……まだ、ぎゅって……んんッ」%K%P
%LC杏奈
%LC杏奈
「んぅ……おち○ぽミルク、いっぱい……っ歃n　おま○こ、いっぱい……あぁ、はぁぁ……っ氈v%K%P
「んぅ……おち○ぽミルク、いっぱい……っ歃n　おま○こ、いっぱい……あぁ、はぁぁ……っ氈v%K%P
亀頭を捕らえた膣奥が、精子を吸い上げる。%K%P
亀頭を捕らえた膣奥が、精子を吸い上げる。%K%P
うごめくヒダはポンプのように、\n尿道内に残る精子すら搾りあげていった。%K%P
うごめくヒダはポンプのように、\n尿道内に残る精子すら搾りあげていった。%K%P
%LC杏奈
%LC杏奈
「あぁ……めいっぱい、ぎゅってしたのに、\n　隙間から、精子、あふれてきちゃった……」%K%P
「あぁ……めいっぱい、ぎゅってしたのに、\n　隙間から、精子、あふれてきちゃった……」%K%P
%LC杏奈
%LC杏奈
「４回目で、この量って……ヒナち○ぽ、\n　ほんと、しゅっごい……んふぅ氈v%K%P
「４回目で、この量って……ヒナち○ぽ、\n　ほんと、しゅっごい……んふぅ氈v%K%P
%LC陽菜
%LC陽菜
「すごいのは、オレじゃなくて……はぁはぁ、\n　杏奈ちゃんのほう、なんだってばっ……」%K%P
「すごいのは、オレじゃなくて……はぁはぁ、\n　杏奈ちゃんのほう、なんだってばっ……」%K%P
貪るように息を吸うと、胸がわずかに上下する。%K%P
貪るように息を吸うと、胸がわずかに上下する。%K%P
でも、他の部分はぴくりとも動かない。%K%P
でも、他の部分はぴくりとも動かない。%K%P
現実味がない、どこかぼやけた感覚の中で、\n腰に掛かる彼女の重さが、すごく愛しくて心強い。%K%P
現実味がない、どこかぼやけた感覚の中で、\n腰に掛かる彼女の重さが、すごく愛しくて心強い。%K%P
%LC杏奈
%LC杏奈
「はふぅ、はぁ、はぁ……。\n　今日のエッチ、一生、忘れないと思うっ……」%K%P
「はふぅ、はぁ、はぁ……。\n　今日のエッチ、一生、忘れないと思うっ……」%K%P
%LC杏奈
%LC杏奈
「だから、記念に、もういっかいだけ――」%K%P
「だから、記念に、もういっかいだけ――」%K%P
%LC陽菜
%LC陽菜
「えっ……？　うそ、でしょ？　冗談だよね……？」%K%P
「えっ……？　うそ、でしょ？　冗談だよね……？」%K%P
%LC杏奈
%LC杏奈
「うん、冗談っ……歃n　私もいまので、腰、抜けちゃったし……氈v%K%P
「うん、冗談っ……歃n　私もいまので、腰、抜けちゃったし……氈v%K%P
%LC陽菜
%LC陽菜
「んもー……」%K%P
「んもー……」%K%P
%LC杏奈
%LC杏奈
「くすっ、んふふっ歃n　ごめんね、陽菜ちゃん」%K%P
「くすっ、んふふっ歃n　ごめんね、陽菜ちゃん」%K%P
本気でドキッとしてしまったのは、きっと、\n杏奈ちゃんならあるいはって思えたからだ。%K%P
本気でドキッとしてしまったのは、きっと、\n杏奈ちゃんならあるいはって思えたからだ。%K%P
彼女は本当にえっちすぎて、\nそのポテンシャルは、未だに底が見えない。%K%P
彼女は本当にえっちすぎて、\nそのポテンシャルは、未だに底が見えない。%K%P
%LC杏奈
%LC杏奈
「乗っかってるままだと、つらいでしょ？\n　いま、どくから。ちょっと待って」%K%P
「乗っかってるままだと、つらいでしょ？\n　いま、どくから。ちょっと待って」%K%P
%LC陽菜
%LC陽菜
「腰抜けてるんでしょ？　無理しないで。\n　私の上で寝ちゃっていいよ」%K%P
「腰抜けてるんでしょ？　無理しないで。\n　私の上で寝ちゃっていいよ」%K%P
%LC杏奈
%LC杏奈
「でも」%K%P
「でも」%K%P
%LC陽菜
%LC陽菜
「いいから。……おいで、杏奈」%K%P
「いいから。……おいで、杏奈」%K%P
%LC杏奈
%LC杏奈
「はぅんっ滲氈v%K%P
「はぅんっ滲氈v%K%P
日向モードの効果は今日も健在で、\n杏奈ちゃんは、こちらにふわっと倒れ込む。%K%P
日向モードの効果は今日も健在で、\n杏奈ちゃんは、こちらにふわっと倒れ込む。%K%P
汗ばんだ肌同士がぴたっとくっつくと、\n彼女は嬉しそうに微笑んで、頬をすり寄せた。%K%P
汗ばんだ肌同士がぴたっとくっつくと、\n彼女は嬉しそうに微笑んで、頬をすり寄せた。%K%P
%LC杏奈
%LC杏奈
「日向くんも、陽菜ちゃんも。\n　私、どっちも大好きだよ」%K%P
「日向くんも、陽菜ちゃんも。\n　私、どっちも大好きだよ」%K%P
%LC杏奈
%LC杏奈
「だから……これからもたまーに、\n　陽菜ちゃんとも、エッチさせてね？」%K%P
「だから……これからもたまーに、\n　陽菜ちゃんとも、エッチさせてね？」%K%P
%LC陽菜
%LC陽菜
「うん。私も、杏奈ちゃん大好き」%K%P
「うん。私も、杏奈ちゃん大好き」%K%P
%LC杏奈
%LC杏奈
「んふぅー……氈@ほんと好き、大好きっ氈v%K%P
「んふぅー……氈@ほんと好き、大好きっ氈v%K%P
囁きに囁きで応えると、\n杏奈ちゃんがオレを強く抱きしめる。%K%P
囁きに囁きで応えると、\n杏奈ちゃんがオレを強く抱きしめる。%K%P
その笑顔は、今日もキラキラと輝いていて。%K%P
その笑顔は、今日もキラキラと輝いていて。%K%P
やっぱり彼女は、\nオレにとってのブリランテだった。%K%P
やっぱり彼女は、\nオレにとってのブリランテだった。%K%P
