%LC陽菜
%LC陽菜
「また、クレール様と一緒に――」%K%P
「また、クレール様と一緒に――」%K%P
いつもみんなを和ませてくれる、\nふんわりとした雰囲気のお姉さん。%K%P
いつもみんなを和ませてくれる、\nふんわりとした雰囲気のお姉さん。%K%P
その正体は、依夜様と互角以上の実力を秘めた、\nアリアンロッド女学院の{最優秀騎士:ブリランテ}――、%K%P
その正体は、依夜様と互角以上の実力を秘めた、\nアリアンロッド女学院の{最優秀騎士:ブリランテ}――、%K%P
テスト{舞闘:カデンツァ}のときは、結果的に\nチームメイトのような格好で戦うことになったけど。%K%P
テスト{舞闘:カデンツァ}のときは、結果的に\nチームメイトのような格好で戦うことになったけど。%K%P
今度は正式なパートナーとして、共に戦ってみたい。%K%P
今度は正式なパートナーとして、共に戦ってみたい。%K%P
そうと決まれば、さっそく行動だ。%K%P
そうと決まれば、さっそく行動だ。%K%P
%LC美実
%LC美実
「おっ、陽菜ちゃんもお昼？\n　よかったら一緒に食べよ？」%K%P
「おっ、陽菜ちゃんもお昼？\n　よかったら一緒に食べよ？」%K%P
%LC陽菜
%LC陽菜
「いえ。いま、クレール様を探していて」%K%P
「いえ。いま、クレール様を探していて」%K%P
%LC美実
%LC美実
「へぇー、そっかそっか。\n　クレールをねぇ……」%K%P
「へぇー、そっかそっか。\n　クレールをねぇ……」%K%P
%LC陽菜
%LC陽菜
「あ……」%K%P
「あ……」%K%P
しまったと思った時には、既に手遅れ。%K%P
しまったと思った時には、既に手遅れ。%K%P
エンゲージという形式の発表直後でこの人捜しは、\nクレール様と組みたいと言っているようなものだ。%K%P
エンゲージという形式の発表直後でこの人捜しは、\nクレール様と組みたいと言っているようなものだ。%K%P
%LC美実
%LC美実
「ふふっ、そんな顔しないの。\n　別に言いふらしたりとかしないし」%K%P
「ふふっ、そんな顔しないの。\n　別に言いふらしたりとかしないし」%K%P
%LC美実
%LC美実
「クレールだったら、自分の教室だと思うよ。\n　今日は用があるって言ってたから」%K%P
「クレールだったら、自分の教室だと思うよ。\n　今日は用があるって言ってたから」%K%P
%LC陽菜
%LC陽菜
「ありがとうございます。\n　さっそく行ってみます」%K%P
「ありがとうございます。\n　さっそく行ってみます」%K%P
%LC美実
%LC美実
「行くのはいいけど、気をつけてね」%K%P
「行くのはいいけど、気をつけてね」%K%P
%LC陽菜
%LC陽菜
「気をつける……？」%K%P
「気をつける……？」%K%P
%LC美実
%LC美実
「そっ。自覚ないかもだけど、\n　陽菜ちゃんはいま、人気者なんだから」%K%P
「そっ。自覚ないかもだけど、\n　陽菜ちゃんはいま、人気者なんだから」%K%P
%LC美実
%LC美実
「接触機会の多い{ノーブル:こっち}と違って、\n　{センシブル:あっち}は飢えてるだろうし――」%K%P
「接触機会の多い{ノーブル:こっち}と違って、\n　{センシブル:あっち}は飢えてるだろうし――」%K%P
%LC美実
%LC美実
「用心しないと、食べられちゃうかもよ？」%K%P
「用心しないと、食べられちゃうかもよ？」%K%P
というわけで、センシブルの校舎へやってきた。%K%P
というわけで、センシブルの校舎へやってきた。%K%P
学科が違うといっても、同じ学園だし、\n校舎の見た目や雰囲気はまったく同じだ。%K%P
学科が違うといっても、同じ学園だし、\n校舎の見た目や雰囲気はまったく同じだ。%K%P
ただ、階段なんかの配置は微妙に違っていて、\nそれがかえって迷い易い。%K%P
ただ、階段なんかの配置は微妙に違っていて、\nそれがかえって迷い易い。%K%P
というか、迷ったかも……？%K%P
というか、迷ったかも……？%K%P
%LC陽菜
%LC陽菜
「ここを右……って、あれ？\n　階段ないし、こっちじゃない……？」%K%P
「ここを右……って、あれ？\n　階段ないし、こっちじゃない……？」%K%P
%LC女学生Ａ
%LC女学生Ａ
「そのリボン、ノーブルの方でしょう？\n　きょろきょろして、どうかなさったの？」%K%P
「そのリボン、ノーブルの方でしょう？\n　きょろきょろして、どうかなさったの？」%K%P
%LC陽菜
%LC陽菜
「それが、迷ってしまったみたいで」%K%P
「それが、迷ってしまったみたいで」%K%P
困っていたところに声をかけてきてくれたのは、\nリボンからして、センシブルの人のようだ。%K%P
困っていたところに声をかけてきてくれたのは、\nリボンからして、センシブルの人のようだ。%K%P
%LC女学生Ａ
%LC女学生Ａ
「ふふっ、無理もないわ。こちらの校舎は、\n　少し入り組んでいてクセがあるから」%K%P
「ふふっ、無理もないわ。こちらの校舎は、\n　少し入り組んでいてクセがあるから」%K%P
%LC女学生Ａ
%LC女学生Ａ
「って……あなた、ひょっとして陽菜さん？\n　ノーブル２年で指南役補佐代理の――」%K%P
「って……あなた、ひょっとして陽菜さん？\n　ノーブル２年で指南役補佐代理の――」%K%P
%LC陽菜
%LC陽菜
「仰る通り、卯花陽菜です。\n　ごきげんよう」%K%P
「仰る通り、卯花陽菜です。\n　ごきげんよう」%K%P
%LC女学生Ａ
%LC女学生Ａ
「まあ、まあまあ……ごきげんよう。\n　噂の{騎士:ワルキュリア}にお会い出来て光栄だわ」%K%P
「まあ、まあまあ……ごきげんよう。\n　噂の{騎士:ワルキュリア}にお会い出来て光栄だわ」%K%P
%LC陽菜
%LC陽菜
「噂？」%K%P
「噂？」%K%P
%LC女学生Ａ
%LC女学生Ａ
「ええ。陽菜さんはいま、\n　センシブルでとても人気があるのよ」%K%P
「ええ。陽菜さんはいま、\n　センシブルでとても人気があるのよ」%K%P
%LC女学生Ａ
%LC女学生Ａ
「とくに、私たち３年生の間ではね」%K%P
「とくに、私たち３年生の間ではね」%K%P
%LC陽菜
%LC陽菜
「それは、なんというか、\n　ありがとうございます」%K%P
「それは、なんというか、\n　ありがとうございます」%K%P
返答に困ってしまい、変な返しをしてしまう。%K%P
返答に困ってしまい、変な返しをしてしまう。%K%P
以前、陽菜ちゃんはセンシブルでもモテモテ、\nなんて話を、クレール様がしていたけれど――、%K%P
以前、陽菜ちゃんはセンシブルでもモテモテ、\nなんて話を、クレール様がしていたけれど――、%K%P
あれって、誇張じゃなくて本当だったっぽい。%K%P
あれって、誇張じゃなくて本当だったっぽい。%K%P
%LC女学生Ａ
%LC女学生Ａ
「っと、ごめんなさい。\n　私ったら浮かれてしまって」%K%P
「っと、ごめんなさい。\n　私ったら浮かれてしまって」%K%P
%LC女学生Ａ
%LC女学生Ａ
「迷っていらしたのよね？\n　どちらに行かれるつもりだったの？」%K%P
「迷っていらしたのよね？\n　どちらに行かれるつもりだったの？」%K%P
%LC陽菜
%LC陽菜
「３年生の教室です。\n　クレール様に用があって」%K%P
「３年生の教室です。\n　クレール様に用があって」%K%P
%LC女学生Ａ
%LC女学生Ａ
「ということは……ひょっとして陽菜さん、\n　クレールとエンゲージなさるおつもりなの？」%K%P
「ということは……ひょっとして陽菜さん、\n　クレールとエンゲージなさるおつもりなの？」%K%P
%LC陽菜
%LC陽菜
「それは、まだ、なんとも……」%K%P
「それは、まだ、なんとも……」%K%P
クレール様が他の子と組むつもりでいるなら、\nこっちがその気でも、エンゲージは成立しない。%K%P
クレール様が他の子と組むつもりでいるなら、\nこっちがその気でも、エンゲージは成立しない。%K%P
もしそうなった場合、ここで頷くと、\nクレール様の迷惑になってしまう可能性もある。%K%P
もしそうなった場合、ここで頷くと、\nクレール様の迷惑になってしまう可能性もある。%K%P
%LC女学生Ａ
%LC女学生Ａ
「そうよね……。ごめんなさい、\n　答えにくい質問をしてしまって」%K%P
「そうよね……。ごめんなさい、\n　答えにくい質問をしてしまって」%K%P
%LC女学生Ａ
%LC女学生Ａ
「３年の教室へ行くのなら、この先の階段を\n　３階まで上がって、そのあと左に曲がれば――」%K%P
「３年の教室へ行くのなら、この先の階段を\n　３階まで上がって、そのあと左に曲がれば――」%K%P
%LC女学生Ｂ
%LC女学生Ｂ
「ねえ、なにをされているの？\n　早く行かないと、食堂の席が――」%K%P
「ねえ、なにをされているの？\n　早く行かないと、食堂の席が――」%K%P
%LC女学生Ｂ
%LC女学生Ｂ
「って、あらあらまあまあっ……！\n　そちらにいらっしゃるのは、もしかして」%K%P
「って、あらあらまあまあっ……！\n　そちらにいらっしゃるのは、もしかして」%K%P
%LC女学生Ａ
%LC女学生Ａ
「ええ。噂の卯花陽菜さんよ」%K%P
「ええ。噂の卯花陽菜さんよ」%K%P
%LC女学生Ｂ
%LC女学生Ｂ
「ごきげんよう、お会い出来て嬉しいわ。\n　今日はどうしてこちらに？」%K%P
「ごきげんよう、お会い出来て嬉しいわ。\n　今日はどうしてこちらに？」%K%P
%LC陽菜
%LC陽菜
「それは――」%K%P
「それは――」%K%P
%LC女学生Ａ
%LC女学生Ａ
「クレールに用があるんですって」%K%P
「クレールに用があるんですって」%K%P
%LC女学生Ｂ
%LC女学生Ｂ
「まあっ、ということは陽菜さん、\n　クレールとエンゲージするってこと？」%K%P
「まあっ、ということは陽菜さん、\n　クレールとエンゲージするってこと？」%K%P
%LC陽菜
%LC陽菜
「いえ、それはまだ――」%K%P
「いえ、それはまだ――」%K%P
%LC女学生Ｃ
%LC女学生Ｃ
「ねえ、ちょっとご覧になってっ！\n　あそこにいるの、陽菜さんじゃなくて？！」%K%P
「ねえ、ちょっとご覧になってっ！\n　あそこにいるの、陽菜さんじゃなくて？！」%K%P
%LC女学生Ｄ
%LC女学生Ｄ
「まあ、本当っ！　ごきげんよう、陽菜さん」%K%P
「まあ、本当っ！　ごきげんよう、陽菜さん」%K%P
わっ、わわっ……？！\nなんか、どんどん人が増えるっ……？！%K%P
わっ、わわっ……？！\nなんか、どんどん人が増えるっ……？！%K%P
%LC女学生Ｄ
%LC女学生Ｄ
「遠くから何度かお見かけしたけど、\n　近くで見ると、本当に可愛らしいのね」%K%P
「遠くから何度かお見かけしたけど、\n　近くで見ると、本当に可愛らしいのね」%K%P
%LC陽菜
%LC陽菜
「かっ、可愛いだなんて、そんな」%K%P
「かっ、可愛いだなんて、そんな」%K%P
%LC女学生Ｄ
%LC女学生Ｄ
「ご謙遜なさらないで。\n　私、あなたの大ファンなのよ」%K%P
「ご謙遜なさらないで。\n　私、あなたの大ファンなのよ」%K%P
%LC女学生Ｃ
%LC女学生Ｃ
「私も。親善試合での活躍を見て、\n　すっかり虜になってしまって」%K%P
「私も。親善試合での活躍を見て、\n　すっかり虜になってしまって」%K%P
気付けば４人――オレを中心にして、\nぐるっと取り囲まれてしまった。%K%P
気付けば４人――オレを中心にして、\nぐるっと取り囲まれてしまった。%K%P
%LC女学生Ｂ
%LC女学生Ｂ
「ねえ陽菜さん、ハグをしてもいいかしら」%K%P
「ねえ陽菜さん、ハグをしてもいいかしら」%K%P
%LC陽菜
%LC陽菜
「ええっ……？！　な、なんでですかっ？」%K%P
「ええっ……？！　な、なんでですかっ？」%K%P
%LC女学生Ｂ
%LC女学生Ｂ
「以前、クレールが言っていたの。\n　私は陽菜ちゃんをハグしたことがあるって」%K%P
「以前、クレールが言っていたの。\n　私は陽菜ちゃんをハグしたことがあるって」%K%P
%LC女学生Ｂ
%LC女学生Ｂ
「私、それがとっても羨ましくて。\n　ねえ、いいでしょう？　ぎゅっとしても」%K%P
「私、それがとっても羨ましくて。\n　ねえ、いいでしょう？　ぎゅっとしても」%K%P
%LC陽菜
%LC陽菜
「こっ、困りますっ、そんな」%K%P
「こっ、困りますっ、そんな」%K%P
%LC女学生Ｂ
%LC女学生Ｂ
「どうして？　クレールとはしたのでしょう？」%K%P
「どうして？　クレールとはしたのでしょう？」%K%P
%LC陽菜
%LC陽菜
「クレール様のハグは、挨拶というか、\n　お国柄みたいなものですし……っ」%K%P
「クレール様のハグは、挨拶というか、\n　お国柄みたいなものですし……っ」%K%P
%LC女学生Ｂ
%LC女学生Ｂ
「そんな意地悪を言わずに。\n　ねぇ？　少しぐらい、いいでしょう？」%K%P
「そんな意地悪を言わずに。\n　ねぇ？　少しぐらい、いいでしょう？」%K%P
言うが早いか、手をそっと握られてしまう。%K%P
言うが早いか、手をそっと握られてしまう。%K%P
と、それが開戦の合図となって――、%K%P
と、それが開戦の合図となって――、%K%P
%LC女学生Ｃ
%LC女学生Ｃ
「まあっ、あなたばかりズルいわ。私もっ！」%K%P
「まあっ、あなたばかりズルいわ。私もっ！」%K%P
%LC女学生Ａ
%LC女学生Ａ
「だめよ、最初に声を掛けたのは私でしょうっ。\n　私が先よっ」%K%P
「だめよ、最初に声を掛けたのは私でしょうっ。\n　私が先よっ」%K%P
%LC陽菜
%LC陽菜
「わっ、わわわっ……！？」%K%P
「わっ、わわわっ……！？」%K%P
まるで椅子取りゲームのように、\nオレの手を奪い合うセンシブルのお姉様方。%K%P
まるで椅子取りゲームのように、\nオレの手を奪い合うセンシブルのお姉様方。%K%P
それは次第に白熱して、\nおしくらまんじゅうのように距離が詰まって。%K%P
それは次第に白熱して、\nおしくらまんじゅうのように距離が詰まって。%K%P
やがて、肩や腰にまで、手が伸びて――、%K%P
やがて、肩や腰にまで、手が伸びて――、%K%P
%LC陽菜
%LC陽菜
「すみませんごめんなさいっ！\n　私急ぐので失礼しますっ！！」%K%P
「すみませんごめんなさいっ！\n　私急ぐので失礼しますっ！！」%K%P
%LC女学生一同
%LC女学生一同
「ああああっ……！？」%K%P
「ああああっ……！？」%K%P
%LC陽菜
%LC陽菜
「ふう、びっくりしたぁ……」%K%P
「ふう、びっくりしたぁ……」%K%P
ダッシュで階段を駆け上がったあと、\n誰もついてきてないのを確認して、ほっと息を吐く。%K%P
ダッシュで階段を駆け上がったあと、\n誰もついてきてないのを確認して、ほっと息を吐く。%K%P
教わった通り階段を上がって左に曲がると、\nそこには３年の教室を示すプレートがあった。%K%P
教わった通り階段を上がって左に曲がると、\nそこには３年の教室を示すプレートがあった。%K%P
%LC陽菜
%LC陽菜
「にしても、すごかったな、いまの……」%K%P
「にしても、すごかったな、いまの……」%K%P
女装生活を続けたおかげで、女の子同士の距離感は、\nある程度わかっていたつもりだったんだけど。%K%P
女装生活を続けたおかげで、女の子同士の距離感は、\nある程度わかっていたつもりだったんだけど。%K%P
さっきのお姉様方は、ノーブルでは\nあまり見かけないタイプだった。%K%P
さっきのお姉様方は、ノーブルでは\nあまり見かけないタイプだった。%K%P
物怖じしないし、積極的だし、なにより、\nいかにもお嬢様って感じのオーラが凄まじい。%K%P
物怖じしないし、積極的だし、なにより、\nいかにもお嬢様って感じのオーラが凄まじい。%K%P
美実様の『飢えている』っていう表現は、\nおそらく、あれを比喩していたに違いない。%K%P
美実様の『飢えている』っていう表現は、\nおそらく、あれを比喩していたに違いない。%K%P
ともあれ目的地には到着したし、\nあとは、クレール様さえいてくれれば――、%K%P
ともあれ目的地には到着したし、\nあとは、クレール様さえいてくれれば――、%K%P
%LC陽菜
%LC陽菜
「失礼します――」%K%P
「失礼します――」%K%P
%LCクレール
%LCクレール
「わはっ、陽菜ちゃんっ。\n　ちょうどいいところにっ」%K%P
「わはっ、陽菜ちゃんっ。\n　ちょうどいいところにっ」%K%P
%LC陽菜
%LC陽菜
「ちょうどいいところ？」%K%P
「ちょうどいいところ？」%K%P
%LCクレール
%LCクレール
「今ね、ドレスを縫っていたところなの」%K%P
「今ね、ドレスを縫っていたところなの」%K%P
%LC陽菜
%LC陽菜
「ドレスって……わ、すごい……」%K%P
「ドレスって……わ、すごい……」%K%P
言われてクレール様の手元を見れば、\nそこには実に煌びやかなドレスが。%K%P
言われてクレール様の手元を見れば、\nそこには実に煌びやかなドレスが。%K%P
%LCクレール
%LCクレール
「いきなりで悪いんだけど、\n　これ、ちょっと着てみてくれる？」%K%P
「いきなりで悪いんだけど、\n　これ、ちょっと着てみてくれる？」%K%P
%LC陽菜
%LC陽菜
「着てみてって……私がですかっ？」%K%P
「着てみてって……私がですかっ？」%K%P
%LCクレール
%LCクレール
「そうよ。少しでいいから、試着してほしいの。\n　実際に着ている姿を確かめたいから」%K%P
「そうよ。少しでいいから、試着してほしいの。\n　実際に着ている姿を確かめたいから」%K%P
%LC陽菜
%LC陽菜
「無理無理、無理ですっ。\n　私、こんなドレス着れませんっ」%K%P
「無理無理、無理ですっ。\n　私、こんなドレス着れませんっ」%K%P
%LC陽菜
%LC陽菜
「そもそも見るからに特別そうだし、\n　私が勝手に着たりしちゃマズいんじゃ……」%K%P
「そもそも見るからに特別そうだし、\n　私が勝手に着たりしちゃマズいんじゃ……」%K%P
%LCクレール
%LCクレール
「それなら大丈夫よ。\n　これを着る子の許可は、もらってあるの」%K%P
「それなら大丈夫よ。\n　これを着る子の許可は、もらってあるの」%K%P
%LCクレール
%LCクレール
「自分と似ている体型の子がいたら、\n　試着してもらって構いませんって」%K%P
「自分と似ている体型の子がいたら、\n　試着してもらって構いませんって」%K%P
%LC陽菜
%LC陽菜
「似ている体型――」%K%P
「似ている体型――」%K%P
あらためてドレスをよく見ると、\n胸元のボリュームが、なんとも慎ましい。%K%P
あらためてドレスをよく見ると、\n胸元のボリュームが、なんとも慎ましい。%K%P
たしかにこのサイズだったら、\nオレでも着れそう……って、いやいやいや。%K%P
たしかにこのサイズだったら、\nオレでも着れそう……って、いやいやいや。%K%P
%LC陽菜
%LC陽菜
「あの、これって誰の……というか、\n　なんのためのドレスですか？」%K%P
「あの、これって誰の……というか、\n　なんのためのドレスですか？」%K%P
%LCクレール
%LCクレール
「試着してくれたら、教えてあげる」%K%P
「試着してくれたら、教えてあげる」%K%P
%LC陽菜
%LC陽菜
「むぅ……」%K%P
「むぅ……」%K%P
%LCクレール
%LCクレール
「私の前で着替えるのが恥ずかしいなら、\n　その間、廊下に出ていてあげるから」%K%P
「私の前で着替えるのが恥ずかしいなら、\n　その間、廊下に出ていてあげるから」%K%P
%LCクレール
%LCクレール
「ねっ？　お願い、陽菜ちゃん」%K%P
「ねっ？　お願い、陽菜ちゃん」%K%P
――――で。%K%P
――――で。%K%P
ドレスの正体も気になったけど、それ以上に、\nクレール様に拝まれてしまっては断り切れなくて。%K%P
ドレスの正体も気になったけど、それ以上に、\nクレール様に拝まれてしまっては断り切れなくて。%K%P
ひとりきりになった教室で、\n初めてのドレスに悪戦苦闘すること数分――、%K%P
ひとりきりになった教室で、\n初めてのドレスに悪戦苦闘すること数分――、%K%P
%LCクレール
%LCクレール
「わはっ……すごいすごいっ、\n　素敵よ陽菜ちゃんっ。トレビアンっ」%K%P
「わはっ……すごいすごいっ、\n　素敵よ陽菜ちゃんっ。トレビアンっ」%K%P
%LC陽菜
%LC陽菜
「はぅっ……」%K%P
「はぅっ……」%K%P
どうにか着替えたオレを見て、\nクレール様が嬉しそうに手を叩く。%K%P
どうにか着替えたオレを見て、\nクレール様が嬉しそうに手を叩く。%K%P
着替える前は、スカートも長いし露出も控えめだし、\nこの程度なら……なんて思っていたんだけど。%K%P
着替える前は、スカートも長いし露出も控えめだし、\nこの程度なら……なんて思っていたんだけど。%K%P
実際に着ると、これがめちゃくちゃ恥ずかしい。%K%P
実際に着ると、これがめちゃくちゃ恥ずかしい。%K%P
フィエルテのほうがよっぽど破廉恥なデザインだけど、\nあっちは鎧を着るためのインナーという役割がある。%K%P
フィエルテのほうがよっぽど破廉恥なデザインだけど、\nあっちは鎧を着るためのインナーという役割がある。%K%P
着ること自体に明確な意味があるから、\n慣れてきたこともあって、抵抗感はそれほどない。%K%P
着ること自体に明確な意味があるから、\n慣れてきたこともあって、抵抗感はそれほどない。%K%P
対してドレスというものは、服飾の中でも、\n純粋に女性らしさや可愛らしさを追求している。%K%P
対してドレスというものは、服飾の中でも、\n純粋に女性らしさや可愛らしさを追求している。%K%P
そんなドレスを着たオレを、\nクレール様は素敵だって褒めてくれたわけで。%K%P
そんなドレスを着たオレを、\nクレール様は素敵だって褒めてくれたわけで。%K%P
それも含めて、ものすごく照れくさい。%K%P
それも含めて、ものすごく照れくさい。%K%P
%LCクレール
%LCクレール
「陽菜ちゃん、くるっと回ってみて。\n　できるだけゆっくりね」%K%P
「陽菜ちゃん、くるっと回ってみて。\n　できるだけゆっくりね」%K%P
%LC陽菜
%LC陽菜
「こう、ですか……？」%K%P
「こう、ですか……？」%K%P
周囲の机や椅子に気をつけながら、\nくるりと回ると、スカートの裾がふわっと広がる。%K%P
周囲の机や椅子に気をつけながら、\nくるりと回ると、スカートの裾がふわっと広がる。%K%P
その瞬間、ほんのちょっとだけ、\nなんかいいなって思ってしまった。%K%P
その瞬間、ほんのちょっとだけ、\nなんかいいなって思ってしまった。%K%P
%LCクレール
%LCクレール
「……うん、ありがとう」%K%P
「……うん、ありがとう」%K%P
%LCクレール
%LCクレール
「袖のここと……あと、ここはもう少し、\n　絞った方が全体のシルエットが整いそうね」%K%P
「袖のここと……あと、ここはもう少し、\n　絞った方が全体のシルエットが整いそうね」%K%P
言いつつ、クレール様がメモを取る。%K%P
言いつつ、クレール様がメモを取る。%K%P
不意に真面目な顔になるものだから、\nそのギャップに、ちょっとドキッとしてしまう。%K%P
不意に真面目な顔になるものだから、\nそのギャップに、ちょっとドキッとしてしまう。%K%P
%LC陽菜
%LC陽菜
「あの……それでこのドレス、\n　いったいなんなんですか？」%K%P
「あの……それでこのドレス、\n　いったいなんなんですか？」%K%P
%LCクレール
%LCクレール
「これは、銀蘭祭の歌劇アリアで、\n　{歌姫:ディーバ}が着るドレスよ」%K%P
「これは、銀蘭祭の歌劇アリアで、\n　{歌姫:ディーバ}が着るドレスよ」%K%P
%LC陽菜
%LC陽菜
「{歌姫:ディーバ}のドレスって……うそっ、\n　そんなの私が着ちゃってもいいんですかっ？」%K%P
「{歌姫:ディーバ}のドレスって……うそっ、\n　そんなの私が着ちゃってもいいんですかっ？」%K%P
%LCクレール
%LCクレール
「さっきも言ったでしょう？\n　ちゃんと許可はもらっているって」%K%P
「さっきも言ったでしょう？\n　ちゃんと許可はもらっているって」%K%P
%LCクレール
%LCクレール
「銀蘭祭前の{歌姫:ディーバ}って色々と忙しくて、\n　なかなか試着の時間がとれなくてね」%K%P
「銀蘭祭前の{歌姫:ディーバ}って色々と忙しくて、\n　なかなか試着の時間がとれなくてね」%K%P
%LCクレール
%LCクレール
「そんな睦月ちゃんの代わりに、\n　ドレスを試着出来る子を探していたの」%K%P
「そんな睦月ちゃんの代わりに、\n　ドレスを試着出来る子を探していたの」%K%P
%LCクレール
%LCクレール
「着てみた雰囲気や動いた時の感じは、\n　やっぱり、実際に見て確かめたいから」%K%P
「着てみた雰囲気や動いた時の感じは、\n　やっぱり、実際に見て確かめたいから」%K%P
%LCクレール
%LCクレール
「ただ、睦月ちゃんのサイズって、\n　意外と合致する子がいなくって」%K%P
「ただ、睦月ちゃんのサイズって、\n　意外と合致する子がいなくって」%K%P
%LCクレール
%LCクレール
「その点、陽菜ちゃんのプロポーションなら、\n　睦月ちゃんとかなり似通っているから」%K%P
「その点、陽菜ちゃんのプロポーションなら、\n　睦月ちゃんとかなり似通っているから」%K%P
%LC陽菜
%LC陽菜
「どうしてクレール様が私のサイズを\n　知ってるんですかっ」%K%P
「どうしてクレール様が私のサイズを\n　知ってるんですかっ」%K%P
%LCクレール
%LCクレール
「わかるわよ？　そのぐらい。\n　フィエルテって身体のラインがでるもの」%K%P
「わかるわよ？　そのぐらい。\n　フィエルテって身体のラインがでるもの」%K%P
まさにぐうの音も出ない回答だった。%K%P
まさにぐうの音も出ない回答だった。%K%P
%LCクレール
%LCクレール
「ねえ、着心地はどう？\n　歩きづらかったりはしない？」%K%P
「ねえ、着心地はどう？\n　歩きづらかったりはしない？」%K%P
%LC陽菜
%LC陽菜
「とくに、そういった違和感は……。\n　そもそもドレスを着たのが初めてなので」%K%P
「とくに、そういった違和感は……。\n　そもそもドレスを着たのが初めてなので」%K%P
幸いというべきか、教室には姿見がないので、\nいまの自分がどんな姿なのかはわからない。%K%P
幸いというべきか、教室には姿見がないので、\nいまの自分がどんな姿なのかはわからない。%K%P
ただ、このドレスをつーちゃんが着るかと思うと、\nそこに関しては、少しドキドキしてしまう。%K%P
ただ、このドレスをつーちゃんが着るかと思うと、\nそこに関しては、少しドキドキしてしまう。%K%P
%LC陽菜
%LC陽菜
「けど、どうしてクレール様が、\n　{歌姫:ディーバ}のドレスを縫っていたんですか？」%K%P
「けど、どうしてクレール様が、\n　{歌姫:ディーバ}のドレスを縫っていたんですか？」%K%P
%LCクレール
%LCクレール
「私だけじゃなくて、センシブルの子たち、\n　全員が少しずつドレスに針を入れるのよ」%K%P
「私だけじゃなくて、センシブルの子たち、\n　全員が少しずつドレスに針を入れるのよ」%K%P
%LCクレール
%LCクレール
「そうやって、{歌姫:ディーバ}と共に、\n　自分たちの想いを銀蘭祭の舞台上へと届ける――」%K%P
「そうやって、{歌姫:ディーバ}と共に、\n　自分たちの想いを銀蘭祭の舞台上へと届ける――」%K%P
%LCクレール
%LCクレール
「それが、銀蘭祭における、\n　センシブルの大切な慣例行事なの」%K%P
「それが、銀蘭祭における、\n　センシブルの大切な慣例行事なの」%K%P
クレール様いわく、歌劇アリアにおいて、\n{歌姫:ディーバ}はいくつもの衣装を着用するという。%K%P
クレール様いわく、歌劇アリアにおいて、\n{歌姫:ディーバ}はいくつもの衣装を着用するという。%K%P
オレが着たドレスも、そのうちのひとつ。%K%P
オレが着たドレスも、そのうちのひとつ。%K%P
他に、もっと華やかなドレスもあるそうで、\nそちらは別のクラスで縫っている最中らしい。%K%P
他に、もっと華やかなドレスもあるそうで、\nそちらは別のクラスで縫っている最中らしい。%K%P
%LCクレール
%LCクレール
「ちなみにこの伝統は、ノーブル設立以前から、\n　ずーっと続いているものなのよ」%K%P
「ちなみにこの伝統は、ノーブル設立以前から、\n　ずーっと続いているものなのよ」%K%P
%LCクレール
%LCクレール
「学科がひとつしかなかった頃も、銀蘭祭の\n　メインイベントは、基本的には演劇が主で――」%K%P
「学科がひとつしかなかった頃も、銀蘭祭の\n　メインイベントは、基本的には演劇が主で――」%K%P
%LCクレール
%LCクレール
「役者以外の子たちは、小道具や衣装を作って、\n　なにかしらの形で劇に関わったんですって」%K%P
「役者以外の子たちは、小道具や衣装を作って、\n　なにかしらの形で劇に関わったんですって」%K%P
%LC陽菜
%LC陽菜
「クレール様、詳しいんですね」%K%P
「クレール様、詳しいんですね」%K%P
%LCクレール
%LCクレール
「くすっ、まぁね。この学園のことは、\n　留学以前から色々と調べて知っていたから」%K%P
「くすっ、まぁね。この学園のことは、\n　留学以前から色々と調べて知っていたから」%K%P
%LCクレール
%LCクレール
「とくにセンシブルのことは……って、\n　そういえばあの話、結局してないのよね」%K%P
「とくにセンシブルのことは……って、\n　そういえばあの話、結局してないのよね」%K%P
%LC陽菜
%LC陽菜
「あの話？」%K%P
「あの話？」%K%P
%LCクレール
%LCクレール
「{最優秀騎士:ブリランテ}の私が、どうして留学先に\n　ノーブルではなくセンシブルを選んだかって話」%K%P
「{最優秀騎士:ブリランテ}の私が、どうして留学先に\n　ノーブルではなくセンシブルを選んだかって話」%K%P
%LC陽菜
%LC陽菜
「ああ……。あのときは私が、\n　シャワーのお誘いを断っちゃったので」%K%P
「ああ……。あのときは私が、\n　シャワーのお誘いを断っちゃったので」%K%P
%LCクレール
%LCクレール
「ふふっ、そうそう」%K%P
「ふふっ、そうそう」%K%P
%LCクレール
%LCクレール
「ねえ、陽菜ちゃんさえよかったら、そのあたり、\n　いま話してもいいけれど……どうする？」%K%P
「ねえ、陽菜ちゃんさえよかったら、そのあたり、\n　いま話してもいいけれど……どうする？」%K%P
%LC陽菜
%LC陽菜
「いいんですか？」%K%P
「いいんですか？」%K%P
%LCクレール
%LCクレール
「もちろん。今日は時間もたっぷりあるし。\n　ドレス試着のお礼ということで、ね？　どう？」%K%P
「もちろん。今日は時間もたっぷりあるし。\n　ドレス試着のお礼ということで、ね？　どう？」%K%P
%LC陽菜
%LC陽菜
「そういうことであれば、ぜひ」%K%P
「そういうことであれば、ぜひ」%K%P
%LC陽菜
%LC陽菜
「あっ、でも、お話を聞く前に、\n　制服に着替えちゃっていいですか？」%K%P
「あっ、でも、お話を聞く前に、\n　制服に着替えちゃっていいですか？」%K%P
%LCクレール
%LCクレール
「お着替え、手伝ってあげましょうか？」%K%P
「お着替え、手伝ってあげましょうか？」%K%P
%LC陽菜
%LC陽菜
%XS21「ひとりで出来ますっ」%XE%K%P
%XS21「ひとりで出来ますっ」%XE%K%P
ドレスから制服へと着替えたオレは、\nクレール様に連れられて中庭にやってきた。%K%P
ドレスから制服へと着替えたオレは、\nクレール様に連れられて中庭にやってきた。%K%P
センシブルの校舎にきたときの顛末を伝えたら、\n教室にいたままじゃ大変かもと、\nクレール様が外に出ることを提案してくれたのだ。%K%P
センシブルの校舎にきたときの顛末を伝えたら、\n教室にいたままじゃ大変かもと、\nクレール様が外に出ることを提案してくれたのだ。%K%P
みんな銀蘭祭の準備に勤しんでいるのか、\n中庭には誰の姿もなく、思った以上に静かで。%K%P
みんな銀蘭祭の準備に勤しんでいるのか、\n中庭には誰の姿もなく、思った以上に静かで。%K%P
オレはクレール様に勧められるまま、\nベンチに並んで腰掛けた。%K%P
オレはクレール様に勧められるまま、\nベンチに並んで腰掛けた。%K%P
%LCクレール
%LCクレール
「私、昔から日本がとっても好きで。\n　いつか留学したいと思っていたの」%K%P
「私、昔から日本がとっても好きで。\n　いつか留学したいと思っていたの」%K%P
%LCクレール
%LCクレール
「そのために、日本語の勉強をして。\n　他にも色々なことを学んで――」%K%P
「そのために、日本語の勉強をして。\n　他にも色々なことを学んで――」%K%P
%LCクレール
%LCクレール
「でも、両親にそれを言ったら、猛反対されてね。\n　留学なんて絶対に許しません！　って」%K%P
「でも、両親にそれを言ったら、猛反対されてね。\n　留学なんて絶対に許しません！　って」%K%P
%LC陽菜
%LC陽菜
「ご両親、厳しい方なんですか？」%K%P
「ご両親、厳しい方なんですか？」%K%P
%LCクレール
%LCクレール
「逆よ、逆。子煩悩で過保護で、すっごく大甘」%K%P
「逆よ、逆。子煩悩で過保護で、すっごく大甘」%K%P
%LCクレール
%LCクレール
「留学に反対したのだって、\n　寂しいから行かないでって理由だったんだから」%K%P
「留学に反対したのだって、\n　寂しいから行かないでって理由だったんだから」%K%P
%LCクレール
%LCクレール
「でも、私はどうしても日本に行きたくて」%K%P
「でも、私はどうしても日本に行きたくて」%K%P
%LCクレール
%LCクレール
「なんでもするから留学を認めて欲しいって、\n　そう言って、両親を説得したの」%K%P
「なんでもするから留学を認めて欲しいって、\n　そう言って、両親を説得したの」%K%P
%LCクレール
%LCクレール
「その結果、両親の出した条件というのが――」%K%P
「その結果、両親の出した条件というのが――」%K%P
%LCクレール
%LCクレール
「アリアンロッドで{最優秀騎士:ブリランテ}になれたら、\n　留学を認める、というものだったの」%K%P
「アリアンロッドで{最優秀騎士:ブリランテ}になれたら、\n　留学を認める、というものだったの」%K%P
%LCクレール
%LCクレール
「それが、アリアンロッドに入学が決まって、\n　実際に通い始める、少し前の話」%K%P
「それが、アリアンロッドに入学が決まって、\n　実際に通い始める、少し前の話」%K%P
%LC陽菜
%LC陽菜
「じゃあ、その頃からクレール様は\n　強かったんですか？」%K%P
「じゃあ、その頃からクレール様は\n　強かったんですか？」%K%P
%LCクレール
%LCクレール
「ううん、それがちっとも。\n　というか、剣を握ったこともなくて」%K%P
「ううん、それがちっとも。\n　というか、剣を握ったこともなくて」%K%P
%LC陽菜
%LC陽菜
「マジですか」%K%P
「マジですか」%K%P
%LCクレール
%LCクレール
「くすっ、マジもマジ。大マジ」%K%P
「くすっ、マジもマジ。大マジ」%K%P
%LCクレール
%LCクレール
「運動神経はそれなりだったと思うけど、\n　剣道とかフェンシングの経験はゼロ」%K%P
「運動神経はそれなりだったと思うけど、\n　剣道とかフェンシングの経験はゼロ」%K%P
%LCクレール
%LCクレール
「しいて言うなら、テニスが少し得意かも、ぐらい」%K%P
「しいて言うなら、テニスが少し得意かも、ぐらい」%K%P
%LCクレール
%LCクレール
「両親としては、無理難題をふっかければ、\n　私も諦めるだろうって考えたみたい」%K%P
「両親としては、無理難題をふっかければ、\n　私も諦めるだろうって考えたみたい」%K%P
%LCクレール
%LCクレール
「ところが、私はそれで逆に燃えちゃって。\n　やってやるぞ！　って、必死に練習したの」%K%P
「ところが、私はそれで逆に燃えちゃって。\n　やってやるぞ！　って、必死に練習したの」%K%P
%LCクレール
%LCクレール
「それこそ、アリアンロッドに入学してからは、\n　暇さえあれば、ずーっとアリアの稽古ばかり」%K%P
「それこそ、アリアンロッドに入学してからは、\n　暇さえあれば、ずーっとアリアの稽古ばかり」%K%P
%LCクレール
%LCクレール
「あまりに私が練習ばかりするものだから、\n　両親のほうが、先に根負けしちゃってね」%K%P
「あまりに私が練習ばかりするものだから、\n　両親のほうが、先に根負けしちゃってね」%K%P
%LCクレール
%LCクレール
「{最優秀騎士:ブリランテ}になるとか関係なく、\n　留学してもいいって言ってくれたんだけど――」%K%P
「{最優秀騎士:ブリランテ}になるとか関係なく、\n　留学してもいいって言ってくれたんだけど――」%K%P
%LCクレール
%LCクレール
「その頃にはもう、手遅れというか……。\n　私自身が、アリアに夢中になっていて」%K%P
「その頃にはもう、手遅れというか……。\n　私自身が、アリアに夢中になっていて」%K%P
%LCクレール
%LCクレール
「そうして稽古を続けた結果、３年生の今年、\n　どうにか{最優秀騎士:ブリランテ}に選ばれて」%K%P
「そうして稽古を続けた結果、３年生の今年、\n　どうにか{最優秀騎士:ブリランテ}に選ばれて」%K%P
%LCクレール
%LCクレール
「両親との約束をきちっと果たした上で、\n　こうして日本にやってきた、というわけ」%K%P
「両親との約束をきちっと果たした上で、\n　こうして日本にやってきた、というわけ」%K%P
%LC陽菜
%LC陽菜
「それじゃ、クレール様は３年間で、\n　あそこまで強くなったってことですか……？」%K%P
「それじゃ、クレール様は３年間で、\n　あそこまで強くなったってことですか……？」%K%P
%LCクレール
%LCクレール
「正確には、２年と半年ぐらいね」%K%P
「正確には、２年と半年ぐらいね」%K%P
%LC陽菜
%LC陽菜
「すごい……」%K%P
「すごい……」%K%P
依夜様と互角以上に渡り合える実力を、\nわずか２年半で身につけてしまうだなんて。%K%P
依夜様と互角以上に渡り合える実力を、\nわずか２年半で身につけてしまうだなんて。%K%P
もちろん、あっさりと語ったその裏には、\nたゆまぬ努力があったのだろうけど――、%K%P
もちろん、あっさりと語ったその裏には、\nたゆまぬ努力があったのだろうけど――、%K%P
%LC陽菜
%LC陽菜
「……あれ？　でも、それだとクレール様って、\n　どうしてアリアンロッドに入学したんですか？」%K%P
「……あれ？　でも、それだとクレール様って、\n　どうしてアリアンロッドに入学したんですか？」%K%P
%LC陽菜
%LC陽菜
「剣術の心得がなかったってことは、\n　{騎士:ワルキュリア}に憧れていたとか、\n　そういう動機じゃないっぽいですけど……」%K%P
「剣術の心得がなかったってことは、\n　{騎士:ワルキュリア}に憧れていたとか、\n　そういう動機じゃないっぽいですけど……」%K%P
%LCクレール
%LCクレール
「ふふっ、どうしてだと思う？」%K%P
「ふふっ、どうしてだと思う？」%K%P
%LC陽菜
%LC陽菜
「むむむ」%K%P
「むむむ」%K%P
いきなりのクイズに、思わず唸る。%K%P
いきなりのクイズに、思わず唸る。%K%P
とはいえ、{騎士:ワルキュリア}以外に考えられる理由は、\nひとつしか思い浮かばない。%K%P
とはいえ、{騎士:ワルキュリア}以外に考えられる理由は、\nひとつしか思い浮かばない。%K%P
%LC陽菜
%LC陽菜
「歌ですか？」%K%P
「歌ですか？」%K%P
%LCクレール
%LCクレール
「ぶぶー。ちょっと惜しいけど、はずれ」%K%P
「ぶぶー。ちょっと惜しいけど、はずれ」%K%P
%LCクレール
%LCクレール
「私がアリアンロッドに入学したのは、\n　初恋の人が通っていた学院だったからよ」%K%P
「私がアリアンロッドに入学したのは、\n　初恋の人が通っていた学院だったからよ」%K%P
%LCクレール
%LCクレール
「私は好きな人と同じ場所で学んでみたくて、\n　それで、アリアンロッドに進学したの」%K%P
「私は好きな人と同じ場所で学んでみたくて、\n　それで、アリアンロッドに進学したの」%K%P
%LC陽菜
%LC陽菜
「初恋――」%K%P
「初恋――」%K%P
その言葉を聞いて真っ先に思い浮かんだのは、\n自分の初恋の人――つーちゃんだった。%K%P
その言葉を聞いて真っ先に思い浮かんだのは、\n自分の初恋の人――つーちゃんだった。%K%P
……って、ん？　待てよ……？%K%P
……って、ん？　待てよ……？%K%P
%LC陽菜
%LC陽菜
「……あの、クレール様。\n　アリアンロッドって、女学院――」%K%P
「……あの、クレール様。\n　アリアンロッドって、女学院――」%K%P
%LCクレール
%LCクレール
「そうね。つまり、そういうこと」%K%P
「そうね。つまり、そういうこと」%K%P
%LC陽菜
%LC陽菜
「ん……」%K%P
「ん……」%K%P
あっさり肯定されて、少し頬が熱くなる。%K%P
あっさり肯定されて、少し頬が熱くなる。%K%P
%LCクレール
%LCクレール
「でね、その初恋の人こそが、\n　私が日本に留学したかった理由のひとつなの」%K%P
「でね、その初恋の人こそが、\n　私が日本に留学したかった理由のひとつなの」%K%P
%LCクレール
%LCクレール
「その人、そこそこ年上なんだけど。\n　私がアリアンロッドに入学する前から、\n　フランスを離れて、日本で暮らしていてね」%K%P
「その人、そこそこ年上なんだけど。\n　私がアリアンロッドに入学する前から、\n　フランスを離れて、日本で暮らしていてね」%K%P
%LCクレール
%LCクレール
「その人に会いたいという想いにも支えられて、\n　私は{最優秀騎士:ブリランテ}になることが出来たの」%K%P
「その人に会いたいという想いにも支えられて、\n　私は{最優秀騎士:ブリランテ}になることが出来たの」%K%P
あっさり告げるクレール様だけど、\nそれこそ、言うは易し行うは難し、というやつだ。%K%P
あっさり告げるクレール様だけど、\nそれこそ、言うは易し行うは難し、というやつだ。%K%P
しかし、クレール様はそれを成し遂げた。%K%P
しかし、クレール様はそれを成し遂げた。%K%P
その原動力は、人を想う力――もっと言うと、\n好きな人に会いたいという気持ちで。%K%P
その原動力は、人を想う力――もっと言うと、\n好きな人に会いたいという気持ちで。%K%P
%LC陽菜
%LC陽菜
「それで、日本にきて、\n　初恋の人には会えたんですか？」%K%P
「それで、日本にきて、\n　初恋の人には会えたんですか？」%K%P
%LCクレール
%LCクレール
「うん。連絡自体はずっと取り合っていたし、\n　私が留学することも、向こうは知っていたから」%K%P
「うん。連絡自体はずっと取り合っていたし、\n　私が留学することも、向こうは知っていたから」%K%P
%LC陽菜
%LC陽菜
「連絡を取り合うって……じゃあ、\n　その人とはいま、どういう関係で……？」%K%P
「連絡を取り合うって……じゃあ、\n　その人とはいま、どういう関係で……？」%K%P
%LCクレール
%LCクレール
「うーん……。年の差も考えると、姉妹に近いかも。\n　もともと近所に住んでいたお姉さんだから」%K%P
「うーん……。年の差も考えると、姉妹に近いかも。\n　もともと近所に住んでいたお姉さんだから」%K%P
%LCクレール
%LCクレール
「小さな頃から、ずっと一緒で。\n　それで、自然と懐いてしまっていて」%K%P
「小さな頃から、ずっと一緒で。\n　それで、自然と懐いてしまっていて」%K%P
%LCクレール
%LCクレール
「気付いたときには、その人のことを、\n　いつも目で追うようになっていて……」%K%P
「気付いたときには、その人のことを、\n　いつも目で追うようになっていて……」%K%P
%LCクレール
%LCクレール
「自分の気持ちを伝えようと思った矢先、\n　彼女が日本に行ってしまって、それきり離れ離れ」%K%P
「自分の気持ちを伝えようと思った矢先、\n　彼女が日本に行ってしまって、それきり離れ離れ」%K%P
%LC陽菜
%LC陽菜
「なら、日本で会ったときに、その――」%K%P
「なら、日本で会ったときに、その――」%K%P
%LCクレール
%LCクレール
「告白したかどうか、気になる？」%K%P
「告白したかどうか、気になる？」%K%P
%LC陽菜
%LC陽菜
「……ん」%K%P
「……ん」%K%P
%LCクレール
%LCクレール
「ふふっ、耳まで赤くして。\n　陽菜ちゃん可愛い」%K%P
「ふふっ、耳まで赤くして。\n　陽菜ちゃん可愛い」%K%P
%LC陽菜
%LC陽菜
「ぐっ……。だって、ここまで聞かされたら、\n　どうしたって気になるじゃないですかっ」%K%P
「ぐっ……。だって、ここまで聞かされたら、\n　どうしたって気になるじゃないですかっ」%K%P
%LCクレール
%LCクレール
「くすっ、そうよね。そういう反応が見たくて、\n　話す順番を工夫していたところもあるし」%K%P
「くすっ、そうよね。そういう反応が見たくて、\n　話す順番を工夫していたところもあるし」%K%P
%LC陽菜
%LC陽菜
「うわ……」%K%P
「うわ……」%K%P
策士だ。策士がいる。%K%P
策士だ。策士がいる。%K%P
%LCクレール
%LCクレール
「期待に添えなくて申し訳ないけど、\n　結局、告白はしてないの」%K%P
「期待に添えなくて申し訳ないけど、\n　結局、告白はしてないの」%K%P
%LCクレール
%LCクレール
「これから先も、しないと思う」%K%P
「これから先も、しないと思う」%K%P
%LCクレール
%LCクレール
「久しぶりに再会したとき、\n　その人がね、私にこう言ったの」%K%P
「久しぶりに再会したとき、\n　その人がね、私にこう言ったの」%K%P
%LCクレール
%LCクレール
「とっても綺麗になったって。\n　まるで、昔の自分を見ているみたいって」%K%P
「とっても綺麗になったって。\n　まるで、昔の自分を見ているみたいって」%K%P
%LCクレール
%LCクレール
「その言葉を聞いたとき、私、すごく嬉しくて。\n　それでふと、思ってしまったの」%K%P
「その言葉を聞いたとき、私、すごく嬉しくて。\n　それでふと、思ってしまったの」%K%P
%LCクレール
%LCクレール
「私はこの人の恋人になりたいんじゃなくて、\n　この人のような女性になりたかったんだって」%K%P
「私はこの人の恋人になりたいんじゃなくて、\n　この人のような女性になりたかったんだって」%K%P
%LCクレール
%LCクレール
「この人を想う気持ちは、恋に似ているけれど、\n　純粋な憧れだったのかもしれないって」%K%P
「この人を想う気持ちは、恋に似ているけれど、\n　純粋な憧れだったのかもしれないって」%K%P
%LCクレール
%LCクレール
「そう考えたとき、色々なことが腑に落ちて。\n　自分自身、それに納得しちゃって」%K%P
「そう考えたとき、色々なことが腑に落ちて。\n　自分自身、それに納得しちゃって」%K%P
%LCクレール
%LCクレール
「だから、告白はしなかったの。\n　初恋は初恋じゃなかったって気付いたから」%K%P
「だから、告白はしなかったの。\n　初恋は初恋じゃなかったって気付いたから」%K%P
%LC陽菜
%LC陽菜
「初恋は、初恋じゃない――」%K%P
「初恋は、初恋じゃない――」%K%P
声に出して繰り返してしまったのは、\n自分に向けて言われたような気がしたからだ。%K%P
声に出して繰り返してしまったのは、\n自分に向けて言われたような気がしたからだ。%K%P
オレはずっと、つーちゃんが初恋だって、\nそう思って生きてきたけれど。%K%P
オレはずっと、つーちゃんが初恋だって、\nそう思って生きてきたけれど。%K%P
あるいは自分も、クレール様のように、\n彼女に憧れていただけなのかもしれない。%K%P
あるいは自分も、クレール様のように、\n彼女に憧れていただけなのかもしれない。%K%P
つーちゃんへの恋心は、彼女の歌声への憧れで、\nそれを欲するがゆえの求婚だったのかも――、%K%P
つーちゃんへの恋心は、彼女の歌声への憧れで、\nそれを欲するがゆえの求婚だったのかも――、%K%P
%LCクレール
%LCクレール
「さて、ここからいよいよ本題ね」%K%P
「さて、ここからいよいよ本題ね」%K%P
%LC陽菜
%LC陽菜
「へっ？　本題？」%K%P
「へっ？　本題？」%K%P
%LCクレール
%LCクレール
「ここまでのお話は、いわゆる前振り――」%K%P
「ここまでのお話は、いわゆる前振り――」%K%P
%LCクレール
%LCクレール
「陽菜ちゃんが知りたかったのは、\n　どうして私がセンシブルを選んだか、でしょ？」%K%P
「陽菜ちゃんが知りたかったのは、\n　どうして私がセンシブルを選んだか、でしょ？」%K%P
%LC陽菜
%LC陽菜
「あ……」%K%P
「あ……」%K%P
クレール様の話に聞き入るあまり、\n肝心な部分が、すっかり置き去りだった。%K%P
クレール様の話に聞き入るあまり、\n肝心な部分が、すっかり置き去りだった。%K%P
%LCクレール
%LCクレール
「さっき私、初恋の人のことを、留学したかった\n　理由のひとつだって言ったけれど――」%K%P
「さっき私、初恋の人のことを、留学したかった\n　理由のひとつだって言ったけれど――」%K%P
%LCクレール
%LCクレール
「留学したかった理由は、もうひとつあって。\n　それこそが、センシブルを選んだ決め手なの」%K%P
「留学したかった理由は、もうひとつあって。\n　それこそが、センシブルを選んだ決め手なの」%K%P
%LCクレール
%LCクレール
「ノーブルでの{騎士道:シュバルリィ}のように、\n　センシブルにも、独自の授業があるんだけど――」%K%P
「ノーブルでの{騎士道:シュバルリィ}のように、\n　センシブルにも、独自の授業があるんだけど――」%K%P
%LCクレール
%LCクレール
「その中のひとつに、{香道:こうどう}があるの」%K%P
「その中のひとつに、{香道:こうどう}があるの」%K%P
%LC陽菜
%LC陽菜
「こうどう？」%K%P
「こうどう？」%K%P
%LCクレール
%LCクレール
「そう。香りの道と書いて、香道」%K%P
「そう。香りの道と書いて、香道」%K%P
%LCクレール
%LCクレール
「香道は、茶道や書道と同じく芸道のひとつで、\n　その名の通り、香りを楽しむものよ」%K%P
「香道は、茶道や書道と同じく芸道のひとつで、\n　その名の通り、香りを楽しむものよ」%K%P
%LCクレール
%LCクレール
「昔、白檀の{塗香:ずこう}を貰ったことがあって。\n　私はそれが、とっても気に入ってしまって」%K%P
「昔、白檀の{塗香:ずこう}を貰ったことがあって。\n　私はそれが、とっても気に入ってしまって」%K%P
%LCクレール
%LCクレール
「塗香や香木のことを色々と調べていくうちに、\n　日本には香道という文化があることを知ったの」%K%P
「塗香や香木のことを色々と調べていくうちに、\n　日本には香道という文化があることを知ったの」%K%P
%LC陽菜
%LC陽菜
「じゃあ、香道の授業を受けたくて、\n　センシブルを選んだってことですか……？」%K%P
「じゃあ、香道の授業を受けたくて、\n　センシブルを選んだってことですか……？」%K%P
%LCクレール
%LCクレール
「半分当たり」%K%P
「半分当たり」%K%P
%LC陽菜
%LC陽菜
「半分？」%K%P
「半分？」%K%P
%LCクレール
%LCクレール
「もう半分は、センシブルに通えば、\n　大好きな人に会うことが出来るから」%K%P
「もう半分は、センシブルに通えば、\n　大好きな人に会うことが出来るから」%K%P
%LC陽菜
%LC陽菜
「大好きな人？」%K%P
「大好きな人？」%K%P
%LCクレール
%LCクレール
「さっき話に出てきた、初恋だった人のこと」%K%P
「さっき話に出てきた、初恋だった人のこと」%K%P
%LCクレール
%LCクレール
「元{歌姫:ディーバ}の彼女は、声楽の特別講師として、\n　授業に出ることもあるって知っていたから」%K%P
「元{歌姫:ディーバ}の彼女は、声楽の特別講師として、\n　授業に出ることもあるって知っていたから」%K%P
…………は？%K%P
…………は？%K%P
%LC陽菜
%LC陽菜
「えっ……え、それじゃあ、\n　クレール様の初恋の人って――」%K%P
「えっ……え、それじゃあ、\n　クレール様の初恋の人って――」%K%P
フランス人で、クレール様のご近所さんで、\nアリアンロッド女学院の元歌姫、なんて。%K%P
フランス人で、クレール様のご近所さんで、\nアリアンロッド女学院の元歌姫、なんて。%K%P
そんなの、あの人しか――、%K%P
そんなの、あの人しか――、%K%P
%LCクレール
%LCクレール
「私の好きな人が誰か、わかっちゃった？」%K%P
「私の好きな人が誰か、わかっちゃった？」%K%P
%LC陽菜
%LC陽菜
「はい……。\n　さすがに、ヒントがありすぎて……」%K%P
「はい……。\n　さすがに、ヒントがありすぎて……」%K%P
%LCクレール
%LCクレール
「ちなみに、私に白檀の塗香をくれたのが、\n　当時留学中だった宗千佳よ」%K%P
「ちなみに、私に白檀の塗香をくれたのが、\n　当時留学中だった宗千佳よ」%K%P
%LC陽菜
%LC陽菜
「うそ」%K%P
「うそ」%K%P
%LCクレール
%LCクレール
「ほんと。私、彼女のアリアを\n　観戦したことだってあるんだから」%K%P
「ほんと。私、彼女のアリアを\n　観戦したことだってあるんだから」%K%P
%LC陽菜
%LC陽菜
「あ……その話なら、前に――」%K%P
「あ……その話なら、前に――」%K%P
クレール様を推薦枠に推したとき、\n姉さんから聞いて、羨ましがったことを覚えてる。%K%P
クレール様を推薦枠に推したとき、\n姉さんから聞いて、羨ましがったことを覚えてる。%K%P
オレと同じで、ニナさんと姉さんがいればこそ、\nクレール様もこの学園にやってきたともいえる。%K%P
オレと同じで、ニナさんと姉さんがいればこそ、\nクレール様もこの学園にやってきたともいえる。%K%P
%LCクレール
%LCクレール
「長い話になっちゃったけど……どうだった？\n　センシブルを選んだ理由、納得してもらえた？」%K%P
「長い話になっちゃったけど……どうだった？\n　センシブルを選んだ理由、納得してもらえた？」%K%P
%LC陽菜
%LC陽菜
「それはもう、充分すぎるぐらいに」%K%P
「それはもう、充分すぎるぐらいに」%K%P
%LC陽菜
%LC陽菜
「でも……初恋とか、そういうことまで、\n　私に話してしまって良かったんですか？」%K%P
「でも……初恋とか、そういうことまで、\n　私に話してしまって良かったんですか？」%K%P
%LCクレール
%LCクレール
「それに関しては、正直、私も想定外かも。\n　核心部分は、ぼやかそうと思っていたから」%K%P
「それに関しては、正直、私も想定外かも。\n　核心部分は、ぼやかそうと思っていたから」%K%P
%LCクレール
%LCクレール
「でも……陽菜ちゃんがとっても真剣に、\n　私の話に耳を傾けてくれたから」%K%P
「でも……陽菜ちゃんがとっても真剣に、\n　私の話に耳を傾けてくれたから」%K%P
%LCクレール
%LCクレール
「それで、陽菜ちゃんにだったら、\n　打ち明けてしまってもいいかな……って」%K%P
「それで、陽菜ちゃんにだったら、\n　打ち明けてしまってもいいかな……って」%K%P
%LCクレール
%LCクレール
「だから、ここまで赤裸々に話したのは、\n　陽菜ちゃんが初めてよ」%K%P
「だから、ここまで赤裸々に話したのは、\n　陽菜ちゃんが初めてよ」%K%P
%LCクレール
%LCクレール
「どう？　陽菜ちゃん。\n　私の初めての人になった感想は」%K%P
「どう？　陽菜ちゃん。\n　私の初めての人になった感想は」%K%P
%LC陽菜
%LC陽菜
「答えにくい聞き方しないでください」%K%P
「答えにくい聞き方しないでください」%K%P
%LCクレール
%LCクレール
「くすっ、うふふっ」%K%P
「くすっ、うふふっ」%K%P
%LCクレール
%LCクレール
「……でも、うん。\n　聞いてくれてありがとう、陽菜ちゃん」%K%P
「……でも、うん。\n　聞いてくれてありがとう、陽菜ちゃん」%K%P
%LCクレール
%LCクレール
「ずっとひとりで抱えていた気持ちだから。\n　これで少し、楽になれそう」%K%P
「ずっとひとりで抱えていた気持ちだから。\n　これで少し、楽になれそう」%K%P
茶化すように笑ったあと、不意に真顔になって、\nとても優しい声で感謝を告げられて。%K%P
茶化すように笑ったあと、不意に真顔になって、\nとても優しい声で感謝を告げられて。%K%P
心のガードを崩すような緩急に、\n自然と、胸がぎゅっと詰まってしまった。%K%P
心のガードを崩すような緩急に、\n自然と、胸がぎゅっと詰まってしまった。%K%P
%LCクレール
%LCクレール
「打ち明けついでに、\n　ひとつ、お願いがあるんだけど――」%K%P
「打ち明けついでに、\n　ひとつ、お願いがあるんだけど――」%K%P
%LCクレール
%LCクレール
「陽菜ちゃんさえよければ、\n　私と、エンゲージしてくれない？」%K%P
「陽菜ちゃんさえよければ、\n　私と、エンゲージしてくれない？」%K%P
%LC陽菜
%LC陽菜
「えっ……いいんですか？　私で」%K%P
「えっ……いいんですか？　私で」%K%P
%LCクレール
%LCクレール
「もちろん。一緒に戦ったテスト{舞闘:カデンツァ}、\n　とっても楽しかったから」%K%P
「もちろん。一緒に戦ったテスト{舞闘:カデンツァ}、\n　とっても楽しかったから」%K%P
%LCクレール
%LCクレール
「陽菜ちゃんがパートナーになってくれたら、\n　きっと素敵な思い出が作れると思う」%K%P
「陽菜ちゃんがパートナーになってくれたら、\n　きっと素敵な思い出が作れると思う」%K%P
%LCクレール
%LCクレール
「ね、どう？　私とエンゲージ、してくれる？」%K%P
「ね、どう？　私とエンゲージ、してくれる？」%K%P
%LC陽菜
%LC陽菜
「もちろんです。こちらこそ――」%K%P
「もちろんです。こちらこそ――」%K%P
%LCクレール
%LCクレール
「ありがとっ、陽菜ちゃんっ！」%K%P
「ありがとっ、陽菜ちゃんっ！」%K%P
%LC陽菜
%LC陽菜
「んんぅーっ？！」%K%P
「んんぅーっ？！」%K%P
おもむろに目の前が真っ暗になると同時に、\n顔一杯に柔らかな感触が伝わってきて。%K%P
おもむろに目の前が真っ暗になると同時に、\n顔一杯に柔らかな感触が伝わってきて。%K%P
同時に、すっごくいい匂いが、ぶわっと――、%K%P
同時に、すっごくいい匂いが、ぶわっと――、%K%P
%LCクレール
%LCクレール
「うふふっ、嬉しくって抱きついちゃった」%K%P
「うふふっ、嬉しくって抱きついちゃった」%K%P
%LC陽菜
%LC陽菜
「あふっ……くっ、くれーるひゃまっ、\n　むね、おっぱい、くるひっ……」%K%P
「あふっ……くっ、くれーるひゃまっ、\n　むね、おっぱい、くるひっ……」%K%P
%LCクレール
%LCクレール
「大丈夫よ、今日はちゃんと加減してるから。\n　息だってちゃんと出来てるでしょ？」%K%P
「大丈夫よ、今日はちゃんと加減してるから。\n　息だってちゃんと出来てるでしょ？」%K%P
%LC陽菜
%LC陽菜
「たしかに、できます、けど……っ」%K%P
「たしかに、できます、けど……っ」%K%P
ボリューム満点すぎるおっぱいの谷間に、\n鼻先からずぼっと顔が埋まってしまって。%K%P
ボリューム満点すぎるおっぱいの谷間に、\n鼻先からずぼっと顔が埋まってしまって。%K%P
その状態で息を吸うと、甘くていい匂いが、\n鼻腔から脳に、ふわーっと突き抜ける。%K%P
その状態で息を吸うと、甘くていい匂いが、\n鼻腔から脳に、ふわーっと突き抜ける。%K%P
%LCクレール
%LCクレール
「一緒に頑張りましょうね？\n　ひーなーちゃんっ」%K%P
「一緒に頑張りましょうね？\n　ひーなーちゃんっ」%K%P
むにゅにゅっ。%K%P
むにゅにゅっ。%K%P
%LC陽菜
%LC陽菜
「ふわっ、わっ、だめ、だめえっ」%K%P
「ふわっ、わっ、だめ、だめえっ」%K%P
%LCクレール
%LCクレール
「ふふっ、陽菜ちゃん可愛いっ。\n　よーしよーし、いいこ、いいこっ」%K%P
「ふふっ、陽菜ちゃん可愛いっ。\n　よーしよーし、いいこ、いいこっ」%K%P
%LC陽菜
%LC陽菜
「やうっ……わ、わわっ、\n　そんな、なでなでしちゃっ……んうっ」%K%P
「やうっ……わ、わわっ、\n　そんな、なでなでしちゃっ……んうっ」%K%P
頭を撫でられるってことは、その分、\n顔がおっぱいに押しつけられるってことで。%K%P
頭を撫でられるってことは、その分、\n顔がおっぱいに押しつけられるってことで。%K%P
制服の布の質感を突き抜けるように、\n柔らかなおっぱいが、むにむに主張してくる。%K%P
制服の布の質感を突き抜けるように、\n柔らかなおっぱいが、むにむに主張してくる。%K%P
うわっ……ヤバい、ヤバいヤバいっ、\nおっぱいが気持ちよすぎて、股間がヤバいっ。%K%P
うわっ……ヤバい、ヤバいヤバいっ、\nおっぱいが気持ちよすぎて、股間がヤバいっ。%K%P
スタンダップしたら一発でアウトだし、\n勃起する前に、どうにか内股の間に避難をっ……！%K%P
スタンダップしたら一発でアウトだし、\n勃起する前に、どうにか内股の間に避難をっ……！%K%P
%LCクレール
%LCクレール
「んっ……すぅ、はぁ……んふふっ。\n　やっぱり陽菜ちゃん、いい匂いっ……」%K%P
「んっ……すぅ、はぁ……んふふっ。\n　やっぱり陽菜ちゃん、いい匂いっ……」%K%P
%LC陽菜
%LC陽菜
「あっ、あの、クレールさまっ？\n　そろそろ、離してもらえるとっ……」%K%P
「あっ、あの、クレールさまっ？\n　そろそろ、離してもらえるとっ……」%K%P
%LCクレール
%LCクレール
「ん……？　どうしたの、陽菜ちゃん。\n　足、もじもじさせちゃって」%K%P
「ん……？　どうしたの、陽菜ちゃん。\n　足、もじもじさせちゃって」%K%P
%LC陽菜
%LC陽菜
「いッ……あっ、えと、\n　これはその、なんていうかっ……」%K%P
「いッ……あっ、えと、\n　これはその、なんていうかっ……」%K%P
%LCクレール
%LCクレール
「もしかして、お手洗い？」%K%P
「もしかして、お手洗い？」%K%P
%LC陽菜
%LC陽菜
「あっ……そうっ、そうです、それですっ！」%K%P
「あっ……そうっ、そうです、それですっ！」%K%P
まさかの助け船に、すかさず飛び乗る。%K%P
まさかの助け船に、すかさず飛び乗る。%K%P
%LC陽菜
%LC陽菜
「実は、さっきからずっと、\n　行きたいのを我慢しててっ……」%K%P
「実は、さっきからずっと、\n　行きたいのを我慢しててっ……」%K%P
%LCクレール
%LCクレール
「そうだったのね。\n　ごめんなさい、気付かなくて」%K%P
「そうだったのね。\n　ごめんなさい、気付かなくて」%K%P
クレール様が解放してくれた瞬間、\nすかさず両手で股間を抑える。%K%P
クレール様が解放してくれた瞬間、\nすかさず両手で股間を抑える。%K%P
案の定、ペニスはすっかりガチガチで。%K%P
案の定、ペニスはすっかりガチガチで。%K%P
いま手を離したら、手品みたいに\nスカートの前が浮き上がること間違いなしだ。%K%P
いま手を離したら、手品みたいに\nスカートの前が浮き上がること間違いなしだ。%K%P
%LCクレール
%LCクレール
「つらそうだけど、大丈夫？\n　お手洗い、一緒に行ってあげましょうか？」%K%P
「つらそうだけど、大丈夫？\n　お手洗い、一緒に行ってあげましょうか？」%K%P
%LC陽菜
%LC陽菜
%XS21「いえ、ひとりでいけますっ」%XE%K%P
%XS21「いえ、ひとりでいけますっ」%XE%K%P
%LC陽菜
%LC陽菜
「というわけで、漏れちゃいそうなので。\n　私、今日はこれで失礼しますっ……！」%K%P
「というわけで、漏れちゃいそうなので。\n　私、今日はこれで失礼しますっ……！」%K%P
スカートの前を押さえたまま、\n逃げるように走り出し、中庭を後にする。%K%P
スカートの前を押さえたまま、\n逃げるように走り出し、中庭を後にする。%K%P
エンゲージできた喜びをもっと伝えたかったけど、\nそれで女装がバレてしまったら元も子もない。%K%P
エンゲージできた喜びをもっと伝えたかったけど、\nそれで女装がバレてしまったら元も子もない。%K%P
ともかく今はどこでもいいからひとりになって、\n股間が大人しくなるのを待たないとっ……！%K%P
ともかく今はどこでもいいからひとりになって、\n股間が大人しくなるのを待たないとっ……！%K%P
%LCクレール
%LCクレール
「行っちゃった……」%K%P
「行っちゃった……」%K%P
走り去る陽菜ちゃんを見送り、\nつい、そんなふうに漏らしてしまう。%K%P
走り去る陽菜ちゃんを見送り、\nつい、そんなふうに漏らしてしまう。%K%P
せっかくふたりきりだったし、\nめいっぱいハグしようと思っていたのに。%K%P
せっかくふたりきりだったし、\nめいっぱいハグしようと思っていたのに。%K%P
もしかすると、その魂胆が見抜かれて、\n警戒されちゃったりしたのかも――、%K%P
もしかすると、その魂胆が見抜かれて、\n警戒されちゃったりしたのかも――、%K%P
%LCクレール
%LCクレール
「……でも、ちょっとだけどハグは出来たし。\n　今日のところは、我慢、我慢っ」%K%P
「……でも、ちょっとだけどハグは出来たし。\n　今日のところは、我慢、我慢っ」%K%P
言い聞かせるように呟き、胸元を見る。%K%P
言い聞かせるように呟き、胸元を見る。%K%P
そこには、陽菜ちゃんの匂いが残っていた。%K%P
そこには、陽菜ちゃんの匂いが残っていた。%K%P
いい香りがする女の子って多いけど、\nその中でも、陽菜ちゃんは少し特別で。%K%P
いい香りがする女の子って多いけど、\nその中でも、陽菜ちゃんは少し特別で。%K%P
ニナと間違ってハグしちゃったときから、\n私は彼女の匂いに、とても興味を持っていた。%K%P
ニナと間違ってハグしちゃったときから、\n私は彼女の匂いに、とても興味を持っていた。%K%P
ちょっと危ない言い方をするなら、\n嗅ぐだけで興奮してしまう、というか。%K%P
ちょっと危ない言い方をするなら、\n嗅ぐだけで興奮してしまう、というか。%K%P
どうしてそんな気持ちになるのか、\nそれがずっと、知りたくて、知りたくて。%K%P
どうしてそんな気持ちになるのか、\nそれがずっと、知りたくて、知りたくて。%K%P
でも、彼女とは学科が違うから、\n一緒に過ごす機会は、それほど多くなくて。%K%P
でも、彼女とは学科が違うから、\n一緒に過ごす機会は、それほど多くなくて。%K%P
だからずっと、悶々としていたのだけど――、%K%P
だからずっと、悶々としていたのだけど――、%K%P
%LCクレール
%LCクレール
「エンゲージしてペアになったし、\n　これからは、もっと一緒に……ふふっ」%K%P
「エンゲージしてペアになったし、\n　これからは、もっと一緒に……ふふっ」%K%P
私はもともと鼻が利く方で、塗香にハマったのも、\n香道に興味をもったのも、その影響が大きい。%K%P
私はもともと鼻が利く方で、塗香にハマったのも、\n香道に興味をもったのも、その影響が大きい。%K%P
{最優秀騎士:ブリランテ}になれたのだって、\n嗅覚の良さが無関係ではなかったりするぐらいだ。%K%P
{最優秀騎士:ブリランテ}になれたのだって、\n嗅覚の良さが無関係ではなかったりするぐらいだ。%K%P
%LCクレール
%LCクレール
「……あら？　まだ、匂いが――」%K%P
「……あら？　まだ、匂いが――」%K%P
教室に戻ると、なぜか陽菜ちゃんの匂いがした。%K%P
教室に戻ると、なぜか陽菜ちゃんの匂いがした。%K%P
気になってあたりを見回すと、\n{歌姫:ディーバ}のドレスの側に、小さな布があった。%K%P
気になってあたりを見回すと、\n{歌姫:ディーバ}のドレスの側に、小さな布があった。%K%P
拾い上げてみると、それはハンカチで。%K%P
拾い上げてみると、それはハンカチで。%K%P
%LCクレール
%LCクレール
「くん、くん……」%K%P
「くん、くん……」%K%P
%LCクレール
%LCクレール
「……間違いない。これ、陽菜ちゃんのね」%K%P
「……間違いない。これ、陽菜ちゃんのね」%K%P
おそらく着替えた時に落ちてしまって、\n気付かないまま置いていってしまったのだろう。%K%P
おそらく着替えた時に落ちてしまって、\n気付かないまま置いていってしまったのだろう。%K%P
トイレに向かったのだから、\nハンカチがないと困ってしまうはず――。%K%P
トイレに向かったのだから、\nハンカチがないと困ってしまうはず――。%K%P
%LCクレール
%LCクレール
「となったら、届けてあげるべきよね」%K%P
「となったら、届けてあげるべきよね」%K%P
陽菜ちゃんのハンカチを持って、廊下に。%K%P
陽菜ちゃんのハンカチを持って、廊下に。%K%P
当然、陽菜ちゃんの姿は見えないけれど、\nどこに居るのか、私にはわかってしまう。%K%P
当然、陽菜ちゃんの姿は見えないけれど、\nどこに居るのか、私にはわかってしまう。%K%P
私には、わかってしまう。%K%P
私には、わかってしまう。%K%P
手を洗おうとしたけどハンカチがなくて、\n慌てているところに颯爽と現れる私――、%K%P
手を洗おうとしたけどハンカチがなくて、\n慌てているところに颯爽と現れる私――、%K%P
そんな光景を想像したら、ドッキリっぽくて、\n思わず笑みが漏れてしまった。%K%P
そんな光景を想像したら、ドッキリっぽくて、\n思わず笑みが漏れてしまった。%K%P
%LCクレール
%LCクレール
「くすっ。待っていてね、陽菜ちゃん。\n　いま届けてあげるから」%K%P
「くすっ。待っていてね、陽菜ちゃん。\n　いま届けてあげるから」%K%P
股間を押さえて走ること、たぶん、５分ぐらい。%K%P
股間を押さえて走ること、たぶん、５分ぐらい。%K%P
オレは流浪の民みたいに、\nセンシブルの校舎内をうろうろしていた。%K%P
オレは流浪の民みたいに、\nセンシブルの校舎内をうろうろしていた。%K%P
クレール様から逃げることばかり考えて、\n誤ってセンシブル側の校舎に戻ってしまったのだ。%K%P
クレール様から逃げることばかり考えて、\n誤ってセンシブル側の校舎に戻ってしまったのだ。%K%P
お手洗いはいくつかあったんだけど、運悪く、\nどこもかしこもセンシブルの子たちがいて。%K%P
お手洗いはいくつかあったんだけど、運悪く、\nどこもかしこもセンシブルの子たちがいて。%K%P
さっきみたいに取り囲まれる可能性を考えると、\n迂闊には近寄れなかった。%K%P
さっきみたいに取り囲まれる可能性を考えると、\n迂闊には近寄れなかった。%K%P
ともかく今は、センシブルの校舎から、\nノーブルの校舎に戻ることを最優先に考えて――、%K%P
ともかく今は、センシブルの校舎から、\nノーブルの校舎に戻ることを最優先に考えて――、%K%P
%LC陽菜
%LC陽菜
「あっ、そっか。無理に戻らなくても、\n　あそこに行けばっ……！」%K%P
「あっ、そっか。無理に戻らなくても、\n　あそこに行けばっ……！」%K%P
股間をもじもじさせなから、\nやってきたのは部室棟。%K%P
股間をもじもじさせなから、\nやってきたのは部室棟。%K%P
乙女部の部室なら、ひとりになれるはずっ……！%K%P
乙女部の部室なら、ひとりになれるはずっ……！%K%P
%LC美実
%LC美実
「あれ、陽菜ちゃん？」%K%P
「あれ、陽菜ちゃん？」%K%P
%LC陽菜
%LC陽菜
「はぅー……」%K%P
「はぅー……」%K%P
部室のドアを開けたら、\nそこには梨理ちゃんと美実様が。%K%P
部室のドアを開けたら、\nそこには梨理ちゃんと美実様が。%K%P
うぅ、ここなら誰もいないと思ったのに……。%K%P
うぅ、ここなら誰もいないと思ったのに……。%K%P
%LC梨理
%LC梨理
「センセ、どうしたんです？\n　様子がヘンですけど」%K%P
「センセ、どうしたんです？\n　様子がヘンですけど」%K%P
%LC美実
%LC美実
「ははぁーん。さてはセンシブルの校舎で、\n　大変な目にあってきたんでしょ？」%K%P
「ははぁーん。さてはセンシブルの校舎で、\n　大変な目にあってきたんでしょ？」%K%P
%LC陽菜
%LC陽菜
「はい……。ほんと、大変で……」%K%P
「はい……。ほんと、大変で……」%K%P
確かにそっちも大変だったけど、\n今は別の意味で、もっと大変だったりする。%K%P
確かにそっちも大変だったけど、\n今は別の意味で、もっと大変だったりする。%K%P
%LC美実
%LC美実
「なら、ここで少し休んでったら？\n　私たち、ちょうど帰るところだったし」%K%P
「なら、ここで少し休んでったら？\n　私たち、ちょうど帰るところだったし」%K%P
%LC陽菜
%LC陽菜
「いいんですか？　部室、使っちゃって」%K%P
「いいんですか？　部室、使っちゃって」%K%P
%LC美実
%LC美実
「当たり前でしょ、部員なんだから。\n　好きなだけ使っていって、どうぞ」%K%P
「当たり前でしょ、部員なんだから。\n　好きなだけ使っていって、どうぞ」%K%P
%LC美実
%LC美実
「じゃ、私たちはこれで。行くよ、梨理」%K%P
「じゃ、私たちはこれで。行くよ、梨理」%K%P
%LC梨理
%LC梨理
「うん。ごきげんよう、センセ」%K%P
「うん。ごきげんよう、センセ」%K%P
そうして、運良く二人が部室を出て行って。%K%P
そうして、運良く二人が部室を出て行って。%K%P
%LC陽菜
%LC陽菜
「はぅ……。助かったぁ……」%K%P
「はぅ……。助かったぁ……」%K%P
心の底から安堵した結果、\nへなへなっと畳の上にへたり込んでしまう。%K%P
心の底から安堵した結果、\nへなへなっと畳の上にへたり込んでしまう。%K%P
ようやく股間から手を離すと、\n案の定、スカートの前がこんもり膨らんで。%K%P
ようやく股間から手を離すと、\n案の定、スカートの前がこんもり膨らんで。%K%P
おそるおそるそれをめくってみれば、\n下着には、うっすらと染みが出来ていた。%K%P
おそるおそるそれをめくってみれば、\n下着には、うっすらと染みが出来ていた。%K%P
両手で股間を抑えつけて歩いていたから、\nそのせいで、亀頭が擦れちゃったんだろう。%K%P
両手で股間を抑えつけて歩いていたから、\nそのせいで、亀頭が擦れちゃったんだろう。%K%P
おまけに、勃起しすぎたせいでパンツが浮いて、\nいまにも隙間からペニスが見えそうだし。%K%P
おまけに、勃起しすぎたせいでパンツが浮いて、\nいまにも隙間からペニスが見えそうだし。%K%P
このままじゃ間違いなく帰れないから、\nせめて、ポジションぐらいは整えないと――、%K%P
このままじゃ間違いなく帰れないから、\nせめて、ポジションぐらいは整えないと――、%K%P
%LC陽菜
%LC陽菜
「ひうッ……はあッ、あッ……んうッ」%K%P
「ひうッ……はあッ、あッ……んうッ」%K%P
パンツの上からペニスに触れた瞬間、\n強い快感とともに、全身がぶるっと震えた。%K%P
パンツの上からペニスに触れた瞬間、\n強い快感とともに、全身がぶるっと震えた。%K%P
……どうしよう、めちゃめちゃ敏感だこれ。%K%P
……どうしよう、めちゃめちゃ敏感だこれ。%K%P
下手にさわったら、射精しちゃうかもしれない。%K%P
下手にさわったら、射精しちゃうかもしれない。%K%P
それもこれも、クレール様があんなに\nおっぱいをむぎゅむぎゅしてくるからで。%K%P
それもこれも、クレール様があんなに\nおっぱいをむぎゅむぎゅしてくるからで。%K%P
そもそも今日のハグは、これまでに比べて、\nやけに密度が濃かった気がする。%K%P
そもそも今日のハグは、これまでに比べて、\nやけに密度が濃かった気がする。%K%P
押しつけるようにぐりぐりしてきたし、\n頭だって優しく撫でられちゃったし。%K%P
押しつけるようにぐりぐりしてきたし、\n頭だって優しく撫でられちゃったし。%K%P
その上、匂いまで嗅いでいたような――、%K%P
その上、匂いまで嗅いでいたような――、%K%P
%LC陽菜
%LC陽菜
「って……うっ、はぅ、んんッ」%K%P
「って……うっ、はぅ、んんッ」%K%P
ちょっと思い出しただけで、\nさわってないのに亀頭がびくっと震える。%K%P
ちょっと思い出しただけで、\nさわってないのに亀頭がびくっと震える。%K%P
女装してからずっとオナニーしてなくて、\n事実上、禁欲生活を送っているも同然で。%K%P
女装してからずっとオナニーしてなくて、\n事実上、禁欲生活を送っているも同然で。%K%P
そこにあのおっぱいは、あまりに無慈悲――、%K%P
そこにあのおっぱいは、あまりに無慈悲――、%K%P
%LC陽菜
%LC陽菜
「くっ、んぅっ……はあっ、はあっ」%K%P
「くっ、んぅっ……はあっ、はあっ」%K%P
ヤバい。ちょっと身悶えただけで、\nパンツと亀頭が擦れて、すっごく気持ちいい。%K%P
ヤバい。ちょっと身悶えただけで、\nパンツと亀頭が擦れて、すっごく気持ちいい。%K%P
このままだと、\nパンツに射精しちゃうかもしれない。%K%P
このままだと、\nパンツに射精しちゃうかもしれない。%K%P
そんなことになったら、\nノーパンで職員寮へ戻るハメに――、%K%P
そんなことになったら、\nノーパンで職員寮へ戻るハメに――、%K%P
%LC陽菜
%LC陽菜
「とりあえず、脱ぐだけ脱いでっ……」%K%P
「とりあえず、脱ぐだけ脱いでっ……」%K%P
万一に備えてパンツを脱ごうとしたけど、\n布と亀頭が擦れた刺激だけで、危うくイキかける。%K%P
万一に備えてパンツを脱ごうとしたけど、\n布と亀頭が擦れた刺激だけで、危うくイキかける。%K%P
あまりにも元気すぎて、\n思わず苦笑が漏れてしまった。%K%P
あまりにも元気すぎて、\n思わず苦笑が漏れてしまった。%K%P
%LC陽菜
%LC陽菜
「けど、今日までずっと、\n　我慢してくれてたわけだし……」%K%P
「けど、今日までずっと、\n　我慢してくれてたわけだし……」%K%P
パンツを横にズラし、どうにか露出させると、\nカウパーが垂れないよう、亀頭を包むように握る。%K%P
パンツを横にズラし、どうにか露出させると、\nカウパーが垂れないよう、亀頭を包むように握る。%K%P
こんなガチガチなペニスをしごいたら……、\nきっと、すっごく気持ちいいんだろうな。%K%P
こんなガチガチなペニスをしごいたら……、\nきっと、すっごく気持ちいいんだろうな。%K%P
いや、絶対気持ちいいに決まってる。%K%P
いや、絶対気持ちいいに決まってる。%K%P
だって、軽くさわっただけで、\nぞくぞくって震えちゃうぐらいだし――、%K%P
だって、軽くさわっただけで、\nぞくぞくって震えちゃうぐらいだし――、%K%P
……だったら、する？　本当に、しちゃう？%K%P
……だったら、する？　本当に、しちゃう？%K%P
このまま鎮まるのをただ待つよりも、\n射精させちゃったほうが絶対に確実だし。%K%P
このまま鎮まるのをただ待つよりも、\n射精させちゃったほうが絶対に確実だし。%K%P
幸い、部室にはティッシュもあるし――、%K%P
幸い、部室にはティッシュもあるし――、%K%P
%LC陽菜
%LC陽菜
「うぅ……ごめんなさい、美実様っ……」%K%P
「うぅ……ごめんなさい、美実様っ……」%K%P
自慰する決意を固めたら、自然と謝罪が漏れた。%K%P
自慰する決意を固めたら、自然と謝罪が漏れた。%K%P
部室でオナニーしちゃうだなんて……、\n部長の美実様に、本当に申し訳がない。%K%P
部室でオナニーしちゃうだなんて……、\n部長の美実様に、本当に申し訳がない。%K%P
けど、それでも、今のオレは、\n自分のおち○ちんを、しごきたくて。%K%P
けど、それでも、今のオレは、\n自分のおち○ちんを、しごきたくて。%K%P
その誘惑に、勝てなくて――、%K%P
その誘惑に、勝てなくて――、%K%P
%LC陽菜
%LC陽菜
「ぐっ……はううッ……はっ、ああっ、はあっ、\n　すごっ……ち○ぽ、きもちいっ……」%K%P
「ぐっ……はううッ……はっ、ああっ、はあっ、\n　すごっ……ち○ぽ、きもちいっ……」%K%P
握った竿をゆっくり扱いただけで、\n強い快感が、ぞくぞくっと背筋を駆け上がる。%K%P
握った竿をゆっくり扱いただけで、\n強い快感が、ぞくぞくっと背筋を駆け上がる。%K%P
万が一にも大きな声は出せないから、\nとにかく、声だけは、堪えて、堪えて――、%K%P
万が一にも大きな声は出せないから、\nとにかく、声だけは、堪えて、堪えて――、%K%P
%LC陽菜
%LC陽菜
「はぁ、あっ……はぁはぁ、はあっ、\n　んんっ……ふぅ、ふぅ……んんんッ」%K%P
「はぁ、あっ……はぁはぁ、はあっ、\n　んんっ……ふぅ、ふぅ……んんんッ」%K%P
手を動かすたび、腰がぶるぶる震える。%K%P
手を動かすたび、腰がぶるぶる震える。%K%P
オカズとして脳裏に思い描いたのは、\nやっぱり、クレール様のおっぱいだった。%K%P
オカズとして脳裏に思い描いたのは、\nやっぱり、クレール様のおっぱいだった。%K%P
あの柔らかな膨らみに、ついさっきまで、\nオレは顔をうずめていたわけで。%K%P
あの柔らかな膨らみに、ついさっきまで、\nオレは顔をうずめていたわけで。%K%P
甘い匂いと柔らかな感触を思い返せば、\nそれだけで、ペニスはますます熱くなって。%K%P
甘い匂いと柔らかな感触を思い返せば、\nそれだけで、ペニスはますます熱くなって。%K%P
%LC陽菜
%LC陽菜
「はふッ……はぁ、はぁっ、ああっ、\n　クレール様のおっぱい、気持ちいっ……」%K%P
「はふッ……はぁ、はぁっ、ああっ、\n　クレール様のおっぱい、気持ちいっ……」%K%P
顔をうずめるところから妄想を派生させて、\n揉んでみたり、吸ってみたり。%K%P
顔をうずめるところから妄想を派生させて、\n揉んでみたり、吸ってみたり。%K%P
でも、なにより興奮を助長させているのは、\n自分の格好と、置かれている状況だった。%K%P
でも、なにより興奮を助長させているのは、\n自分の格好と、置かれている状況だった。%K%P
女装したまま、スカートをまくって、\n女学園の片隅でこっそりオナニーをしていること。%K%P
女装したまま、スカートをまくって、\n女学園の片隅でこっそりオナニーをしていること。%K%P
それはあまりにも、背徳的な変態行為で――、\nだからこそ、そこにスリルを感じ、興奮してしまう。%K%P
それはあまりにも、背徳的な変態行為で――、\nだからこそ、そこにスリルを感じ、興奮してしまう。%K%P
%LC陽菜
%LC陽菜
「ぐっ……あっ、すごっ……これ、\n　ぜったい、いっぱい、出るっ……」%K%P
「ぐっ……あっ、すごっ……これ、\n　ぜったい、いっぱい、出るっ……」%K%P
出番を待ちわびていた精子が、\n久しぶりの射精に向けて一斉に動き出す。%K%P
出番を待ちわびていた精子が、\n久しぶりの射精に向けて一斉に動き出す。%K%P
いっぱい出ちゃうのはいいとしても、\n部室や制服は、出来る限り汚さないように――、%K%P
いっぱい出ちゃうのはいいとしても、\n部室や制服は、出来る限り汚さないように――、%K%P
それだけは重々気をつけて、\nラストスパートを、めいっぱいっ……！！%K%P
それだけは重々気をつけて、\nラストスパートを、めいっぱいっ……！！%K%P
%LC陽菜
%LC陽菜
「はっ、はあっ、ああっ……ンうッ、\n　あ、イクっ……ぐっ、んんっ、んんんっ！」%K%P
「はっ、はあっ、ああっ……ンうッ、\n　あ、イクっ……ぐっ、んんっ、んんんっ！」%K%P
%LC陽菜
%LC陽菜
「ッッ……！　あふっ……あっ、くうっ、\n　うあ、すごっ……ふあっ、あ、ああああっ……」%K%P
「ッッ……！　あふっ……あっ、くうっ、\n　うあ、すごっ……ふあっ、あ、ああああっ……」%K%P
%LC陽菜
%LC陽菜
「やうっ……ち○ぽ、すごひっ……んぐッ、\n　ぐぅ……ふぅ、うっ……んんんっ」%K%P
「やうっ……ち○ぽ、すごひっ……んぐッ、\n　ぐぅ……ふぅ、うっ……んんんっ」%K%P
イク瞬間に腰を突き出したら、噴水みたいに、\n精液がびゅびゅっと飛び散った。%K%P
イク瞬間に腰を突き出したら、噴水みたいに、\n精液がびゅびゅっと飛び散った。%K%P
ある程度は覚悟していたけど、\nその量は、オレが想像していた以上で。%K%P
ある程度は覚悟していたけど、\nその量は、オレが想像していた以上で。%K%P
自分自身の射精に驚くなんて、\n初めてオナニーをしたとき以来だった。%K%P
自分自身の射精に驚くなんて、\n初めてオナニーをしたとき以来だった。%K%P
%LC陽菜
%LC陽菜
「はぁ、はぁ……こんなとこ見られたら、\n　間違いなく、アウトだよね……」%K%P
「はぁ、はぁ……こんなとこ見られたら、\n　間違いなく、アウトだよね……」%K%P
もしいま、部室のドアが開いて、\n誰かが入ってきたら。%K%P
もしいま、部室のドアが開いて、\n誰かが入ってきたら。%K%P
そのときは女装生活どころか、\n人生が終わっちゃってもおかしくない。%K%P
そのときは女装生活どころか、\n人生が終わっちゃってもおかしくない。%K%P
けど、そんなスリルがあればこそ、\nここまでの興奮と快感が得られたわけで――、%K%P
けど、そんなスリルがあればこそ、\nここまでの興奮と快感が得られたわけで――、%K%P
%LC陽菜
%LC陽菜
「どうか、癖になりませんように……」%K%P
「どうか、癖になりませんように……」%K%P
全身の力が抜けるのを感じながら、\n口をついて出たのは、そんな言葉だった。%K%P
全身の力が抜けるのを感じながら、\n口をついて出たのは、そんな言葉だった。%K%P
オナニーを終えたあと、\n換気も含めて、しっかり後始末をして。%K%P
オナニーを終えたあと、\n換気も含めて、しっかり後始末をして。%K%P
それが終わる頃には、ご乱心だった息子も、\nすっかりスタンバイモードに戻っていた。%K%P
それが終わる頃には、ご乱心だった息子も、\nすっかりスタンバイモードに戻っていた。%K%P
%LC陽菜
%LC陽菜
「乙女部に入ってて、ほんとに良かった……」%K%P
「乙女部に入ってて、ほんとに良かった……」%K%P
さっきまでオレがしていたことは、\nまったくもって乙女とは程遠い行為だけど。%K%P
さっきまでオレがしていたことは、\nまったくもって乙女とは程遠い行為だけど。%K%P
でも、この部室が使えたからこそ、\nどうにかピンチを脱出できた。%K%P
でも、この部室が使えたからこそ、\nどうにかピンチを脱出できた。%K%P
そこに関しては、本当に感謝しかない。%K%P
そこに関しては、本当に感謝しかない。%K%P
%LC陽菜
%LC陽菜
「……あれ」%K%P
「……あれ」%K%P
部室を出ると、足下に何かが落ちていた。%K%P
部室を出ると、足下に何かが落ちていた。%K%P
拾ってみると、それは自分が使っている\nハンカチとまったく同じもので。%K%P
拾ってみると、それは自分が使っている\nハンカチとまったく同じもので。%K%P
もしやと思ってポケットを探ると、\n入れていたはずのハンカチがなかった。%K%P
もしやと思ってポケットを探ると、\n入れていたはずのハンカチがなかった。%K%P
部室にやってきたときは慌てていたし、\n入るときに焦って落としてしまったのかも。%K%P
部室にやってきたときは慌てていたし、\n入るときに焦って落としてしまったのかも。%K%P
%LC陽菜
%LC陽菜
「もう……。しっかりしないと」%K%P
「もう……。しっかりしないと」%K%P
戒めるように呟き、ハンカチをしまう。%K%P
戒めるように呟き、ハンカチをしまう。%K%P
ハンカチに限らず、身の回りの物は、\nすべてニナさんが用意してくれたものなんだ。%K%P
ハンカチに限らず、身の回りの物は、\nすべてニナさんが用意してくれたものなんだ。%K%P
なくしたりしたら、それこそ申し訳がない。%K%P
なくしたりしたら、それこそ申し訳がない。%K%P
夜、少し早めにリビングへ行くと、\n見るからにお疲れモードのニナさんが。%K%P
夜、少し早めにリビングへ行くと、\n見るからにお疲れモードのニナさんが。%K%P
%LC陽菜
%LC陽菜
「大丈夫ですか？」%K%P
「大丈夫ですか？」%K%P
%LCニナ
%LCニナ
「んー、じょぶだよ、だいじょーぶ。\n　銀蘭祭前だから、やることが多くって」%K%P
「んー、じょぶだよ、だいじょーぶ。\n　銀蘭祭前だから、やることが多くって」%K%P
%LC宗千佳
%LC宗千佳
「ニナ、今日の夕食はラザニアだぞ」%K%P
「ニナ、今日の夕食はラザニアだぞ」%K%P
%LCニナ
%LCニナ
「わはっ、むーちゃんのラザニア大好きっ」%K%P
「わはっ、むーちゃんのラザニア大好きっ」%K%P
だらっとしていたニナさんが、\n姉さんの一言でシャキンッと復活。%K%P
だらっとしていたニナさんが、\n姉さんの一言でシャキンッと復活。%K%P
学内では理事長として大人なニナさんも、\n職員寮だと、こんな感じで無邪気な一面もあって。%K%P
学内では理事長として大人なニナさんも、\n職員寮だと、こんな感じで無邪気な一面もあって。%K%P
あらためて意識して見てみると、\nニナさんとクレール様って、確かに似てるかも。%K%P
あらためて意識して見てみると、\nニナさんとクレール様って、確かに似てるかも。%K%P
%LCニナ
%LCニナ
「そういえばヒナちゃん、\n　クレールとエンゲージしたの？」%K%P
「そういえばヒナちゃん、\n　クレールとエンゲージしたの？」%K%P
%LC陽菜
%LC陽菜
「え」%K%P
「え」%K%P
%LCニナ
%LCニナ
「センシブルの子たちが騒いでいたから。\n　ヒナちゃんが遊びにきていたって」%K%P
「センシブルの子たちが騒いでいたから。\n　ヒナちゃんが遊びにきていたって」%K%P
%LCニナ
%LCニナ
「ヒナちゃんがセンシブルの校舎に行く目的って、\n　クレールぐらいしか思い当たらないし」%K%P
「ヒナちゃんがセンシブルの校舎に行く目的って、\n　クレールぐらいしか思い当たらないし」%K%P
%LC陽菜
%LC陽菜
「むぅ……」%K%P
「むぅ……」%K%P
シンプルだけど真理な推論に、思わず唸る。%K%P
シンプルだけど真理な推論に、思わず唸る。%K%P
%LCニナ
%LCニナ
「その反応、当たりでよさそうね」%K%P
「その反応、当たりでよさそうね」%K%P
%LCニナ
%LCニナ
「ヒナちゃんとエンゲージできて、\n　クレール、喜んでいたでしょう？」%K%P
「ヒナちゃんとエンゲージできて、\n　クレール、喜んでいたでしょう？」%K%P
%LC陽菜
%LC陽菜
「いきなりハグされちゃうぐらいには」%K%P
「いきなりハグされちゃうぐらいには」%K%P
%LCニナ
%LCニナ
「ふふっ。あの子ってば昔から、\n　ハグするの好きなのよね」%K%P
「ふふっ。あの子ってば昔から、\n　ハグするの好きなのよね」%K%P
%LC宗千佳
%LC宗千佳
「私も留学中は会うたび抱きつかれていたな」%K%P
「私も留学中は会うたび抱きつかれていたな」%K%P
%LCニナ
%LCニナ
「クレールに言わせると、\n　むーちゃんっていい匂いがするらしいから」%K%P
「クレールに言わせると、\n　むーちゃんっていい匂いがするらしいから」%K%P
%LC陽菜
%LC陽菜
「いい匂い？」%K%P
「いい匂い？」%K%P
%LCニナ
%LCニナ
「人の好き嫌いには匂いが関わってるって話、\n　聞いたことない？」%K%P
「人の好き嫌いには匂いが関わってるって話、\n　聞いたことない？」%K%P
%LCニナ
%LCニナ
「とくに女性はその傾向が顕著で、\n　遺伝子とかも関係しているみたいよ」%K%P
「とくに女性はその傾向が顕著で、\n　遺伝子とかも関係しているみたいよ」%K%P
%LCニナ
%LCニナ
「で、クレールの場合、相手が好みの匂いだと、\n　とくに抱きつきたくなるんだって」%K%P
「で、クレールの場合、相手が好みの匂いだと、\n　とくに抱きつきたくなるんだって」%K%P
そういえば、オレをハグしたクレール様が、\nいい匂いって呟いていたような気がする。%K%P
そういえば、オレをハグしたクレール様が、\nいい匂いって呟いていたような気がする。%K%P
とはいえ、それはオレも同じだ。%K%P
とはいえ、それはオレも同じだ。%K%P
ハグされたときの匂いに興奮した結果、\n部室であんなことをしちゃったわけで――、%K%P
ハグされたときの匂いに興奮した結果、\n部室であんなことをしちゃったわけで――、%K%P
%LCニナ
%LCニナ
「ヒナちゃん。ヒーナーちゃんっ」%K%P
「ヒナちゃん。ヒーナーちゃんっ」%K%P
%LC陽菜
%LC陽菜
「……え？」%K%P
「……え？」%K%P
%LCニナ
%LCニナ
「えっ？　じゃなくて。\n　大丈夫？　ぼんやりしてたけど」%K%P
「えっ？　じゃなくて。\n　大丈夫？　ぼんやりしてたけど」%K%P
%LCニナ
%LCニナ
「私よりヒナちゃんのほうが、\n　よっぽど疲れているんじゃない？」%K%P
「私よりヒナちゃんのほうが、\n　よっぽど疲れているんじゃない？」%K%P
%LC陽菜
%LC陽菜
「すみません、心配をかけて。\n　でも、大丈夫です」%K%P
「すみません、心配をかけて。\n　でも、大丈夫です」%K%P
%LC陽菜
%LC陽菜
「いまぼんやりしちゃってたのは、\n　今日のことを思い出していただけですから」%K%P
「いまぼんやりしちゃってたのは、\n　今日のことを思い出していただけですから」%K%P
%LCニナ
%LCニナ
「なら、いいんだけど……」%K%P
「なら、いいんだけど……」%K%P
%LCニナ
%LCニナ
「銀蘭祭に向けて、これから大変だろうし。\n　困ったことがあれば遠慮なく言うのよ」%K%P
「銀蘭祭に向けて、これから大変だろうし。\n　困ったことがあれば遠慮なく言うのよ」%K%P
%LC陽菜
%LC陽菜
「はい」%K%P
「はい」%K%P
困ったことなら、まさに今日あったわけだけど、\nそれをニナさんに言えるはずもない。%K%P
困ったことなら、まさに今日あったわけだけど、\nそれをニナさんに言えるはずもない。%K%P
だからこそ、今日のようなことが\n二度と起こらないように気をつけないと。%K%P
だからこそ、今日のようなことが\n二度と起こらないように気をつけないと。%K%P
正式にクレール様とエンゲージすれば、\nきっと、一緒に過ごす時間は増えるはずで。%K%P
正式にクレール様とエンゲージすれば、\nきっと、一緒に過ごす時間は増えるはずで。%K%P
そうなったら、きっとまた、\n今日のようにハグされちゃうだろうから。%K%P
そうなったら、きっとまた、\n今日のようにハグされちゃうだろうから。%K%P
そのたび部室に駆け込んでオナニーってわけにも\nいかないし、なにか対策を考えておかないと。%K%P
そのたび部室に駆け込んでオナニーってわけにも\nいかないし、なにか対策を考えておかないと。%K%P
