クレールと話し合った通り、\n日曜は、二人でゆっくり過ごした。%K%P
クレールと話し合った通り、\n日曜は、二人でゆっくり過ごした。%K%P
といっても、昼近くまで寝てしまったりして、\nかなり怠惰な休日になってしまったんだけど。%K%P
といっても、昼近くまで寝てしまったりして、\nかなり怠惰な休日になってしまったんだけど。%K%P
すっかり疲れもとれた月曜の朝、\n教室に着くと、すでに杏奈ちゃんが居た。%K%P
すっかり疲れもとれた月曜の朝、\n教室に着くと、すでに杏奈ちゃんが居た。%K%P
その手には、見覚えのない……本？%K%P
その手には、見覚えのない……本？%K%P
%LC陽菜
%LC陽菜
「ごきげんよう。なにを読んでるの？」%K%P
「ごきげんよう。なにを読んでるの？」%K%P
%LC杏奈
%LC杏奈
「あっ、陽菜ちゃん。ごきげんよう。\n　これは歌劇アリアの台本だよ」%K%P
「あっ、陽菜ちゃん。ごきげんよう。\n　これは歌劇アリアの台本だよ」%K%P
%LC杏奈
%LC杏奈
「私と美実様、決勝に進んだでしょ？\n　だから、歌劇アリアにも出演することになって」%K%P
「私と美実様、決勝に進んだでしょ？\n　だから、歌劇アリアにも出演することになって」%K%P
今週末――土曜と日曜、２日間に渡って開催される\n銀蘭祭には、メインイベントが２つある。%K%P
今週末――土曜と日曜、２日間に渡って開催される\n銀蘭祭には、メインイベントが２つある。%K%P
１つは{連弾:デュオ}{舞闘:カデンツァ}の決勝戦で、\nもう１つが歌劇アリア。%K%P
１つは{連弾:デュオ}{舞闘:カデンツァ}の決勝戦で、\nもう１つが歌劇アリア。%K%P
そして、歌劇アリアに登場する４名の騎士は、\n{連弾:デュオ}{舞闘:カデンツァ}の決勝進出者が演じることになっていた。%K%P
そして、歌劇アリアに登場する４名の騎士は、\n{連弾:デュオ}{舞闘:カデンツァ}の決勝進出者が演じることになっていた。%K%P
%LC杏奈
%LC杏奈
「よかったら台本読んでみる？\n　ネタバレを気にしないならだけど」%K%P
「よかったら台本読んでみる？\n　ネタバレを気にしないならだけど」%K%P
%LC陽菜
%LC陽菜
「じゃあ、ちょっとだけ」%K%P
「じゃあ、ちょっとだけ」%K%P
杏奈ちゃんから台本を受け取って、\nぱらぱらっとめくってみる。%K%P
杏奈ちゃんから台本を受け取って、\nぱらぱらっとめくってみる。%K%P
作りはかなりしっかりしていて、ところどころ、\n杏奈ちゃんの文字で書き込みがしてあった。%K%P
作りはかなりしっかりしていて、ところどころ、\n杏奈ちゃんの文字で書き込みがしてあった。%K%P
どうやら熱心に読み込んでいるみたいだ。%K%P
どうやら熱心に読み込んでいるみたいだ。%K%P
%LC陽菜
%LC陽菜
「けど、本番まで１週間もないんだよね？\n　それまでにこれを覚えるの、大変じゃない？」%K%P
「けど、本番まで１週間もないんだよね？\n　それまでにこれを覚えるの、大変じゃない？」%K%P
%LC杏奈
%LC杏奈
「大丈夫。そのためのアリア合宿だし」%K%P
「大丈夫。そのためのアリア合宿だし」%K%P
%LC陽菜
%LC陽菜
「アリア合宿……？」%K%P
「アリア合宿……？」%K%P
%LC杏奈
%LC杏奈
「歌劇アリアに出演が決まった５人の学生は、\n　学園内の宿泊施設で、本番まで一緒に暮らすの」%K%P
「歌劇アリアに出演が決まった５人の学生は、\n　学園内の宿泊施設で、本番まで一緒に暮らすの」%K%P
%LC杏奈
%LC杏奈
「約１週間、同じ部屋で寝泊まりして、\n　親睦を深めながら劇の稽古をするんだよ」%K%P
「約１週間、同じ部屋で寝泊まりして、\n　親睦を深めながら劇の稽古をするんだよ」%K%P
%LC陽菜
%LC陽菜
「同じ部屋で寝泊まりって……。\n　うそっ、そんなことするのっ？」%K%P
「同じ部屋で寝泊まりって……。\n　うそっ、そんなことするのっ？」%K%P
%LC杏奈
%LC杏奈
「そうだよ。というか、もうしてるんだけど」%K%P
「そうだよ。というか、もうしてるんだけど」%K%P
%LC杏奈
%LC杏奈
「ちなみにメンバーは、依夜様と梨理ちゃん、\n　美実様と私に、{歌姫:ディーバ}の睦月ちゃん」%K%P
「ちなみにメンバーは、依夜様と梨理ちゃん、\n　美実様と私に、{歌姫:ディーバ}の睦月ちゃん」%K%P
%LC杏奈
%LC杏奈
「この５人で、同じ部屋で本番まで生活するの。\n　毎日賑やかで、とっても楽しいよ」%K%P
「この５人で、同じ部屋で本番まで生活するの。\n　毎日賑やかで、とっても楽しいよ」%K%P
%LC陽菜
%LC陽菜
「へっ、へぇー……そうなんだー……」%K%P
「へっ、へぇー……そうなんだー……」%K%P
思いがけない情報を知って、内心ヒヤっとする。%K%P
思いがけない情報を知って、内心ヒヤっとする。%K%P
もし、依夜様たちに勝って決勝に進出していたら、\n今頃はその合宿にオレも参加してたってことだ。%K%P
もし、依夜様たちに勝って決勝に進出していたら、\n今頃はその合宿にオレも参加してたってことだ。%K%P
同じ部屋で１週間も他の子と寝泊まりだなんて……、\nさすがに、{女装:ヒミツ}を隠し通せる気がしない。%K%P
同じ部屋で１週間も他の子と寝泊まりだなんて……、\nさすがに、{女装:ヒミツ}を隠し通せる気がしない。%K%P
%LCクラスメートＡ
%LCクラスメートＡ
「おっ、おっはよー、おふたりさんっ」%K%P
「おっ、おっはよー、おふたりさんっ」%K%P
%LCクラスメートＢ
%LCクラスメートＢ
「ごきげんよう。今朝もよいお天気ですね」%K%P
「ごきげんよう。今朝もよいお天気ですね」%K%P
%LC陽菜
%LC陽菜
「ごきげんよう。ちょうどいいところに」%K%P
「ごきげんよう。ちょうどいいところに」%K%P
%LC陽菜
%LC陽菜
「実は、ふたりに……というか、\n　クラスのみんなに相談したいことがあるんだけど」%K%P
「実は、ふたりに……というか、\n　クラスのみんなに相談したいことがあるんだけど」%K%P
%LCクラスメートＡ
%LCクラスメートＡ
「なになに？　なんでも言って？」%K%P
「なになに？　なんでも言って？」%K%P
%LC陽菜
%LC陽菜
「ありがと。実は――」%K%P
「ありがと。実は――」%K%P
お昼休み、クレールと一緒に昼食タイム。%K%P
お昼休み、クレールと一緒に昼食タイム。%K%P
今朝聞いたアリア合宿のことを伝えると、\nクレールは納得した様子で頷いた。%K%P
今朝聞いたアリア合宿のことを伝えると、\nクレールは納得した様子で頷いた。%K%P
%LCクレール
%LCクレール
「なるほど。それで昨日から、杏奈ちゃんや\n　睦月ちゃんの姿を寮で見かけなかったのね」%K%P
「なるほど。それで昨日から、杏奈ちゃんや\n　睦月ちゃんの姿を寮で見かけなかったのね」%K%P
%LC陽菜
%LC陽菜
「クレール、アリア合宿のこと知ってた？」%K%P
「クレール、アリア合宿のこと知ってた？」%K%P
%LCクレール
%LCクレール
「ううん、ちっとも。もし知っていたら、\n　真っ先に陽菜ちゃんに教えていたと思う」%K%P
「ううん、ちっとも。もし知っていたら、\n　真っ先に陽菜ちゃんに教えていたと思う」%K%P
%LC陽菜
%LC陽菜
「だよね」%K%P
「だよね」%K%P
卯花陽菜が男であると気付いたクレールは、\nその秘密がバレないよう、他の子から庇ってくれた。%K%P
卯花陽菜が男であると気付いたクレールは、\nその秘密がバレないよう、他の子から庇ってくれた。%K%P
そんな彼女が合宿のことを知っていたなら、\nオレに黙っているはずがない。%K%P
そんな彼女が合宿のことを知っていたなら、\nオレに黙っているはずがない。%K%P
%LC陽菜
%LC陽菜
「こういう言い方は良くないってわかってるけど、\n　依夜様たちに負けて、結果的にはよかったかも」%K%P
「こういう言い方は良くないってわかってるけど、\n　依夜様たちに負けて、結果的にはよかったかも」%K%P
%LC陽菜
%LC陽菜
「他の子たちと１週間も合宿だなんて……。\n　さすがに、秘密を隠し通せる気がしないし」%K%P
「他の子たちと１週間も合宿だなんて……。\n　さすがに、秘密を隠し通せる気がしないし」%K%P
%LCクレール
%LCクレール
「なに言ってるの。そのときは私が陽菜ちゃんを\n　守ってあげたに決まってるでしょ？」%K%P
「なに言ってるの。そのときは私が陽菜ちゃんを\n　守ってあげたに決まってるでしょ？」%K%P
%LCクレール
%LCクレール
「陽菜ちゃんの秘密のクラージュは、\n　私だけのものなんだからっ氈v%K%P
「陽菜ちゃんの秘密のクラージュは、\n　私だけのものなんだからっ氈v%K%P
%LC陽菜
%LC陽菜
「なっ……んもうっ、クレールっ」%K%P
「なっ……んもうっ、クレールっ」%K%P
%LCクレール
%LCクレール
「くすっ、うふふっ氈v%K%P
「くすっ、うふふっ氈v%K%P
明らかに股間のアレを比喩した言い回しに、\n口に含んでいたお茶を噴き出しかけてしまう。%K%P
明らかに股間のアレを比喩した言い回しに、\n口に含んでいたお茶を噴き出しかけてしまう。%K%P
とはいえ、例えとして使いやすいんだよね……。\n股間のクラージュがアン・ガルド、とか。%K%P
とはいえ、例えとして使いやすいんだよね……。\n股間のクラージュがアン・ガルド、とか。%K%P
%LC陽菜
%LC陽菜
「あっ、あと、昨日話した例の件だけど。\n　クラスの子たち、みんな賛成してくれたよ」%K%P
「あっ、あと、昨日話した例の件だけど。\n　クラスの子たち、みんな賛成してくれたよ」%K%P
%LCクレール
%LCクレール
「賛成って……陽菜ちゃん、\n　本当にお願いしちゃったの？」%K%P
「賛成って……陽菜ちゃん、\n　本当にお願いしちゃったの？」%K%P
%LC陽菜
%LC陽菜
「もちろん。やると決めたらやるんだから」%K%P
「もちろん。やると決めたらやるんだから」%K%P
%LC陽菜
%LC陽菜
「それに、クラスメートの子たちが言うには、\n　出し物の方は手が足りてるから問題ないって」%K%P
「それに、クラスメートの子たちが言うには、\n　出し物の方は手が足りてるから問題ないって」%K%P
%LC陽菜
%LC陽菜
「私と杏奈ちゃんの両方が決勝に進出しても\n　大丈夫なよう、スケジュールを立ててたみたい」%K%P
「私と杏奈ちゃんの両方が決勝に進出しても\n　大丈夫なよう、スケジュールを立ててたみたい」%K%P
%LCクレール
%LCクレール
「そう……。でも、なんだか申し訳ないわね。\n　陽菜ちゃんを独り占めしちゃうわけだから」%K%P
「そう……。でも、なんだか申し訳ないわね。\n　陽菜ちゃんを独り占めしちゃうわけだから」%K%P
%LC陽菜
%LC陽菜
「そこは気にしなくてもいいと思う……というか、\n　みんな、そうするべきだって言ってたよ？」%K%P
「そこは気にしなくてもいいと思う……というか、\n　みんな、そうするべきだって言ってたよ？」%K%P
%LC陽菜
%LC陽菜
「エンゲージしたパートナーを幸せにするのが、\n　いまの陽菜ちゃんの最優先事項だぞ、って」%K%P
「エンゲージしたパートナーを幸せにするのが、\n　いまの陽菜ちゃんの最優先事項だぞ、って」%K%P
%LC陽菜
%LC陽菜
「そのために私たちに出来ることがあるなら、\n　喜んで協力するから遠慮なく頼ってほしい――」%K%P
「そのために私たちに出来ることがあるなら、\n　喜んで協力するから遠慮なく頼ってほしい――」%K%P
%LC陽菜
%LC陽菜
「困っている人を助けるのは、\n　ここの学生にとって当たり前のことだから、って」%K%P
「困っている人を助けるのは、\n　ここの学生にとって当たり前のことだから、って」%K%P
%LCクレール
%LCクレール
「ふふっ、さすがは銀蘭で学ぶ子たちね。\n　騎士道精神の塊なんだから」%K%P
「ふふっ、さすがは銀蘭で学ぶ子たちね。\n　騎士道精神の塊なんだから」%K%P
クレールが嬉しそうに笑ったのは、\nオレが言ったフレーズに覚えがあったからだろう。%K%P
クレールが嬉しそうに笑ったのは、\nオレが言ったフレーズに覚えがあったからだろう。%K%P
困っている人を助けるのは、\nここの学生にとって当たり前のこと――、%K%P
困っている人を助けるのは、\nここの学生にとって当たり前のこと――、%K%P
それは、彼女と初めて会ったとき、\nクレール自身がオレに伝えた言葉でもあった。%K%P
それは、彼女と初めて会ったとき、\nクレール自身がオレに伝えた言葉でもあった。%K%P
もうじき、クレールは留学を終えて帰国する。%K%P
もうじき、クレールは留学を終えて帰国する。%K%P
もともと短期留学だって聞いていたし、\n帰る時期も前にクレール自身から教わっていたから、\nそれ自体に対する喪失感は、さほどない。%K%P
もともと短期留学だって聞いていたし、\n帰る時期も前にクレール自身から教わっていたから、\nそれ自体に対する喪失感は、さほどない。%K%P
それはきっと、オレ自身も留学経験者だから。%K%P
それはきっと、オレ自身も留学経験者だから。%K%P
新たな学びを得るために異国で暮らし、\n身につけた見識と共に帰国する――それが、留学。%K%P
新たな学びを得るために異国で暮らし、\n身につけた見識と共に帰国する――それが、留学。%K%P
オレがそうであったように、クレールも、\nフランスに帰る予定で日本で暮らしていたわけで。%K%P
オレがそうであったように、クレールも、\nフランスに帰る予定で日本で暮らしていたわけで。%K%P
なのに、オレが寂しいだなんて言ったら、\nクレールを困らせてしまうだけだから。%K%P
なのに、オレが寂しいだなんて言ったら、\nクレールを困らせてしまうだけだから。%K%P
いまオレに出来ることは、\nより多くの思い出を持ち帰ってもらうこと。%K%P
いまオレに出来ることは、\nより多くの思い出を持ち帰ってもらうこと。%K%P
そのためにオレは、銀蘭祭が終わるまで、\nクレールとなるべく一緒にいようと決めた。%K%P
そのためにオレは、銀蘭祭が終わるまで、\nクレールとなるべく一緒にいようと決めた。%K%P
だから、クラスメートの許可を貰って、放課後は\nクレールのクラスの準備を手伝うことにした。%K%P
だから、クラスメートの許可を貰って、放課後は\nクレールのクラスの準備を手伝うことにした。%K%P
少しでも、クレールと多くの時間を過ごせるように。%K%P
少しでも、クレールと多くの時間を過ごせるように。%K%P
%LC陽菜
%LC陽菜
「――というわけで、お手伝いにきました」%K%P
「――というわけで、お手伝いにきました」%K%P
%LC女学生Ａ
%LC女学生Ａ
「あらあらまあまあ、本当に来ちゃった！」%K%P
「あらあらまあまあ、本当に来ちゃった！」%K%P
%LC女学生Ｂ
%LC女学生Ｂ
「ですけど、よろしかったの？\n　陽菜さんのクラスも準備があるのでしょ？」%K%P
「ですけど、よろしかったの？\n　陽菜さんのクラスも準備があるのでしょ？」%K%P
%LC陽菜
%LC陽菜
「大丈夫です。気にせず手伝ってきてって、\n　みんな揃って送り出してくれたので」%K%P
「大丈夫です。気にせず手伝ってきてって、\n　みんな揃って送り出してくれたので」%K%P
そのかわりってわけでもないけど、\nお土産話をよろしくね、とは言われていた。%K%P
そのかわりってわけでもないけど、\nお土産話をよろしくね、とは言われていた。%K%P
同じ学園とはいえ学科が違うと別世界らしく、\nみんな、センシブルに興味があるみたいだ。%K%P
同じ学園とはいえ学科が違うと別世界らしく、\nみんな、センシブルに興味があるみたいだ。%K%P
センシブルに明るい杏奈ちゃんが合宿中だから、\n余計に興味が湧いちゃうのかもしれない。%K%P
センシブルに明るい杏奈ちゃんが合宿中だから、\n余計に興味が湧いちゃうのかもしれない。%K%P
%LCクレール
%LCクレール
「言っておくけど、陽菜ちゃんはあくまで、\n　私のためにここに来てくれたんですからね？」%K%P
「言っておくけど、陽菜ちゃんはあくまで、\n　私のためにここに来てくれたんですからね？」%K%P
%LCクレール
%LCクレール
「変なことを頼んだり、無茶なお願いをしたら、\n　私があなたたちを許さないんだからっ」%K%P
「変なことを頼んだり、無茶なお願いをしたら、\n　私があなたたちを許さないんだからっ」%K%P
%LC女学生Ａ
%LC女学生Ａ
「わかってます。陽菜さんには先日、\n　怖い思いをさせてしまったばかりだもの」%K%P
「わかってます。陽菜さんには先日、\n　怖い思いをさせてしまったばかりだもの」%K%P
%LC陽菜
%LC陽菜
「ドレスの試着の件、ですよね？\n　あの事なら気にしてませんから」%K%P
「ドレスの試着の件、ですよね？\n　あの事なら気にしてませんから」%K%P
あの一件は確かに肝を冷やしたけれど、\nすでに謝罪は受けたし、蒸し返すつもりもない。%K%P
あの一件は確かに肝を冷やしたけれど、\nすでに謝罪は受けたし、蒸し返すつもりもない。%K%P
%LC陽菜
%LC陽菜
「そういえば、まだ聞いてなかったけど。\n　クレールのクラスは銀蘭祭でなにをするの？」%K%P
「そういえば、まだ聞いてなかったけど。\n　クレールのクラスは銀蘭祭でなにをするの？」%K%P
%LCクレール
%LCクレール
「んふふっ、よくぞ聞いてくれましたっ」%K%P
「んふふっ、よくぞ聞いてくれましたっ」%K%P
%LCクレール
%LCクレール
「私のクラスでやるのは……ずばりっ、\n　メイドカフェよっ？」%K%P
「私のクラスでやるのは……ずばりっ、\n　メイドカフェよっ？」%K%P
%LC陽菜
%LC陽菜
「メイド、カフェ……」%K%P
「メイド、カフェ……」%K%P
それを聞いて、真っ先に思い浮かんだのが――、%K%P
それを聞いて、真っ先に思い浮かんだのが――、%K%P
%LC陽菜
%LC陽菜
「試着やモデルはしないからっ！\n　ぜっっっっったいに、しないからねっ！？」%K%P
「試着やモデルはしないからっ！\n　ぜっっっっったいに、しないからねっ！？」%K%P
%LCクレール
%LCクレール
「ええー……」%K%P
「ええー……」%K%P
%LC陽菜
%LC陽菜
「ええーじゃないのっ！」%K%P
「ええーじゃないのっ！」%K%P
結局、どうにかクレールを説得し、\nメイド服の試着モデルに関しては諦めてもらった。%K%P
結局、どうにかクレールを説得し、\nメイド服の試着モデルに関しては諦めてもらった。%K%P
そもそも、クレールのクラスメートには、\nオレと同じ体型の学生はひとりもいない。%K%P
そもそも、クレールのクラスメートには、\nオレと同じ体型の学生はひとりもいない。%K%P
{歌姫:ディーバ}のドレスの時は、オレとつーちゃんの\n体型がたまたま似ていたから、試着したわけで。%K%P
{歌姫:ディーバ}のドレスの時は、オレとつーちゃんの\n体型がたまたま似ていたから、試着したわけで。%K%P
本番で着る人がいない以上、\nそのサイズのメイド服を作る必要はないのだ。%K%P
本番で着る人がいない以上、\nそのサイズのメイド服を作る必要はないのだ。%K%P
%LCクレール
%LCクレール
「はぅ……せっかく楽しみにしてたのにぃ……」%K%P
「はぅ……せっかく楽しみにしてたのにぃ……」%K%P
%LC陽菜
%LC陽菜
「仕方がないでしょ？\n　材料は必要な分しかないみたいだし」%K%P
「仕方がないでしょ？\n　材料は必要な分しかないみたいだし」%K%P
オレに着せるためだけにメイド服を作ったら、\n銀蘭祭当日、１着足りなくなってしまう。%K%P
オレに着せるためだけにメイド服を作ったら、\n銀蘭祭当日、１着足りなくなってしまう。%K%P
%LC女学生Ａ
%LC女学生Ａ
「でも、私たちも陽菜さんのメイド服は見たいし、\n　こうなったら追加予算を申請して――」%K%P
「でも、私たちも陽菜さんのメイド服は見たいし、\n　こうなったら追加予算を申請して――」%K%P
%LC陽菜
%LC陽菜
「だめだめっ、やめてくださいっ。\n　そもそもそんな申請通りませんからっ」%K%P
「だめだめっ、やめてくださいっ。\n　そもそもそんな申請通りませんからっ」%K%P
%LC女学生Ａ
%LC女学生Ａ
「何事もやってみないとわからないでしょう？\n　というわけで、さっそく書類を――」%K%P
「何事もやってみないとわからないでしょう？\n　というわけで、さっそく書類を――」%K%P
%LC女学生Ａ
%LC女学生Ａ
「って、あら……？　ねえ、この届け出用紙だけ、\n　学園長のサインがないみたいなんだけど」%K%P
「って、あら……？　ねえ、この届け出用紙だけ、\n　学園長のサインがないみたいなんだけど」%K%P
%LC女学生Ｂ
%LC女学生Ｂ
「まあまあ本当……。これに不備があると、\n　メイドカフェが普通のカフェになってしまうわ」%K%P
「まあまあ本当……。これに不備があると、\n　メイドカフェが普通のカフェになってしまうわ」%K%P
%LC陽菜
%LC陽菜
「その用紙を学園長に見せて、\n　サインをもらってくればいいんですか？」%K%P
「その用紙を学園長に見せて、\n　サインをもらってくればいいんですか？」%K%P
%LC女学生Ｂ
%LC女学生Ｂ
「ええ。ねえ、誰か手の空いてる子は――」%K%P
「ええ。ねえ、誰か手の空いてる子は――」%K%P
%LC陽菜
%LC陽菜
「なら、私が今から行ってきます」%K%P
「なら、私が今から行ってきます」%K%P
%LC女学生Ｂ
%LC女学生Ｂ
「でも……いまぐらいの時間だと、\n　学園長、どこにいるかわからないわよ？」%K%P
「でも……いまぐらいの時間だと、\n　学園長、どこにいるかわからないわよ？」%K%P
%LC陽菜
%LC陽菜
「あー……」%K%P
「あー……」%K%P
合唱部の練習に顔を出していることもあれば、\nテアトルにいたり、学園長室で事務をしてたり。%K%P
合唱部の練習に顔を出していることもあれば、\nテアトルにいたり、学園長室で事務をしてたり。%K%P
学生の間で神出鬼没と謳われるニナさんは、\n放課後はとくに、どこにいるかわからない。%K%P
学生の間で神出鬼没と謳われるニナさんは、\n放課後はとくに、どこにいるかわからない。%K%P
%LCクレール
%LCクレール
「そういうことなら私に任せて。\n　ニナなら、どこにいても分かるから」%K%P
「そういうことなら私に任せて。\n　ニナなら、どこにいても分かるから」%K%P
%LC陽菜
%LC陽菜
「分かる……？」%K%P
「分かる……？」%K%P
%LCクレール
%LCクレール
「うんっ。というわけで、\n　陽菜ちゃん、一緒に行きましょ？」%K%P
「うんっ。というわけで、\n　陽菜ちゃん、一緒に行きましょ？」%K%P
%LC女学生Ｂ
%LC女学生Ｂ
「時間がかかっても構いませんから。\n　ふたりでのんびり、よろしくお願いします」%K%P
「時間がかかっても構いませんから。\n　ふたりでのんびり、よろしくお願いします」%K%P
そんな声に送り出されて廊下に出ると、\nクレールは目を閉じて、直立不動になった。%K%P
そんな声に送り出されて廊下に出ると、\nクレールは目を閉じて、直立不動になった。%K%P
……いや。よく見ると、鼻がひくひくと――、%K%P
……いや。よく見ると、鼻がひくひくと――、%K%P
%LCクレール
%LCクレール
「……うん、こっちね。\n　行きましょ？　陽菜ちゃん」%K%P
「……うん、こっちね。\n　行きましょ？　陽菜ちゃん」%K%P
オレを連れて歩き出したクレールは、\n迷いのない足取りで、どんどん校舎を進んで。%K%P
オレを連れて歩き出したクレールは、\n迷いのない足取りで、どんどん校舎を進んで。%K%P
%LCクレール
%LCクレール
「……うん。どうやらここね」%K%P
「……うん。どうやらここね」%K%P
%LC陽菜
%LC陽菜
「ここねって……」%K%P
「ここねって……」%K%P
やがてクレールが足を止めたのは、\nプレートの掲げられていない空き教室だった。%K%P
やがてクレールが足を止めたのは、\nプレートの掲げられていない空き教室だった。%K%P
ぱっと見、使われていない感じだけど、\nドアの向こうからは微かに人の気配が。%K%P
ぱっと見、使われていない感じだけど、\nドアの向こうからは微かに人の気配が。%K%P
%LCクレール
%LCクレール
「センシブル３年のクレールです。\n　こちらに学園長はいらっしゃいますか？」%K%P
「センシブル３年のクレールです。\n　こちらに学園長はいらっしゃいますか？」%K%P
教室のドアをノックし、中に呼びかけるクレール。%K%P
教室のドアをノックし、中に呼びかけるクレール。%K%P
と、少しして、ドアが開いて。%K%P
と、少しして、ドアが開いて。%K%P
%LCニナ
%LCニナ
「どうしたの？　クレール」%K%P
「どうしたの？　クレール」%K%P
%LC陽菜
%LC陽菜
「うそ……」%K%P
「うそ……」%K%P
驚いて声を漏らしてしまったオレを見て、\nクレールがくすっと笑う。%K%P
驚いて声を漏らしてしまったオレを見て、\nクレールがくすっと笑う。%K%P
%LCニナ
%LCニナ
「あら、ヒナちゃんも一緒？\n　なぁに？　二人揃ってデート？」%K%P
「あら、ヒナちゃんも一緒？\n　なぁに？　二人揃ってデート？」%K%P
%LCクレール
%LCクレール
「今回はちゃんとした用事です。\n　ニナに確認してもらいたい書類があって」%K%P
「今回はちゃんとした用事です。\n　ニナに確認してもらいたい書類があって」%K%P
%LCニナ
%LCニナ
「ああ、これね。クレールのクラスだけ\n　提出されてないから、おかしいと思ってたの」%K%P
「ああ、これね。クレールのクラスだけ\n　提出されてないから、おかしいと思ってたの」%K%P
%LCニナ
%LCニナ
「ふむ、ふむ……。うん、問題なさそう。\n　というわけで……はい、サイン」%K%P
「ふむ、ふむ……。うん、問題なさそう。\n　というわけで……はい、サイン」%K%P
書類にざっと目を通したニナさんは、\nペンを取り出し、すらすらっと署名する。%K%P
書類にざっと目を通したニナさんは、\nペンを取り出し、すらすらっと署名する。%K%P
一方、オレはずっと、狐につままれた感じだった。%K%P
一方、オレはずっと、狐につままれた感じだった。%K%P
無事に用件を済ませたあと、オレとクレールは、\n場所が近かったこともあって部室に立ち寄った。%K%P
無事に用件を済ませたあと、オレとクレールは、\n場所が近かったこともあって部室に立ち寄った。%K%P
ちなみにニナさんが空き教室にいた理由は、\nあそこが臨時の音楽室だから、だった。%K%P
ちなみにニナさんが空き教室にいた理由は、\nあそこが臨時の音楽室だから、だった。%K%P
銀蘭祭前のこの時期だけ、{歌姫:ディーバ}専用の\n音楽室として、あの教室を使用するのだそうだ。%K%P
銀蘭祭前のこの時期だけ、{歌姫:ディーバ}専用の\n音楽室として、あの教室を使用するのだそうだ。%K%P
元歌姫でもあるニナさんは、さっきちょうど、\nあそこでつーちゃんの指導をしていたらしい。%K%P
元歌姫でもあるニナさんは、さっきちょうど、\nあそこでつーちゃんの指導をしていたらしい。%K%P
%LC陽菜
%LC陽菜
「ニナさんがあの教室にいた理由は、\n　よくわかったし、納得できたけど――」%K%P
「ニナさんがあの教室にいた理由は、\n　よくわかったし、納得できたけど――」%K%P
%LC陽菜
%LC陽菜
「クレールはどうして、\n　ニナさんがあそこにいるってわかったの？」%K%P
「クレールはどうして、\n　ニナさんがあそこにいるってわかったの？」%K%P
%LCクレール
%LCクレール
「簡単よ、匂いを辿っていったの。\n　ニナの匂いは、よーく知ってるから」%K%P
「簡単よ、匂いを辿っていったの。\n　ニナの匂いは、よーく知ってるから」%K%P
%LC陽菜
%LC陽菜
「匂いって……つまり、警察犬みたいに？」%K%P
「匂いって……つまり、警察犬みたいに？」%K%P
%LCクレール
%LCクレール
「そう。この校舎ぐらいの広さなら、\n　だいたいの場所はわかっちゃうから」%K%P
「そう。この校舎ぐらいの広さなら、\n　だいたいの場所はわかっちゃうから」%K%P
%LC陽菜
%LC陽菜
「クレールの嗅覚が敏感なのは知ってるけど、\n　それは、さすがに……」%K%P
「クレールの嗅覚が敏感なのは知ってるけど、\n　それは、さすがに……」%K%P
%LCクレール
%LCクレール
「私が陽菜ちゃんの秘密を知ったのも、\n　この嗅覚のおかげだった、って言ったら？」%K%P
「私が陽菜ちゃんの秘密を知ったのも、\n　この嗅覚のおかげだった、って言ったら？」%K%P
%LC陽菜
%LC陽菜
「……？　どういうこと？」%K%P
「……？　どういうこと？」%K%P
%LCクレール
%LCクレール
「{歌姫:ディーバ}のドレスを試着した日、\n　陽菜ちゃん、ハンカチを落としたでしょ？」%K%P
「{歌姫:ディーバ}のドレスを試着した日、\n　陽菜ちゃん、ハンカチを落としたでしょ？」%K%P
%LC陽菜
%LC陽菜
「そうだけど……って、あれ？\n　その話、クレールにしてないはずじゃ」%K%P
「そうだけど……って、あれ？\n　その話、クレールにしてないはずじゃ」%K%P
%LCクレール
%LCクレール
「そうね。だって、あのハンカチ、\n　私が部室のドアの前で落としたんだもの」%K%P
「そうね。だって、あのハンカチ、\n　私が部室のドアの前で落としたんだもの」%K%P
%LC陽菜
%LC陽菜
「……へ？」%K%P
「……へ？」%K%P
%LCクレール
%LCクレール
「もともとあのハンカチは、ドレスを試着したとき、\n　陽菜ちゃんが教室に忘れていったものなのよ」%K%P
「もともとあのハンカチは、ドレスを試着したとき、\n　陽菜ちゃんが教室に忘れていったものなのよ」%K%P
%LCクレール
%LCクレール
「で、私がそれに気付いて。匂いを頼りに、\n　陽菜ちゃんに届けてあげようとしたの」%K%P
「で、私がそれに気付いて。匂いを頼りに、\n　陽菜ちゃんに届けてあげようとしたの」%K%P
%LCクレール
%LCクレール
「そうしたら、陽菜ちゃんのオナニーを目撃して。\n　驚いてドアの前に落としちゃったというわけ」%K%P
「そうしたら、陽菜ちゃんのオナニーを目撃して。\n　驚いてドアの前に落としちゃったというわけ」%K%P
%LC陽菜
%LC陽菜
「じゃあ……もし、私がドレスを試着した時、\n　ハンカチを落としてなかったら――」%K%P
「じゃあ……もし、私がドレスを試着した時、\n　ハンカチを落としてなかったら――」%K%P
%LCクレール
%LCクレール
「私が陽菜ちゃんの秘密に気付くことも、\n　なかったかもしれないわね」%K%P
「私が陽菜ちゃんの秘密に気付くことも、\n　なかったかもしれないわね」%K%P
%LC陽菜
%LC陽菜
「そうだったんだ……」%K%P
「そうだったんだ……」%K%P
いまになって明かされたハンカチの真相に、\n手品の種明かしをされたような気分になってしまう。%K%P
いまになって明かされたハンカチの真相に、\n手品の種明かしをされたような気分になってしまう。%K%P
%LC陽菜
%LC陽菜
「……素朴な疑問なんだけど。\n　クレールの嗅覚って、どれだけすごいの？」%K%P
「……素朴な疑問なんだけど。\n　クレールの嗅覚って、どれだけすごいの？」%K%P
匂いだけで相手の居場所を突き止める時点で、\n相当にすごいのはわかる。%K%P
匂いだけで相手の居場所を突き止める時点で、\n相当にすごいのはわかる。%K%P
オレが勃起したことも、匂いで分かるって\n言い切ってしまうぐらいだし。%K%P
オレが勃起したことも、匂いで分かるって\n言い切ってしまうぐらいだし。%K%P
%LCクレール
%LCクレール
「自分にとっては当たり前のことだから、\n　説明するのは、ちょっと難しいんだけど……」%K%P
「自分にとっては当たり前のことだから、\n　説明するのは、ちょっと難しいんだけど……」%K%P
%LCクレール
%LCクレール
「……そうね。よかったら明日の放課後、\n　トレーニングルームでゲームをしない？」%K%P
「……そうね。よかったら明日の放課後、\n　トレーニングルームでゲームをしない？」%K%P
%LC陽菜
%LC陽菜
「ゲーム？」%K%P
「ゲーム？」%K%P
%LCクレール
%LCクレール
「そっ、ちょっとした勝負。そうすれば、\n　陽菜ちゃんも納得してくれると思うし」%K%P
「そっ、ちょっとした勝負。そうすれば、\n　陽菜ちゃんも納得してくれると思うし」%K%P
%LCクレール
%LCクレール
「クラスのみんなや美実たちには、\n　私から事情を説明して、準備もしておくから」%K%P
「クラスのみんなや美実たちには、\n　私から事情を説明して、準備もしておくから」%K%P
%LCクレール
%LCクレール
「と、いうわけで。ね？\n　明日の放課後、私と勝負しましょ？」%K%P
「と、いうわけで。ね？\n　明日の放課後、私と勝負しましょ？」%K%P
――そんなわけで、翌日の放課後。%K%P
――そんなわけで、翌日の放課後。%K%P
クレールに言われた通り、\nトレーニングルームへ行ってみると。%K%P
クレールに言われた通り、\nトレーニングルームへ行ってみると。%K%P
%LCクレール
%LCクレール
「いらっしゃい、陽菜ちゃん」%K%P
「いらっしゃい、陽菜ちゃん」%K%P
そこで待っていたのは、フィエルテ姿ではなく、\n制服姿のクレールだった。%K%P
そこで待っていたのは、フィエルテ姿ではなく、\n制服姿のクレールだった。%K%P
%LCクレール
%LCクレール
「これから陽菜ちゃんとやるゲームは、\n　ずばり、オニごっこよ」%K%P
「これから陽菜ちゃんとやるゲームは、\n　ずばり、オニごっこよ」%K%P
%LCクレール
%LCクレール
「オニは陽菜ちゃんで、私は逃げる役。\n　私にタッチできたら陽菜ちゃんの勝ち」%K%P
「オニは陽菜ちゃんで、私は逃げる役。\n　私にタッチできたら陽菜ちゃんの勝ち」%K%P
%LCクレール
%LCクレール
「もちろん、普通のオニごっこじゃないわよ。\n　私は、これを使うから」%K%P
「もちろん、普通のオニごっこじゃないわよ。\n　私は、これを使うから」%K%P
そう言ってクレールが取り出したのは、\n目隠しと耳栓だった。%K%P
そう言ってクレールが取り出したのは、\n目隠しと耳栓だった。%K%P
%LCクレール
%LCクレール
「ズルするつもりはないけど、念のため。\n　どっちも陽菜ちゃんの手で確認してくれる？」%K%P
「ズルするつもりはないけど、念のため。\n　どっちも陽菜ちゃんの手で確認してくれる？」%K%P
%LC陽菜
%LC陽菜
「つまり……クレールは匂いだけを頼りに、\n　私から逃げ切るってこと？」%K%P
「つまり……クレールは匂いだけを頼りに、\n　私から逃げ切るってこと？」%K%P
%LCクレール
%LCクレール
「そういうこと」%K%P
「そういうこと」%K%P
%LCクレール
%LCクレール
「耳栓はやりすぎかなって思ったんだけど、\n　足音や衣擦れも、ヒントになっちゃうでしょ？」%K%P
「耳栓はやりすぎかなって思ったんだけど、\n　足音や衣擦れも、ヒントになっちゃうでしょ？」%K%P
%LCクレール
%LCクレール
「どうせやるなら、徹底したほうが楽しいし」%K%P
「どうせやるなら、徹底したほうが楽しいし」%K%P
%LCクレール
%LCクレール
「フィールドは、このトレーニングルーム全体。\n　外へ逃げることはないから安心して」%K%P
「フィールドは、このトレーニングルーム全体。\n　外へ逃げることはないから安心して」%K%P
%LCクレール
%LCクレール
「時間は……３分にしましょうか。\n　１分だと、あっという間だろうし」%K%P
「時間は……３分にしましょうか。\n　１分だと、あっという間だろうし」%K%P
言いつつ、クレールはスマホを操作して、\nオレにも見えるようにアラームをセットする。%K%P
言いつつ、クレールはスマホを操作して、\nオレにも見えるようにアラームをセットする。%K%P
%LCクレール
%LCクレール
「アラームだと耳栓で気づけないから、\n　バイブモードにして……っと」%K%P
「アラームだと耳栓で気づけないから、\n　バイブモードにして……っと」%K%P
%LCクレール
%LCクレール
「じゃあ、目隠ししたあと、耳栓をするから。\n　それを合図に、ゲームスタートね？」%K%P
「じゃあ、目隠ししたあと、耳栓をするから。\n　それを合図に、ゲームスタートね？」%K%P
というわけで、オニごっこが始まった。%K%P
というわけで、オニごっこが始まった。%K%P
視覚と聴覚を封じるというのは、\nこういうゲームにおいて、とんでもないハンデだ。%K%P
視覚と聴覚を封じるというのは、\nこういうゲームにおいて、とんでもないハンデだ。%K%P
だから正直、楽勝だと思っていたんだけど――、%K%P
だから正直、楽勝だと思っていたんだけど――、%K%P
%LC陽菜
%LC陽菜
「せいっ！」%K%P
「せいっ！」%K%P
ひらりっ。%K%P
ひらりっ。%K%P
%LC陽菜
%LC陽菜
「このっ……！」%K%P
「このっ……！」%K%P
ひらりっ。%K%P
ひらりっ。%K%P
%LC陽菜
%LC陽菜
「くっ……うそでしょっ……？！」%K%P
「くっ……うそでしょっ……？！」%K%P
どんなに手を伸ばしても、\n息を潜めて後ろから近づいても。%K%P
どんなに手を伸ばしても、\n息を潜めて後ろから近づいても。%K%P
あと一歩というところで、\nオレの手はクレールに届かない。%K%P
あと一歩というところで、\nオレの手はクレールに届かない。%K%P
%LCクレール
%LCクレール
「オニさんこちらっ、手の鳴るほうへっ氈v%K%P
「オニさんこちらっ、手の鳴るほうへっ氈v%K%P
%LC陽菜
%LC陽菜
「くぅっ……！」%K%P
「くぅっ……！」%K%P
余裕たっぷりなクレールに思わず呻いてしまうけど、\nその声すら彼女には聞こえていないはずだ。%K%P
余裕たっぷりなクレールに思わず呻いてしまうけど、\nその声すら彼女には聞こえていないはずだ。%K%P
暗闇かつ無音な世界のなかで、\nここまで完璧に相手の場所が分かるなんて。%K%P
暗闇かつ無音な世界のなかで、\nここまで完璧に相手の場所が分かるなんて。%K%P
%LC陽菜
%LC陽菜
「早くしないと、時間がっ……」%K%P
「早くしないと、時間がっ……」%K%P
余裕があるとすら感じた３分というリミットが、\nあっという間に過ぎていく。%K%P
余裕があるとすら感じた３分というリミットが、\nあっという間に過ぎていく。%K%P
焦れば焦るほど、手に、汗が――、%K%P
焦れば焦るほど、手に、汗が――、%K%P
%LCクレール
%LCクレール
「あっ……陽菜ちゃん、汗かいてるでしょ？」%K%P
「あっ……陽菜ちゃん、汗かいてるでしょ？」%K%P
%LC陽菜
%LC陽菜
「いっ……？！」%K%P
「いっ……？！」%K%P
%LCクレール
%LCクレール
「ふふっ、悔しがる顔が見れなくて残念。\n　まあ、想像はついちゃうんだけどっ……氈v%K%P
「ふふっ、悔しがる顔が見れなくて残念。\n　まあ、想像はついちゃうんだけどっ……氈v%K%P
%LCクレール
%LCクレール
「ほぅら、陽菜ちゃん、はやくはやくっ。\n　このままだと私が勝っちゃうわよ？」%K%P
「ほぅら、陽菜ちゃん、はやくはやくっ。\n　このままだと私が勝っちゃうわよ？」%K%P
%LC陽菜
%LC陽菜
「くぅっ……！」%K%P
「くぅっ……！」%K%P
挑発するって感じじゃなく、純粋に楽しそうに、\nくるっと回ってスカートを翻すクレール。%K%P
挑発するって感じじゃなく、純粋に楽しそうに、\nくるっと回ってスカートを翻すクレール。%K%P
そこを狙って突撃してみたけれど、\nそれこそ闘牛士みたいに、ひらっとかわされて。%K%P
そこを狙って突撃してみたけれど、\nそれこそ闘牛士みたいに、ひらっとかわされて。%K%P
そして、ついにタイムアップ――。%K%P
そして、ついにタイムアップ――。%K%P
%LCクレール
%LCクレール
「っと……どうやら、私の勝ちみたいね」%K%P
「っと……どうやら、私の勝ちみたいね」%K%P
ブーブーというバイブの振動音が鳴り響くと、\nクレールはスマホを取り出し、それを止めて。%K%P
ブーブーというバイブの振動音が鳴り響くと、\nクレールはスマホを取り出し、それを止めて。%K%P
さらに、目隠しと耳栓を外し、息を吐いた。%K%P
さらに、目隠しと耳栓を外し、息を吐いた。%K%P
%LCクレール
%LCクレール
「ふぅ……。どう？　陽菜ちゃん。\n　私の嗅覚のすごさ、少しは伝わった？」%K%P
「ふぅ……。どう？　陽菜ちゃん。\n　私の嗅覚のすごさ、少しは伝わった？」%K%P
%LC陽菜
%LC陽菜
「うん……。まさか、あそこまで分かるなんて……」%K%P
「うん……。まさか、あそこまで分かるなんて……」%K%P
百聞は一見にしかずとはよく言ったもので、\n彼女の嗅覚の凄まじさを、身を以て分からされた。%K%P
百聞は一見にしかずとはよく言ったもので、\n彼女の嗅覚の凄まじさを、身を以て分からされた。%K%P
%LC陽菜
%LC陽菜
「けど、嗅覚だけでこんなに分かるなら、\n　普段の戦いでも相当有利なんじゃない？」%K%P
「けど、嗅覚だけでこんなに分かるなら、\n　普段の戦いでも相当有利なんじゃない？」%K%P
アリアンロッドや深皇でのアリアは、\n広大な森の中を舞台に、敵味方が入り乱れて戦う。%K%P
アリアンロッドや深皇でのアリアは、\n広大な森の中を舞台に、敵味方が入り乱れて戦う。%K%P
そんな中で、相手の位置が分かる能力は、\nとんでもなく状況を有利にする。%K%P
そんな中で、相手の位置が分かる能力は、\nとんでもなく状況を有利にする。%K%P
不意打ちや待ち伏せの類いを防げるし、\n味方との合流だって、しやすくなるだろう。%K%P
不意打ちや待ち伏せの類いを防げるし、\n味方との合流だって、しやすくなるだろう。%K%P
もっといえば、歌姫の歌に頼ることなく、\n匂いで見つけてしまうことだって出来るわけで。%K%P
もっといえば、歌姫の歌に頼ることなく、\n匂いで見つけてしまうことだって出来るわけで。%K%P
%LCクレール
%LCクレール
「確かに有効な場面もあるんだけど、\n　弱点も多いから、一長一短って感じなの」%K%P
「確かに有効な場面もあるんだけど、\n　弱点も多いから、一長一短って感じなの」%K%P
%LCクレール
%LCクレール
「アリアって森の中で戦うでしょ？　だから、\n　風向きによっては、まるで役に立たないし」%K%P
「アリアって森の中で戦うでしょ？　だから、\n　風向きによっては、まるで役に立たないし」%K%P
%LCクレール
%LCクレール
「そもそも木々や土の匂いが濃い場所だと、\n　人の匂いって、はっきりとは分からないから」%K%P
「そもそも木々や土の匂いが濃い場所だと、\n　人の匂いって、はっきりとは分からないから」%K%P
%LCクレール
%LCクレール
「他にも、風邪を引いたらその時点でダメだし、\n　残り香に惑わされて自滅しかけたこともあるし」%K%P
「他にも、風邪を引いたらその時点でダメだし、\n　残り香に惑わされて自滅しかけたこともあるし」%K%P
%LC陽菜
%LC陽菜
「むぅ……」%K%P
「むぅ……」%K%P
魔法みたいな力に思えてしまうけど、\n万能ではないってことなんだろう。%K%P
魔法みたいな力に思えてしまうけど、\n万能ではないってことなんだろう。%K%P
それでも、さっきのオニごっこを思えば、\nすごいことには変わりないんだけど。%K%P
それでも、さっきのオニごっこを思えば、\nすごいことには変わりないんだけど。%K%P
%LCクレール
%LCクレール
「でもね……こういった屋内であれば、\n　かなり正確にわかるし、有効活用できるの」%K%P
「でもね……こういった屋内であれば、\n　かなり正確にわかるし、有効活用できるの」%K%P
なんて言いつつ、クレールは再び、\n今度は目隠しだけを身につけて。%K%P
なんて言いつつ、クレールは再び、\n今度は目隠しだけを身につけて。%K%P
%LCクレール
%LCクレール
「たとえば……こんなふうにっ氈v%K%P
「たとえば……こんなふうにっ氈v%K%P
%LC陽菜
%LC陽菜
%XS21「んにゃあっ！？」%XE%K%P
%XS21「んにゃあっ！？」%XE%K%P
いきなり抱きつかれた衝撃と驚きで、\nトレーニングルームにうわずった悲鳴が響き渡る。%K%P
いきなり抱きつかれた衝撃と驚きで、\nトレーニングルームにうわずった悲鳴が響き渡る。%K%P
そして股間を見下ろし、もっと驚くことに。%K%P
そして股間を見下ろし、もっと驚くことに。%K%P
%LC陽菜
%LC陽菜
「くっ……クレール、いつのまにっ……」%K%P
「くっ……クレール、いつのまにっ……」%K%P
タックルみたいなハグで尻餅をついてしまい、\nお尻をさすろうと見下ろせば、この光景。%K%P
タックルみたいなハグで尻餅をついてしまい、\nお尻をさすろうと見下ろせば、この光景。%K%P
いつのまに手を滑り込ませたのか、\nクレールはオレのペニスを取り出していた。%K%P
いつのまに手を滑り込ませたのか、\nクレールはオレのペニスを取り出していた。%K%P
%LCクレール
%LCクレール
「ねっ？　すごいでしょ？\n　見えなくてもわかっちゃうの」%K%P
「ねっ？　すごいでしょ？\n　見えなくてもわかっちゃうの」%K%P
%LCクレール
%LCクレール
「だから……陽菜ちゃんがオニごっこの最中、\n　興奮してたこともお見通しなんだから」%K%P
「だから……陽菜ちゃんがオニごっこの最中、\n　興奮してたこともお見通しなんだから」%K%P
%LCクレール
%LCクレール
「私のスカートが翻るたび、ち○ぽが反応してたの、\n　ちゃーんと匂いで分かってるってことっ氈v%K%P
「私のスカートが翻るたび、ち○ぽが反応してたの、\n　ちゃーんと匂いで分かってるってことっ氈v%K%P
%LC陽菜
%LC陽菜
「あっ……ちょっ、んぅッ」%K%P
「あっ……ちょっ、んぅッ」%K%P
両手でペニスを抱っこしたクレールは、\n子犬みたいに、鼻先をぐっと亀頭へ近寄せる。%K%P
両手でペニスを抱っこしたクレールは、\n子犬みたいに、鼻先をぐっと亀頭へ近寄せる。%K%P
%LCクレール
%LCクレール
「すぅー……はぁー……んふ、うふふっ歃n　陽菜ちゃんのち○ぽの匂い、大好きっ……氈v%K%P
「すぅー……はぁー……んふ、うふふっ歃n　陽菜ちゃんのち○ぽの匂い、大好きっ……氈v%K%P
%LCクレール
%LCクレール
「とくに、下着の中で勃起して少し蒸れちゃった、\n　このぐらいの感じが……んふっ、んふふっ氈v%K%P
「とくに、下着の中で勃起して少し蒸れちゃった、\n　このぐらいの感じが……んふっ、んふふっ氈v%K%P
%LC陽菜
%LC陽菜
「はうッ……やっ、ああっ……」%K%P
「はうッ……やっ、ああっ……」%K%P
目隠しで表情は半分ぐらい隠れてるのに、\nうっとりした声と口元が、すべてを物語る。%K%P
目隠しで表情は半分ぐらい隠れてるのに、\nうっとりした声と口元が、すべてを物語る。%K%P
目が合うはずないのに見つめられてるみたいで、\n背筋と玉袋が、一緒になってぞくっと震えた。%K%P
目が合うはずないのに見つめられてるみたいで、\n背筋と玉袋が、一緒になってぞくっと震えた。%K%P
%LCクレール
%LCクレール
「でも、こんな私でも、わからないことがあって。\n　それをずーっと知りたいなって思ってたの」%K%P
「でも、こんな私でも、わからないことがあって。\n　それをずーっと知りたいなって思ってたの」%K%P
%LCクレール
%LCクレール
「陽菜ちゃん、なんだかわかる？」%K%P
「陽菜ちゃん、なんだかわかる？」%K%P
%LC陽菜
%LC陽菜
「なっ、なに……？」%K%P
「なっ、なに……？」%K%P
%LCクレール
%LCクレール
「それはね……れーろっ氈v%K%P
「それはね……れーろっ氈v%K%P
%LC陽菜
%LC陽菜
「やっ、んぅっ……！」%K%P
「やっ、んぅっ……！」%K%P
クレールの舌が、れろっと亀頭を舐め上げる。%K%P
クレールの舌が、れろっと亀頭を舐め上げる。%K%P
唾液たっぷりの舌の柔らかさと湿り気に、\nお尻の穴が縮こまる感じで、腰が浮き上がった。%K%P
唾液たっぷりの舌の柔らかさと湿り気に、\nお尻の穴が縮こまる感じで、腰が浮き上がった。%K%P
%LCクレール
%LCクレール
「ぺろっ、ちゅっ……ちゅぷぷ、れるるぅ歃n　ふむ、ふむ、なるほど……ふふっ、れるるっ氈v%K%P
「ぺろっ、ちゅっ……ちゅぷぷ、れるるぅ歃n　ふむ、ふむ、なるほど……ふふっ、れるるっ氈v%K%P
%LC陽菜
%LC陽菜
「やうッ、はふっ……あっ、ああっ」%K%P
「やうッ、はふっ……あっ、ああっ」%K%P
ペニスの表面を確かめるように手で撫でながら、\nクレールは、じっくりねっとりペニスを舐める。%K%P
ペニスの表面を確かめるように手で撫でながら、\nクレールは、じっくりねっとりペニスを舐める。%K%P
たまに頷く仕草と相まって、\nまるでテイスティングしてるみたいだ。%K%P
たまに頷く仕草と相まって、\nまるでテイスティングしてるみたいだ。%K%P
%LCクレール
%LCクレール
「と、いうわけで……正解は、\n　陽菜ちゃんのち○ぽの味でしたっ氈v%K%P
「と、いうわけで……正解は、\n　陽菜ちゃんのち○ぽの味でしたっ氈v%K%P
%LCクレール
%LCクレール
「陽菜ちゃんがおっぱいの味に興味があったように、\n　私も、ち○ぽの味が、ずっと知りたくて……」%K%P
「陽菜ちゃんがおっぱいの味に興味があったように、\n　私も、ち○ぽの味が、ずっと知りたくて……」%K%P
%LCクレール
%LCクレール
「でもね……ちゅっ、れろっ……なかなか、\n　あむっ……機会がなくて……れろんっ氈v%K%P
「でもね……ちゅっ、れろっ……なかなか、\n　あむっ……機会がなくて……れろんっ氈v%K%P
%LCクレール
%LCクレール
「本当は、ちゅぷ、この前、お泊まりに行ったとき、\n　れるれる、確かめようと思っていたんだけど」%K%P
「本当は、ちゅぷ、この前、お泊まりに行ったとき、\n　れるれる、確かめようと思っていたんだけど」%K%P
%LCクレール
%LCクレール
「でも、あの日は……ちゅぷ、ちゅるるるっ、\n　陽菜ちゃんを、れろっ、あやすのに夢中でっ……」%K%P
「でも、あの日は……ちゅぷ、ちゅるるるっ、\n　陽菜ちゃんを、れろっ、あやすのに夢中でっ……」%K%P
%LCクレール
%LCクレール
「気付いたら……ちゅぷるる、おま○こで、\n　ち○ぽをハグしちゃってて……んー、ちゅっ氈v%K%P
「気付いたら……ちゅぷるる、おま○こで、\n　ち○ぽをハグしちゃってて……んー、ちゅっ氈v%K%P
%LCクレール
%LCクレール
「それで……れろっ、今日までずっと……あむっ、\n　おしゃぶり出来ずに、おあずけになってて……氈v%K%P
「それで……れろっ、今日までずっと……あむっ、\n　おしゃぶり出来ずに、おあずけになってて……氈v%K%P
%LC陽菜
%LC陽菜
「んっ……クレール、お願い、\n　舐めるか喋るか、どっちかでっ……」%K%P
「んっ……クレール、お願い、\n　舐めるか喋るか、どっちかでっ……」%K%P
今にも頬ずりしそうなクレールは、\n嬉しそうに喋りながらペニスを味わっていく。%K%P
今にも頬ずりしそうなクレールは、\n嬉しそうに喋りながらペニスを味わっていく。%K%P
彼女がペニスを舐めるのが初めてってことは、\n当然、こっちも舐められるのは初めてってことで。%K%P
彼女がペニスを舐めるのが初めてってことは、\n当然、こっちも舐められるのは初めてってことで。%K%P
未体験の快感で脳はいっぱいいっぱいなのに、\n熱心に話されても、内容がまるで頭に入らない。%K%P
未体験の快感で脳はいっぱいいっぱいなのに、\n熱心に話されても、内容がまるで頭に入らない。%K%P
%LCクレール
%LCクレール
「んっ……じゃあ、さきにたっぷり味わってから、\n　そのあとで、ゆっくりおしゃべりしましょ？」%K%P
「んっ……じゃあ、さきにたっぷり味わってから、\n　そのあとで、ゆっくりおしゃべりしましょ？」%K%P
%LCクレール
%LCクレール
「陽菜ちゃんのち○ぽ、ビクビクってして、\n　今にも射精しちゃいそうだしっ……ふふっ氈v%K%P
「陽菜ちゃんのち○ぽ、ビクビクってして、\n　今にも射精しちゃいそうだしっ……ふふっ氈v%K%P
%LCクレール
%LCクレール
「ではでは、あらためて……いただきまぁすっ歃n　れろ……れーる、ちゅっ、ぢゅぢゅぢゅるっ氈v%K%P
「ではでは、あらためて……いただきまぁすっ歃n　れろ……れーる、ちゅっ、ぢゅぢゅぢゅるっ氈v%K%P
%LC陽菜
%LC陽菜
「ふいッ……！？　くっ、あっ、んやあッ」%K%P
「ふいッ……！？　くっ、あっ、んやあッ」%K%P
行儀良く挨拶をしたクレールの唇が、\n軽く傾けたペニスのカリ首に、ぴたっと吸い付く。%K%P
行儀良く挨拶をしたクレールの唇が、\n軽く傾けたペニスのカリ首に、ぴたっと吸い付く。%K%P
それはまるで、首筋に噛みつく吸血鬼みたいで。%K%P
それはまるで、首筋に噛みつく吸血鬼みたいで。%K%P
ちろっと伸びた舌に亀頭の傘裏を舐めまわされて、\n一瞬で、頭と腰がおかしくなった。%K%P
ちろっと伸びた舌に亀頭の傘裏を舐めまわされて、\n一瞬で、頭と腰がおかしくなった。%K%P
%LCクレール
%LCクレール
「れる、れろっ……ちゅっ、じゅぷ、れるるっ、\n　ちゅぷちゅぷ、じゅるっ……んくっ、はむむっ」%K%P
「れる、れろっ……ちゅっ、じゅぷ、れるるっ、\n　ちゅぷちゅぷ、じゅるっ……んくっ、はむむっ」%K%P
%LCクレール
%LCクレール
「んぷっ……んぐ、んくくっ……んふ、んふふっ歃n　れろれろ……れるっ　ちゅっ、ちゅぷるるっ氈v%K%P
「んぷっ……んぐ、んくくっ……んふ、んふふっ歃n　れろれろ……れるっ　ちゅっ、ちゅぷるるっ氈v%K%P
%LC陽菜
%LC陽菜
「んひっ……はっ、ひあっ、あ、ああっ」%K%P
「んひっ……はっ、ひあっ、あ、ああっ」%K%P
宣言通り、黙々と舐めていくクレールの舌は、\nあっという間にペニスを唾液まみれにした。%K%P
宣言通り、黙々と舐めていくクレールの舌は、\nあっという間にペニスを唾液まみれにした。%K%P
濡れたペニスを握る１０本の指は、\nさらに唾液を塗り広げるように、うねうね動いて。%K%P
濡れたペニスを握る１０本の指は、\nさらに唾液を塗り広げるように、うねうね動いて。%K%P
ぬるぬるの指と、とろとろの舌が組み合わさると、\n尋常じゃない快感が、足腰にまで広がって――、%K%P
ぬるぬるの指と、とろとろの舌が組み合わさると、\n尋常じゃない快感が、足腰にまで広がって――、%K%P
%LCクレール
%LCクレール
「れろろ、ちゅっ、ちゅるるっ、んーまっ歃n　はむっ……ぢゅぷぢゅぷ、りゅぷぷっ氈v%K%P
「れろろ、ちゅっ、ちゅるるっ、んーまっ歃n　はむっ……ぢゅぷぢゅぷ、りゅぷぷっ氈v%K%P
%LCクレール
%LCクレール
「んっぐぅ……ふはぁ　はふぅ……じゅるるっ、\n　じゅっ、じゅぷっ……ぢゅるるりゅりゅっ氈v%K%P
「んっぐぅ……ふはぁ　はふぅ……じゅるるっ、\n　じゅっ、じゅぷっ……ぢゅるるりゅりゅっ氈v%K%P
%LC陽菜
%LC陽菜
「ひうッ……？！　ふあっ、あっ、んあうっ、\n　やっ……それっ……はふっ、ひぁうッ氈v%K%P
「ひうッ……？！　ふあっ、あっ、んあうっ、\n　やっ……それっ……はふっ、ひぁうッ氈v%K%P
フェラチオに徹するクレールの唇は凄まじく、\n蹂躙されたペニスが、さらに硬さを増していく。%K%P
フェラチオに徹するクレールの唇は凄まじく、\n蹂躙されたペニスが、さらに硬さを増していく。%K%P
ちょっと力むと、びくっと跳ね上がって、\nカウパーが運動中の汗みたいに飛び散った。%K%P
ちょっと力むと、びくっと跳ね上がって、\nカウパーが運動中の汗みたいに飛び散った。%K%P
%LCクレール
%LCクレール
「んむっ、じゅるるっ……はぁ、あむっ、んんっ、\n　ちゅ、ちゅ、ちゅっちゅっ　れりゅりゅっ氈v%K%P
「んむっ、じゅるるっ……はぁ、あむっ、んんっ、\n　ちゅ、ちゅ、ちゅっちゅっ　れりゅりゅっ氈v%K%P
%LCクレール
%LCクレール
「んむっ……んっ、んんっ……ちゅ、ちゅるっ、\n　ちゅぷ、ちゅぷ……れろれろれろれろっ氈v%K%P
「んむっ……んっ、んんっ……ちゅ、ちゅるっ、\n　ちゅぷ、ちゅぷ……れろれろれろれろっ氈v%K%P
%LC陽菜
%LC陽菜
「ひぐっ、あっ、それだめッ……んみゃあっ氈v%K%P
「ひぐっ、あっ、それだめッ……んみゃあっ氈v%K%P
尿道口を丹念に舐められ、思わずのけぞる。%K%P
尿道口を丹念に舐められ、思わずのけぞる。%K%P
堪えきれず漏れる甲高い声が、\n広いトレーニングルームに響き渡った。%K%P
堪えきれず漏れる甲高い声が、\n広いトレーニングルームに響き渡った。%K%P
普段は真剣に汗を流す場所で、\nまるで、女の子みたいに喘いじゃうなんてっ……。%K%P
普段は真剣に汗を流す場所で、\nまるで、女の子みたいに喘いじゃうなんてっ……。%K%P
%LC陽菜
%LC陽菜
「はあっ、ああっ、あああっ……だめっ、\n　ち○ぽが、ゾクって……ひぐっ、くァあっ」%K%P
「はあっ、ああっ、あああっ……だめっ、\n　ち○ぽが、ゾクって……ひぐっ、くァあっ」%K%P
声を堪えようにも歯止めはきかず、\nむしろ、背徳感がぐんぐん増していく。%K%P
声を堪えようにも歯止めはきかず、\nむしろ、背徳感がぐんぐん増していく。%K%P
スリルに沸き立つ血は海綿体に集まって、\nペニスはますますガチガチになって。%K%P
スリルに沸き立つ血は海綿体に集まって、\nペニスはますますガチガチになって。%K%P
そんなペニスを、クレールはすっごく嬉しそうに、\n頬張って、しゃぶって、舐め尽くして――、%K%P
そんなペニスを、クレールはすっごく嬉しそうに、\n頬張って、しゃぶって、舐め尽くして――、%K%P
%LC陽菜
%LC陽菜
「んッ……ヤバい、クレール、出そう……っ、\n　もうッ……ぐっ、あっ、あっ、あああっ」%K%P
「んッ……ヤバい、クレール、出そう……っ、\n　もうッ……ぐっ、あっ、あっ、あああっ」%K%P
%LCクレール
%LCクレール
「んーむっ？　れるっ？　ちゅぷぷっ、んむぅっ？」%K%P
「んーむっ？　れるっ？　ちゅぷぷっ、んむぅっ？」%K%P
%LCクレール
%LCクレール
「ちゅっ……れーろ、れるっ、ちゅるるっ？\n　はむっ……ちゅぷちゅぷ、ちゅぷぷっ？」%K%P
「ちゅっ……れーろ、れるっ、ちゅるるっ？\n　はむっ……ちゅぷちゅぷ、ちゅぷぷっ？」%K%P
%LC陽菜
%LC陽菜
「んッ……そうっ。もう、限界ッ……」%K%P
「んッ……そうっ。もう、限界ッ……」%K%P
クレールは声を発しているわけじゃないし、\n目隠しをしてるから、アイコンタクトも不可能で。%K%P
クレールは声を発しているわけじゃないし、\n目隠しをしてるから、アイコンタクトも不可能で。%K%P
それでも、しっかり気持ちが通じ合って――、%K%P
それでも、しっかり気持ちが通じ合って――、%K%P
%LCクレール
%LCクレール
「んんっ　んむっ、ちゅっ……じゅるるっ、\n　んむむっ……じゅるるっ、ふぐぅっ氈v%K%P
「んんっ　んむっ、ちゅっ……じゅるるっ、\n　んむむっ……じゅるるっ、ふぐぅっ氈v%K%P
%LCクレール
%LCクレール
「んーむっ、んむむっ　ぢゅる、あむっ歃n　ぢゅぷぷっ、ぢゅぷっ……ぢゅるるるるっ氈v%K%P
「んーむっ、んむむっ　ぢゅる、あむっ歃n　ぢゅぷぷっ、ぢゅぷっ……ぢゅるるるるっ氈v%K%P
%LC陽菜
%LC陽菜
「んぐッ……はッ、ぐっ、んぅぅううッ！！」%K%P
「んぐッ……はッ、ぐっ、んぅぅううッ！！」%K%P
%LCクレール
%LCクレール
「んぷっ、んんぅううううっ　んむっ、ぐっ、\n　んむむぅ……んぅ、んむっ、んんうぅぅ氈v%K%P
「んぷっ、んんぅううううっ　んむっ、ぐっ、\n　んむむぅ……んぅ、んむっ、んんうぅぅ氈v%K%P
%LCクレール
%LCクレール
「んっ……んぐっ、じゅる、んむぅ歃n　んむっ……んむっ、れろろっ、じゅぷるるっ氈v%K%P
「んっ……んぐっ、じゅる、んむぅ歃n　んむっ……んむっ、れろろっ、じゅぷるるっ氈v%K%P
%LC陽菜
%LC陽菜
「んはッ……はっ、あ、くぅ、んんッ……」%K%P
「んはッ……はっ、あ、くぅ、んんッ……」%K%P
射精の瞬間、ペニスが大きく反り返っても、\nクレールはそれをけっして手放さない。%K%P
射精の瞬間、ペニスが大きく反り返っても、\nクレールはそれをけっして手放さない。%K%P
それどころか、軽い手コキも交えながら、\nオレの精子を搾るように吸い上げていった。%K%P
それどころか、軽い手コキも交えながら、\nオレの精子を搾るように吸い上げていった。%K%P
%LCクレール
%LCクレール
「んむっ……ちゅっ、れろれろっ、んぅーむっ歃n　じゅぷる、ぢゅっぷ……んく、ごっくんっ氈v%K%P
「んむっ……ちゅっ、れろれろっ、んぅーむっ歃n　じゅぷる、ぢゅっぷ……んく、ごっくんっ氈v%K%P
%LCクレール
%LCクレール
「ふはっ……ふぅ、はぁ……んふふっ歃n　陽菜ちゃん、ごちそうさまっ……氈v%K%P
「ふはっ……ふぅ、はぁ……んふふっ歃n　陽菜ちゃん、ごちそうさまっ……氈v%K%P
%LC陽菜
%LC陽菜
「はぁ、はぁ……クレール、すごい……」%K%P
「はぁ、はぁ……クレール、すごい……」%K%P
最後に唇をぺろっと舐めたクレールの一言に、\nただただ感服し、白旗を掲げてしまう。%K%P
最後に唇をぺろっと舐めたクレールの一言に、\nただただ感服し、白旗を掲げてしまう。%K%P
こっちのお願いをしっかり守り切って、\nまさに黙々と、フェラチオを完遂するなんて……。%K%P
こっちのお願いをしっかり守り切って、\nまさに黙々と、フェラチオを完遂するなんて……。%K%P
%LCクレール
%LCクレール
「陽菜ちゃん、大丈夫？　お話、できそう？」%K%P
「陽菜ちゃん、大丈夫？　お話、できそう？」%K%P
%LC陽菜
%LC陽菜
「んっ……たぶん、どうにか……」%K%P
「んっ……たぶん、どうにか……」%K%P
%LCクレール
%LCクレール
「それじゃあ、あらためて――」%K%P
「それじゃあ、あらためて――」%K%P
%LCクレール
%LCクレール
「陽菜ちゃんのち○ぽ、\n　すっっっごく、美味しいっ……氈v%K%P
「陽菜ちゃんのち○ぽ、\n　すっっっごく、美味しいっ……氈v%K%P
%LCクレール
%LCクレール
「さっき、オニごっこで身体を動かしたでしょ？\n　だから陽菜ちゃんの内股、少し汗ばんでて」%K%P
「さっき、オニごっこで身体を動かしたでしょ？\n　だから陽菜ちゃんの内股、少し汗ばんでて」%K%P
%LCクレール
%LCクレール
「最初に亀頭をぺろって舐めたときはね、\n　汗の味がして、しょっぱいなって思ったの」%K%P
「最初に亀頭をぺろって舐めたときはね、\n　汗の味がして、しょっぱいなって思ったの」%K%P
%LCクレール
%LCクレール
「でも、すぐにカウパーがとろって垂れて……。\n　舐めた瞬間、ほっぺが落ちるかと思っちゃった」%K%P
「でも、すぐにカウパーがとろって垂れて……。\n　舐めた瞬間、ほっぺが落ちるかと思っちゃった」%K%P
%LCクレール
%LCクレール
「ちゅーちゅー吸うと、どんどん染み出して……。\n　美味しいから、いっぱいぺろぺろして……」%K%P
「ちゅーちゅー吸うと、どんどん染み出して……。\n　美味しいから、いっぱいぺろぺろして……」%K%P
%LCクレール
%LCクレール
「そうしておしっこの割れ目を舐めてたら、\n　亀頭がますます、ぷくっと膨らんできて……」%K%P
「そうしておしっこの割れ目を舐めてたら、\n　亀頭がますます、ぷくっと膨らんできて……」%K%P
%LCクレール
%LCクレール
「そのとき、尿道口がひくってしたの。\n　うっすら開く感じで、ひくひくって」%K%P
「そのとき、尿道口がひくってしたの。\n　うっすら開く感じで、ひくひくって」%K%P
%LCクレール
%LCクレール
「だから、そこを舌先で丹念にくすぐって……。\n　そうしたら、ますますち○ぽが勃起して」%K%P
「だから、そこを舌先で丹念にくすぐって……。\n　そうしたら、ますますち○ぽが勃起して」%K%P
%LCクレール
%LCクレール
「そのぐらいまでち○ぽがガチガチになると、\n　微かにだけど、精子の匂いがしてくるの……氈v%K%P
「そのぐらいまでち○ぽがガチガチになると、\n　微かにだけど、精子の匂いがしてくるの……氈v%K%P
%LCクレール
%LCクレール
「あっ、もうすぐ出ちゃうかも……って思ってたら、\n　陽菜ちゃんが、切なそうに出そうって言ってきて」%K%P
「あっ、もうすぐ出ちゃうかも……って思ってたら、\n　陽菜ちゃんが、切なそうに出そうって言ってきて」%K%P
%LCクレール
%LCクレール
「射精の寸前とか、ち○ぽの根元が、きゅん　って\n　縮こまる感じが、すっごく可愛かったっ氈v%K%P
「射精の寸前とか、ち○ぽの根元が、きゅん　って\n　縮こまる感じが、すっごく可愛かったっ氈v%K%P
%LCクレール
%LCクレール
「で、イッた瞬間は、噴水みたいに、\n　びゅるるーって、すっごい勢いで噴き出して」%K%P
「で、イッた瞬間は、噴水みたいに、\n　びゅるるーって、すっごい勢いで噴き出して」%K%P
%LCクレール
%LCクレール
「とにかく、たくさん出たんだけど……、\n　とくにすごかったのは、最初のほうなの」%K%P
「とにかく、たくさん出たんだけど……、\n　とくにすごかったのは、最初のほうなの」%K%P
%LCクレール
%LCクレール
「どぴゅって最初に出てきた精子は、\n　咽に絡むぐらい、とろとろで、濃厚で……」%K%P
「どぴゅって最初に出てきた精子は、\n　咽に絡むぐらい、とろとろで、濃厚で……」%K%P
%LCクレール
%LCクレール
「あつあつの搾りたてをごっくんすると、\n　まるで、陽菜ちゃんが染みてくるみたいで――」%K%P
「あつあつの搾りたてをごっくんすると、\n　まるで、陽菜ちゃんが染みてくるみたいで――」%K%P
%LCクレール
%LCクレール
「身体の芯から熱くなっていく感覚は、まさに、\n　ち○ぽミルクって感じで……んふ、んふふっ氈v%K%P
「身体の芯から熱くなっていく感覚は、まさに、\n　ち○ぽミルクって感じで……んふ、んふふっ氈v%K%P
%LCクレール
%LCクレール
「……って、陽菜ちゃん？　聞いてる？」%K%P
「……って、陽菜ちゃん？　聞いてる？」%K%P
%LC陽菜
%LC陽菜
「うっ、うん……。聞いてる、けど……」%K%P
「うっ、うん……。聞いてる、けど……」%K%P
圧倒されるって、こういうことを言うんだと思う。%K%P
圧倒されるって、こういうことを言うんだと思う。%K%P
味わったあとでおしゃべりしましょ、とは\n言ってたけど……まさか、これほどだなんて。%K%P
味わったあとでおしゃべりしましょ、とは\n言ってたけど……まさか、これほどだなんて。%K%P
あまりにも事細かに振り返るもんだから、\nこっちまで、一緒になって思い返してしまった。%K%P
あまりにも事細かに振り返るもんだから、\nこっちまで、一緒になって思い返してしまった。%K%P
最初に舌が触れてきた瞬間の生温かさから、\n彼女が精子を飲み干す、嚥下の音まで、克明に――、%K%P
最初に舌が触れてきた瞬間の生温かさから、\n彼女が精子を飲み干す、嚥下の音まで、克明に――、%K%P
%LCクレール
%LCクレール
「あっ……ち○ぽ、またびくって……氈v%K%P
「あっ……ち○ぽ、またびくって……氈v%K%P
ち○ぽを握ったままのクレールが、\n微かな震えに気づいて、嬉しそうに微笑む。%K%P
ち○ぽを握ったままのクレールが、\n微かな震えに気づいて、嬉しそうに微笑む。%K%P
もしいま彼女が目隠しをしてなかったら、\n目が合っただけで射精してたかもしれない。%K%P
もしいま彼女が目隠しをしてなかったら、\n目が合っただけで射精してたかもしれない。%K%P
%LCクレール
%LCクレール
「ねぇ、陽菜ちゃん。\n　ち○ぽ、おかわりしても――」%K%P
「ねぇ、陽菜ちゃん。\n　ち○ぽ、おかわりしても――」%K%P
%LC陽菜
%LC陽菜
「んっ……いいよ、クレールの好きにして」%K%P
「んっ……いいよ、クレールの好きにして」%K%P
１度目の射精で完敗してしまった以上、\nオレに出来ることは、身を委ねることぐらい。%K%P
１度目の射精で完敗してしまった以上、\nオレに出来ることは、身を委ねることぐらい。%K%P
むしろ、ここで出し切っておかないと、\n今日の夜とか絶対大変なことになる。%K%P
むしろ、ここで出し切っておかないと、\n今日の夜とか絶対大変なことになる。%K%P
%LCクレール
%LCクレール
「んふっ　それじゃあ……あーむっ氈v%K%P
「んふっ　それじゃあ……あーむっ氈v%K%P
%LCクレール
%LCクレール
「んむっ……ちゅっ、ぢゅるるっ……んむっ、\n　れろれろ、れるっ……ちゅぷ、れるるっ」%K%P
「んむっ……ちゅっ、ぢゅるるっ……んむっ、\n　れろれろ、れるっ……ちゅぷ、れるるっ」%K%P
%LCクレール
%LCクレール
「んはぁ、んぅ……　イッたあとのち○ぽ、\n　精子の味がして、もっと、おいしぃ……氈v%K%P
「んはぁ、んぅ……　イッたあとのち○ぽ、\n　精子の味がして、もっと、おいしぃ……氈v%K%P
%LCクレール
%LCクレール
「って……やだっ、いけないいけない。\n　ぺろぺろ中は、お静かに……ちゅっ、あむっ」%K%P
「って……やだっ、いけないいけない。\n　ぺろぺろ中は、お静かに……ちゅっ、あむっ」%K%P
思わずといった感じで感想を漏らした後、\nすぐにハッとして口を噤む。%K%P
思わずといった感じで感想を漏らした後、\nすぐにハッとして口を噤む。%K%P
そんなクレールが可愛くて、\n気付けば、彼女の頭に手を伸ばしていた。%K%P
そんなクレールが可愛くて、\n気付けば、彼女の頭に手を伸ばしていた。%K%P
%LCクレール
%LCクレール
「あっ……　この手、陽菜ちゃん……？」%K%P
「あっ……　この手、陽菜ちゃん……？」%K%P
%LC陽菜
%LC陽菜
「うん。クレールが可愛くて……つい」%K%P
「うん。クレールが可愛くて……つい」%K%P
%LCクレール
%LCクレール
「んっ……んふっ、えへへ……歃n　陽菜ちゃんになでなでされちゃった……氈v%K%P
「んっ……んふっ、えへへ……歃n　陽菜ちゃんになでなでされちゃった……氈v%K%P
%LC陽菜
%LC陽菜
「クレール、無理しないで、\n　舐めながら喋ってもいいよ？」%K%P
「クレール、無理しないで、\n　舐めながら喋ってもいいよ？」%K%P
%LCクレール
%LCクレール
「ほんとっ？」%K%P
「ほんとっ？」%K%P
%LC陽菜
%LC陽菜
「うん。さっきに比べれば、余裕もあるし。\n　だから、気にせず――」%K%P
「うん。さっきに比べれば、余裕もあるし。\n　だから、気にせず――」%K%P
%LCクレール
%LCクレール
「ありがと、陽菜ちゃんっ歃n　私、いっぱい美味しいって言っちゃう氈v%K%P
「ありがと、陽菜ちゃんっ歃n　私、いっぱい美味しいって言っちゃう氈v%K%P
%LCクレール
%LCクレール
「陽菜ちゃんのち○ぽは、ほんとっ……んーむぅ、\n　ひゅっごく、ひゅっごく、おいひぃのっ氈v%K%P
「陽菜ちゃんのち○ぽは、ほんとっ……んーむぅ、\n　ひゅっごく、ひゅっごく、おいひぃのっ氈v%K%P
オレが言い終わるよりも先に、\nクレールは再びペニスをぱくっと頬張って。%K%P
オレが言い終わるよりも先に、\nクレールは再びペニスをぱくっと頬張って。%K%P
そして、さっそく嬉しそうに口をもごもごっと。%K%P
そして、さっそく嬉しそうに口をもごもごっと。%K%P
%LCクレール
%LCクレール
「んまっ……ほら、わかりゅ？　さきっぽ、\n　したで、れろれろしてるの、わかりゅっ？」%K%P
「んまっ……ほら、わかりゅ？　さきっぽ、\n　したで、れろれろしてるの、わかりゅっ？」%K%P
%LCクレール
%LCクレール
「こーひゅると、おしっこのあなが……んむっ、\n　ひく、ひく……ふはっ、んむっ、れるるっ氈v%K%P
「こーひゅると、おしっこのあなが……んむっ、\n　ひく、ひく……ふはっ、んむっ、れるるっ氈v%K%P
%LCクレール
%LCクレール
「んぅ……ち○ぽ、びくびくっ……んふぅ歃n　それを、ひゃらにぃ……ちゅぷっ、れりゅう氈v%K%P
「んぅ……ち○ぽ、びくびくっ……んふぅ歃n　それを、ひゃらにぃ……ちゅぷっ、れりゅう氈v%K%P
%LCクレール
%LCクレール
「んーむぅ、れろっ……んふっ、ちゅぷぷっ歃n　どおっ？　ひなひゃん、きもひーいっ？」%K%P
「んーむぅ、れろっ……んふっ、ちゅぷぷっ歃n　どおっ？　ひなひゃん、きもひーいっ？」%K%P
%LC陽菜
%LC陽菜
「うんっ……それ、すっごくっ……ああッ」%K%P
「うんっ……それ、すっごくっ……ああッ」%K%P
さっきの黙々とペニスをしゃぶるクレールは、\n無我夢中って感じで、すごく愛しかった。%K%P
さっきの黙々とペニスをしゃぶるクレールは、\n無我夢中って感じで、すごく愛しかった。%K%P
けど、嬉々としてち○ぽのことを語りながら、\nうっとり舌を這わせるクレールも愛しくて。%K%P
けど、嬉々としてち○ぽのことを語りながら、\nうっとり舌を這わせるクレールも愛しくて。%K%P
フェラチオっていう状況が同じでも、\nこんなにも違う快感が得られるなんて――、%K%P
フェラチオっていう状況が同じでも、\nこんなにも違う快感が得られるなんて――、%K%P
%LC陽菜
%LC陽菜
「クレール、ほんと、すごいっ……」%K%P
「クレール、ほんと、すごいっ……」%K%P
%LCクレール
%LCクレール
「んむぅ……んふっ、えへへっ歃n　陽菜ちゃんに褒められちゃった……氈v%K%P
「んむぅ……んふっ、えへへっ歃n　陽菜ちゃんに褒められちゃった……氈v%K%P
%LCクレール
%LCクレール
「んっ、でも、陽菜ちゃんだってすごいのよ？\n　こんなにち○ぽ、ガチガチにしてっ……」%K%P
「んっ、でも、陽菜ちゃんだってすごいのよ？\n　こんなにち○ぽ、ガチガチにしてっ……」%K%P
%LCクレール
%LCクレール
「さっきよりも、おっきくふぇっ……あふっ、\n　はあっ……ほら、こんはひっ、おっひっ……氈v%K%P
「さっきよりも、おっきくふぇっ……あふっ、\n　はあっ……ほら、こんはひっ、おっひっ……氈v%K%P
%LCクレール
%LCクレール
「また、いっぱひ、びゅーびゅーして、ほひーから、\n　さっきより、はふはんっ……ぢゅぷぷ、んぐっ」%K%P
「また、いっぱひ、びゅーびゅーして、ほひーから、\n　さっきより、はふはんっ……ぢゅぷぷ、んぐっ」%K%P
%LCクレール
%LCクレール
「ふぅ、はっ……あむ、れるれるっ、れーろっ歃n　んッぐっ……じゅるる、じゅむるるるっ氈v%K%P
「ふぅ、はっ……あむ、れるれるっ、れーろっ歃n　んッぐっ……じゅるる、じゅむるるるっ氈v%K%P
深くくわえこむほど舌足らずになりながら、\nそれでもクレールは、咽せずにペニスを頬張る。%K%P
深くくわえこむほど舌足らずになりながら、\nそれでもクレールは、咽せずにペニスを頬張る。%K%P
亀頭からカリ首、さらには根元まで、\n彼女の舌は、どこにでもしっかり届いて。%K%P
亀頭からカリ首、さらには根元まで、\n彼女の舌は、どこにでもしっかり届いて。%K%P
たっぷりと絡んだ唾液は、竿どころか、\n玉袋にまで垂れるぐらいひたひただった。%K%P
たっぷりと絡んだ唾液は、竿どころか、\n玉袋にまで垂れるぐらいひたひただった。%K%P
%LC陽菜
%LC陽菜
「ぐっ……はぁ、あっ、それっ……んぐっ」%K%P
「ぐっ……はぁ、あっ、それっ……んぐっ」%K%P
%LCクレール
%LCクレール
「んっ……これ？　ここ？\n　陽菜ちゃん、これがいーの？」%K%P
「んっ……これ？　ここ？\n　陽菜ちゃん、これがいーの？」%K%P
%LC陽菜
%LC陽菜
「んっ……そこ、気持ちいいっ……」%K%P
「んっ……そこ、気持ちいいっ……」%K%P
%LCクレール
%LCクレール
「んふうっ　なら、もっと……んぐぐぐぅ氈v%K%P
「んふうっ　なら、もっと……んぐぐぐぅ氈v%K%P
%LC陽菜
%LC陽菜
「あふっ……あ、くぅ、んぅううッ」%K%P
「あふっ……あ、くぅ、んぅううッ」%K%P
咽にあたるぐらい亀頭が潜り込むと、\n彼女の舌の上に、カリ首から裏筋が収まって。%K%P
咽にあたるぐらい亀頭が潜り込むと、\n彼女の舌の上に、カリ首から裏筋が収まって。%K%P
その状態でクレールが舌を動かすと、\n目が眩むほど強い快感が、どばーっと――、%K%P
その状態でクレールが舌を動かすと、\n目が眩むほど強い快感が、どばーっと――、%K%P
%LC陽菜
%LC陽菜
「はうッ……あっ、すごっ……んうッ、\n　どうしよっ……これ、またっ……」%K%P
「はうッ……あっ、すごっ……んうッ、\n　どうしよっ……これ、またっ……」%K%P
%LCクレール
%LCクレール
「んうっ　んーぅ、れぷぷっ……ふはっ歃n　きてきてっ、陽菜ちゃん、もっかい出してっ？」%K%P
「んうっ　んーぅ、れぷぷっ……ふはっ歃n　きてきてっ、陽菜ちゃん、もっかい出してっ？」%K%P
%LCクレール
%LCクレール
「また、ぜんぶ、ごっくんするからっ……歃n　私の口に、もっかい、どぴゅってしてっ？」%K%P
「また、ぜんぶ、ごっくんするからっ……歃n　私の口に、もっかい、どぴゅってしてっ？」%K%P
%LCクレール
%LCクレール
「陽菜ちゃんの、濃いの、いっぱひっ……歃n　ぢゅっぷっ……ぢゅむむ、ぢゅぷぷぷるっ氈v%K%P
「陽菜ちゃんの、濃いの、いっぱひっ……歃n　ぢゅっぷっ……ぢゅむむ、ぢゅぷぷぷるっ氈v%K%P
%LC陽菜
%LC陽菜
「くあッ、あっ、はあっ、ああっ、\n　だめっ……そんな、吸い上げちゃッ――」%K%P
「くあッ、あっ、はあっ、ああっ、\n　だめっ……そんな、吸い上げちゃッ――」%K%P
%LCクレール
%LCクレール
「ぢゅぷるるっ　ぢゅぼ、ぢゅぷぷるぅうッ氈v%K%P
「ぢゅぷるるっ　ぢゅぼ、ぢゅぷぷるぅうッ氈v%K%P
%LC陽菜
%LC陽菜
「んみゃあっ　はあっ、あっ、んぁあッ氈v%K%P
「んみゃあっ　はあっ、あっ、んぁあッ氈v%K%P
こっちが怯むと、その隙を見逃さず、\nさらに強い技を仕掛けてオレを追い込んでいく。%K%P
こっちが怯むと、その隙を見逃さず、\nさらに強い技を仕掛けてオレを追い込んでいく。%K%P
さすがすぎる駆け引きに、クレールの口内で、\nペニスは一気に、絶頂へと追い込まれて――、%K%P
さすがすぎる駆け引きに、クレールの口内で、\nペニスは一気に、絶頂へと追い込まれて――、%K%P
%LC陽菜
%LC陽菜
「はあっ、はあっ……あっ、イクっ、\n　出ちゃっ……ぐっ、あぁっ、あぁああっ！」%K%P
「はあっ、はあっ……あっ、イクっ、\n　出ちゃっ……ぐっ、あぁっ、あぁああっ！」%K%P
%LCクレール
%LCクレール
「んぶッ……ぐっ、んぅぅんんんんんッ滲氈v%K%P
「んぶッ……ぐっ、んぅぅんんんんんッ滲氈v%K%P
%LCクレール
%LCクレール
「はふっ……ふっ、はあっ……びゅびゅーって、\n　せーし、しゅごひっ、出てっ……んぁアふッ氈v%K%P
「はふっ……ふっ、はあっ……びゅびゅーって、\n　せーし、しゅごひっ、出てっ……んぁアふッ氈v%K%P
%LCクレール
%LCクレール
「ち○ぽ、ミルク、どくどくぅって……あぁ、\n　はぁ、ああっ……　んぅ、んぐっ、んぐっ氈v%K%P
「ち○ぽ、ミルク、どくどくぅって……あぁ、\n　はぁ、ああっ……　んぅ、んぐっ、んぐっ氈v%K%P
射精の快感で腰が浮き上がって、\n亀頭がクレールの咽奥にぐりっと擦れる。%K%P
射精の快感で腰が浮き上がって、\n亀頭がクレールの咽奥にぐりっと擦れる。%K%P
普通ならえづいておかしくない刺激なのに、\nクレールはさらに深く、自らペニスを迎え入れた。%K%P
普通ならえづいておかしくない刺激なのに、\nクレールはさらに深く、自らペニスを迎え入れた。%K%P
%LCクレール
%LCクレール
「んふぅー　ふー、ふぅぅーっ……歃n　んむっ……んぅぅっ、ふっ、ふぅーっ……氈v%K%P
「んふぅー　ふー、ふぅぅーっ……歃n　んむっ……んぅぅっ、ふっ、ふぅーっ……氈v%K%P
%LC陽菜
%LC陽菜
「なっ……あっ、ああああっ……」%K%P
「なっ……あっ、ああああっ……」%K%P
根元までしっかりペニスをくわえ込んで、\n唇をぎゅーっと固く閉じる。%K%P
根元までしっかりペニスをくわえ込んで、\n唇をぎゅーっと固く閉じる。%K%P
一滴も精子を逃さないという強い意志が、\nこれでもかと伝わってくる、エロすぎる構え。%K%P
一滴も精子を逃さないという強い意志が、\nこれでもかと伝わってくる、エロすぎる構え。%K%P
なのに、むふーっと鼻で呼吸する様子が、\n見た目の卑猥さに反して、とっても可愛くて。%K%P
なのに、むふーっと鼻で呼吸する様子が、\n見た目の卑猥さに反して、とっても可愛くて。%K%P
%LCクレール
%LCクレール
「んっぐっ……ぢゅる、んむっ……んくくっ、\n　ちゅむむっ……んぐ、んぐ……ごっくんっ氈v%K%P
「んっぐっ……ぢゅる、んむっ……んくくっ、\n　ちゅむむっ……んぐ、んぐ……ごっくんっ氈v%K%P
%LCクレール
%LCクレール
「ふはぁ……はぁ、はぁ……んふふっ、\n　おかわりミルクも、おいしかったぁ……氈v%K%P
「ふはぁ……はぁ、はぁ……んふふっ、\n　おかわりミルクも、おいしかったぁ……氈v%K%P
まずは射精させた分を綺麗に舐めてから、\n尿道に残った分を吸い上げ、最後に亀頭をぺろり。%K%P
まずは射精させた分を綺麗に舐めてから、\n尿道に残った分を吸い上げ、最後に亀頭をぺろり。%K%P
そうして彼女の口内から解放されたペニスは、\n高圧洗浄されたみたいに、ぴっかぴかだった。%K%P
そうして彼女の口内から解放されたペニスは、\n高圧洗浄されたみたいに、ぴっかぴかだった。%K%P
%LC陽菜
%LC陽菜
「あぁ……クレール、すごい……」%K%P
「あぁ……クレール、すごい……」%K%P
%LCクレール
%LCクレール
「あっ……　うふっ、んふふっ歃n　なでなでありがと、陽菜ちゃんっ……氈v%K%P
「あっ……　うふっ、んふふっ歃n　なでなでありがと、陽菜ちゃんっ……氈v%K%P
どうにか手を伸ばし、再び髪を撫でると、\nクレールは実に嬉しそうに、むふーっと微笑む。%K%P
どうにか手を伸ばし、再び髪を撫でると、\nクレールは実に嬉しそうに、むふーっと微笑む。%K%P
そんな笑顔が半分しか見えないのは勿体なくて、\nさらに手を伸ばし、そっと目隠しを外すと。%K%P
そんな笑顔が半分しか見えないのは勿体なくて、\nさらに手を伸ばし、そっと目隠しを外すと。%K%P
%LCクレール
%LCクレール
「んんッ……あぁ、陽菜ちゃんっ……氈v%K%P
「んんッ……あぁ、陽菜ちゃんっ……氈v%K%P
一瞬、眩しそうに目を細めたクレールは、\nそれでも、握ったペニスを離さず、うっとり笑って。%K%P
一瞬、眩しそうに目を細めたクレールは、\nそれでも、握ったペニスを離さず、うっとり笑って。%K%P
それから、あらためてペニスに頬ずりをした。%K%P
それから、あらためてペニスに頬ずりをした。%K%P
%LCクレール
%LCクレール
「ああっ……ふふっ、陽菜ちゃんのち○ぽっ歃n　こうして間近で見るの、初めてっ……氈v%K%P
「ああっ……ふふっ、陽菜ちゃんのち○ぽっ歃n　こうして間近で見るの、初めてっ……氈v%K%P
%LCクレール
%LCクレール
「でも、どうしたの？\n　いきなり目隠しを外しちゃうなんて」%K%P
「でも、どうしたの？\n　いきなり目隠しを外しちゃうなんて」%K%P
%LCクレール
%LCクレール
「あっ……ひょっとして、こんなにおっきいぞって、\n　私に見せつけたくなっちゃった？」%K%P
「あっ……ひょっとして、こんなにおっきいぞって、\n　私に見せつけたくなっちゃった？」%K%P
%LC陽菜
%LC陽菜
「違いますっ」%K%P
「違いますっ」%K%P
%LCクレール
%LCクレール
「なら……今度は私に見つめられながら、\n　射精したくなったとか？」%K%P
「なら……今度は私に見つめられながら、\n　射精したくなったとか？」%K%P
%LC陽菜
%LC陽菜
「それは……したい、けど。\n　でも、今日はもう、さすがに……」%K%P
「それは……したい、けど。\n　でも、今日はもう、さすがに……」%K%P
%LCクレール
%LCクレール
「そうね。陽菜ちゃんのち○ぽ、\n　精子の匂いが、かなり薄くなってるし……」%K%P
「そうね。陽菜ちゃんのち○ぽ、\n　精子の匂いが、かなり薄くなってるし……」%K%P
%LCクレール
%LCクレール
「これ以上しちゃうと、この前みたいに、\n　陽菜ちゃん、気を失っちゃうかも」%K%P
「これ以上しちゃうと、この前みたいに、\n　陽菜ちゃん、気を失っちゃうかも」%K%P
%LC陽菜
%LC陽菜
「はうっ……」%K%P
「はうっ……」%K%P
%LCクレール
%LCクレール
「ふふっ、くすくすっ氈v%K%P
「ふふっ、くすくすっ氈v%K%P
まだまだ記憶に新しい失態を思い出し、\n呻いてしまうオレを見て、クレールが微笑む。%K%P
まだまだ記憶に新しい失態を思い出し、\n呻いてしまうオレを見て、クレールが微笑む。%K%P
人懐っこくて、甘え上手で、\n嗅覚がすごくて、頼もしい部分もあって――、%K%P
人懐っこくて、甘え上手で、\n嗅覚がすごくて、頼もしい部分もあって――、%K%P
クレールを動物に例えるなら、\nこれはもう、犬以外はありえないと思う。%K%P
クレールを動物に例えるなら、\nこれはもう、犬以外はありえないと思う。%K%P
