その後も、クレールを手伝う形で、\n銀蘭祭の準備は着々と進んでいって。%K%P
その後も、クレールを手伝う形で、\n銀蘭祭の準備は着々と進んでいって。%K%P
充実した日々は過ぎるのも早く、\nあっという間に、銀蘭祭初日を迎えた。%K%P
充実した日々は過ぎるのも早く、\nあっという間に、銀蘭祭初日を迎えた。%K%P
今日のメインイベントは、午後に開催される、\n{連弾:デュオ}{舞闘:カデンツァ}トーナメントの決勝戦。%K%P
今日のメインイベントは、午後に開催される、\n{連弾:デュオ}{舞闘:カデンツァ}トーナメントの決勝戦。%K%P
その観戦も含めて、今日はまるっと一日、\nクレールと一緒に銀蘭祭を見て回る予定だった。%K%P
その観戦も含めて、今日はまるっと一日、\nクレールと一緒に銀蘭祭を見て回る予定だった。%K%P
%LCクレール
%LCクレール
「んー、面白かったぁ。\n　和風のお化け屋敷ってスリル満点ね」%K%P
「んー、面白かったぁ。\n　和風のお化け屋敷ってスリル満点ね」%K%P
%LC陽菜
%LC陽菜
「うん……。かなり本格的だったかも……」%K%P
「うん……。かなり本格的だったかも……」%K%P
%LCクレール
%LCクレール
「なぁに？　陽菜ちゃん、ああいうの苦手？」%K%P
「なぁに？　陽菜ちゃん、ああいうの苦手？」%K%P
%LC陽菜
%LC陽菜
「苦手ではないと思うんだけど……。\n　わーって脅かされるの、得意じゃなくて」%K%P
「苦手ではないと思うんだけど……。\n　わーって脅かされるの、得意じゃなくて」%K%P
%LCクレール
%LCクレール
「ふふっ、そうね。見て回ってるとき、\n　私の腕にしがみついていたものね？」%K%P
「ふふっ、そうね。見て回ってるとき、\n　私の腕にしがみついていたものね？」%K%P
%LC陽菜
%LC陽菜
「あっ、あれは暗いから、\n　はぐれないようにと思ってっ」%K%P
「あっ、あれは暗いから、\n　はぐれないようにと思ってっ」%K%P
%LCクレール
%LCクレール
「そういうことにしてあげる」%K%P
「そういうことにしてあげる」%K%P
%LC陽菜
%LC陽菜
「うぅ、もうっ……」%K%P
「うぅ、もうっ……」%K%P
いくつかのクラスを見て回ったあと、\nクレールの希望で、お化け屋敷を見学。%K%P
いくつかのクラスを見て回ったあと、\nクレールの希望で、お化け屋敷を見学。%K%P
学園祭の出し物レベルだと油断していたら、\nかなりのクオリティで、本気で驚かされた。%K%P
学園祭の出し物レベルだと油断していたら、\nかなりのクオリティで、本気で驚かされた。%K%P
あとで聞いた話だと、学生に頼まれて、\nニナさんがちょこっと手伝っていたらしい。%K%P
あとで聞いた話だと、学生に頼まれて、\nニナさんがちょこっと手伝っていたらしい。%K%P
ＡＲの天才を担ぎ出すの、ズルいと思う。%K%P
ＡＲの天才を担ぎ出すの、ズルいと思う。%K%P
%LCクレール
%LCクレール
「さて、少し咽も渇いたし。\n　どこかで休憩しましょうか？」%K%P
「さて、少し咽も渇いたし。\n　どこかで休憩しましょうか？」%K%P
%LC陽菜
%LC陽菜
「そうだね。クレール、希望はある？」%K%P
「そうだね。クレール、希望はある？」%K%P
%LCクレール
%LCクレール
「うんっ。実はクラスのみんなから、\n　無料クーポンをもらっちゃったの」%K%P
「うんっ。実はクラスのみんなから、\n　無料クーポンをもらっちゃったの」%K%P
%LC陽菜
%LC陽菜
「クーポンって、メイドカフェの？」%K%P
「クーポンって、メイドカフェの？」%K%P
%LCクレール
%LCクレール
「そう。これを持っていくと、\n　特別なサービスをしてくれるんですって」%K%P
「そう。これを持っていくと、\n　特別なサービスをしてくれるんですって」%K%P
%LCクレール
%LCクレール
「ねっ？　行きましょ、陽菜ちゃん」%K%P
「ねっ？　行きましょ、陽菜ちゃん」%K%P
――で。%K%P
――で。%K%P
%LCクレール
%LCクレール
「ええっ？！　このクーポンがあると、\n　メイド服を着て記念撮影できちゃうのっ？」%K%P
「ええっ？！　このクーポンがあると、\n　メイド服を着て記念撮影できちゃうのっ？」%K%P
%LCクレール
%LCクレール
「すごいっ、すごいわ陽菜ちゃんっ。\n　これはもう一緒に記念撮影するしかないわっ」%K%P
「すごいっ、すごいわ陽菜ちゃんっ。\n　これはもう一緒に記念撮影するしかないわっ」%K%P
%LC陽菜
%LC陽菜
「待って待ってちょっと待ってっ。\n　それ絶対わかってたやつでしょっ！？」%K%P
「待って待ってちょっと待ってっ。\n　それ絶対わかってたやつでしょっ！？」%K%P
%LCクレール
%LCクレール
「うんっ氈v%K%P
「うんっ氈v%K%P
%LC陽菜
%LC陽菜
「ぐっ……」%K%P
「ぐっ……」%K%P
誤魔化すどころかあっさり認める潔さに、\nかえってこっちが言葉に詰まる。%K%P
誤魔化すどころかあっさり認める潔さに、\nかえってこっちが言葉に詰まる。%K%P
%LCクレール
%LCクレール
「ね？　ぜひ着ましょ？　いま着ましょ？\n　すぐ着ましょ？　ぜったい着ましょ？」%K%P
「ね？　ぜひ着ましょ？　いま着ましょ？\n　すぐ着ましょ？　ぜったい着ましょ？」%K%P
%LC陽菜
%LC陽菜
「けど、私に合うサイズはないはずじゃ……」%K%P
「けど、私に合うサイズはないはずじゃ……」%K%P
%LCクレール
%LCクレール
「それなら大丈夫。\n　私がちゃんと作っておいたから」%K%P
「それなら大丈夫。\n　私がちゃんと作っておいたから」%K%P
%LC陽菜
%LC陽菜
「いつの間に……」%K%P
「いつの間に……」%K%P
%LCクレール
%LCクレール
「寮に戻ったあと、自分の部屋でこっそりと。\n　気付かれたら意味がないもの」%K%P
「寮に戻ったあと、自分の部屋でこっそりと。\n　気付かれたら意味がないもの」%K%P
%LCクレール
%LCクレール
「と、いうわけで……出来たのがこちらっ」%K%P
「と、いうわけで……出来たのがこちらっ」%K%P
そうしてクレールは、\nハンガーに吊されたメイド服を見せてきた。%K%P
そうしてクレールは、\nハンガーに吊されたメイド服を見せてきた。%K%P
しかも、１着じゃなくて、２着――。%K%P
しかも、１着じゃなくて、２着――。%K%P
%LC陽菜
%LC陽菜
「ひょっとして、そっちはクレールの分？」%K%P
「ひょっとして、そっちはクレールの分？」%K%P
%LCクレール
%LCクレール
「そっ。言ったでしょ？　一緒に記念撮影って」%K%P
「そっ。言ったでしょ？　一緒に記念撮影って」%K%P
%LCクレール
%LCクレール
「陽菜ちゃんがこれを着てくれるんなら、\n　私も着替えるんだけど……ね？　どうする？」%K%P
「陽菜ちゃんがこれを着てくれるんなら、\n　私も着替えるんだけど……ね？　どうする？」%K%P
%LC陽菜
%LC陽菜
「ぐっ……」%K%P
「ぐっ……」%K%P
まさかの作戦に、頭に思い浮かんだのは、\n童話の北風と太陽だった。%K%P
まさかの作戦に、頭に思い浮かんだのは、\n童話の北風と太陽だった。%K%P
あれは旅人のコートを脱がせる知恵比べだったけど、\nまさか、こういう搦め手でくるなんて。%K%P
あれは旅人のコートを脱がせる知恵比べだったけど、\nまさか、こういう搦め手でくるなんて。%K%P
メイド服を着るのは恥ずかしい。%K%P
メイド服を着るのは恥ずかしい。%K%P
けど、クレールのメイド服は見たい。%K%P
けど、クレールのメイド服は見たい。%K%P
となったら、答えはひとつ――。%K%P
となったら、答えはひとつ――。%K%P
結局、オレはメイド服を着ることにした。%K%P
結局、オレはメイド服を着ることにした。%K%P
クレールのメイド服姿が見たかったのもあるけど、\nそれ以上に、彼女の努力を無駄にしたくなかった。%K%P
クレールのメイド服姿が見たかったのもあるけど、\nそれ以上に、彼女の努力を無駄にしたくなかった。%K%P
だって、クレールとメイド服の話をしたのは、\nほんの数日前なのだ。%K%P
だって、クレールとメイド服の話をしたのは、\nほんの数日前なのだ。%K%P
彼女はそのたった数日の間に、\n２着分のメイド服を縫い上げてしまった。%K%P
彼女はそのたった数日の間に、\n２着分のメイド服を縫い上げてしまった。%K%P
オレを驚かせたい、メイド服を着せたい、\nお揃いのメイド服で記念撮影したい――その一心で。%K%P
オレを驚かせたい、メイド服を着せたい、\nお揃いのメイド服で記念撮影したい――その一心で。%K%P
その気持ちに応えないのは、男が廃る。%K%P
その気持ちに応えないのは、男が廃る。%K%P
……まあ、するのは女装なんだけど。%K%P
……まあ、するのは女装なんだけど。%K%P
%LCクレール
%LCクレール
「ほらっ、こっちこっちっ。早く早くっ」%K%P
「ほらっ、こっちこっちっ。早く早くっ」%K%P
%LC陽菜
%LC陽菜
「って、ちょっと待ってっ……！\n　どこ行くのっ？　記念撮影はっ？」%K%P
「って、ちょっと待ってっ……！\n　どこ行くのっ？　記念撮影はっ？」%K%P
%LCクレール
%LCクレール
「もちろんするわよ？　学園の至る所で」%K%P
「もちろんするわよ？　学園の至る所で」%K%P
%LC陽菜
%LC陽菜
「なっ……ええええっ？！\n　カフェで撮っておわりじゃないのっ？」%K%P
「なっ……ええええっ？！\n　カフェで撮っておわりじゃないのっ？」%K%P
%LCクレール
%LCクレール
「そんな勿体ないことするわけないでしょ？\n　この銀蘭祭で、たくさん思い出を作るんだもの」%K%P
「そんな勿体ないことするわけないでしょ？\n　この銀蘭祭で、たくさん思い出を作るんだもの」%K%P
%LCクレール
%LCクレール
「それに、こうして目立っていないと、\n　カメラマンとも出会えないし」%K%P
「それに、こうして目立っていないと、\n　カメラマンとも出会えないし」%K%P
%LC陽菜
%LC陽菜
「はっ？　出会うって……ねえ、どういう意味？\n　撮ってくれる人、決まってないのっ？」%K%P
「はっ？　出会うって……ねえ、どういう意味？\n　撮ってくれる人、決まってないのっ？」%K%P
%LCクレール
%LCクレール
「大丈夫よ、すぐにわかるから」%K%P
「大丈夫よ、すぐにわかるから」%K%P
メイド服に着替えたオレの手を、\nお揃いのメイド服を着たクレールが引っ張る。%K%P
メイド服に着替えたオレの手を、\nお揃いのメイド服を着たクレールが引っ張る。%K%P
制服姿の女の子たちの中を、\nメイド服姿のふたりが、ぐんぐん歩いていく。%K%P
制服姿の女の子たちの中を、\nメイド服姿のふたりが、ぐんぐん歩いていく。%K%P
当然、周囲の視線がわーっと集まって。%K%P
当然、周囲の視線がわーっと集まって。%K%P
%LC女学生Ａ
%LC女学生Ａ
「まあ、あれってクレール様と陽菜さんじゃない？」%K%P
「まあ、あれってクレール様と陽菜さんじゃない？」%K%P
%LC女学生Ｂ
%LC女学生Ｂ
「仮装……？　それとも、なにかの宣伝かしら？」%K%P
「仮装……？　それとも、なにかの宣伝かしら？」%K%P
%LC陽菜
%LC陽菜
「はうぅっ……」%K%P
「はうぅっ……」%K%P
聞こえてくる声に、頬が熱くなる。%K%P
聞こえてくる声に、頬が熱くなる。%K%P
堂々と出来ればいいんだろうけど、\nどうしても恥ずかしさが先行してしまう。%K%P
堂々と出来ればいいんだろうけど、\nどうしても恥ずかしさが先行してしまう。%K%P
%LCクレール
%LCクレール
「ごきげんようっ。ただいま私のクラスでは、\n　素敵なメイドカフェを開いているのっ」%K%P
「ごきげんようっ。ただいま私のクラスでは、\n　素敵なメイドカフェを開いているのっ」%K%P
%LCクレール
%LCクレール
「もしお時間があるようだったら、ぜひ、\n　センシブル３年の教室へいらしてくださいなっ」%K%P
「もしお時間があるようだったら、ぜひ、\n　センシブル３年の教室へいらしてくださいなっ」%K%P
%LC女学生Ａ
%LC女学生Ａ
「はいっ、喜んでっ！」%K%P
「はいっ、喜んでっ！」%K%P
%LC女学生Ｂ
%LC女学生Ｂ
「私も参りますっ！」%K%P
「私も参りますっ！」%K%P
%LC女学生Ｃ
%LC女学生Ｃ
「もちろん私も！　メニュー制覇ですっ！」%K%P
「もちろん私も！　メニュー制覇ですっ！」%K%P
%LC陽菜
%LC陽菜
「うわ、すごい……」%K%P
「うわ、すごい……」%K%P
照れて萎縮してしまうオレとは対照的に、\nクレールは笑みを振りまき、周囲を引き込む。%K%P
照れて萎縮してしまうオレとは対照的に、\nクレールは笑みを振りまき、周囲を引き込む。%K%P
その姿に、思わず見惚れてしまう。%K%P
その姿に、思わず見惚れてしまう。%K%P
%LCクレール
%LCクレール
「ほら、陽菜ちゃんも。\n　私のお手伝い、してくれるんでしょ？」%K%P
「ほら、陽菜ちゃんも。\n　私のお手伝い、してくれるんでしょ？」%K%P
%LC陽菜
%LC陽菜
「でっ、でもっ……」%K%P
「でっ、でもっ……」%K%P
%LCクレール
%LCクレール
「大丈夫。こういうのはね、\n　恥ずかしいと思うから恥ずかしいの」%K%P
「大丈夫。こういうのはね、\n　恥ずかしいと思うから恥ずかしいの」%K%P
%LCクレール
%LCクレール
「私のクラスのカフェの宣伝をするために、\n　コスプレをしていると思えば、ね？」%K%P
「私のクラスのカフェの宣伝をするために、\n　コスプレをしていると思えば、ね？」%K%P
%LC陽菜
%LC陽菜
「うっ、うんっ……」%K%P
「うっ、うんっ……」%K%P
%LC陽菜
%LC陽菜
「せ、センシブル３年で、ただいま、\n　メイドカフェをやってまーすっ……！」%K%P
「せ、センシブル３年で、ただいま、\n　メイドカフェをやってまーすっ……！」%K%P
%LC陽菜
%LC陽菜
「みなさん、ぜひ、お立ち寄りくださぁいっ」%K%P
「みなさん、ぜひ、お立ち寄りくださぁいっ」%K%P
%LCクレール
%LCクレール
「ふふっ、そうそうっ氈@良い感じっ。\n　この調子だったら、すぐに――」%K%P
「ふふっ、そうそうっ氈@良い感じっ。\n　この調子だったら、すぐに――」%K%P
%LC女学生Ｄ
%LC女学生Ｄ
「あのっ、すみませんっ。\n　記念に写真を撮ってもいいですかっ？」%K%P
「あのっ、すみませんっ。\n　記念に写真を撮ってもいいですかっ？」%K%P
%LCクレール
%LCクレール
「ええ、もちろん喜んで。そのかわり、\n　撮ったデータ、あとで私たちにも頂戴ね？」%K%P
「ええ、もちろん喜んで。そのかわり、\n　撮ったデータ、あとで私たちにも頂戴ね？」%K%P
%LC女学生Ｄ
%LC女学生Ｄ
「はいっ、喜んでっ」%K%P
「はいっ、喜んでっ」%K%P
%LC女学生Ｅ
%LC女学生Ｅ
「あのあのっ、クレール様、陽菜様、\n　私も写真を撮ってよろしいですか？」%K%P
「あのあのっ、クレール様、陽菜様、\n　私も写真を撮ってよろしいですか？」%K%P
%LC女学生Ｆ
%LC女学生Ｆ
「私もっ！　私も撮影したいですっ！」%K%P
「私もっ！　私も撮影したいですっ！」%K%P
%LCクレール
%LCクレール
「くすっ、ほらねっ？　出会えたでしょ？\n　素敵なカメラマンと、こんなにたくさんっ氈v%K%P
「くすっ、ほらねっ？　出会えたでしょ？\n　素敵なカメラマンと、こんなにたくさんっ氈v%K%P
にこっと笑うクレールとオレの周りには、\nいつの間にか、女の子たちがいっぱいで。%K%P
にこっと笑うクレールとオレの周りには、\nいつの間にか、女の子たちがいっぱいで。%K%P
その後、オレとクレールは、\n行く先々で写真を撮られまくったのだった。%K%P
その後、オレとクレールは、\n行く先々で写真を撮られまくったのだった。%K%P
メイド服で学園中を練り歩いた後、\n最後は乙女部の部室で、制服へと着替えた。%K%P
メイド服で学園中を練り歩いた後、\n最後は乙女部の部室で、制服へと着替えた。%K%P
さすがにメイド服のままで、{連弾:デュオ}{舞闘:カデンツァ}の\n決勝戦を観戦するわけにはいかないからだ。%K%P
さすがにメイド服のままで、{連弾:デュオ}{舞闘:カデンツァ}の\n決勝戦を観戦するわけにはいかないからだ。%K%P
%LCクレール
%LCクレール
「うふふっ氈@陽菜ちゃん、\n　今日は本当にありがとうね」%K%P
「うふふっ氈@陽菜ちゃん、\n　今日は本当にありがとうね」%K%P
%LC陽菜
%LC陽菜
「もうっ……」%K%P
「もうっ……」%K%P
お礼を告げられて思わず拗ねてしまったのは、\n乙女部の部室でも色々とあったからだ。%K%P
お礼を告げられて思わず拗ねてしまったのは、\n乙女部の部室でも色々とあったからだ。%K%P
本当にクレールって、油断ならない。%K%P
本当にクレールって、油断ならない。%K%P
%LCクレール
%LCクレール
「依夜ちゃんたちと、美実たち――、\n　陽菜ちゃんは、どちらが勝つと思う？」%K%P
「依夜ちゃんたちと、美実たち――、\n　陽菜ちゃんは、どちらが勝つと思う？」%K%P
%LC陽菜
%LC陽菜
「どっちにも勝って欲しいっていうのが、\n　偽りない本音ではあるんだけど――」%K%P
「どっちにも勝って欲しいっていうのが、\n　偽りない本音ではあるんだけど――」%K%P
%LC陽菜
%LC陽菜
「ちょっとだけ肩入れをして。\n　依夜様たち、かな」%K%P
「ちょっとだけ肩入れをして。\n　依夜様たち、かな」%K%P
%LCクレール
%LCクレール
「私たちに勝ったから？」%K%P
「私たちに勝ったから？」%K%P
%LC陽菜
%LC陽菜
「それもあるけど……依夜様と梨理ちゃん、\n　この１週間で、さらに仲良くなったみたいだし」%K%P
「それもあるけど……依夜様と梨理ちゃん、\n　この１週間で、さらに仲良くなったみたいだし」%K%P
%LC陽菜
%LC陽菜
「１週間前であの強さなら、伸びしろの分、\n　美実様たちを上回るんじゃないかなって」%K%P
「１週間前であの強さなら、伸びしろの分、\n　美実様たちを上回るんじゃないかなって」%K%P
%LCクレール
%LCクレール
「ふふっ、そうね。\n　私も、そうなったらいいなって思ってる」%K%P
「ふふっ、そうね。\n　私も、そうなったらいいなって思ってる」%K%P
上映前の映画館のように声を潜めて話していると、\n明るかったホール内が、ふっと暗くなって。%K%P
上映前の映画館のように声を潜めて話していると、\n明るかったホール内が、ふっと暗くなって。%K%P
%LC宗千佳
%LC宗千佳
「では、これより{連弾:デュオ}{舞闘:カデンツァ}、\n　トーナメント決勝を始める」%K%P
「では、これより{連弾:デュオ}{舞闘:カデンツァ}、\n　トーナメント決勝を始める」%K%P
姉さんの声が響き渡ると、\n壇上には、４名の{騎士:ワルキュリア}が現れた。%K%P
姉さんの声が響き渡ると、\n壇上には、４名の{騎士:ワルキュリア}が現れた。%K%P
――決勝戦は、手に汗握る接戦だった。%K%P
――決勝戦は、手に汗握る接戦だった。%K%P
結果から言うと、勝利したのは依夜様たち。%K%P
結果から言うと、勝利したのは依夜様たち。%K%P
初戦と同じく依夜様がプリモを務め、\n梨理ちゃんが果敢に攻めるという布陣で、\n見事に美実様たちを撃破した。%K%P
初戦と同じく依夜様がプリモを務め、\n梨理ちゃんが果敢に攻めるという布陣で、\n見事に美実様たちを撃破した。%K%P
途中、美実様と梨理ちゃんの姉妹対決があったり、\n杏奈ちゃんの奇襲で依夜様がピンチに陥ったり。%K%P
途中、美実様と梨理ちゃんの姉妹対決があったり、\n杏奈ちゃんの奇襲で依夜様がピンチに陥ったり。%K%P
いくつもの見せ場の末に勝利した依夜様たちには、\n会場から惜しみない声援と拍手が贈られた。%K%P
いくつもの見せ場の末に勝利した依夜様たちには、\n会場から惜しみない声援と拍手が贈られた。%K%P
%LCクレール
%LCクレール
「……みんな、すごかったわね」%K%P
「……みんな、すごかったわね」%K%P
%LC陽菜
%LC陽菜
「うん……」%K%P
「うん……」%K%P
静まり返ったホールに、オレたちの声だけが響く。%K%P
静まり返ったホールに、オレたちの声だけが響く。%K%P
決勝戦が終わり、栄えある{最優秀騎士:ブリランテ}となった\n依夜様たちを讃えるセレモニーも終わって。%K%P
決勝戦が終わり、栄えある{最優秀騎士:ブリランテ}となった\n依夜様たちを讃えるセレモニーも終わって。%K%P
集まった学生たちが退出していく中、\nオレとクレールは、座ったまま壇上を眺めていた。%K%P
集まった学生たちが退出していく中、\nオレとクレールは、座ったまま壇上を眺めていた。%K%P
すでに、誰も居なくなった壇上を。%K%P
すでに、誰も居なくなった壇上を。%K%P
%LC陽菜
%LC陽菜
「依夜様も梨理ちゃんも、美実様も杏奈ちゃんも。\n　みんな……すっごく、キラキラしてた」%K%P
「依夜様も梨理ちゃんも、美実様も杏奈ちゃんも。\n　みんな……すっごく、キラキラしてた」%K%P
思えば、最初の観戦は２階席からだった。%K%P
思えば、最初の観戦は２階席からだった。%K%P
その後はずっと舞台の上で、\nときに{騎士:ワルキュリア}、ときに審判として、\n{舞闘:カデンツァ}に参加し続けてきて。%K%P
その後はずっと舞台の上で、\nときに{騎士:ワルキュリア}、ときに審判として、\n{舞闘:カデンツァ}に参加し続けてきて。%K%P
だから、こんなふうに１階の客席――最前列で、\n{舞闘:カデンツァ}を見たのは、今日が初めてだった。%K%P
だから、こんなふうに１階の客席――最前列で、\n{舞闘:カデンツァ}を見たのは、今日が初めてだった。%K%P
いま、オレが座っている席と舞台の上は、\n距離からすれば１０メートルと離れていないだろう。%K%P
いま、オレが座っている席と舞台の上は、\n距離からすれば１０メートルと離れていないだろう。%K%P
でも、そこには確かに、\n目には見えない隔たりがあって。%K%P
でも、そこには確かに、\n目には見えない隔たりがあって。%K%P
オレはそれこそ銀幕を見つめるように、\nみんなの戦いを、固唾を呑んで見守った。%K%P
オレはそれこそ銀幕を見つめるように、\nみんなの戦いを、固唾を呑んで見守った。%K%P
%LC陽菜
%LC陽菜
「私も{舞闘:カデンツァ}をしてるとき、\n　みんなからあんなふうに見えてたのかな……」%K%P
「私も{舞闘:カデンツァ}をしてるとき、\n　みんなからあんなふうに見えてたのかな……」%K%P
%LCクレール
%LCクレール
「当たり前でしょ？　陽菜ちゃんは、\n　最初っからすっごくキラキラしてたもの」%K%P
「当たり前でしょ？　陽菜ちゃんは、\n　最初っからすっごくキラキラしてたもの」%K%P
%LC陽菜
%LC陽菜
「ん……。なら、よかった、けど……」%K%P
「ん……。なら、よかった、けど……」%K%P
%LCクレール
%LCクレール
「けど？　なぁに？」%K%P
「けど？　なぁに？」%K%P
%LC陽菜
%LC陽菜
「……私も、もう一度キラキラしたかったなって」%K%P
「……私も、もう一度キラキラしたかったなって」%K%P
クレールとエンゲージして、色々あって。%K%P
クレールとエンゲージして、色々あって。%K%P
トーナメントの初戦に負けてしまったあとは、\n彼女を手伝う形で、日々を過ごした。%K%P
トーナメントの初戦に負けてしまったあとは、\n彼女を手伝う形で、日々を過ごした。%K%P
それ自体に後悔はないし、過ごした時間は、\n掛け替えのない思い出になったけれど――、%K%P
それ自体に後悔はないし、過ごした時間は、\n掛け替えのない思い出になったけれど――、%K%P
%LC陽菜
%LC陽菜
「もう一度、クレールと一緒に……ううん、\n　クレールと、戦ってみたかったなぁ……って」%K%P
「もう一度、クレールと一緒に……ううん、\n　クレールと、戦ってみたかったなぁ……って」%K%P
%LC陽菜
%LC陽菜
「私とクレールって、これまで一度も、\n　テアトルで戦ったことなかったでしょ？」%K%P
「私とクレールって、これまで一度も、\n　テアトルで戦ったことなかったでしょ？」%K%P
%LCクレール
%LCクレール
「そうね……。私も陽菜ちゃんとは一度、\n　{舞闘:カデンツァ}で戦ってみたいと思っていたし」%K%P
「そうね……。私も陽菜ちゃんとは一度、\n　{舞闘:カデンツァ}で戦ってみたいと思っていたし」%K%P
%LCニナ
%LCニナ
「なら、戦ってみちゃう？」%K%P
「なら、戦ってみちゃう？」%K%P
%LC陽菜
%LC陽菜
「えっ……に、ニナさんっ……？！」%K%P
「えっ……に、ニナさんっ……？！」%K%P
%LCクレール
%LCクレール
「ニナ、なんでここに……」%K%P
「ニナ、なんでここに……」%K%P
%LCニナ
%LCニナ
「なんでじゃないでしょ？\n　ふたりとも、長居しすぎ」%K%P
「なんでじゃないでしょ？\n　ふたりとも、長居しすぎ」%K%P
%LC陽菜・クレール
%LC陽菜・クレール
「あ……」\n「ん……」%K%P
「あ……」\n「ん……」%K%P
ニナさんのもっともな突っ込みに、\n思わずクレールと顔を見合わせてしまう。%K%P
ニナさんのもっともな突っ込みに、\n思わずクレールと顔を見合わせてしまう。%K%P
%LCニナ
%LCニナ
「すっごくいい雰囲気だったし、できれば\n　そっとしておいてあげたかったんだけどね」%K%P
「すっごくいい雰囲気だったし、できれば\n　そっとしておいてあげたかったんだけどね」%K%P
%LCニナ
%LCニナ
「明日の歌劇の準備もしなくちゃだから、\n　そろそろ声をかけようかなって思っていたの」%K%P
「明日の歌劇の準備もしなくちゃだから、\n　そろそろ声をかけようかなって思っていたの」%K%P
%LCニナ
%LCニナ
「そしたら、{舞闘:カデンツァ}で戦ってみたい、\n　なんて声が聞こえてきちゃったから」%K%P
「そしたら、{舞闘:カデンツァ}で戦ってみたい、\n　なんて声が聞こえてきちゃったから」%K%P
%LCニナ
%LCニナ
「なら、それを叶えてあげようかなって」%K%P
「なら、それを叶えてあげようかなって」%K%P
%LC陽菜
%LC陽菜
「でも、いいんですか？　そんなことして」%K%P
「でも、いいんですか？　そんなことして」%K%P
%LCニナ
%LCニナ
「善し悪しでいったら、よくないんだけど。\n　学園長として、職権乱用しちゃう」%K%P
「善し悪しでいったら、よくないんだけど。\n　学園長として、職権乱用しちゃう」%K%P
%LCニナ
%LCニナ
「指南役補佐代理として頑張ってくれた、\n　陽菜ちゃんへのお礼もしたかったし――」%K%P
「指南役補佐代理として頑張ってくれた、\n　陽菜ちゃんへのお礼もしたかったし――」%K%P
%LCニナ
%LCニナ
「壮行試合って言い方は、しんみりしちゃうけど。\n　クレールが帰る前に、勝負させてあげたいなって」%K%P
「壮行試合って言い方は、しんみりしちゃうけど。\n　クレールが帰る前に、勝負させてあげたいなって」%K%P
%LCニナ
%LCニナ
「なんといっても、{舞闘:カデンツァ}が出来るのは、\n　いまのところ世界でここだけだから」%K%P
「なんといっても、{舞闘:カデンツァ}が出来るのは、\n　いまのところ世界でここだけだから」%K%P
%LC陽菜
%LC陽菜
「ニナさん……」%K%P
「ニナさん……」%K%P
%LCニナ
%LCニナ
「さっきも言った通り、明日の準備もあるから、\n　あまり長い時間は使わせてあげられないの」%K%P
「さっきも言った通り、明日の準備もあるから、\n　あまり長い時間は使わせてあげられないの」%K%P
%LCニナ
%LCニナ
「それでもいいなら……ふたりとも、\n　急いで支度してらっしゃい」%K%P
「それでもいいなら……ふたりとも、\n　急いで支度してらっしゃい」%K%P
%LC陽菜・クレール
%LC陽菜・クレール
「はいっ」%K%P
「はいっ」%K%P
――そして。%K%P
――そして。%K%P
%LC陽菜・クレール
%LC陽菜・クレール
「アン・ガルドっ！」%K%P
「アン・ガルドっ！」%K%P
静まり返ったホールに響く、二人の声。%K%P
静まり返ったホールに響く、二人の声。%K%P
これまでテアトルで{舞闘:カデンツァ}をするときは、\n例え実技試験であっても、学生たちが見守っていた。%K%P
これまでテアトルで{舞闘:カデンツァ}をするときは、\n例え実技試験であっても、学生たちが見守っていた。%K%P
でも、今回は客席に、誰も居ない。%K%P
でも、今回は客席に、誰も居ない。%K%P
オレたちの他に居るのは、\n審判役を買って出てくれた、ニナさんただひとり。%K%P
オレたちの他に居るのは、\n審判役を買って出てくれた、ニナさんただひとり。%K%P
%LCニナ
%LCニナ
「私はむーちゃんじゃないから、せいぜい、\n　試合開始の合図をするぐらいしかできないけど」%K%P
「私はむーちゃんじゃないから、せいぜい、\n　試合開始の合図をするぐらいしかできないけど」%K%P
%LCニナ
%LCニナ
「どちらの{騎士:ワルキュリア}も、\n　悔いのないよう、全力を出し切って戦いなさい」%K%P
「どちらの{騎士:ワルキュリア}も、\n　悔いのないよう、全力を出し切って戦いなさい」%K%P
%LC陽菜・クレール
%LC陽菜・クレール
「はいっ」%K%P
「はいっ」%K%P
揃ってニナさんに返事をしたあと、\nお互い、クラージュを構える。%K%P
揃ってニナさんに返事をしたあと、\nお互い、クラージュを構える。%K%P
どうやって戦うか、みたいなことを、\nどうしても考えたくなってしまうけど。%K%P
どうやって戦うか、みたいなことを、\nどうしても考えたくなってしまうけど。%K%P
そういうのは、ひとまず頭の片隅に追いやって。%K%P
そういうのは、ひとまず頭の片隅に追いやって。%K%P
とにかく全力で、いまを楽しむっ……！！%K%P
とにかく全力で、いまを楽しむっ……！！%K%P
%LC陽菜
%LC陽菜
「いくよ、クレール」%K%P
「いくよ、クレール」%K%P
%LCクレール
%LCクレール
「うんっ」%K%P
「うんっ」%K%P
%LCニナ
%LCニナ
「ふふっ。それじゃあ二人とも、構えてー……」%K%P
「ふふっ。それじゃあ二人とも、構えてー……」%K%P
%LCニナ
%LCニナ
「――はじめっ！」%K%P
「――はじめっ！」%K%P
ニナの合図が聞こえた直後、\n陽菜ちゃんは一気に踏み込んできた。%K%P
ニナの合図が聞こえた直後、\n陽菜ちゃんは一気に踏み込んできた。%K%P
とにかく一歩一歩が早すぎて、\nコマ送りみたいに、その姿が大きくなる。%K%P
とにかく一歩一歩が早すぎて、\nコマ送りみたいに、その姿が大きくなる。%K%P
%LC陽菜
%LC陽菜
「ふッ……！」%K%P
「ふッ……！」%K%P
%LCクレール
%LCクレール
「くぅっ……！」%K%P
「くぅっ……！」%K%P
短い気合いと共に、鋭い剣が駆け抜ける。%K%P
短い気合いと共に、鋭い剣が駆け抜ける。%K%P
どうにかハルバードで防いだけど、\nそれを握っていた手が、じんと痺れた。%K%P
どうにかハルバードで防いだけど、\nそれを握っていた手が、じんと痺れた。%K%P
早い上に、威力もあるとか……まるで、\n依夜ちゃんと梨理ちゃんのいいとこ取りだ。%K%P
早い上に、威力もあるとか……まるで、\n依夜ちゃんと梨理ちゃんのいいとこ取りだ。%K%P
%LC陽菜
%LC陽菜
「リーチの長さは驚異だけど、依夜様のように、\n　懐にさえ入っちゃえばっ……！」%K%P
「リーチの長さは驚異だけど、依夜様のように、\n　懐にさえ入っちゃえばっ……！」%K%P
%LCクレール
%LCクレール
「させるわけ、ない……でしょっ！！」%K%P
「させるわけ、ない……でしょっ！！」%K%P
%LC陽菜
%LC陽菜
「うわっ……！？」%K%P
「うわっ……！？」%K%P
不格好だけど強引にハルバードを振り回し、\n踏み込もうとしてきた陽菜ちゃんを牽制する。%K%P
不格好だけど強引にハルバードを振り回し、\n踏み込もうとしてきた陽菜ちゃんを牽制する。%K%P
依夜ちゃんみたいな抜刀技は使えない……と、\n思いたいけど、二人とも宗千佳のお弟子さんだし。%K%P
依夜ちゃんみたいな抜刀技は使えない……と、\n思いたいけど、二人とも宗千佳のお弟子さんだし。%K%P
依夜ちゃんのあれが宗千佳の直伝なら、\n似たようなことを陽菜ちゃんも出来るかも。%K%P
依夜ちゃんのあれが宗千佳の直伝なら、\n似たようなことを陽菜ちゃんも出来るかも。%K%P
となったら、無理に突っ込まずに、\nリーチを活かして、間合いの外から――、%K%P
となったら、無理に突っ込まずに、\nリーチを活かして、間合いの外から――、%K%P
%LC陽菜
%LC陽菜
「よぉしっ……。\n　なら、もっと早くッ……！」%K%P
「よぉしっ……。\n　なら、もっと早くッ……！」%K%P
%LCクレール
%LCクレール
「えっ……うそ、消えたっ……？！」%K%P
「えっ……うそ、消えたっ……？！」%K%P
確かに声は聞こえたし、目は離さなかったのに、\n魔法みたいに陽菜ちゃんがパッと消える。%K%P
確かに声は聞こえたし、目は離さなかったのに、\n魔法みたいに陽菜ちゃんがパッと消える。%K%P
けど、こういうときは焦らず、奥の手――、%K%P
けど、こういうときは焦らず、奥の手――、%K%P
%LCクレール
%LCクレール
「……そこっ！」%K%P
「……そこっ！」%K%P
%LC陽菜
%LC陽菜
「ぐッ……！？」%K%P
「ぐッ……！？」%K%P
匂いを頼りにハルバードを振り下ろすと、\n甲高い金属音と共に、ずしっとした手応え。%K%P
匂いを頼りにハルバードを振り下ろすと、\n甲高い金属音と共に、ずしっとした手応え。%K%P
%LC陽菜
%LC陽菜
「なっ……ズルっ、クレールズルいっ！\n　いま匂いで見破ったでしょっ？」%K%P
「なっ……ズルっ、クレールズルいっ！\n　いま匂いで見破ったでしょっ？」%K%P
%LCクレール
%LCクレール
「陽菜ちゃんこそ、いまのなにっ？\n　いったいどうやったのっ？」%K%P
「陽菜ちゃんこそ、いまのなにっ？\n　いったいどうやったのっ？」%K%P
%LC陽菜
%LC陽菜
「それは……って、言わないからっ。\n　種明かしは勝負のあとっ」%K%P
「それは……って、言わないからっ。\n　種明かしは勝負のあとっ」%K%P
%LCクレール
%LCクレール
「いじわるっ」%K%P
「いじわるっ」%K%P
真剣に刃を交えながら、\nその合間に、やいのやいのと声を掛け合う。%K%P
真剣に刃を交えながら、\nその合間に、やいのやいのと声を掛け合う。%K%P
ああ、どうしよう。すっごく楽しい。%K%P
ああ、どうしよう。すっごく楽しい。%K%P
%LC陽菜
%LC陽菜
「くっ……いまのがダメなら、\n　力勝負を仕掛けるしかっ……！」%K%P
「くっ……いまのがダメなら、\n　力勝負を仕掛けるしかっ……！」%K%P
%LCクレール
%LCクレール
「親善試合の依夜ちゃんのときみたく、\n　武器を折ろうとか考えてる？」%K%P
「親善試合の依夜ちゃんのときみたく、\n　武器を折ろうとか考えてる？」%K%P
%LC陽菜
%LC陽菜
「んっ……そ、そんなこと、ないけどっ？」%K%P
「んっ……そ、そんなこと、ないけどっ？」%K%P
%LCクレール
%LCクレール
「ふふっ、顔にでちゃってるわよ？」%K%P
「ふふっ、顔にでちゃってるわよ？」%K%P
%LCクレール
%LCクレール
「どうぞ、出来るものならやってみて？\n　私ももう一度、あの妙技を見てみたいし――」%K%P
「どうぞ、出来るものならやってみて？\n　私ももう一度、あの妙技を見てみたいし――」%K%P
%LCクレール
%LCクレール
「あれにやられるなら、本望だもの……っ！」%K%P
「あれにやられるなら、本望だもの……っ！」%K%P
%LC陽菜
%LC陽菜
「ぐっ……よぉし、なら、望みどおりっ……！」%K%P
「ぐっ……よぉし、なら、望みどおりっ……！」%K%P
後ろにステップを踏んだ陽菜ちゃんが、\n自らの武器――ロングソードを両手で握る。%K%P
後ろにステップを踏んだ陽菜ちゃんが、\n自らの武器――ロングソードを両手で握る。%K%P
その瞬間、背筋がぞくっと震えた。%K%P
その瞬間、背筋がぞくっと震えた。%K%P
%LCクレール
%LCクレール
「気配だけで、こんなっ……。もうっ、\n　陽菜ちゃんってば本当に強いんだからっ……」%K%P
「気配だけで、こんなっ……。もうっ、\n　陽菜ちゃんってば本当に強いんだからっ……」%K%P
呟く声が、自分でも驚くぐらい弾む。%K%P
呟く声が、自分でも驚くぐらい弾む。%K%P
身体の芯が、火をくべられたように熱い。%K%P
身体の芯が、火をくべられたように熱い。%K%P
陽菜ちゃんとの真剣勝負は、\n私をかつてないぐらい燃え上がらせた。%K%P
陽菜ちゃんとの真剣勝負は、\n私をかつてないぐらい燃え上がらせた。%K%P
打ち込んだ攻撃はことごとく防がれ、\n出し惜しみせず繰り出した技も、嗅覚の前に敗れて。%K%P
打ち込んだ攻撃はことごとく防がれ、\n出し惜しみせず繰り出した技も、嗅覚の前に敗れて。%K%P
それでも、オレはすっごく楽しかった。%K%P
それでも、オレはすっごく楽しかった。%K%P
%LC陽菜
%LC陽菜
「ぐぅっ……ほんと、強いっ……」%K%P
「ぐぅっ……ほんと、強いっ……」%K%P
クレールの挑戦を受ける形で、\nクラージュを両手で持ち、とにかく攻める。%K%P
クレールの挑戦を受ける形で、\nクラージュを両手で持ち、とにかく攻める。%K%P
正直、彼女のハルバードを折れる気はしないけど、\nだからって、こっちの気持ちが折れたら負けだ。%K%P
正直、彼女のハルバードを折れる気はしないけど、\nだからって、こっちの気持ちが折れたら負けだ。%K%P
負けて悔いなし、なんて言葉もあるけれど、\nやっぱり勝負である以上は、勝ちたい。%K%P
負けて悔いなし、なんて言葉もあるけれど、\nやっぱり勝負である以上は、勝ちたい。%K%P
勝ちたいからこそ、全力で――挑むっ……！%K%P
勝ちたいからこそ、全力で――挑むっ……！%K%P
%LC陽菜
%LC陽菜
（でも、どっちかが勝ったら、この勝負、\n　そこで終わっちゃうんだよな……）%K%P
（でも、どっちかが勝ったら、この勝負、\n　そこで終わっちゃうんだよな……）%K%P
すっごくすっごく楽しい勝負も、\n決着がつけば、そこで終わり。%K%P
すっごくすっごく楽しい勝負も、\n決着がつけば、そこで終わり。%K%P
それは当たり前のことだけど、\nいまはとにかく、クレールと戦っていたい。%K%P
それは当たり前のことだけど、\nいまはとにかく、クレールと戦っていたい。%K%P
けど、真剣勝負ほど、消耗は激しくて。%K%P
けど、真剣勝負ほど、消耗は激しくて。%K%P
%LC陽菜
%LC陽菜
「はあっ、はあっ……やばっ、もう、足がっ……」%K%P
「はあっ、はあっ……やばっ、もう、足がっ……」%K%P
%LCクレール
%LCクレール
「うんっ……私も、下半身、限界かもっ……」%K%P
「うんっ……私も、下半身、限界かもっ……」%K%P
いつもよりフットワークを重視したせいで、\n腕より先に、足腰がちょっとヤバい。%K%P
いつもよりフットワークを重視したせいで、\n腕より先に、足腰がちょっとヤバい。%K%P
%LCクレール
%LCクレール
「いつもだったら、もうちょっと、\n　スタミナが残ってるはずなんだけどっ……」%K%P
「いつもだったら、もうちょっと、\n　スタミナが残ってるはずなんだけどっ……」%K%P
%LCクレール
%LCクレール
「今日は色々楽しくて、陽菜ちゃんと一緒に、\n　たくさんはしゃいじゃったあとだしっ……氈v%K%P
「今日は色々楽しくて、陽菜ちゃんと一緒に、\n　たくさんはしゃいじゃったあとだしっ……氈v%K%P
%LC陽菜
%LC陽菜
%XS21「クレールぅっ！」%XE%K%P
%XS21「クレールぅっ！」%XE%K%P
%LCクレール
%LCクレール
「んふっ、うふふっ氈v%K%P
「んふっ、うふふっ氈v%K%P
クレールの発言にメイド服姿の自分を思い出し、\n一瞬にして、頬がかあっと熱くなる。%K%P
クレールの発言にメイド服姿の自分を思い出し、\n一瞬にして、頬がかあっと熱くなる。%K%P
%LCクレール
%LCクレール
「ねえ陽菜ちゃん、体力があるうちに、\n　ズバッと勝負を決めることにしない？」%K%P
「ねえ陽菜ちゃん、体力があるうちに、\n　ズバッと勝負を決めることにしない？」%K%P
%LC陽菜
%LC陽菜
「うんっ。なら、泣いても笑っても、次で最後」%K%P
「うんっ。なら、泣いても笑っても、次で最後」%K%P
%LCクレール
%LCクレール
「でね？　せっかくだから、賭けをしましょ？」%K%P
「でね？　せっかくだから、賭けをしましょ？」%K%P
%LCクレール
%LCクレール
「負けた方がなんでもひとつ、\n　相手の言うことを聞くの」%K%P
「負けた方がなんでもひとつ、\n　相手の言うことを聞くの」%K%P
%LC陽菜
%LC陽菜
「なっ……えっ、なにそれっ」%K%P
「なっ……えっ、なにそれっ」%K%P
%LCクレール
%LCクレール
「このほうが盛り上がっていいでしょ？」%K%P
「このほうが盛り上がっていいでしょ？」%K%P
%LCクレール
%LCクレール
「もちろん、内容はなんでもオッケー。\n　えっちなことも可能ってことで……ねっ？」%K%P
「もちろん、内容はなんでもオッケー。\n　えっちなことも可能ってことで……ねっ？」%K%P
%LC陽菜
%LC陽菜
「そんなこと、するわけ――」%K%P
「そんなこと、するわけ――」%K%P
%LCクレール
%LCクレール
「あっ……ひょっとして陽菜ちゃん、\n　負けちゃうの怖い？」%K%P
「あっ……ひょっとして陽菜ちゃん、\n　負けちゃうの怖い？」%K%P
%LC陽菜
%LC陽菜
「いいよっ、勝負っ！！」%K%P
「いいよっ、勝負っ！！」%K%P
%LCクレール
%LCクレール
「ふふっ、さっすが陽菜ちゃんっ氈v%K%P
「ふふっ、さっすが陽菜ちゃんっ氈v%K%P
分かりやすい挑発にしっかり乗るところまで、\nきっとクレールの中では、予定調和で。%K%P
分かりやすい挑発にしっかり乗るところまで、\nきっとクレールの中では、予定調和で。%K%P
オレ自身も、そんなノリが楽しくって。%K%P
オレ自身も、そんなノリが楽しくって。%K%P
でも、勝負は勝負だから。%K%P
でも、勝負は勝負だから。%K%P
最後の一撃は、全力で――！！%K%P
最後の一撃は、全力で――！！%K%P
%LC陽菜
%LC陽菜
「やァあああああああああッ！」%K%P
「やァあああああああああッ！」%K%P
%LCクレール
%LCクレール
「せぇぇぇぇぇえええいッ！！」%K%P
「せぇぇぇぇぇえええいッ！！」%K%P
残った力を振り絞り、乾坤一擲、\nすべてを賭して、剣を振り抜く。%K%P
残った力を振り絞り、乾坤一擲、\nすべてを賭して、剣を振り抜く。%K%P
直後、オレのフィエルテが、\n激しく強く、ぶるッと震えて。%K%P
直後、オレのフィエルテが、\n激しく強く、ぶるッと震えて。%K%P
着ていた鎧は、ダイヤモンドダストみたいに、\n輝きを放ちながら砕け散った。%K%P
着ていた鎧は、ダイヤモンドダストみたいに、\n輝きを放ちながら砕け散った。%K%P
%LC陽菜
%LC陽菜
「ぐっ……はあっ、はあっ……」%K%P
「ぐっ……はあっ、はあっ……」%K%P
振り抜いた剣――クラージュが、\n手から滑り落ちて、舞台の上に転がる。%K%P
振り抜いた剣――クラージュが、\n手から滑り落ちて、舞台の上に転がる。%K%P
握力が残らないほど全力を出し切ったことが、\nとにかく誇らしくて、嬉しくて。%K%P
握力が残らないほど全力を出し切ったことが、\nとにかく誇らしくて、嬉しくて。%K%P
力が抜けて、膝から崩れ落ちたオレは、\nそのまま舞台の上に大の字に寝そべってしまった。%K%P
力が抜けて、膝から崩れ落ちたオレは、\nそのまま舞台の上に大の字に寝そべってしまった。%K%P
%LC陽菜
%LC陽菜
「ふぅ、はぁ……あーあ、負けちゃった……」%K%P
「ふぅ、はぁ……あーあ、負けちゃった……」%K%P
思わず漏れた声は、ほんの少し笑っていて、\nそれに気付いて、よりおかしさが込み上げる。%K%P
思わず漏れた声は、ほんの少し笑っていて、\nそれに気付いて、よりおかしさが込み上げる。%K%P
全力を出し切ったあと大の字に寝そべるなんて、\nまるで漫画みたいだ。%K%P
全力を出し切ったあと大の字に寝そべるなんて、\nまるで漫画みたいだ。%K%P
%LCクレール
%LCクレール
「陽菜ちゃんっ」%K%P
「陽菜ちゃんっ」%K%P
姿は見えないけど声がして、どこだろうって、\n頭を動かして、彼女の姿を探そうとする。%K%P
姿は見えないけど声がして、どこだろうって、\n頭を動かして、彼女の姿を探そうとする。%K%P
けど、その必要はなかったみたいで。%K%P
けど、その必要はなかったみたいで。%K%P
冷たい床の上にあった頭が、\n柔らかくて温かい、人肌の上に乗せられる。%K%P
冷たい床の上にあった頭が、\n柔らかくて温かい、人肌の上に乗せられる。%K%P
これが膝枕なんだ……なんて、\nぼんやりした頭で、素直に感動してしまう。%K%P
これが膝枕なんだ……なんて、\nぼんやりした頭で、素直に感動してしまう。%K%P
%LCクレール
%LCクレール
「陽菜ちゃん、大丈夫だった？\n　倒れたとき、どこか打ったりしてない？」%K%P
「陽菜ちゃん、大丈夫だった？\n　倒れたとき、どこか打ったりしてない？」%K%P
%LC陽菜
%LC陽菜
「どこもぶつけてないから安心して。\n　全身くたくたで、力が入らないだけ」%K%P
「どこもぶつけてないから安心して。\n　全身くたくたで、力が入らないだけ」%K%P
%LCクレール
%LCクレール
「エッチのあとみたいに？」%K%P
「エッチのあとみたいに？」%K%P
%LC陽菜
%LC陽菜
%XS21「クレールっ」%XE%K%P
%XS21「クレールっ」%XE%K%P
%LCクレール
%LCクレール
「くすっ氈@冗談よ、冗談っ氈v%K%P
「くすっ氈@冗談よ、冗談っ氈v%K%P
%LC陽菜
%LC陽菜
「もうっ……」%K%P
「もうっ……」%K%P
拗ね気味にぷいっと顔を逸らそうとしたけど、\n頬に添えられた手で、ぐいっと向きを戻された。%K%P
拗ね気味にぷいっと顔を逸らそうとしたけど、\n頬に添えられた手で、ぐいっと向きを戻された。%K%P
にこにこ顔に見下ろされるのは、\n自分が子供になったみたいで照れくさい。%K%P
にこにこ顔に見下ろされるのは、\n自分が子供になったみたいで照れくさい。%K%P
%LC陽菜
%LC陽菜
「……クレール、強いね」%K%P
「……クレール、強いね」%K%P
%LCクレール
%LCクレール
「そういう陽菜ちゃんも。\n　最後、紙一重だったもの」%K%P
「そういう陽菜ちゃんも。\n　最後、紙一重だったもの」%K%P
%LC陽菜
%LC陽菜
「惜敗は惜敗。勝ったのはクレールだよ」%K%P
「惜敗は惜敗。勝ったのはクレールだよ」%K%P
全力で振り下ろした刃は、わずかに及ばず、\n彼女のハルバードが、一瞬早くオレに届いていた。%K%P
全力で振り下ろした刃は、わずかに及ばず、\n彼女のハルバードが、一瞬早くオレに届いていた。%K%P
もちろん、手心を加えたつもりはない。%K%P
もちろん、手心を加えたつもりはない。%K%P
全力で挑んで、それで、負けた。%K%P
全力で挑んで、それで、負けた。%K%P
だからこそ、こんなにも気持ちが清々しい。%K%P
だからこそ、こんなにも気持ちが清々しい。%K%P
%LC陽菜
%LC陽菜
「それで、なにをすればいいの？\n　負けたらなんでも言うことを聞くんだよね？」%K%P
「それで、なにをすればいいの？\n　負けたらなんでも言うことを聞くんだよね？」%K%P
%LCクレール
%LCクレール
「あっ、うん。そのこと、なんだけど……」%K%P
「あっ、うん。そのこと、なんだけど……」%K%P
%LCクレール
%LCクレール
「……本当に、なんでもいい？」%K%P
「……本当に、なんでもいい？」%K%P
%LC陽菜
%LC陽菜
「あらたまられると、ちょっと怖いけど……。\n　でも、そういう約束だったわけだし」%K%P
「あらたまられると、ちょっと怖いけど……。\n　でも、そういう約束だったわけだし」%K%P
%LCクレール
%LCクレール
「じゃあ……思い切って言うわね。\n　もしイヤだったら、イヤって言って？」%K%P
「じゃあ……思い切って言うわね。\n　もしイヤだったら、イヤって言って？」%K%P
%LC陽菜
%LC陽菜
「それはないと思うけど……なに？」%K%P
「それはないと思うけど……なに？」%K%P
%LCクレール
%LCクレール
「私と一緒に、アリアンロッドで学びましょ？」%K%P
「私と一緒に、アリアンロッドで学びましょ？」%K%P
%LC陽菜
%LC陽菜
「…………へ？」%K%P
「…………へ？」%K%P
……は？%K%P
……は？%K%P
%LC陽菜
%LC陽菜
「なに、それ……。どういうこと……？」%K%P
「なに、それ……。どういうこと……？」%K%P
%LCクレール
%LCクレール
「実は、ニナに相談していたの。陽菜ちゃんを、\n　アリアンロッドに留学させられないかって」%K%P
「実は、ニナに相談していたの。陽菜ちゃんを、\n　アリアンロッドに留学させられないかって」%K%P
%LCクレール
%LCクレール
「そうしたら、姉妹校の特典制度を活用すれば、\n　どうにかできると思うって、そう言ってくれて」%K%P
「そうしたら、姉妹校の特典制度を活用すれば、\n　どうにかできると思うって、そう言ってくれて」%K%P
%LC陽菜
%LC陽菜
「ちょっ……ちょっと待ってっ。\n　留学するって、そもそもオレは男で――」%K%P
「ちょっ……ちょっと待ってっ。\n　留学するって、そもそもオレは男で――」%K%P
%LCクレール
%LCクレール
「陽菜ちゃんは女の子でしょ？\n　その証拠に、この学園に通っているじゃない」%K%P
「陽菜ちゃんは女の子でしょ？\n　その証拠に、この学園に通っているじゃない」%K%P
%LC陽菜
%LC陽菜
「あー……」%K%P
「あー……」%K%P
クレールの一言で、すべてを察してしまう。%K%P
クレールの一言で、すべてを察してしまう。%K%P
%LCクレール
%LCクレール
「さっき、ニナがこっそり教えてくれたの」%K%P
「さっき、ニナがこっそり教えてくれたの」%K%P
%LCクレール
%LCクレール
「陽菜ちゃん自身が留学を希望するのなら、\n　すぐにでも留学の準備を整えるって」%K%P
「陽菜ちゃん自身が留学を希望するのなら、\n　すぐにでも留学の準備を整えるって」%K%P
%LCクレール
%LCクレール
「だから……あとは、あなた次第なの」%K%P
「だから……あとは、あなた次第なの」%K%P
%LCクレール
%LCクレール
「ワガママだってことは、百も承知で……でも、\n　それでも私は、陽菜ちゃんと一緒にいたい」%K%P
「ワガママだってことは、百も承知で……でも、\n　それでも私は、陽菜ちゃんと一緒にいたい」%K%P
%LCクレール
%LCクレール
「お願い、陽菜ちゃん。\n　私と一緒に、来てくれる？」%K%P
「お願い、陽菜ちゃん。\n　私と一緒に、来てくれる？」%K%P
%LC陽菜
%LC陽菜
「うん、いいよ」%K%P
「うん、いいよ」%K%P
%LCクレール
%LCクレール
「ッ……ほ、ほんとっ……？！　ほんとに？」%K%P
「ッ……ほ、ほんとっ……？！　ほんとに？」%K%P
%LC陽菜
%LC陽菜
「もう、なんでクレールが驚いてるの？\n　イヤだって言われると思ったとか？」%K%P
「もう、なんでクレールが驚いてるの？\n　イヤだって言われると思ったとか？」%K%P
%LCクレール
%LCクレール
「だって、すごく無茶なお願いだし……」%K%P
「だって、すごく無茶なお願いだし……」%K%P
%LC陽菜
%LC陽菜
「一緒に居られる選択肢があるなら、\n　それを選ぶのは、おかしくないでしょ？」%K%P
「一緒に居られる選択肢があるなら、\n　それを選ぶのは、おかしくないでしょ？」%K%P
%LC陽菜
%LC陽菜
「もちろん、色々大変だとは思うけど……。\n　クレールが一緒にいてくれるなら、安心だから」%K%P
「もちろん、色々大変だとは思うけど……。\n　クレールが一緒にいてくれるなら、安心だから」%K%P
%LC陽菜
%LC陽菜
「もし、アリアンロッド女学院で、\n　私の秘密が他の子にバレそうになったら――」%K%P
「もし、アリアンロッド女学院で、\n　私の秘密が他の子にバレそうになったら――」%K%P
%LC陽菜
%LC陽菜
「その時は、私を助けてくれる？」%K%P
「その時は、私を助けてくれる？」%K%P
%LCクレール
%LCクレール
「ああっ……うんっ氈@任せて陽菜ちゃんっ、\n　私、なんでもするっ、なんでもしちゃうっ」%K%P
「ああっ……うんっ氈@任せて陽菜ちゃんっ、\n　私、なんでもするっ、なんでもしちゃうっ」%K%P
%LC陽菜
%LC陽菜
「なんでもするのは、こっちのはずじゃ……」%K%P
「なんでもするのは、こっちのはずじゃ……」%K%P
%LCクレール
%LCクレール
「いいのっ！　私がしたいんだものっ！」%K%P
「いいのっ！　私がしたいんだものっ！」%K%P
%LCクレール
%LCクレール
「じゃあ、じゃあじゃあっ――、\n　これからよろしくね？　陽菜ちゃんっ」%K%P
「じゃあ、じゃあじゃあっ――、\n　これからよろしくね？　陽菜ちゃんっ」%K%P
%LCクレール
%LCクレール
「ずーっと、ずぅーっと、\n　よろしくお願いしますっ」%K%P
「ずーっと、ずぅーっと、\n　よろしくお願いしますっ」%K%P
満面の笑顔の目元には、うっすらと涙。%P
満面の笑顔の目元には、うっすらと涙。%P
この素敵な顔を、オレは一生忘れない。%P
この素敵な顔を、オレは一生忘れない。%P
