杏奈ちゃんとの練習は週明けも続き、\n彼女は着実に強くなっていった。%K%P
杏奈ちゃんとの練習は週明けも続き、\n彼女は着実に強くなっていった。%K%P
その成果がどれぐらいかと言うと――、%K%P
その成果がどれぐらいかと言うと――、%K%P
%LC宗千佳
%LC宗千佳
「陽菜。おまえ、どんな魔法を使った」%K%P
「陽菜。おまえ、どんな魔法を使った」%K%P
――と、{騎士道:シュバルリィ}の実技授業中、\nあの姉さんが、そんな感想を漏らすほどだった。%K%P
――と、{騎士道:シュバルリィ}の実技授業中、\nあの姉さんが、そんな感想を漏らすほどだった。%K%P
そうして、運命の水曜日――。%K%P
そうして、運命の水曜日――。%K%P
%LC杏奈
%LC杏奈
「うぅ、どうしよう……。\n　めっちゃドキドキしてきた……」%K%P
「うぅ、どうしよう……。\n　めっちゃドキドキしてきた……」%K%P
%LC陽菜
%LC陽菜
「まだお昼休みだよ？　ほら、ご飯食べて」%K%P
「まだお昼休みだよ？　ほら、ご飯食べて」%K%P
%LC杏奈
%LC杏奈
「けど、これで不甲斐ない結果になったら、\n　陽菜ちゃんたちに申し訳ないし……」%K%P
「けど、これで不甲斐ない結果になったら、\n　陽菜ちゃんたちに申し訳ないし……」%K%P
%LC陽菜
%LC陽菜
「別に気にしなくても――」%K%P
「別に気にしなくても――」%K%P
%LC杏奈
%LC杏奈
「気にするよっ。みんな私のために、\n　大切な時間を使ってくれたんだもん」%K%P
「気にするよっ。みんな私のために、\n　大切な時間を使ってくれたんだもん」%K%P
%LC陽菜
%LC陽菜
「なら、なおさら気にしないこと」%K%P
「なら、なおさら気にしないこと」%K%P
%LC陽菜
%LC陽菜
「杏奈ちゃんにプレッシャーをかけたくて、\n　コーチをしたわけじゃないんだから」%K%P
「杏奈ちゃんにプレッシャーをかけたくて、\n　コーチをしたわけじゃないんだから」%K%P
%LC杏奈
%LC杏奈
「でもぉ……」%K%P
「でもぉ……」%K%P
%LC陽菜
%LC陽菜
「なら、別のプレッシャーで上書きしてあげる」%K%P
「なら、別のプレッシャーで上書きしてあげる」%K%P
%LC陽菜
%LC陽菜
「さっき連絡があったんだけど。杏奈ちゃんが\n　対戦する予定だった子、今日風邪でお休みだって」%K%P
「さっき連絡があったんだけど。杏奈ちゃんが\n　対戦する予定だった子、今日風邪でお休みだって」%K%P
%LC杏奈
%LC杏奈
「えっ……？　じゃあ、私の試験は？　延期？」%K%P
「えっ……？　じゃあ、私の試験は？　延期？」%K%P
%LC陽菜
%LC陽菜
「ううん、今日やるよ。実技試験は勝敗じゃなく、\n　内容を見て実力を判断するものだし」%K%P
「ううん、今日やるよ。実技試験は勝敗じゃなく、\n　内容を見て実力を判断するものだし」%K%P
%LC陽菜
%LC陽菜
「ただし、相手は別の人だけど」%K%P
「ただし、相手は別の人だけど」%K%P
%LC杏奈
%LC杏奈
「まさか、陽菜ちゃんだって言うんじゃ……」%K%P
「まさか、陽菜ちゃんだって言うんじゃ……」%K%P
%LC陽菜
%LC陽菜
「だったら私も嬉しかったんだけど。\n　残念ながらハズレ」%K%P
「だったら私も嬉しかったんだけど。\n　残念ながらハズレ」%K%P
%LC陽菜
%LC陽菜
「杏奈ちゃんの相手は、\n　３組の{津島:つしま}{小夜:さよ}さん」%K%P
「杏奈ちゃんの相手は、\n　３組の{津島:つしま}{小夜:さよ}さん」%K%P
%LC杏奈
%LC杏奈
「小夜ちゃんって……うそ、\n　前回試験で１位だった、あのっ……？！」%K%P
「小夜ちゃんって……うそ、\n　前回試験で１位だった、あのっ……？！」%K%P
%LC陽菜
%LC陽菜
「その小夜さん。すでに実技試験を終えていて、\n　今回代役を引き受けてくれたんだって」%K%P
「その小夜さん。すでに実技試験を終えていて、\n　今回代役を引き受けてくれたんだって」%K%P
代役を小夜さんにしたって聞いたときは、\n正直、オレも驚いてしまったけど。%K%P
代役を小夜さんにしたって聞いたときは、\n正直、オレも驚いてしまったけど。%K%P
逆に言うと、姉さんは今の杏奈ちゃんを見て、\nそのぐらいの力はあると判断したわけだ。%K%P
逆に言うと、姉さんは今の杏奈ちゃんを見て、\nそのぐらいの力はあると判断したわけだ。%K%P
%LC陽菜
%LC陽菜
「練習成果を見せる機会としては、\n　これ以上ない相手でしょ？」%K%P
「練習成果を見せる機会としては、\n　これ以上ない相手でしょ？」%K%P
%LC杏奈
%LC杏奈
「本当にこれ以上なさすぎるってばっ。\n　学年トップなんだからっ」%K%P
「本当にこれ以上なさすぎるってばっ。\n　学年トップなんだからっ」%K%P
%LC陽菜
%LC陽菜
「それと今日の試験、\n　私、審判を手伝うことになったから」%K%P
「それと今日の試験、\n　私、審判を手伝うことになったから」%K%P
%LC陽菜
%LC陽菜
「杏奈ちゃんの{舞闘:カデンツァ}、\n　一番近くで見てるからね？」%K%P
「杏奈ちゃんの{舞闘:カデンツァ}、\n　一番近くで見てるからね？」%K%P
%LC杏奈
%LC杏奈
%XS21「ええええええええっ？！」%XE%K%P
%XS21「ええええええええっ？！」%XE%K%P
%LC宗千佳
%LC宗千佳
「杏奈、準備は？」%K%P
「杏奈、準備は？」%K%P
%LC杏奈
%LC杏奈
「いけます」%K%P
「いけます」%K%P
%LC宗千佳
%LC宗千佳
「小夜は？」%K%P
「小夜は？」%K%P
%LC小夜
%LC小夜
「問題ありません」%K%P
「問題ありません」%K%P
%LC宗千佳
%LC宗千佳
「よし。両者、クラージュ起動」%K%P
「よし。両者、クラージュ起動」%K%P
%LC杏奈・小夜
%LC杏奈・小夜
「アン・ガルドっ」%K%P
「アン・ガルドっ」%K%P
揃った掛け声でクラージュが起動すると、\n眩い光が杏奈ちゃんたちを包み込む。%K%P
揃った掛け声でクラージュが起動すると、\n眩い光が杏奈ちゃんたちを包み込む。%K%P
光は鎧となり、顕現する二人の{騎士:ワルキュリア}――。%K%P
光は鎧となり、顕現する二人の{騎士:ワルキュリア}――。%K%P
自分が体験したときも思ったけれど、\nこうして目の前で見ても、まさに魔法だ。%K%P
自分が体験したときも思ったけれど、\nこうして目の前で見ても、まさに魔法だ。%K%P
オレが初めて{舞闘:カデンツァ}をしたときは、\n色々とイレギュラーなことが多かったけど――、%K%P
オレが初めて{舞闘:カデンツァ}をしたときは、\n色々とイレギュラーなことが多かったけど――、%K%P
いまのように審判の合図でクラージュを起動するのが、\n正式な{舞闘:カデンツァ}の手順となっている。%K%P
いまのように審判の合図でクラージュを起動するのが、\n正式な{舞闘:カデンツァ}の手順となっている。%K%P
%LC宗千佳
%LC宗千佳
「では、これより{舞闘:カデンツァ}を始める」%K%P
「では、これより{舞闘:カデンツァ}を始める」%K%P
%LC宗千佳
%LC宗千佳
「両者、中央へ」%K%P
「両者、中央へ」%K%P
%LC杏奈・小夜
%LC杏奈・小夜
「はいっ」%K%P
「はいっ」%K%P
副審のオレをちらっと見た後、\n舞台の中央へと進む杏奈ちゃん。%K%P
副審のオレをちらっと見た後、\n舞台の中央へと進む杏奈ちゃん。%K%P
初めて見る彼女の鎧姿はとても可憐で、\nまさに少女騎士といった装いだ。%K%P
初めて見る彼女の鎧姿はとても可憐で、\nまさに少女騎士といった装いだ。%K%P
%LC宗千佳
%LC宗千佳
「双方、構えて」%K%P
「双方、構えて」%K%P
盾の存在を相手に意識させるように、\n杏奈ちゃんは腕を少し前に出して構えた。%K%P
盾の存在を相手に意識させるように、\n杏奈ちゃんは腕を少し前に出して構えた。%K%P
手にする武器は、ショートソード。%K%P
手にする武器は、ショートソード。%K%P
盾持ちの制限で武器のリーチは短いけれど、\n片手で扱いやすい点は、むしろメリットといえる。%K%P
盾持ちの制限で武器のリーチは短いけれど、\n片手で扱いやすい点は、むしろメリットといえる。%K%P
対する小夜さんの武器は、オレと同じロングソード。%K%P
対する小夜さんの武器は、オレと同じロングソード。%K%P
それをしっかり両手で握り、中断の構え――、\n武器こそ違えど、依夜様と同じ剣道スタイルだ。%K%P
それをしっかり両手で握り、中断の構え――、\n武器こそ違えど、依夜様と同じ剣道スタイルだ。%K%P
%LC宗千佳
%LC宗千佳
「――はじめっ！」%K%P
「――はじめっ！」%K%P
%LC小夜
%LC小夜
「やあああっ！！」%K%P
「やあああっ！！」%K%P
号令と同時に小夜さんが前に出ると、\n杏奈ちゃんも応じて前に出た。%K%P
号令と同時に小夜さんが前に出ると、\n杏奈ちゃんも応じて前に出た。%K%P
一気に間合いが詰まり、\nすぐさま小夜さんの切っ先が杏奈ちゃんを狙う。%K%P
一気に間合いが詰まり、\nすぐさま小夜さんの切っ先が杏奈ちゃんを狙う。%K%P
%LC杏奈
%LC杏奈
「くっ……！」%K%P
「くっ……！」%K%P
しっかり反応して盾で受けたけど、\n勢いに圧され、わずかに後退する杏奈ちゃん。%K%P
しっかり反応して盾で受けたけど、\n勢いに圧され、わずかに後退する杏奈ちゃん。%K%P
そこを畳みかけるように、小夜さんが踏み込む。%K%P
そこを畳みかけるように、小夜さんが踏み込む。%K%P
%LC小夜
%LC小夜
「はッ、ふッ、はァッ！！」%K%P
「はッ、ふッ、はァッ！！」%K%P
刻むように連打する打突は、\nさながらオレと戦ったときの依夜様のようだ。%K%P
刻むように連打する打突は、\nさながらオレと戦ったときの依夜様のようだ。%K%P
学年トップの成績を残すだけあって、\n小夜さん、かなり強い。%K%P
学年トップの成績を残すだけあって、\n小夜さん、かなり強い。%K%P
攻撃スタイルは依夜様に近く、\nとくに連携の組み立てが上手だ。%K%P
攻撃スタイルは依夜様に近く、\nとくに連携の組み立てが上手だ。%K%P
けど、杏奈ちゃんはそんな連携を、\n剣と盾で丁寧に防いでいく。%K%P
けど、杏奈ちゃんはそんな連携を、\n剣と盾で丁寧に防いでいく。%K%P
%LC陽菜
%LC陽菜
（そうそう、よく見て）%K%P
（そうそう、よく見て）%K%P
審判として中立の立場で見守りながらも、\nつい、心の中で杏奈ちゃんを応援してしまう。%K%P
審判として中立の立場で見守りながらも、\nつい、心の中で杏奈ちゃんを応援してしまう。%K%P
まるで、運動会で子供を見守る保護者みたいだ。%K%P
まるで、運動会で子供を見守る保護者みたいだ。%K%P
%LC杏奈
%LC杏奈
「――よし、ここっ……！！」%K%P
「――よし、ここっ……！！」%K%P
連携の切れ目を狙い、\n杏奈ちゃんが盾を使って割り込む。%K%P
連携の切れ目を狙い、\n杏奈ちゃんが盾を使って割り込む。%K%P
教えたとおり、\n相手の技の出掛かりを――よし、抑えたっ！%K%P
教えたとおり、\n相手の技の出掛かりを――よし、抑えたっ！%K%P
%LC小夜
%LC小夜
「なっ……！？　くッ、この……っ！！」%K%P
「なっ……！？　くッ、この……っ！！」%K%P
%LC陽菜
%LC陽菜
（うそ、あれを弾くのっ……！？）%K%P
（うそ、あれを弾くのっ……！？）%K%P
攻撃の初動を抑えられて一瞬ひるんだものの、\n小夜さんは強引に、杏奈ちゃんの盾を弾き返す。%K%P
攻撃の初動を抑えられて一瞬ひるんだものの、\n小夜さんは強引に、杏奈ちゃんの盾を弾き返す。%K%P
けど、さすがに驚いたようで、\nすぐさま後ろに下がり、体勢を整える。%K%P
けど、さすがに驚いたようで、\nすぐさま後ろに下がり、体勢を整える。%K%P
%LC小夜
%LC小夜
「はぁ、びっくりした……。\n　杏奈ちゃん、いまのすごいね」%K%P
「はぁ、びっくりした……。\n　杏奈ちゃん、いまのすごいね」%K%P
%LC杏奈
%LC杏奈
「小夜ちゃんこそ。\n　あそこから弾くなんて」%K%P
「小夜ちゃんこそ。\n　あそこから弾くなんて」%K%P
%LC小夜
%LC小夜
「これでも学年トップですもの」%K%P
「これでも学年トップですもの」%K%P
%LC杏奈
%LC杏奈
「うん。だからこそ、負けてもともと――」%K%P
「うん。だからこそ、負けてもともと――」%K%P
%LC杏奈
%LC杏奈
「いくよ、小夜ちゃんっ！」%K%P
「いくよ、小夜ちゃんっ！」%K%P
%LC小夜
%LC小夜
「きませいっ！！」%K%P
「きませいっ！！」%K%P
剣道やフェンシングでは、\n試合中に対戦相手と話すだなんて御法度だ。%K%P
剣道やフェンシングでは、\n試合中に対戦相手と話すだなんて御法度だ。%K%P
でも、{舞闘:カデンツァ}ではそれが許されている。%K%P
でも、{舞闘:カデンツァ}ではそれが許されている。%K%P
たとえ勝負の最中であろうと、\n相手を讃えたいと思えば、伝えていい。%K%P
たとえ勝負の最中であろうと、\n相手を讃えたいと思えば、伝えていい。%K%P
悔しいと思えば、吠えていい。%K%P
悔しいと思えば、吠えていい。%K%P
上手い、手強い、負けない、勝ちたい――。%K%P
上手い、手強い、負けない、勝ちたい――。%K%P
防具がなく、相手の顔が見えるからこそ、\nより多くのことが伝わってくるし、伝えたくなる。%K%P
防具がなく、相手の顔が見えるからこそ、\nより多くのことが伝わってくるし、伝えたくなる。%K%P
武道は礼儀を大切にしているけれど、\nそれは{騎士道:シュバルリィ}でも同じ。%K%P
武道は礼儀を大切にしているけれど、\nそれは{騎士道:シュバルリィ}でも同じ。%K%P
だから、相手を侮辱するような言動をとれば、\n審判が反則をとることになっているんだけど――、%K%P
だから、相手を侮辱するような言動をとれば、\n審判が反則をとることになっているんだけど――、%K%P
銀蘭の{騎士:ワルキュリア}たちにおいては、\nそんな心配はまったく必要ない。%K%P
銀蘭の{騎士:ワルキュリア}たちにおいては、\nそんな心配はまったく必要ない。%K%P
ノーブルで学ぶ女の子たちは、\n誰もがみな、その名の通り、高潔だからだ。%K%P
ノーブルで学ぶ女の子たちは、\n誰もがみな、その名の通り、高潔だからだ。%K%P
%LC杏奈
%LC杏奈
「今度、こそっ……！」%K%P
「今度、こそっ……！」%K%P
%LC小夜
%LC小夜
「私だってっ……！」%K%P
「私だってっ……！」%K%P
%LC陽菜
%LC陽菜
（はやいっ……！）%K%P
（はやいっ……！）%K%P
盾を警戒して間合いをとるかと思ったけど、\n小夜さんはむしろ、さらに距離を詰めていく。%K%P
盾を警戒して間合いをとるかと思ったけど、\n小夜さんはむしろ、さらに距離を詰めていく。%K%P
それはすごく、シンプルな答え。%K%P
それはすごく、シンプルな答え。%K%P
技の出掛かりを止めてくるのなら、\n止められない早さで、打てばいい――。%K%P
技の出掛かりを止めてくるのなら、\n止められない早さで、打てばいい――。%K%P
%LC小夜
%LC小夜
「やァッ！！」%K%P
「やァッ！！」%K%P
杏奈ちゃんの盾より早く、\n小夜さんの剣が駆け抜ける。%K%P
杏奈ちゃんの盾より早く、\n小夜さんの剣が駆け抜ける。%K%P
その一閃は、見事に杏奈ちゃんの鎧を捉えて――、%K%P
その一閃は、見事に杏奈ちゃんの鎧を捉えて――、%K%P
%LC杏奈
%LC杏奈
「ああっ……？！」%K%P
「ああっ……？！」%K%P
戸惑うような声とともに、鎧が砕け散る。%K%P
戸惑うような声とともに、鎧が砕け散る。%K%P
鎧を形作っていた光が霧散すると、そこには、\nフィエルテ姿の杏奈ちゃんが立ち尽くしていた。%K%P
鎧を形作っていた光が霧散すると、そこには、\nフィエルテ姿の杏奈ちゃんが立ち尽くしていた。%K%P
%LC宗千佳
%LC宗千佳
「それまでっ！」%K%P
「それまでっ！」%K%P
姉さんの声と、明るくなった照明で、\n杏奈ちゃんはハッとして。%K%P
姉さんの声と、明るくなった照明で、\n杏奈ちゃんはハッとして。%K%P
それから、すぐに姿勢を正した。%K%P
それから、すぐに姿勢を正した。%K%P
%LC宗千佳
%LC宗千佳
「両者、礼」%K%P
「両者、礼」%K%P
%LC杏奈・小夜
%LC杏奈・小夜
「ありがとうございました」%K%P
「ありがとうございました」%K%P
礼をした杏奈ちゃんは、\n気まずそうに、こちらをちらっと見て。%K%P
礼をした杏奈ちゃんは、\n気まずそうに、こちらをちらっと見て。%K%P
でも、結局なにも言わず、壇上を後にした。%K%P
でも、結局なにも言わず、壇上を後にした。%K%P
%LC陽菜
%LC陽菜
「大丈夫かな……」%K%P
「大丈夫かな……」%K%P
%LC宗千佳
%LC宗千佳
「そう思うなら様子を見てくればいい」%K%P
「そう思うなら様子を見てくればいい」%K%P
%LC陽菜
%LC陽菜
「でも、次の試合が」%K%P
「でも、次の試合が」%K%P
%LC宗千佳
%LC宗千佳
「準備には少し時間がかかる。\n　いいから行ってこい」%K%P
「準備には少し時間がかかる。\n　いいから行ってこい」%K%P
急いで控え室に向かったオレが見たのは、\nベンチに座り、うつむく杏奈ちゃんだった。%K%P
急いで控え室に向かったオレが見たのは、\nベンチに座り、うつむく杏奈ちゃんだった。%K%P
いつも元気いっぱいな分、\nこういう姿を見るのは、これが初めてで。%K%P
いつも元気いっぱいな分、\nこういう姿を見るのは、これが初めてで。%K%P
こういうときって、なんて声をかければ――、%K%P
こういうときって、なんて声をかければ――、%K%P
%LC杏奈
%LC杏奈
「あっ、陽菜ちゃん……」%K%P
「あっ、陽菜ちゃん……」%K%P
%LC陽菜
%LC陽菜
「あの、えっと、その……」%K%P
「あの、えっと、その……」%K%P
%LC杏奈
%LC杏奈
「ねえねえ、私、すごくない？」%K%P
「ねえねえ、私、すごくない？」%K%P
%LC陽菜
%LC陽菜
「え……？」%K%P
「え……？」%K%P
%LC杏奈
%LC杏奈
「だって今日の相手、\n　学年トップの小夜ちゃんだったんだよ？」%K%P
「だって今日の相手、\n　学年トップの小夜ちゃんだったんだよ？」%K%P
%LC杏奈
%LC杏奈
「そんな子相手に、あそこまで戦えて……」%K%P
「そんな子相手に、あそこまで戦えて……」%K%P
%LC杏奈
%LC杏奈
「練習した成果も、ちゃんと出せたし。\n　しかも、試合中に褒められちゃったし……」%K%P
「練習した成果も、ちゃんと出せたし。\n　しかも、試合中に褒められちゃったし……」%K%P
%LC杏奈
%LC杏奈
「それもこれもぜーんぶ、\n　陽菜ちゃんと美実様たちのおかげっ！」%K%P
「それもこれもぜーんぶ、\n　陽菜ちゃんと美実様たちのおかげっ！」%K%P
そう言って、にこっと笑う杏奈ちゃん。%K%P
そう言って、にこっと笑う杏奈ちゃん。%K%P
あれ……？　なんか、思ってたのと違う――、%K%P
あれ……？　なんか、思ってたのと違う――、%K%P
%LC陽菜
%LC陽菜
「杏奈ちゃん、落ち込んでないの……？」%K%P
「杏奈ちゃん、落ち込んでないの……？」%K%P
%LC杏奈
%LC杏奈
「ん？　なんで？」%K%P
「ん？　なんで？」%K%P
%LC陽菜
%LC陽菜
「なんでって――」%K%P
「なんでって――」%K%P
そう言われると、かえって困るというか。%K%P
そう言われると、かえって困るというか。%K%P
どうしてオレ、杏奈ちゃんが落ち込むって、\nそんなふうに思い込んじゃっていたんだろう。%K%P
どうしてオレ、杏奈ちゃんが落ち込むって、\nそんなふうに思い込んじゃっていたんだろう。%K%P
%LC杏奈
%LC杏奈
「もちろん、負けたのは悔しいよ？」%K%P
「もちろん、負けたのは悔しいよ？」%K%P
%LC杏奈
%LC杏奈
「けど、私の実力を考えたら、\n　今日の結果は、上々の上だもん」%K%P
「けど、私の実力を考えたら、\n　今日の結果は、上々の上だもん」%K%P
%LC杏奈
%LC杏奈
「当たって砕けろな気持ちで挑んだけど、\n　気持ちまでは砕けてないから大丈夫」%K%P
「当たって砕けろな気持ちで挑んだけど、\n　気持ちまでは砕けてないから大丈夫」%K%P
%LC杏奈
%LC杏奈
「まあ、鎧は砕かれちゃったけど。えへへっ」%K%P
「まあ、鎧は砕かれちゃったけど。えへへっ」%K%P
%LC陽菜
%LC陽菜
「杏奈ちゃん……」%K%P
「杏奈ちゃん……」%K%P
オレを気遣って明るく振る舞ってるのかとも\n思ったけど、そうじゃない。%K%P
オレを気遣って明るく振る舞ってるのかとも\n思ったけど、そうじゃない。%K%P
彼女は本当に、今日の結果に満足している。%K%P
彼女は本当に、今日の結果に満足している。%K%P
勝てなかったことは悔しいと認めつつも、\n全力を出し切れたことを誇りに思っているんだ。%K%P
勝てなかったことは悔しいと認めつつも、\n全力を出し切れたことを誇りに思っているんだ。%K%P
%LC陽菜
%LC陽菜
「……すごいね、杏奈ちゃん」%K%P
「……すごいね、杏奈ちゃん」%K%P
%LC杏奈
%LC杏奈
「ねっ？　今日の私、すごかったよね？\n　こんなにすごかったの、人生初かも」%K%P
「ねっ？　今日の私、すごかったよね？\n　こんなにすごかったの、人生初かも」%K%P
%LC杏奈
%LC杏奈
「でもね、本当にすごいのは、\n　さっきも言ったように陽菜ちゃんだから」%K%P
「でもね、本当にすごいのは、\n　さっきも言ったように陽菜ちゃんだから」%K%P
%LC杏奈
%LC杏奈
「私をコーチしてくれて、\n　ほんっとーに、ありがとっ！」%K%P
「私をコーチしてくれて、\n　ほんっとーに、ありがとっ！」%K%P
%LC陽菜
%LC陽菜
「わっ……？！」%K%P
「わっ……？！」%K%P
感謝の気持ちを身体で表すように、\n杏奈ちゃんがぎゅっと抱きついてくる。%K%P
感謝の気持ちを身体で表すように、\n杏奈ちゃんがぎゅっと抱きついてくる。%K%P
彼女の健闘を物語るように火照った肌は、\nまだ乾いていない汗で、ほんのりと湿っていて。%K%P
彼女の健闘を物語るように火照った肌は、\nまだ乾いていない汗で、ほんのりと湿っていて。%K%P
フィエルテの密着感と相まって、\nいろんな意味でオレをドキドキさせた。%K%P
フィエルテの密着感と相まって、\nいろんな意味でオレをドキドキさせた。%K%P
その日の夜、\n姉さんたちと夕食を食べていたときのこと。%K%P
その日の夜、\n姉さんたちと夕食を食べていたときのこと。%K%P
%LC宗千佳
%LC宗千佳
「{舞闘:カデンツァ}の副審、\n　やってみてどうだった？」%K%P
「{舞闘:カデンツァ}の副審、\n　やってみてどうだった？」%K%P
%LC陽菜
%LC陽菜
「身も蓋もない言い方をしちゃうと、\n　思ってた以上にすることがないかも」%K%P
「身も蓋もない言い方をしちゃうと、\n　思ってた以上にすることがないかも」%K%P
%LC宗千佳
%LC宗千佳
「{舞闘:カデンツァ}はフェンシングのように、\n　判定自体は機械が行ってくれるからな」%K%P
「{舞闘:カデンツァ}はフェンシングのように、\n　判定自体は機械が行ってくれるからな」%K%P
%LC宗千佳
%LC宗千佳
「とはいえ審判は必要だ。\n　なにが起こるかわからない」%K%P
「とはいえ審判は必要だ。\n　なにが起こるかわからない」%K%P
%LC宗千佳
%LC宗千佳
「例えば、相手の剣を折る、とかな」%K%P
「例えば、相手の剣を折る、とかな」%K%P
%LC陽菜
%LC陽菜
「もう、またその話して」%K%P
「もう、またその話して」%K%P
親善試合で依夜様のクラージュを折ったことを、\n姉さんは未だに話の種にしてくる。%K%P
親善試合で依夜様のクラージュを折ったことを、\n姉さんは未だに話の種にしてくる。%K%P
それ位インパクトがあったってことなんだろうけど。%K%P
それ位インパクトがあったってことなんだろうけど。%K%P
%LC陽菜
%LC陽菜
「そういえば依夜様のクラージュ、\n　大丈夫だったんですか？　壊れたりとか」%K%P
「そういえば依夜様のクラージュ、\n　大丈夫だったんですか？　壊れたりとか」%K%P
%LCニナ
%LCニナ
「平気よ。折れたように見えていただけで、\n　実際には折れていないから」%K%P
「平気よ。折れたように見えていただけで、\n　実際には折れていないから」%K%P
%LCニナ
%LCニナ
「クラージュって、起動すると伸びるでしょ？」%K%P
「クラージュって、起動すると伸びるでしょ？」%K%P
%LCニナ
%LCニナ
「その部分に想定以上の負荷が掛かった場合、\n　安全装置が働いて強制終了するの」%K%P
「その部分に想定以上の負荷が掛かった場合、\n　安全装置が働いて強制終了するの」%K%P
%LCニナ
%LCニナ
「そのときの処理が、テアトルでの立体映像だと、\n　剣が折れたように見える、というわけ」%K%P
「そのときの処理が、テアトルでの立体映像だと、\n　剣が折れたように見える、というわけ」%K%P
%LC陽菜
%LC陽菜
「へぇー……。すごいですね、\n　そんなところまで考えて作ってあるなんて」%K%P
「へぇー……。すごいですね、\n　そんなところまで考えて作ってあるなんて」%K%P
%LCニナ
%LCニナ
「でしょ？　私、すっごいでしょ？」%K%P
「でしょ？　私、すっごいでしょ？」%K%P
こういうときのニナさんは、\n本当にドヤ顔って表現がよく似合う。%K%P
こういうときのニナさんは、\n本当にドヤ顔って表現がよく似合う。%K%P
%LC陽菜
%LC陽菜
「そんなすごい{舞闘:カデンツァ}を一番近くで\n　見られるわけだから、審判も悪くないかも」%K%P
「そんなすごい{舞闘:カデンツァ}を一番近くで\n　見られるわけだから、審判も悪くないかも」%K%P
もちろん、一番は自分が戦うこと、なんだけど。%K%P
もちろん、一番は自分が戦うこと、なんだけど。%K%P
%LC宗千佳
%LC宗千佳
「なら、さらに近くで見られるよう、\n　明日の試験では主審を頼もう」%K%P
「なら、さらに近くで見られるよう、\n　明日の試験では主審を頼もう」%K%P
%LC宗千佳
%LC宗千佳
「今後のことも考えると、\n　一度は経験しておいたほうがいいからな」%K%P
「今後のことも考えると、\n　一度は経験しておいたほうがいいからな」%K%P
%LC陽菜
%LC陽菜
「わかった。やってみる」%K%P
「わかった。やってみる」%K%P
%LC宗千佳
%LC宗千佳
「明日の試験は１年生中心だが、\n　成績上位者同士の試合が多い」%K%P
「明日の試験は１年生中心だが、\n　成績上位者同士の試合が多い」%K%P
%LC宗千佳
%LC宗千佳
「しっかり頼むぞ、陽菜」%K%P
「しっかり頼むぞ、陽菜」%K%P
というわけで翌日の放課後、\n今度は主審として、テアトルの壇上へ。%K%P
というわけで翌日の放課後、\n今度は主審として、テアトルの壇上へ。%K%P
１年生の成績上位者といえば、当然――、%K%P
１年生の成績上位者といえば、当然――、%K%P
%LC陽菜
%LC陽菜
「梨理ちゃん、準備はいい？」%K%P
「梨理ちゃん、準備はいい？」%K%P
%LC梨理
%LC梨理
「いつでも」%K%P
「いつでも」%K%P
%LC陽菜
%LC陽菜
「千波ちゃんは？」%K%P
「千波ちゃんは？」%K%P
%LC千波
%LC千波
「いけます」%K%P
「いけます」%K%P
学年１位の梨理ちゃんと、２位の千波ちゃん。%K%P
学年１位の梨理ちゃんと、２位の千波ちゃん。%K%P
前回の試験では違う相手と戦ったため、\n直接対決は今回が初めてだそうだ。%K%P
前回の試験では違う相手と戦ったため、\n直接対決は今回が初めてだそうだ。%K%P
授業や朝練で実力の片鱗は見てきたけど、\nはたして、梨理ちゃんはどれほど強いのか――、%K%P
授業や朝練で実力の片鱗は見てきたけど、\nはたして、梨理ちゃんはどれほど強いのか――、%K%P
%LC陽菜
%LC陽菜
「では……両者、クラージュ起動」%K%P
「では……両者、クラージュ起動」%K%P
%LC梨理・千波
%LC梨理・千波
「アン・ガルドっ」%K%P
「アン・ガルドっ」%K%P
昨日の姉さんに倣って号令を掛けると、\n梨理ちゃんたちがクラージュを起動する。%K%P
昨日の姉さんに倣って号令を掛けると、\n梨理ちゃんたちがクラージュを起動する。%K%P
フィエルテが輝きを帯びると同時に、\nクラージュが剣へと姿を変えて――、%K%P
フィエルテが輝きを帯びると同時に、\nクラージュが剣へと姿を変えて――、%K%P
%LC陽菜
%LC陽菜
「あ……」%K%P
「あ……」%K%P
現れたその姿を見て、思わず息が漏れた。%K%P
現れたその姿を見て、思わず息が漏れた。%K%P
すっかり見慣れていたフィエルテ姿が、\n鎧を纏うだけで、ぐっと凜々しさを増す。%K%P
すっかり見慣れていたフィエルテ姿が、\n鎧を纏うだけで、ぐっと凜々しさを増す。%K%P
鎧のデザインは差異があるってことだけど、\n梨理ちゃんのそれは、とくに動きやすそうだ。%K%P
鎧のデザインは差異があるってことだけど、\n梨理ちゃんのそれは、とくに動きやすそうだ。%K%P
%LC梨理
%LC梨理
「センセ、ちょっと見すぎです」%K%P
「センセ、ちょっと見すぎです」%K%P
%LC陽菜
%LC陽菜
「今は見るのが仕事だから」%K%P
「今は見るのが仕事だから」%K%P
そんなふうに凜として返したものの、\n内心、ちょっとドキっとしてしまった。%K%P
そんなふうに凜として返したものの、\n内心、ちょっとドキっとしてしまった。%K%P
基本的に立体映像の鎧は、\nフィエルテに重なる形で投影される。%K%P
基本的に立体映像の鎧は、\nフィエルテに重なる形で投影される。%K%P
だから露出は減るはずなんだけど……、\n梨理ちゃんの場合は、それがかえって――、%K%P
だから露出は減るはずなんだけど……、\n梨理ちゃんの場合は、それがかえって――、%K%P
って、いまさっき宣言したとおり、\n今は審判なんだから、毅然としなくちゃ。%K%P
って、いまさっき宣言したとおり、\n今は審判なんだから、毅然としなくちゃ。%K%P
%LC陽菜
%LC陽菜
「これより、{舞闘:カデンツァ}を始めます」%K%P
「これより、{舞闘:カデンツァ}を始めます」%K%P
%LC陽菜
%LC陽菜
「両者、中央へ」%K%P
「両者、中央へ」%K%P
%LC梨理・千波
%LC梨理・千波
「はいっ」%K%P
「はいっ」%K%P
異口同音、綺麗に重なった声とともに、\n梨理ちゃんと千波ちゃんが向かい合う。%K%P
異口同音、綺麗に重なった声とともに、\n梨理ちゃんと千波ちゃんが向かい合う。%K%P
梨理ちゃんの武器は、美実様とよく似たレイピア。%K%P
梨理ちゃんの武器は、美実様とよく似たレイピア。%K%P
対する千波ちゃんも同じくレイピアだけど、\n刃を含めた形が、少し異なる。%K%P
対する千波ちゃんも同じくレイピアだけど、\n刃を含めた形が、少し異なる。%K%P
これはきっと、ふたりが得意としていた\nフェンシングの種目が違うことによる差だろう。%K%P
これはきっと、ふたりが得意としていた\nフェンシングの種目が違うことによる差だろう。%K%P
梨理ちゃんは、\n上半身すべてが有効範囲となるサーブル。%K%P
梨理ちゃんは、\n上半身すべてが有効範囲となるサーブル。%K%P
千波ちゃんは、\n背中を含む胴体が有効範囲のフルーレ。%K%P
千波ちゃんは、\n背中を含む胴体が有効範囲のフルーレ。%K%P
フルーレは突きのみで戦うのに対し、\nサーブルはカットと呼ばれる斬り技も使う。%K%P
フルーレは突きのみで戦うのに対し、\nサーブルはカットと呼ばれる斬り技も使う。%K%P
ダイナミックな攻防が魅力のサーブルで使う剣は、\nフルーレよりも若干だけど短い。%K%P
ダイナミックな攻防が魅力のサーブルで使う剣は、\nフルーレよりも若干だけど短い。%K%P
身長も千波ちゃんのほうが高いので、\nリーチという点では、千波ちゃんに分がある。%K%P
身長も千波ちゃんのほうが高いので、\nリーチという点では、千波ちゃんに分がある。%K%P
はたして、どんな試合展開になるのか――、%K%P
はたして、どんな試合展開になるのか――、%K%P
%LC陽菜
%LC陽菜
「双方、構えて」%K%P
「双方、構えて」%K%P
掛け声にあわせ、二人が構える。%K%P
掛け声にあわせ、二人が構える。%K%P
――その瞬間、梨理ちゃんの顔から笑みが消えた。%K%P
――その瞬間、梨理ちゃんの顔から笑みが消えた。%K%P
%LC陽菜
%LC陽菜
「はじめっ！」%K%P
「はじめっ！」%K%P
開始の号令と共に響く、澄んだ金属音。%K%P
開始の号令と共に響く、澄んだ金属音。%K%P
いきなり剣同士がぶつかり火花が散ると、\n千波ちゃんは躊躇わず前に出た。%K%P
いきなり剣同士がぶつかり火花が散ると、\n千波ちゃんは躊躇わず前に出た。%K%P
レイピアの特性を活かした、鋭い突き。%K%P
レイピアの特性を活かした、鋭い突き。%K%P
始めから突っ込むと決めていたようで、\n動きに迷いがない分、相当早い。%K%P
始めから突っ込むと決めていたようで、\n動きに迷いがない分、相当早い。%K%P
けど、その剣先は届かなかった。%K%P
けど、その剣先は届かなかった。%K%P
千波ちゃんが踏み込んだ分だけ、\n梨理ちゃんが後ろに下がっていたからだ。%K%P
千波ちゃんが踏み込んだ分だけ、\n梨理ちゃんが後ろに下がっていたからだ。%K%P
%LC千波
%LC千波
「なっ……」%K%P
「なっ……」%K%P
千波ちゃんの顔が驚きで染まる。%K%P
千波ちゃんの顔が驚きで染まる。%K%P
当然だ。全力で踏み込んでいったのに、\nそれよりも相手の方が早く下がったんだから。%K%P
当然だ。全力で踏み込んでいったのに、\nそれよりも相手の方が早く下がったんだから。%K%P
梨理ちゃんのバックステップ、恐ろしく速い。%K%P
梨理ちゃんのバックステップ、恐ろしく速い。%K%P
そして、相手が驚いた隙を、彼女は見逃さなかった。%K%P
そして、相手が驚いた隙を、彼女は見逃さなかった。%K%P
%LC梨理
%LC梨理
「ふッ……！」%K%P
「ふッ……！」%K%P
突っ込んできた相手の腹部を狙った斬り払い。%K%P
突っ込んできた相手の腹部を狙った斬り払い。%K%P
けれどその攻撃は、一瞬の差で空を切った。%K%P
けれどその攻撃は、一瞬の差で空を切った。%K%P
千波ちゃんが無理矢理に床を蹴って、\n自分の身体を強引に後ろへと下げたからだ。%K%P
千波ちゃんが無理矢理に床を蹴って、\n自分の身体を強引に後ろへと下げたからだ。%K%P
並の相手なら、今ので決着がついていた。%K%P
並の相手なら、今ので決着がついていた。%K%P
%LC千波
%LC千波
「ふぅ、危なかった……」%K%P
「ふぅ、危なかった……」%K%P
%LC千波
%LC千波
「やっぱり強いね、梨理ちゃんは」%K%P
「やっぱり強いね、梨理ちゃんは」%K%P
%LC梨理
%LC梨理
「本当に強いなら、\n　いまのを外したりしない」%K%P
「本当に強いなら、\n　いまのを外したりしない」%K%P
%LC梨理
%LC梨理
「だから、私はまだまだ未熟で――」%K%P
「だから、私はまだまだ未熟で――」%K%P
%LC梨理
%LC梨理
「でも……次は、決める」%K%P
「でも……次は、決める」%K%P
力まずに告げた梨理ちゃんは、\n軽やかに床を蹴る。%K%P
力まずに告げた梨理ちゃんは、\n軽やかに床を蹴る。%K%P
%LC陽菜
%LC陽菜
（はやっ……？！）%K%P
（はやっ……？！）%K%P
何度も感心させられてきた、\n下半身のバネに秘められた瞬発力。%K%P
何度も感心させられてきた、\n下半身のバネに秘められた瞬発力。%K%P
それをいかんなく発揮した梨理ちゃんの剣は、\n狂いなく千波ちゃんの胸元を捉える。%K%P
それをいかんなく発揮した梨理ちゃんの剣は、\n狂いなく千波ちゃんの胸元を捉える。%K%P
瞬く間――そんな表現がぴったりの、\n本当に一瞬の出来事。%K%P
瞬く間――そんな表現がぴったりの、\n本当に一瞬の出来事。%K%P
千波ちゃんが攻撃を防ごうと手を動かした時、\nすでに梨理ちゃんの剣は、鎧を貫いたあとで。%K%P
千波ちゃんが攻撃を防ごうと手を動かした時、\nすでに梨理ちゃんの剣は、鎧を貫いたあとで。%K%P
開始の号令から１分と経たないうちに、\n勝負は決していた。%K%P
開始の号令から１分と経たないうちに、\n勝負は決していた。%K%P
これが、梨理ちゃんの実力――、%K%P
これが、梨理ちゃんの実力――、%K%P
%LC陽菜
%LC陽菜
「すごい……」%K%P
「すごい……」%K%P
心の中で呟くつもりだった言葉が、\nあまりの驚きによって口から漏れてしまう。%K%P
心の中で呟くつもりだった言葉が、\nあまりの驚きによって口から漏れてしまう。%K%P
強い強いと思ってはいたけれど、\nまさか、これほどなんて――、%K%P
強い強いと思ってはいたけれど、\nまさか、これほどなんて――、%K%P
%LC梨理
%LC梨理
「センセ？」%K%P
「センセ？」%K%P
%LC陽菜
%LC陽菜
「あっ…………う、うん。それまでっ」%K%P
「あっ…………う、うん。それまでっ」%K%P
惚けかけていたところで梨理ちゃんと目が合い、\nおかげで、自らの役割を思い出す。%K%P
惚けかけていたところで梨理ちゃんと目が合い、\nおかげで、自らの役割を思い出す。%K%P
%LC陽菜
%LC陽菜
「両者、礼」%K%P
「両者、礼」%K%P
%LC梨理・千波
%LC梨理・千波
「ありがとうございました」%K%P
「ありがとうございました」%K%P
%LC千波
%LC千波
「次は負けないから」%K%P
「次は負けないから」%K%P
%LC梨理
%LC梨理
「望むところです」%K%P
「望むところです」%K%P
千波ちゃんが差し出した手を、\n梨理ちゃんが握る。%K%P
千波ちゃんが差し出した手を、\n梨理ちゃんが握る。%K%P
その表情は悪戯っぽく微笑んでいて、\nいつもの梨理ちゃんに戻っていた。%K%P
その表情は悪戯っぽく微笑んでいて、\nいつもの梨理ちゃんに戻っていた。%K%P
