%LC宗千佳
%LC宗千佳
「昨日の朝礼で知っていると思うが、\n　今回から私の補佐として参加する卯花陽菜だ」%K%P
「正如昨天早上的集会上所说的那样，\n　这位就是今天来辅导教学的卯花阳菜了」%K%P
%LC陽菜
%LC阳菜
「不慣れで至らないところもあると思うけど、\n　よろしくお願いします」%K%P
「初来乍到，还是有很多不熟悉的地方，\n　请各位多多指教」%K%P
%LC１年生一同
%LC1年级学生们
「「「よろしくお願いしますっ！」」」%K%P
「「「请多多关照！」」」%K%P
%LC宗千佳
%LC宗千佳
「今日の授業は、私と陽菜で、\n　各自の構えと足捌きをチェックしていく」%K%P
「在今天的课上，我和阳菜，\n　会一起来检查你们的姿势和步法」%K%P
%LC宗千佳
%LC宗千佳
「試験に向けて懸念や課題がある者は、\n　遠慮せず質問してくるように」%K%P
「如果对测试内容有任何疑问，\n　可以随时提出。」%K%P
%LC１年生一同
%LC1年级学生们
「「「はいっ！」」」%K%P
「「「是！」」」%K%P
%LC１年生Ａ
%LC1年级学生Ａ
「あぁ、陽菜様……。なんて素敵……」%K%P
「啊啊，阳菜大人……这也太棒了吧……」%K%P
%LC１年生Ｂ
%LC1年级学生Ｂ
「わたくし先日の{舞闘:カデンツァ}で、\n　陽菜様のファンになってしまいました」%K%P
「我自从看了前天的{舞斗:华彩乐}后，\n　就已经是阳菜大人的粉丝了！」%K%P
%LC１年生Ａ
%LC1年级学生Ａ
「だよねだよねっ。あれはなっちゃうよねっ」%K%P
「我也是我也是，这谁不心动呀」%K%P
%LC１年生Ｃ
%LC1年级学生Ｃ
「うぅ、どうしようどうしようどうしよう、\n　陽菜様とお話だなんて緊張してきちゃった」%K%P
「呜呜，怎么办怎么办怎么办呀，\n　和阳菜大人说话我绝对会紧张的……」%K%P
%LC１年生Ｄ
%LC1年级学生Ｄ
「んもー、そんなこと言われたら\n　私まで緊張しちゃうじゃないっ」%K%P
「呜哇——听你这么一说，\n　我好像也紧张起来了……」%K%P
{騎士道:シュバルリィ}の授業でも、\n運動前のストレッチは欠かせない。%K%P
在{骑士道:Chivalry}的课开始前，\n热身运动是必不可少的。%K%P
そんなストレッチをしている子たちの会話が、\nどうしても耳に入ってきてしまう。%K%P
在我们进行伸展身体的运动时，\n这些孩子的话传入了我的耳中。%K%P
けど、それよりなにより気になるのは――、%K%P
不过，比起这个，更困扰我的是——%K%P
%LC陽菜
%LC阳菜
「なんで姉さんはフィエルテ着てないの？」%K%P
「为什么姐姐你不用穿菲尔特呀？」%K%P
%LC宗千佳
%LC宗千佳
「指導する側は着る必要がないからな」%K%P
「只是在一旁指导就没必要了嘛」%K%P
%LC陽菜
%LC阳菜
「なっ……！？　じゃあ、なんで私だけっ……！」%K%P
「什……！？　那，为什么我要啊……！」%K%P
%LC宗千佳
%LC宗千佳
「陽菜は学生として接してほしいんだろう？\n　昨日、依夜にそう話していたじゃないか」%K%P
「不是说要把阳菜你当成学生对待吗？\n　昨天，你和依夜也说过这个吧」%K%P
%LC陽菜
%LC阳菜
「これ着るの恥ずかしいんだよっ？！」%K%P
「穿这套衣服真的很羞耻的哦？！」%K%P
%LC宗千佳
%LC宗千佳
「だからこそ、慣れておいたほうがいい」%K%P
「所以说嘛，还是趁早习惯为好」%K%P
%LC宗千佳
%LC宗千佳
「鎧を身に纏う正式な{舞闘:カデンツァ}は、\n　テアトルの壇上でしか行えないが――」%K%P
「能展现盔甲的正式{舞斗:华彩乐}，\n　只能在剧院的舞台上才能做到呢——」%K%P
%LC宗千佳
%LC宗千佳
「立体映像なしの簡易的な{舞闘:カデンツァ}なら、\n　このトレーニングルームでも行うことが出来る」%K%P
「当成没有立体影像的"简易"{舞斗:华彩乐}，\n　在这个训练场陪她们训练就好」%K%P
%LC宗千佳
%LC宗千佳
「この場合、当然鎧はない」%K%P
「毕竟在这里，显现出铠甲是做不到的」%K%P
%LC陽菜
%LC阳菜
「このまま闘うってことっ……？！」%K%P
「就这样在这里进行战斗……？！」%K%P
%LC宗千佳
%LC宗千佳
「恥ずかしがって縮こまっていたら、\n　実力を発揮できずにやられてしまうぞ？」%K%P
「如果你一直害羞和退缩的话，\n　那你也无法发挥你的实力吧？」%K%P
%LC陽菜
%LC阳菜
「うぐぐっ……」%K%P
「呜咕咕……」%K%P
そんなこと言われたって、\n恥ずかしいものは恥ずかしい。%K%P
虽然话是这么说，\n但还是会感到羞耻的呀。%K%P
例えるなら、女子用のスクール水着を無理矢理に\n着せられているような、そんな感覚なんだから。%K%P
这就像是，强迫着让我穿上女子泳衣一样，\n就是这种熟悉的感觉。%K%P
あっ、いや、そもそもそんな経験もないんだけど。%K%P
啊，不不不，我可没这种奇怪的经验。%K%P
あくまでイメージ的にね？　ね？%K%P
把我刚刚的话忘掉好不好？好不好？%K%P
%LC１年生Ａ
%LC1年级学生Ａ
「私、相手に主導権を握られると、\n　どうしても後ろに下がってしまうんです」%K%P
「我在对手主动出击时，\n　不知道为什么总是会想着后退」%K%P
%LC１年生Ａ
%LC1年级学生Ａ
「それで、いつもそのまま、\n　相手に押し切られてしまって……」%K%P
「然后，每次都这样，\n　最后被对手压着打……」%K%P
%LC１年生Ａ
%LC1年级学生Ａ
「どうすれば後ろに下がらず、\n　前に出れるようになりますか？」%K%P
「我怎样才能不被动防守，\n　而是主动攻击呢？」%K%P
%LC陽菜
%LC阳菜
「前に出る気持ちも大切だけど、\n　下がること自体は悪い事じゃないよ」%K%P
「虽然主动攻击是很重要，\n　但"主动"防御其实也不坏哦。」%K%P
%LC１年生Ａ
%LC1年级学生Ａ
「そうなのですか？」%K%P
「这样子的吗？」%K%P
%LC陽菜
%LC阳菜
「相手の出方を見たり、間合いを切ったり。\n　必要になる局面も多いから」%K%P
「观察对手的出招方式，并拉近差距。\n　在很多情况下这都必要的战术」%K%P
%LC陽菜
%LC阳菜
「きっと、下がるって行動をマイナスに捉えて、\n　気持ちまで後ろ向きになってるんだと思う」%K%P
「当然，被动撤步固然是消极的行动，\n　所以除了防守，还要会以退为进」%K%P
%LC陽菜
%LC阳菜
「下がるときも、しっかり自信をもって。\n　反撃の機会を窺うぞ、ぐらいの気持ちでね」%K%P
「即使是落入下风，也要有保持信心。\n　等待一个反击的机会，我是这么想的。」%K%P
%LC１年生Ｂ
%LC1年级学生Ｂ
「左右に揺さぶられるのが苦手なのですが、\n　どのように対策すればよいでしょうか」%K%P
「我不擅长钟摆式躲闪，\n　请问有什么好的方法吗？」%K%P
%LC陽菜
%LC阳菜
「さっき動きを見せてもらったけど、\n　剣道経験者、だよね？」%K%P
「刚刚我看过你的战斗姿态了，\n　你学过剑道，对吧？」%K%P
%LC１年生Ｂ
%LC1年级学生Ｂ
「さっきって……あんな少しだけで、\n　わかるものなのですか？」%K%P
「刚才的……只看了这么一小会\n　老师你就全部知道了？」%K%P
%LC陽菜
%LC阳菜
「剣道の足の運び方って独特だから。\n　とくに、送り足とか」%K%P
「剑道的运腿方式是独一无二的。\n　尤其是，先锋腿」%K%P
%LC陽菜
%LC阳菜
「揺さぶりに対しては、横移動――開き足のとき、\n　重心がブレないように意識してみて」%K%P
「摇闪时，记得侧向移动，当你张开双腿时，\n　一定要注意重心不能晃动」%K%P
%LC陽菜
%LC阳菜
「焦って早く動こうとしちゃダメだよ。\n　かえって上半身が不安定になっちゃうから」%K%P
「也不用操之过急地快速躲闪。\n　因为这会使上半身的重心不稳啦。」%K%P
%LC１年生Ｃ
%LC1年级学生Ｃ
%XS21「私、陽菜様みたいになりたいですっ！」%XE%K%P
%XS21「我，想要像阳菜大人一样！」%XE%K%P
%LC陽菜
%LC阳菜
「ええっと……私のような闘い方がしたい、\n　ってことでいいのかな？」%K%P
「那个……如果是我战斗的方法的话，\n　你愿意听听吗？」%K%P
%LC１年生Ｃ
%LC1年级学生Ｃ
「違いますっ！\n　私、陽菜様のように可愛くなりたいですっ！」%K%P
「不是这个啦！\n　我，想要像阳菜大人一样可爱！」%K%P
%LC陽菜
%LC阳菜
%XS21「えっ……ええええっ？！」%XE%K%P
%XS21「欸……欸欸欸欸？！」%XE%K%P
%LC陽菜
%LC阳菜
「ふぅ……」%K%P
「呼……」%K%P
挨拶も兼ねて、大半の学生たちと話を終えると、\nそれだけで授業時間が半分ほど過ぎていた。%K%P
一个接一个，我总算和大部分的学生都谈过了，\n课程时间也过去了一半。%K%P
{騎士道:シュバルリィ}の実技授業は、\n学年ごとにまとまって行われる。%K%P
{骑士道:Chivalry}的实战课程，\n是按照年级分开来上的。%K%P
つまり、いまこの場にはノーブルの１年生が\nすべて集まってるってことで。%K%P
也就是说，诺博尔所有的1年级学生，\n现在都聚集在了这里。%K%P
{騎士育成科:ノーブル}を希望するだけあって、\nみんな、いかにも{騎士:ワルキュリア}の卵って感じだ。%K%P
她们都是{骑士育成科:诺博尔}的希望啊，\n她们每个人，都是{骑士:Valkyria}最初的模样。%K%P
%LC宗千佳
%LC宗千佳
「どうだ？　気になる学生はいたか？」%K%P
「怎么样？　有在意的学生吗？」%K%P
%LC陽菜
%LC阳菜
「えっと――」%K%P
「我想想——」%K%P
チェック用に渡されていた名簿を見ながら、\n書き込んでいたメモを見返す。%K%P
我一边看着检查的名单，\n一边回头看了看我写的笔记。%K%P
%LC陽菜
%LC阳菜
「……３組の森下千波さん、かな。\n　判断が速いし、フォームも綺麗だった」%K%P
「……3班的森下千波同学，吧。\n　判断迅速，战斗时也很好看」%K%P
%LC宗千佳
%LC宗千佳
「よく見ているな。\n　千波は前回試験で２位だった」%K%P
「和我判断的一样呢。\n　千波的话，在上一次考试中排名第二」%K%P
%LC陽菜
%LC阳菜
「あの子が２位、ということは――」%K%P
「那个孩子第2名，也就是说——」%K%P
%LC陽菜
%LC阳菜
「１位は、あの子……だよね？」%K%P
「第1名，是别的孩子……对吧？」%K%P
姉さんに示すように、一人の女の子を見る。%K%P
姐姐目光看了看别处，只见一个女孩独自站着。%K%P
まだ声をかけていない子の中に、\nあきらかに一人だけレベルの違う子がいた。%K%P
看来在我还没有交谈过的孩子中，\n有一个孩子处于不同的水平。%K%P
小柄で、ぱっと見みは華奢な体躯だけど、\n一挙手一投足がすごく洗練されている。%K%P
身材娇小，但可以看出她很优雅，\n举手投足都很干练。%K%P
股関節のバネをしっかり使いこなしていて、\n前後のフットワークに心地良いキレがあった。%K%P
似乎髋关节已经通过训练打开了，\n这也使得她的身法非常矫健。%K%P
%LC宗千佳
%LC宗千佳
「正解だ。……っと、目があったな」%K%P
「就是她了……啊，她看过来了呢」%K%P
オレと姉さんの視線に気付いたようで、\nこちらを見たあと、にこっと笑う。%K%P
她似乎注意到了我和姐姐的目光，\n看向了这边，并笑了笑。%K%P
%LC１年生Ａ
%LC1年级学生Ａ
「先生。フォームのチェック、お願いします」%K%P
「老师，表格的检查，拜托您了」%K%P
%LC宗千佳
%LC宗千佳
「わかった」%K%P
「我知道了」%K%P
姉さんが他の子に呼ばれ、オレが一人になると、\nその子はたたたっとこちらに駆け寄ってきた。%K%P
姐姐被另一个孩子叫过去了，留我独自一人，\n这个时候那个孩子来到了我身边。%K%P
%LC？？？
%LC？？？
「初めまして、陽菜センセ」%K%P
「初次见面，阳菜老师~」%K%P
%LC陽菜
%LC阳菜
「せ、センセ……？」%K%P
「老，老师……？」%K%P
%LC？？？
%LC？？？
「はい。ごきげんようです、陽菜センセ」%K%P
「是的，贵安的说，阳菜老师~」%K%P
%LC陽菜
%LC阳菜
「あの、できれば私のことは、\n　先生じゃなく、学生として――」%K%P
「那个，我好像说过了，\n　我不是老师，而是学生——」%K%P
%LC？？？
%LC？？？
「イヤです」%K%P
「才不要」%K%P
%LC陽菜
%LC阳菜
「……え？」%K%P
「……咦？」%K%P
%LC？？？
%LC？？？
「イヤだからイヤだって言ったんです。\n　だって、センセはセンセでしょ？」%K%P
「我要叫我就是要叫，\n　因为，老师你就是老师不是吗？」%K%P
%LC？？？
%LC？？？
「なら、センセって呼んでもいいですよね？\n　ねぇ？　陽菜センセ」%K%P
「那么，称呼你老师不就行了？\n　呐？　阳菜老师~」%K%P
にこっと笑う顔はとても可愛いのに、\n呼び方を譲る気はないという強い意志を感じる。%K%P
她的笑脸非常可爱，\n但似乎她有一种强烈的意志，要这样叫我。%K%P
まるで、ある種の敵意のような――、%K%P
这就像是，某种敌意——%K%P
%LC陽菜
%LC阳菜
「えっと、名前は――」%K%P
「那个，请问你是——」%K%P
%LC梨理
%LC梨理
「{梨理:りり}です。１年２組、{椋木:むくのき}梨理。\n　よろしくお願いします、陽菜センセ」%K%P
「{梨理:りり}哦。1年级2班的，{椋木:むくのき}梨理。\n　请多多关照，阳菜老师」%K%P
%LC陽菜
%LC阳菜
「梨理ちゃんだね。こちらこそ――」%K%P
「梨理酱对吧。我这边才是」%K%P
%LC梨理
%LC梨理
「陽菜センセってすっごく強いですけど、\n　小さな頃から剣術を習ってたんですか？」%K%P
「阳菜老师真的是非常强呢，\n　是从小开始就在学习剑术了吗？」%K%P
%LC陽菜
%LC陽菜
「えっと……まあ、うん。\n　だいたい１０年ぐらいかな」%K%P
「啊这……嘛啊，嗯。\n　大概学了10年左右吧」%K%P
%LC梨理
%LC梨理
「へぇー……。それであんなに強いなんて、\n　きっといっぱい練習したんですね」%K%P
「欸——也就是说要变强大，\n　还是要不断地练习才行捏」%K%P
%LC陽菜
%LC阳菜
「それは梨理ちゃんもでしょ？\n　前回の試験で１位だったって聞いたよ」%K%P
「梨理酱也很强不是吗？\n　听说你是上次测试的第一呢」%K%P
%LC梨理
%LC梨理
「１位といっても１年生の中で、なので。\n　{最優秀騎士:ブリランテ}に勝てるセンセほどじゃないです」%K%P
「只是在1年级的第1名而已，相比下，\n　还是打败了{至高骑士:Brillante}的老师更强」%K%P
%LC梨理
%LC梨理
「初めての{舞闘:カデンツァ}で{最優秀騎士:ブリランテ}に勝つとか……。\n　ホント、陽菜センセって凄いですよね」%K%P
「初次{舞斗:华彩乐}就把{至高骑士:Brillante}打败了……\n　果然，阳菜老师真的很强呢」%K%P
%LC陽菜
%LC阳菜
「あっ、ありがとう」%K%P
「啊，谢谢」%K%P
%LC陽菜
%LC阳菜
「それで、私に聞きたいことや、\n　なにか相談したいことは――」%K%P
「那么，你有什么想问的吗，\n　或者说，你想谈点什么？——」%K%P
%LC梨理
%LC梨理
「今度、私と戦ってください」%K%P
「这次，请跟我打一场」%K%P
%LC陽菜
%LC阳菜
「えっ？」%K%P
「欸？」%K%P
%LC梨理
%LC梨理
「戦ってください」%K%P
「请跟我打一场」%K%P
%LC陽菜
%LC阳菜
「それは、稽古でってこと？」%K%P
「这个，是训练还是？」%K%P
%LC梨理
%LC梨理
「センセが本気で戦ってくれるなら、\n　方法は別に、なんでも」%K%P
「如果能让老师拿出真本事的话，\n　方式随便了，怎么打都行」%K%P
%LC梨理
%LC梨理
「私からは、それぐらいです。\n　教わりたいこととか、とくにないので」%K%P
「这就是我想要对你说的。\n　毕竟你，没有什么能教我的东西。」%K%P
%LC梨理
%LC梨理
「では、失礼します。ごきげんよう」%K%P
「那么，我失陪了。贵安哦」%K%P
%LC陽菜
%LC阳菜
「……行っちゃった」%K%P
「……这就走了」%K%P
こちらに近寄ってきたときと同様、\n自分のタイミングで離れていく梨理ちゃん。%K%P
梨理酱就这么来了，\n然后又这么走了。%K%P
いわゆる定位置というやつなのか、\nさっきいた場所へと戻ると、すぐに練習を再開した。%K%P
我看着她回到原来的地方时，\n然后，又开始了她的练习。%K%P
%LC陽菜
%LC阳菜
「にしても、戦うって……」%K%P
「不过，对战什么的……」%K%P
これまで１年生の子たちと話してきて、\n教えてください、という子は多かった。%K%P
和一年级学生的交谈过程中，\n需要我教导的，倒是有很多。%K%P
でも、戦ってください、なんて言ってきたのは、\n彼女が初めてだ。%K%P
但是，说要和我对战什么的，\n她是第一个呢。%K%P
%LC梨理
%LC梨理
「くッ……。ふッ……！」%K%P
「咕……。哼……！」%K%P
前後のフットワークを確かめるように、\n低い姿勢を保ったまま、前へ後ろへ、何度も跳ねる。%K%P
似乎在观察自己前后的步法，\n保持着低姿态，多次前后跳跃。%K%P
まったく乱れないフォームはとても綺麗だし、\n動作から動作への切り替わりも、すごく自然だ。%K%P
姿态安稳不乱，非常漂亮，\n动作与动作的过渡，也非常自然得体。%K%P
動き方の癖がフェンシングのそれだから、\n彼女は間違いなくフェンシング経験者だろう。%K%P
她的动作姿态有击剑的影子，\n所以她绝对是击剑经验丰富的人。%K%P
ただ、この動き、どこかで見たような――、%K%P
然而，这个动作，好像在哪看过——%K%P
%LC陽菜
%LC阳菜
「それに……なんだろう、この感じ」%K%P
「所以……怎么回事呢，这种感觉」%K%P
１年生の子たちは、基本的には和気藹々として、\n{騎士道:シュバルリィ}の授業を楽しんでいる。%K%P
1年级孩子们，基本上都很友好，\n喜欢我指导的{骑士道:Chivalry}课程。%K%P
そんな中で梨理ちゃんだけは、\nそういった、楽しむ気配が微塵もなかった。%K%P
在这种情况下，梨理酱她，\n却丝毫没有对这门课感兴趣。%K%P
オレと話している間は笑っていたけど、\nそれ以外は常に真顔で、笑顔なんて一切なくて。%K%P
虽然和我说话时面带微笑，\n但除此之外，她总是板着个脸，从不微笑。%K%P
他の子が学生の練習風景だとするなら、\n梨理ちゃんだけは、兵士の訓練風景のような。%K%P
其他孩子的训练是"学生"的训练，\n而梨理酱的训练，更像是"士兵"的训练。%K%P
そんな、迫力めいたものが、彼女にはあった。%K%P
怎么说呢，就好像有个负担，压在了她的身上。%K%P
%LC陽菜
%LC阳菜
「……戦ってください、か」%K%P
「……请和我对战，吗」%K%P
彼女がどんなつもりでそう言ったのか、\nオレにはわからないけれど。%K%P
她说的这句话是什么意思，\n我并不是很理解。%K%P
でも、オレをからかうための冗談でないことは、\n彼女の腕前と気概からして、明らかだった。%K%P
但从她的技巧和气势中可以清楚地看出，\n她不是在和我开玩笑。%K%P
どうにか指南役補佐の務めも終わり、昼休み。%K%P
辅佐指导的工作告一段落，午休时间。%K%P
着替えに少し手間取ってしまったオレは、\n食堂に向かうのが、ちょっと遅れてしまった。%K%P
由于花了一点时间才换好衣服，\n所以去到食堂时，有点晚了。%K%P
いくつかのグループから相席のお誘いもあったけど、\n指導による気疲れもあって、ひとりになりたくて。%K%P
我收到几个小组同桌邀请，\n但因为指导完有点疲倦，所以我想一个人呆着。%K%P
天気がよかったことにも後押しされて、\nサンドイッチを選ぶと、外で食べることにした。%K%P
今天是个好天气，\n所以我买了三明治，决定在外边吃。%K%P
くつろげる場所を探して歩いていたら、\nおあつらえ向きにベンチを発見。%K%P
我四处寻找落脚的地方，\n终于，找到了那熟悉的长椅。%K%P
確かここって、学園に連れてこられた日、\n謎の女性にいきなり抱きつかれちゃった場所だ。%K%P
是这里了，在我被带到学校的那天，\n被一个神秘女性拥抱的地方。%K%P
あの人とも、そのうち再会したりするのかな。%K%P
那个人，我还会再次遇到吗。%K%P
%LC陽菜
%LC阳菜
「いただきます。……はーむっ」%K%P
「我开动了……阿姆」%K%P
%LC陽菜
%LC阳菜
「……うはっ、んっま」%K%P
「……嗯嗯，好吃~~」%K%P
ドレッシングたっぷりのＢＬＴサンドは、\nどの素材も美味しくて、思わず声が漏れた。%K%P
配上大量调料的BLT三明治，\n里边的食材都很好吃，我忍不住小声赞叹。%K%P
とくに、レタスのしゃきしゃきな歯ごたえがいい。%K%P
特别是黄瓜，脆脆的很好吃。%K%P
%LC陽菜
%LC阳菜
「姉さんの料理も美味しいし……。\n　なんだかんだ、悪くない生活だよね」%K%P
「姐姐的料理也很美味……\n　感觉，在这里的生活也不错呢」%K%P
衣食住――まあ、服は女の子モノだけど、\nすべて揃ってる上に、職まで用意されていて。%K%P
食物、衣服、住所——嘛，虽然衣服是女孩子的，\n但其余的应有尽有，甚至还有工作。%K%P
指南役補佐代理として人に剣術を教えるのも、\n大変ではあるけど、学びも多く、やりがいもある。%K%P
作为代理辅助指导员教授剑术，\n虽说难，但也受益匪浅，学到了很多东西。%K%P
それを思えば、\n{女装:これ}は{女装:これ}でありかな、なんて――、%K%P
但又想了想，\n{女装:这事}也还是{女装:没变}，的说――%K%P
%LC陽菜
%LC阳菜
「……はぁ」%K%P
「……哈啊」%K%P
そんな簡単に割り切れるなら、苦労はない。%K%P
这就是所谓的言之容易，行之路远吧。%K%P
%LC陽菜
%LC阳菜
「私が女の子だったら、\n　こんなに悩まずに済んだのに……」%K%P
「如果我是女孩子的话，\n　就不用那么烦恼了呢……」%K%P
女装せずとも銀蘭に通うことができたし、\n深皇やアリアンロッドで学ぶことだって出来た。%K%P
这样就不用在银兰里女装，\n早就在深皇或阿莉娅-罗德里上学了。%K%P
……いや。その可能性は、逆に低いか。%K%P
……不，这种可能性，也很小。%K%P
だって、オレが剣術を始めたのは、\n好きな子に可愛いと言われちゃったからで。%K%P
因为，我学习剑术的原因，\n是我喜欢的人说我可爱。%K%P
もし女の子として生まれていたら、\nあの言葉を、素直に喜べていたかもしれない。%K%P
如果我生来就是个女孩，\n听到那句话，估计会感到高兴吧。%K%P
そうなったら剣術を始めることなく、\n声楽の道を歩んでいたのかもしれないし――、%K%P
这样的话我就不会开始学习剑术，\n而是在声乐的道路行进下去了吧——%K%P
って、そんなのはいくら考えたところで、\n仕方のないことではあるんだけど。%K%P
唉，无论我怎么想，\n这都是没办法的事情嘛。%K%P
%LC陽菜
%LC阳菜
「こういうの、たらればって言うんだっけ」%K%P
「这个问题，估计没人答得上来吧」%K%P
%LC？？？
%LC？？？
「鱈とレバー、なんて……。\n　そんなサンドイッチ、ありました？」%K%P
「鳕鱼和鱼肝，对吧……\n　这个三明治里，是这些吧？」%K%P
%LC陽菜
%LC阳菜
「あっ、いまのはそういう意味じゃ――」%K%P
「啊，我刚刚说的不是这个啦——」%K%P
……え？%K%P
……欸？%K%P
%LC？？？
%LC？？？
「あっ……ひょっとして、\n　ノーブル２年の、卯花陽菜さんですか？」%K%P
「啊……难道说，\n　是诺博尔2年级的，卯花阳菜同学吗？」%K%P
%LC？？？
%LC？？？
「初めまして。私は、センシブル２年の――」%K%P
「初次见面，我是，圣森博尔2年级的——」%K%P
なんで……？　なんで、彼女がここに――、%K%P
为什么……？　为什么，她会在这——%K%P
%LC睦月
%LC睦月
「……あの、もし？　聞こえてますか？」%K%P
「……那个，还好吗？　能听到我说话吗？」%K%P
%LC陽菜
%LC阳菜
「は、はいっ。聞こえてますっ」%K%P
「啊，是。听得到」%K%P
%LC睦月
%LC睦月
「よかった……。いきなり固まってしまうから、\n　どうしようかと」%K%P
「太好了……。看到你突然怔住了，\n　我还在想怎么办呢」%K%P
%LC陽菜
%LC阳菜
「ごめんね。ちょっと、驚いて」%K%P
「抱歉呢。有点，被吓到了」%K%P
%LC睦月
%LC睦月
「あっ……すみません。\n　食事中に、いきなり声をかけて」%K%P
「啊……对不起。\n　在你吃饭时，突然说了一句」%K%P
%LC睦月
%LC睦月
「ただ、変わった具だなと思って。\n　それで、つい」%K%P
「因为，看到你对着这个说话着很不寻常。\n　就是这样」%K%P
%LC陽菜
%LC阳菜
「そのことだけど。このサンドイッチ、\n　普通のＢＬＴサンドだから」%K%P
「没有什么啦，这个三文治\n　只是很普通的BLT款而已啦」%K%P
%LC陽菜
%LC阳菜
「さっきの呟きは、その……独り言で。\n　もしもって意味の、たらればだから」%K%P
「刚刚有点走神，于是就……自言自语。\n　没有别的意思呢，就是这样」%K%P
手にしたサンドイッチを見せながら、\nなんとも変な弁解をすることに。%K%P
一边展示着手中的三明治，\n一边为自己辩解。%K%P
というか、聞かれていたのが、\nひとつ前の呟きじゃなくて本当によかった。%K%P
说真的，我希望她没听清我的自言自语，\n我真的只是走神了而已。%K%P
女の子だったら、なんて……そんな呟き、\n聞かれていたら、それこそどうなっていたか。%K%P
"如果是女孩，就好了"……这样的自言自语，\n被听到了肯定会被误解的。%K%P
%LC睦月
%LC睦月
「そうだったんですね……。\n　私ったら、変な勘違いをして」%K%P
「原来是这样啊……。\n　看起来，是我唐突了呢」%K%P
%LC睦月
%LC睦月
「あっ……私は、センシブル２年の――」%K%P
「啊……我是，圣森博尔2年级的——」%K%P
%LC陽菜
%LC阳菜
「睦月さん、だよね？　宮守睦月さん」%K%P
「睦月同学，对吧？　宮守睦月同学」%K%P
%LC睦月
%LC睦月
「私のこと、ご存じなんですか？」%K%P
「我的事情，你已经知道了吗？」%K%P
%LC陽菜
%LC阳菜
「うん。実は、昨日のお昼に食堂で見掛けて。\n　そのとき、クラスメートの子に聞いたんだ」%K%P
「嗯，其实，昨天在食堂里就见过你了。\n　那时，从同学的口中知道了你的事」%K%P
%LC睦月
%LC睦月
「そうだったんですね」%K%P
「原来是这样呢」%K%P
%LC睦月
%LC睦月
「とはいえ礼儀ですので、あらためて。\n　センシブル２年、宮守睦月です」%K%P
「但这是应尽的礼仪，容我再次介绍。\n　我是圣森博尔2年级的，宮守睦月」%K%P
%LC睦月
%LC睦月
「ご迷惑でなければ、\n　お隣に座ってもよろしいですか？」%K%P
「如果不打扰你的话，\n　我可以坐在你旁边吗？」%K%P
そう言った彼女の手には、オレと同じく、\n食堂のサンドイッチの包みがあった。%K%P
她说这句话的时候，手上和我的一样，\n拿着一个从食堂带来的三明治。%K%P
そうして、睦月さん――つーちゃんと、\n並んで昼食を食べることに。%K%P
于是，就和睦月同学――睦酱一起，\n一起吃午饭了。%K%P
正直、心臓とかいろいろバクバクで、\n美味しかったはずのサンドイッチの味がしない。%K%P
说实话，我按耐不住自己的心跳了，\n即使是这美味的三明治，也变得索然无味。%K%P
それでもどうにか平静を保っていられたのは、\nこの学園に彼女がいると、事前に知っていたから。%K%P
我最后还是镇定下来了，\n因为我已经知道，她就在这个学校——%K%P
もし、昨日の昼につーちゃんを目撃していなければ、\n今頃どうなっていたことか。%K%P
如果，昨天中午我没有看到睦酱，\n那么现在我该怎么办呢。%K%P
%LC睦月
%LC睦月
「先日の{舞闘:カデンツァ}以来、陽菜さんのことは、\n　センシブルの間でもずっと話題なんです」%K%P
「自从前天的{舞斗:华彩乐}之后，阳菜同学的事迹，\n　已经成为了圣森博尔中的火热话题了」%K%P
%LC陽菜
%LC阳菜
「そっ、そうなんだ」%K%P
「这，这样吗」%K%P
%LC睦月
%LC睦月
「センシブルには、{騎士:ワルキュリア}に対して、\n　強い憧れを持っている子も多いですから」%K%P
「圣森博尔里，对于{骑士:Valkyria}们，\n　很多人都抱有强烈的憧憬哦」%K%P
%LC睦月
%LC睦月
「有り体に言えば、陽菜さんはいま、\n　センシブルでモテモテということですね」%K%P
「说白了，阳菜同学你呀，\n　现在在圣森博尔可出名了呢」%K%P
%LC陽菜
%LC阳菜
「ん……」%K%P
「嗯……」%K%P
%LC睦月
%LC睦月
「モテモテ、嬉しくないですか？」%K%P
「出名，不高兴吗？」%K%P
%LC陽菜
%LC阳菜
「そういうわけじゃないんだけど……」%K%P
「也不是不高兴啦……」%K%P
オレだって年頃男子として、\nモテモテという響きは嫌いじゃない。%K%P
如果是同龄的男生，\n那肯定不讨厌受欢迎。%K%P
ただ、モテモテなのは空木日向ではなく、\nあくまで卯花陽菜なのだ。%K%P
但是，现在受欢迎的并不是空木日向，\n而是卯花阳菜。%K%P
女装している自分が女の子にモテモテだと\n言われても、反応に困ってしまう。%K%P
女装后作为女孩子的自己受欢迎，\n怎么说呢，肯定很困扰啊。%K%P
%LC睦月
%LC睦月
「人気があるのって、いいことです。\n　素直に喜べばいいと思います」%K%P
「受欢迎这种事，我感觉挺好的呢。\n　我觉得你应该接受才好哦」%K%P
%LC陽菜
%LC阳菜
「ん……。そっか、そうだね」%K%P
「嗯……对呀，也是呢」%K%P
言われてみれば確かに、というやつだ。%K%P
她所说的，确实言之有理。%K%P
好意をもたれているのなら、\nそのまま受け取っておけばいいのだし。%K%P
如果是纯粹的好意，\n那倒确实可以接受。%K%P
――なら、つーちゃんはどうなんだろう。%K%P
——那么，睦酱又是怎样呢。%K%P
彼女はいまのオレ――卯花陽菜のこと、\nどんなふうに思っているんだろう。%K%P
她眼中的我——卯花阳菜的样子，\n到底是什么样的呢。%K%P
%LC睦月
%LC睦月
「私も、陽菜さんを素敵だと思ってますよ」%K%P
「我也是，觉得阳菜同学很棒哦」%K%P
%LC陽菜
%LC阳菜
「え……？」%K%P
「欸……？」%K%P
%LC睦月
%LC睦月
「だって、とっても可愛らしいですから」%K%P
「因为，你非常的可爱哦」%K%P
%LC陽菜
%LC阳菜
「っ……」%K%P
「（暴击）额……」%K%P
うぅ、まただ。また言われてしまった。%K%P
呜呜，又被，又被说可爱了。%K%P
あの日からずっと頑張ってきたのに……って、\n見返すために頑張っていたわけじゃないんだけど。%K%P
从那日起努力至今……唉，\n就是为了见面时想让她刮目相看的说。%K%P
って、なんかそれも、言い訳がましいような。%K%P
然后，再一次，被这句话暴击。%K%P
そもそも、いまの可愛らしいっていう言葉は、\n卯花陽菜に対してのものだし――、%K%P
冷静冷静，现在这句"可爱"的称赞，\n那也是对"卯花阳菜"说的——%K%P
%LC睦月
%LC睦月
「それに、凜々しいところも素敵です」%K%P
「以及，帅气的一面也很棒哦」%K%P
%LC陽菜
%LC阳菜
「凜々しい……？　私が？」%K%P
「帅气……？　我吗？」%K%P
%LC睦月
%LC睦月
「はい。{舞闘:カデンツァ}のときの陽菜さんは、\n　強く、凜々しく、まさに騎士そのものでした」%K%P
「对呀。在{舞斗:华彩乐}上的阳菜同学，\n　强大，帅气，就像个真正的骑士一样」%K%P
%LC睦月
%LC睦月
「普段のあなたがこうして可愛いからこそ、\n　余計にそう思えてしまうのかもしれませんけど」%K%P
「也许是因为你真的太可爱了，\n　感觉把其他的亮点都遮住了呢」%K%P
%LC陽菜
%LC阳菜
「ん……。ありがとう、睦月さん」%K%P
「嗯……谢谢你，睦月同学」%K%P
ギャップ萌え、みたいな評価ではあったけど、\nいま、確かに嬉しかった。%K%P
虽然这是一个断崖式的评价，\n但是，现在的我真的很高兴。%K%P
女の子としての自分――卯花陽菜が、\n可愛く凜々しい、だとするのなら。%K%P
作为女孩子的自己――卯花阳菜，\n既可爱又帅气，她是这么说的。%K%P
本来の自分――空木日向に対する印象は、\nもっと男らしいものになるかもしれないから。%K%P
那么对本来的我——空木日向的印象，\n应该会更加男性化一点吧。%K%P
%LC睦月
%LC睦月
「では、私はこれで失礼します」%K%P
「那么，我这边先失礼了」%K%P
%LC陽菜
%LC阳菜
「あっ、うん。そうだね。\n　私もそろそろ戻らないと」%K%P
「啊，嗯。好的呢。\n　我也要回去了」%K%P
気付けば、二人とも昼食を食べ終わっていた。%K%P
不知不觉中，我们俩都吃完了午饭。%K%P
最初はどうなることかと思ったけど、\nいざ話すと、思ったより緊張せずにすんで。%K%P
起初我还在想该怎么办，\n但聊了一会后，我并没有想象的那么紧张。%K%P
もっと話していたい気持ちもあるけれど、\nじき、お昼休みも終わる時間だ。%K%P
虽然我还想和她多说几句，\n但是，午休时间快要结束了。%K%P
%LC陽菜
%LC阳菜
「今日はありがとう、睦月さん」%K%P
「今天感谢你的陪伴，睦月同学」%K%P
%LC睦月
%LC睦月
「こちらこそ、話せて楽しかったです」%K%P
「我才是，和你说话非常开心」%K%P
%LC睦月
%LC睦月
「ごきげんよう、陽菜さん」%K%P
「贵安，阳菜同学」%K%P
%LC陽菜
%LC阳菜
「うん。ごきげんよう」%K%P
「嗯，贵安」%K%P
ノーブルとセンシブルは校舎が違うから、\n途中まで一緒に、というわけにもいかなくて。%K%P
诺博尔和圣森博尔的教学楼不一样，\n所以不能一起走，还是挺遗憾的。%K%P
会釈して立ち去るつーちゃんの後ろ姿を、\nオレは見えなくなるまで見送ってしまった。%K%P
分开后，我看着睦酱的背影逐渐远离，\n直到看不见了。%K%P
――午後の授業が終わって、放課後。%K%P
——下午的课上完了，放学时间。%K%P
%LC杏奈
%LC杏奈
「ひーなーちゃんっ。よかったら今日も、\n　一緒に部活を見て回らない？」%K%P
「阳~菜~酱~　　如果可以的话，\n　今天也一起去看看社团活动？」%K%P
%LC陽菜
%LC阳菜
「そういえば杏奈ちゃんって何部なの？」%K%P
「说起来，杏奈酱是哪个社团的呢？」%K%P
%LC杏奈
%LC杏奈
「今日一緒に回ってくれたら、わかるかもよ？」%K%P
「今天和我一起去看看，不就知道了？」%K%P
%LC陽菜
%LC阳菜
「誘い上手だね」%K%P
「勾引人倒是很熟练呢」%K%P
%LC杏奈
%LC杏奈
「えへへっ。じゃ、一緒に行く？」%K%P
「欸嘿嘿。那，现在一起走吧？」%K%P
%LC陽菜
%LC阳菜
「うん。今日もよろしく」%K%P
「嗯，今天也拜托了」%K%P
%LC杏奈
%LC杏奈
「任せといてっ。\n　じゃ、まずは合唱部から」%K%P
「交给我吧。\n　那么，先去合唱部吧」%K%P
いきなりの本命登場に少し焦ったけど、\n結論から言うと、つーちゃんは不在だった。%K%P
一上来就去我的"主场"社团，倒是有点提心吊胆，\n不过到那以后，睦酱她并不在呢。%K%P
今日は用事があったらしく、放課後、\nそのまま学外に出掛けてしまったらしい。%K%P
看来她今天有事情要办，放学后，\n没有来社团里报道，出校了。%K%P
出掛けた、という表現を使ったのは、\nつーちゃんが寮生だから。%K%P
我之所以用了"出校"一词，\n是因为睦酱她是住宿生。%K%P
銀蘭の学生寮は学園の敷地内にあって、\n杏奈ちゃんも寮生だそうだ。%K%P
银兰的学生宿舍坐落于学院内部，\n杏奈酱也是住宿生。%K%P
%LC杏奈
%LC杏奈
「創立当時は全寮制だったらしいけど、\n　通学制度が出来てから寮生は減ってるんだって」%K%P
「在成立时似乎是全日制寄宿学校，\n　但自从走读改革之后，住宿生的数量少了很多。」%K%P
%LC杏奈
%LC杏奈
「だから、寮もずっと定員割れしてて。\n　希望すれば誰でも入れる状態なの」%K%P
「所以，宿舍里面都没什么人在。\n　处于一种谁都可以进来住的状态呢」%K%P
%LC杏奈
%LC杏奈
「私は通学圏内だったんだけど、\n　それを聞いて寮生になったんだ」%K%P
「我原本也是走读生啦，\n　听到这事直接改为住宿了呢」%K%P
%LC杏奈
%LC杏奈
「寮生活って響きに、憧れもあったし」%K%P
「自从知道了住宿生活，就一直想要试试呢」%K%P
%LC陽菜
%LC阳菜
「実際に送ってみて、どう？　寮生活」%K%P
「实际的体验，怎样？　住宿生活」%K%P
%LC杏奈
%LC杏奈
「すっごく楽しいっ。\n　寮母さんがね、すっごくいい人なんだよ」%K%P
「那可太有趣了。\n　宿舍阿姨呢，是个非常好的人哦」%K%P
%LC杏奈
%LC杏奈
「もうね、みんなのママって感じ」%K%P
「怎么说呢，就像大家的妈妈一样」%K%P
移動中、そんな話をしながら、\n文化部を巡っていく。%K%P
我们边走着，边谈论了这些事情，\n在文化部这边转了一圈。%K%P
合唱部からスタートして、文芸部、手芸部、\n園芸部、吹奏楽部、料理部、華道部、茶道部。%K%P
从合唱部开始，再到文学部，手工部，\n园艺部、交响乐部、料理部、花道部、茶道部。%K%P
運動部系はノーブルの子が多かったけど、\n反対に、文化部系はセンシブルの子が多かった。%K%P
运动部里诺博尔的学生居多，\n相对应的，文化部里圣森博尔的学生居多。%K%P
昨日は見学のたび、すぐに囲まれたり、\nやいのやいのと騒がれることも多かったけど――、%K%P
昨天每次我到一个社团里，都立即会被包围，\n然后"咿呀~~"的声音就开始在我身边炸起来了――%K%P
今日は、オレに気付いた女の子たちが、\n遠巻きにこっちを見て、ひそひそ話をしたりしてて。%K%P
今天的话，注意到我的女孩子，\n都在远处望着我，低声地谈论着。%K%P
そういったところにも、学科の特色というか、\n通っている女の子たちの気風の違いが見て取れた。%K%P
在这一点上，可以看到两学科的特点，\n更确切地说，可以看出两边女孩子精神风气的差异。%K%P
%LC杏奈
%LC杏奈
「というわけで……ラストは、ここっ！」%K%P
「终于到了哦……最后一个，就是这！」%K%P
そう言って杏奈ちゃんが指さしたドアには、\n手書き文字の紙が貼り付けてあった。%K%P
说着，杏奈指了指一扇门，\n门上贴着手写的告示%K%P
%LC陽菜
%LC阳菜
「乙女部……？」%K%P
「少女部……？」%K%P
%LC杏奈
%LC杏奈
「そっ、乙女部。正式には、\n　乙女部カッコカリ、なんだけど」%K%P
「对，少女部。正式名称是，\n　少女部暂定，的说」%K%P
%LC陽菜
%LC阳菜
「あっ、ほんとだ」%K%P
「啊，真的哦」%K%P
手書き文字の紙をよーく見ると、\nちっちゃく「（仮）」って書いてある。%K%P
我仔细看了看告示，\n看到上面写着一个小小的「（暂定）」二字。%K%P
%LC杏奈
%LC杏奈
「去年は正式な部だったんだけどね。\n　３年生が卒業して、部員数が減っちゃって」%K%P
「去年的话还是一个正式社团来着。\n　但3年级部员毕业后，部员人数减少太多了。」%K%P
%LC杏奈
%LC杏奈
「いまは私を入れても、４人しかいないんだ」%K%P
「现在我加入后，包括我也就4个人」%K%P
%LC陽菜
%LC阳菜
「杏奈ちゃん、乙女部員なんだ？」%K%P
「杏奈酱，是少女部部员呀？」%K%P
%LC杏奈
%LC杏奈
「入ったのは２年からで、\n　たまに遊びに来る程度の幽霊部員だけどね」%K%P
「2年级时就已经加入了，\n现在我只是偶尔来玩玩的"幽灵部员"捏」%K%P
%LC陽菜
%LC阳菜
「なら、去年は？」%K%P
「那么，去年的话？」%K%P
%LC杏奈
%LC杏奈
「合唱部だよ。色々あって辞めちゃったけど」%K%P
「在合唱部哦。因为一些事情退出来了」%K%P
%LC杏奈
%LC杏奈
「あっ、揉め事とかじゃないからね？\n　いまでもみんなとは仲良いから」%K%P
「啊，不是和别人不和之类的事哦？\n　我和大家都相处的不错呢」%K%P
%LC杏奈
%LC杏奈
「{歌姫:ディーバ}の睦月ちゃんとか、寮生同士、\n　一緒にお買い物とか行ったりするし」%K%P
「我和{歌姫:Diva}睦月酱，还是同个宿舍的，\n　经常一起去买东西的说」%K%P
%LC陽菜
%LC阳菜
「そっ、そうなんだ……」%K%P
「这，这样吗……」%K%P
幼い頃のオレを知る二人に接点があるとか、\n神様ってば、とことん運命の悪戯が好きらしい。%K%P
我从小认识的两个人之间很亲密，\n神明大人，似乎非常喜欢对我开命运的玩笑啊。%K%P
%LC杏奈
%LC杏奈
「というわけで、乙女部へようこそっ。\n　ささ、入って入って」%K%P
「那么，欢迎来到少女部。\n　好啦，快进去快进去」%K%P
%LC杏奈
%LC杏奈
「お疲れ様でーす」%K%P
「大家辛苦啦~~」%K%P
%LC？？？
%LC？？？
「おっ、こしあんおいっすー」%K%P
「哦，小杏奈你好呀——」%K%P
%LC杏奈
%LC杏奈
「なんとっ！　今日はお客様を連れてきましたっ」%K%P
「和你说！　今天我带了一位客人来玩」%K%P
%LC？？？
%LC？？？
「って……え、うそ、陽菜ちゃんじゃんっ！？」%K%P
「等等……欸！骗人的吧，阳菜酱来了！？」%K%P
%LC陽菜
%LC阳菜
「あっ、はい。どうも、はじめまして」%K%P
「啊，是的。初次见面呢」%K%P
入って早々、いきなり名前を呼ばれて、\nちょっとビクッとなってしまう。%K%P
一进门，就突然有人叫我的名字，\n还真是吓了我一跳呢。%K%P
けど、それ以上に驚いたのが――、%K%P
但是，更让我惊讶的是――%K%P
%LC？？？
%LC？？？
「あ――」%K%P
「啊——」%K%P
まさか、中庭で思い出したその日の内に、\nこんな形で再会するだなんて。%K%P
不会吧，中午才在中庭里想着呢，\n结果现在在这里就重逢了。%K%P
……ん？　けどこの場合、なんて挨拶すれば……？%K%P
……嗯？　但在现在的情况（女装）下，\n该怎么打招呼好呀……？%K%P
帽子を目深に被っていたとはいえ、\nあのときのオレは、まだ女装前だったわけで。%K%P
尽管当时戴着一顶帽子，\n但现在的我，可是在女装呀。%K%P
もし、彼女が帽子の人物を男だと思っていたなら、\n卯花陽菜としては初対面ってことになる。%K%P
不过，如果她认为当时戴帽子的我是男性，\n那么，这应该是她第一次见到"卯花阳菜"。%K%P
なら、初めましてって挨拶したほうが――、%K%P
那么，不如就当作初次见面，打个招呼吧――%K%P
%LC？？？
%LC？？？
「くすっ、本当にまた会えたわね」%K%P
「呼呼~真的又见到你了呢」%K%P
%LC陽菜
%LC阳菜
「えっ……？」%K%P
「欸……？」%K%P
%LC？？？
%LC？？？
「もしかして忘れちゃった？\n　ほら、{舞闘:カデンツァ}のあった日、中庭で――」%K%P
「难不成，你忘了？\n　就是，在{舞斗:华彩乐}的那一天，在中庭里――」%K%P
%LC陽菜
%LC阳菜
「あっ、はい。もちろん覚えてます」%K%P
「啊，对哦。我现在想起来了」%K%P
素の状態で女子だと思われてましたっ！！%K%P
原来她当时就认为我是女的是吧！！%K%P
まあ、そんなこともあるかなって、\nなんとなくは思ってたけどね。……うん。%K%P
嘛，这种事情的话，　\n好像还真有可能……呜。%K%P
けど、あのときのオレを陽菜と認識してるなら、\n下手に誤魔化さなくてすむし、好都合かも。%K%P
不过，如果已经认出我是阳菜——\n那还是不要欺骗她了，这样做或许更好。%K%P
%LC？？？
%LC？？？
「っと、まずは自己紹介しなきゃだよね」%K%P
「那，我先自我介绍了哦」%K%P
%LC美実
%LC美实
「ここの部長してる美実だよ。ノーブル３年。\n　気安く美実ちゃんって呼んでいいから」%K%P
「我是这里的部长美实哦。　诺博尔3年级。\n　不用介意，叫我美实酱就好。」%K%P
%LC陽菜
%LC阳菜
「さすがに、上級生をちゃんづけは……」%K%P
「不太好吧，称呼高年级"酱"什么的……」%K%P
%LC美実
%LC美实
「そう言わずに。\n　私は陽菜様って呼んだげるから」%K%P
「不用这么说啦。\n　我也可以叫你阳菜大人的啦」%K%P
%LC陽菜
%LC阳菜
%XS21「なんでですかっ」%XE%K%P
%XS21「这哪跟哪呀！」%XE%K%P
%LC美実
%LC美实
「あははっ。思ってた通り、\n　陽菜ちゃんってばリアクション可愛い」%K%P
「啊哈哈。果然如我想的那样，\n　阳菜酱的反应超可爱的」%K%P
%LC陽菜
%LC阳菜
「はうっ」%K%P
「哈呜……」%K%P
%LC？？？
%LC？？？
「もう、美実。からかわないの」%K%P
「真是的，美实。差不多行了」%K%P
%LC美実
%LC美实
「だって可愛いんだもん」%K%P
「但是真的很可爱哦」%K%P
%LC？？？
%LC？？？
「それには同意するけど」%K%P
「那也要对方同意呀」%K%P
%LC陽菜
%LC阳菜
「あううっ」%K%P
「啊呜呜……」%K%P
ここんとこ何度も言われてる言葉だけど、\nこうも連呼されると実に面映ゆい。%K%P
这个词在这里反复强调什么的，\n我真的顶不住啊（哭）。%K%P
%LC？？？
%LC？？？
「じゃあ、次は私」%K%P
「那么，接下来是我」%K%P
%LCクレール
%LC克莱尔
「名前はクレール・メルル。\n　いまは、センシブル３年に在籍中」%K%P
「我叫克莱尔・梅尔勒（Claire　Merle）。\n　现在就读于圣森博尔3年级」%K%P
%LCクレール
%LC克莱尔
「生まれも育ちもフランスなんだけど、\n　少し前、短期留学で銀蘭にやってきたの」%K%P
「我在法国出生和长大，\n　不久前，因短期留学来到了银兰」%K%P
聞けば、クレール様は銀蘭の姉妹校――、\nあのアリアンロッドからの留学生なのだそうだ。%K%P
听她所说，克莱尔大人她原本就读于银兰的姐妹校――\n也就是说，她是阿莉娅-罗德的留学生。%K%P
%LC陽菜
%LC阳菜
「最初に会ったときにも驚きましたけど、\n　日本語、すごく上手ですね」%K%P
「第一次见面时我也很惊讶呢，\n　你的日语，说的很好呢」%K%P
%LCクレール
%LC克莱尔
「うふふっ、褒められちゃった」%K%P
「呼呼呼~　过奖了」%K%P
%LCクレール
%LC克莱尔
「私、昔から日本に興味があって。\n　それで、こつこつ勉強していたの」%K%P
「我呢，一直对日本很感兴趣。\n　所以我很努力地在学习」%K%P
%LCクレール
%LC克莱尔
「あと、この部に入部したのは、\n　匂いがとっても気に入ったから」%K%P
「以及，我加入这个社团，\n　是因为这里的气味很好闻」%K%P
%LC陽菜
%LC阳菜
「匂い――」%K%P
「气味——」%K%P
思わず鼻をくんくんと動かしてしまうけど、\nとくに変わった匂いは感じなかった。%K%P
我忍不住用鼻子嗅了嗅，\n但我没有闻到任何特殊的气味。%K%P
というか、室内にある物を見てみても、\nなにをする部なのか全然ピンとこない。%K%P
而且呀，看着房间里的东西，\n我也不知道这个社团是干什么的。%K%P
%LC陽菜
%LC阳菜
「ここってなにをする部なんですか？」%K%P
「这个社团是做什么的呀？」%K%P
%LC美実
%LC美实
「ここはその名の通り、\n　乙女っぽいことをする部だよ」%K%P
「就顾名思义呀，\n　是做符合少女的事情的社团哦」%K%P
%LC陽菜
%LC阳菜
「乙女っぽいこと？」%K%P
「符合少女的事情？」%K%P
%LC美実
%LC美实
「例えばお菓子作ったり、洋服作ったり、\n　リフレクソロジーの勉強してみたり――」%K%P
「比如说制作点心、缝制洋服，\n　以及学习按摩这类的——」%K%P
%LC美実
%LC美实
「クレールがここに初めて来たのは、\n　私がアロマオイル作ってた時だっけ」%K%P
「克莱尔第一次来这里时，\n　我正在制作香油呢。」%K%P
%LCクレール
%LC克莱尔
「うん。あの匂いに誘われて、\n　私、この部室に迷い込んだんだもの」%K%P
「嗯。我被这股气味引诱了呢，\n　然后，我就迷到了社团室内」%K%P
匂いの真相、あっさり判明。%K%P
气味的真相，揭露出来了。%K%P
けど、部室に迷い込んだって表現は、\nクレール様の人柄が出ていて愛らしい感じだ。%K%P
不过，想想"被迷到"社团室里的场景，\n感觉克莱尔大人的人设，很可爱呢。%K%P
%LC美実
%LC美实
「気になったことは、なんでも挑戦――。\n　それが、乙女部」%K%P
「无论对什么感兴趣，都可以来试试——\n　这就是，少女部」%K%P
%LC美実
%LC美实
「乙女の可能性は、いつだって無限大だから」%K%P
「少女的可能性，始终是无限大的」%K%P
%LC美実
%LC美实
「まあ、いつも何かしてるわけじゃないし、\n　今日みたくお喋りしてることも多いけど」%K%P
「嘛，差点忘了今天还有事没做，\n　在这啰嗦了半天呢。」%K%P
%LC美実
%LC美实
「女の子はお喋り好きって言うし。\n　ある意味、これも活動中ってことで」%K%P
「不过和女孩子聊聊喜欢的。\n　在某种程度上，这也是社团活动呢」%K%P
なんて、人懐っこく笑う美実様。%K%P
美实大人，露出了亲和的微笑。%K%P
話しやすそうな雰囲気だし、さっきから\n気になっていたこと、思い切って聞いてみよう。%K%P
现在气氛似乎很容易搭上话，那么，\n我想问一问那件事情。%K%P
%LC陽菜
%LC阳菜
「もし違っていたら、すみません」%K%P
「如果有冒犯的话，还请见谅」%K%P
%LC陽菜
%LC陽菜
「美実様ってこの前の休日、\n　依夜様と{舞闘:カデンツァ}をしてた人ですよね？」%K%P
「美实大人，是上个休息日，\n　和依夜大人{舞斗:华彩乐}对决的人对吧？」%K%P
%LC美実
%LC美实
「そうだけど……って、え、嘘っ！？\n　陽菜ちゃん見てたのっ？」%K%P
「是我没错……嗯？欸，骗人的吧！？\n　阳菜酱你都看见了？」%K%P
%LC陽菜
%LC阳菜
「はい。２階席から見学していて」%K%P
「是的。　我在2楼的座位上看到了」%K%P
%LC美実
%LC美实
「うぅ、そっかぁ……。いやー、\n　お恥ずかしいとこ見られちゃったなぁ」%K%P
「呜呜，这样吗……好气哦~\n　这么羞耻的一面被看到了呀」%K%P
%LC美実
%LC美实
「陽菜ちゃんが見てるって知ってたら、\n　もっと見応えある感じで負けてたんだけど」%K%P
「早知道我知道阳菜酱你在看的话，\n　我就以一种更辉煌的方式去输掉呢……」%K%P
そう言って軽くおどける美実様だけど、\n実力的には、依夜様に比肩するレベルのはずだ。%K%P
虽然美实大人这么说的时候很气馁，\n但就实力而言，她应该处于与依夜大人相当的水平。%K%P
依夜様との{舞闘:カデンツァ}だって、\n最初、美実様が勝ったと思ったぐらいだし。%K%P
在她和依夜大人的{舞斗:华彩乐}中，\n一开始，我还认为美实大人赢了呢。%K%P
%LC美実
%LC美实
「こうして来てくれたのもご縁だし。\n　陽菜ちゃん、このままウチに入っちゃう？」%K%P
「你能来到这里还真是我的荣幸呢。\n　阳菜酱，有兴趣来咱部不？」%K%P
%LC陽菜
%LC阳菜
「入部勧誘ってことですか？」%K%P
「劝我入部吗？」%K%P
%LC美実
%LC美实
「そっ。ちょうどさっき、クレールと、\n　部員欲しいねーって話してたとこでね」%K%P
「对。就在刚刚呢，克莱尔她在说，\n　"我们社团什么时候能来人呀"呢」%K%P
%LCクレール
%LC克莱尔
「そうしたら、陽菜ちゃんが入ってきて。\n　運命って、こういうことを言うと思うの」%K%P
「然后，阳菜酱就进来了呢。　\n　我觉得，这就是命运的安排哦」%K%P
%LC杏奈
%LC杏奈
「あっ、私もいいと思う。\n　ね？　どう？　陽菜ちゃん」%K%P
「啊，我也是这么想的。\n　呐？　怎样？　阳菜酱」%K%P
%LC陽菜
%LC阳菜
「お誘いは嬉しいんだけど……私、放課後は\n　トレーニングルームに顔を出そうと思ってて」%K%P
「我很高兴能被邀请啦……不过，我的话，\n　放学后要赶去训练场里呢。」%K%P
%LC杏奈
%LC杏奈
「あ、そっか……。指南役補佐だもんね。\n　部活やってる暇なんてないか……」%K%P
「啊，这样啊……。要辅佐指导呢。\n　这样社团活动就顾不上了……」%K%P
%LC陽菜
%LC阳菜
「ううん、そんなことないよ。\n　禁止されてるわけじゃないし」%K%P
「不，倒也不完全是哦。\n　我这边并没说一定要去」%K%P
むしろ、ニナさんも姉さんも、\n部活に入ることを推奨している感じだった。%K%P
相反，妮娜姐和姐姐她们，\n似乎都在鼓励我加入社团%K%P
%LC陽菜
%LC阳菜
「ただ、せっかく入部しても、\n　来れないことが多くなったら申し訳ないなって」%K%P
「不过，即使我加入了这里，\n　可能大部分时候都没法来，对此我很抱歉」%K%P
%LC美実
%LC美实
「なら、仮入部っていうのは？\n　好きな時、遊びに来てくれればいいから」%K%P
「那么，就当作临时入部吧？\n　只要愿意，随时都可以来这里玩哦。」%K%P
%LC美実
%LC美实
「ここ、部室棟の隅っこだから静かだし。\n　居心地よくって、くつろぐには最適だよ」%K%P
「这里呢，处在社团大楼的角落里，很安静的。\n　呆在这也很舒适，是个放松身心的好地方哦」%K%P
%LC陽菜
%LC阳菜
「む……」%K%P
「哇哦……」%K%P
その誘い文句は、正直かなり魅力的だった。%K%P
说实话，这个邀请非常的诱人。%K%P
この二日間、オレはずっと緊張の連続で。%K%P
这两天，我一直都处于紧张当中。。%K%P
どこに行っても女の子ばかりだし、\nそんな中、女装がバレないように過ごすのは、\nどうしたって気をつかうし、疲れてしまう。%K%P
无论我走到哪里都只有女孩子，\n而且在这种状况下，我还要一直保持女装，\n用我的话来说，我已经很疲惫了。%K%P
だから、学内に気の休まる場所が欲しかった。%K%P
因此，我确实想要在校园里有一个可以放松的地方。%K%P
中庭のベンチとか良さげだったんだけど、\nあそこ、意外と人目があるって判明したし。%K%P
中庭里的长椅那其实也不错，\n但怎么说呢，有时那里的人出奇地多。%K%P
でも、ここなら部員以外に人目はない。%K%P
但在这里，除了部员之外，没有其他人会看着。%K%P
とはいえ、そんな不純な動機で入部するのも――、%K%P
话是这么说，但是以这种不纯的动机入部――%K%P
%LCクレール
%LC克莱尔
「ねえ陽菜ちゃん。\n　私たちと一緒に、部活しましょ？」%K%P
「呐，阳菜酱。\n　和我们一起，留在这个社团里吧？」%K%P
%LCクレール
%LC克莱尔
「私だって留学している間だけの、\n　仮入部みたいなものだから」%K%P
「因为我只是留学期间会在这里，\n　所以我也是临时入部哦」%K%P
%LC杏奈
%LC杏奈
「そうそう。私も幽霊部員だから、\n　仮入部と似たようなものだし」%K%P
「对呀对呀。我也是幽灵部员，\n　所以也属于临时入部哦」%K%P
%LC美実
%LC美实
「もう一人の部員も滅多にこないし、\n　遠慮する必要なんてないからね？」%K%P
「看吧，社团的其他成员也很少来，\n　所以你不必担心，对吧？」%K%P
%LC美実
%LC美实
「どんな動機でも入りたいって思ってくれたら、\n　ウチは大歓迎だよ？　陽菜ちゃん」%K%P
「不论出于任何原因加入进来，\n　我们都很欢迎哦~　阳菜酱」%K%P
こちらの迷いを見透かしたように、\nそんなことを言う美実様。%K%P
仿佛是看穿了我的犹豫，\n美实大人便说了这样的话。%K%P
確かに、ここまで誘われて遠慮するのも、\nそれはそれで意固地すぎる気もするし――、%K%P
当然，都到这一步还不接受邀请，\n那未免也太固执了――%K%P
%LC陽菜
%LC阳菜
「……じゃあ、お言葉に甘えて。入ります」%K%P
「……那么，承蒙各位厚爱，我加入了」%K%P
%LC美実
%LC美实
「やった、陽菜ちゅうゲットーっ！」%K%P
「太棒了，阳菜酱亲一个！」%K%P
%LC陽菜
%LC阳菜
「それだと部活っていうより、\n　ボールに入っちゃう感じなんですけど」%K%P
「比起社团活动，\n　感觉这里更像是一种聚会呢」%K%P
%LC美実
%LC美实
「あははっ、確かに」%K%P
「啊哈哈，确实捏」%K%P
そうして笑った美実様は、\nさりげなくオレの肩をぽんっと叩く。%K%P
美实大人笑了笑，\n随心地拍了拍我的肩膀。%K%P
一瞬ドキっとしたけれど、\n気安い感じが、かえって心地良くて。%K%P
我瞬间紧张了一下，\n不过这种感觉，非常安心。%K%P
このままだと本当に、美実様のこと、\n美実ちゃんって呼んでしまうかもしれない。%K%P
如果这种氛围继续下去，\n我可能真的，会叫美实大人为美实酱的……%K%P
寮に戻ったあと、夕食を食べ、お風呂に入って。%K%P
回到宿舍后，我吃了晚饭，洗了个澡。。%K%P
着替えてベッドにぼふっと腰掛けたら、\nそのまま、全身の力がすこんと抜けた。%K%P
换好衣服躺在了床上，\n感觉，整个身体都完全放松了下来。%K%P
%LC陽菜
%LC阳菜
「今日もいろいろあったなぁ……」%K%P
「今天发生了很多事情呢……」%K%P
指南役補佐代理として初めて授業に出たり、\n昼休み、つーちゃんから声をかけられたり。%K%P
第一次以代理教辅员的身份去上课，\n而且在午休时间，还遇到了睦酱。%K%P
あとは、乙女部に仮入部したり。%K%P
然后，还加入了少女部。%K%P
相変わらず大変なことも多いけど、\nそれでも昨日よりは、少し慣れた気がする。%K%P
虽然还是有很多困难，\n但相比昨天，我稍微习惯了一点。%K%P
%LC陽菜
%LC阳菜
「こうしてなんとかなってるのって、\n　留学してたおかげだよね……」%K%P
「我能够来到这里，\n　是因为出国留学的原因吗……」%K%P
フランスと女学園を同列には扱えないけど、\n違う環境で生活する、という意味で括りは同じ。%K%P
我不能以在法国留学那样，来对比在女子学院的生活，\n不同的环境，生活注定是不一样的。%K%P
海外留学ならぬ、女装留学――なんて。%K%P
不再是海外留学，而是女装留学――天差地别呢。%K%P
%LC陽菜
%LC阳菜
「キミも女の子になって女学園に通おう――」%K%P
「成为女孩子，上女子学院——」%K%P
%LC陽菜
%LC阳菜
「って、なに言ってんだオレ……ふふっ」%K%P
「唉，我在说什么呀……呵呵呵」%K%P
%LC陽菜
%LC阳菜
「……ふぁ、んんっ」%K%P
「……呜~哈啊啊~~~」%K%P
自分の呟きに思わず苦笑が漏れたあと、\n続けて、小さなあくびまで漏れる。%K%P
我喃喃自语着露出一丝苦笑，\n然后，打了个小小的哈欠。%K%P
昨日はベッドに潜ったらすぐ寝ちゃったけど、\n今日は眠気がほどよくて、まどろみが心地良い。%K%P
昨天我一爬上床就睡着了，\n因为当时真的很疲惫，所以睡得很舒服。%K%P
明日は{騎士道:シュバルリィ}の授業はないから、\n指南役補佐代理としての出番はお休みだ。%K%P
明天我不用代{骑士道:Chivalry}的课了，\n所以明天休息，不再是代理教辅员的说。%K%P
その分、普通の学生としての生活が待っている。%K%P
因此，像个普通学生生活便好。%K%P
%LC陽菜
%LC阳菜
「……うん。がん、ばろ……」%K%P
「……嗯……加油……呢……Zzzzzz」%K%P
自分に言い聞かせるために呟いた声は、\n眠気のせいで、すっごくふにゃふにゃで。%K%P
我的自言自语，\n因为睡意而变得模糊起来了。%K%P
明日の時間割りはなんだったっけ、なんて思いつつ、\nオレは沈むように、眠りへと落ちていった。%K%P
虽然想知道，明天的时间表是怎样安排的，\n但我已然睡着了，不知月渐落山头……%K%P
