翌朝、オレは約束していた時間よりも、\nかなり早くトレーニングルームへ向かった。%K%P
第二天早上，比约定时间稍早，\n我就已经去到了训练场。%K%P
目的は、自分自身の点検だ。%K%P
目的嘛，就是为了检验自己。%K%P
まだ誰も来ていないトレーニングルームで、\nゆっくりウォーミングアップ。%K%P
在还没有人来的训练场里，\n我不紧不慢地活动着身体。%K%P
銀蘭学園にやってきて、今日で１週間――。%K%P
来到银兰学院，到今天已经1周了――%K%P
いきなりの指南役補佐代理だったけど、\nどうにか務められるようになってきたと思う。%K%P
突然地成为代理教辅员，\n又想方设法地适应了职务。%K%P
ただ、指導するほうがメインだったから、\n自分のトレーニングがちょっと疎かになっていた。%K%P
不过，因为一直投入到指导中，\n我疏忽了对自己的训练。%K%P
基礎トレーニングは欠かしていないけど、\nしっかり動けるかどうか、確かめておかないと。%K%P
虽然自己不缺少基础训练，\n但还是得确认一下，自己能不能好好运剑。%K%P
%LC陽菜
%LC阳菜
「……うん、異常なし」%K%P
「……嗯，没有问题」%K%P
ひと通りチェックを終えて、ほっと一息。%K%P
检查完了一遍，我松了口气。%K%P
身体もよく動くし、気怠さもない。%K%P
身体活动自如，并不倦怠。%K%P
問題があるとすれば――、%K%P
如果要说有问题的话――%K%P
%LC陽菜
%LC阳菜
「やっぱ慣れないなぁ、この格好……」%K%P
「还是不习惯啊，这身打扮……」%K%P
フォームチェック用の鏡に映るのは、\nフィエルテを着用した自分の姿。%K%P
在检查姿势用的镜子里，\n映出了穿着菲尔特的自己。%K%P
姉さんからは慣れるように言われたけど、\nこうして直視すると、どうしても恥ずかしい。%K%P
虽然姐姐说我习惯就好了，\n但就这样直视着，怎么也不好意思。%K%P
女装自体にはだいぶ慣れたと思うけど、\nそれでも、この格好は別格だ。%K%P
虽然已经习惯了女装，\n但还是觉得，这身打扮……很"特别"。%K%P
ただ、どうにかフィエルテを着てられるのって、\n女装しているからこそ、なんだよね。%K%P
不过，穿在身上的菲尔特也是女装嘛——\n正因为是女装，所以才会这样吧。%K%P
男のままでこれを着るってなったら、\n間違いなく、そっちのほうが何倍も恥ずかしい。%K%P
如果别的男性穿上这个，\n毫无疑问，那肯定会比我现在要害羞好几倍。%K%P
万が一誰かに男だとバレた場合、\nそのことをいじられたら、絶対に悶絶する。%K%P
万一被人发现我是男的……\n肯定会被嘲笑的，杀了我得了。%K%P
%LC陽菜
%LC阳菜
「バレちゃダメ、絶対」%K%P
「不能被发现，绝对！」%K%P
%LC梨理
%LC梨理
「なにがバレちゃダメなんです？」%K%P
「什么事情不能被发现？」%K%P
%LC陽菜
%LC阳菜
「ふおうっ！？」%K%P
「呜哇哦哦！？」%K%P
完全に油断してたから、\n驚きすぎて心臓ごとちょっと跳ねた。%K%P
完全没注意到有人，\n吓得我心脏都跳了一下。%K%P
%LC陽菜
%LC阳菜
「なっ、なんで梨理ちゃんがここにっ……」%K%P
「为，为什么梨理酱会在这里……」%K%P
%LC梨理
%LC梨理
「お姉ちゃんにつれてこられたんです。\n　せっかくだから一緒においでって」%K%P
「是姐姐带我来的。\n 看她好不容易来一次，就一起来了」%K%P
%LC陽菜
%LC阳菜
「なんだ、そういうこと……。\n　はぁ、びっくりした……」%K%P
「什么嘛，原来是这样……\n 哈啊，吓我一跳……」%K%P
%LC梨理
%LC梨理
「で？　なんです？　バレちゃダメって」%K%P
「所以？　是什么呀？　不能被发现什么」%K%P
%LC陽菜
%LC阳菜
「言うわけないでしょ？\n　バレちゃダメなことなのに」%K%P
「怎么可能说呢？\n 都说了不能被发现了」%K%P
%LC梨理
%LC梨理
「うわ、センセのケチ」%K%P
「呜哇，老师真小气」%K%P
%LC陽菜
%LC阳菜
「なんと言われても内緒です」%K%P
「不管你怎么说，就是秘密」%K%P
梨理ちゃんに女装がバレたら、\n間違いなく弄られまくる気がする。%K%P
如果被梨理酱发现女装的话，\n肯定会被玩弄的。%K%P
%LC陽菜
%LC阳菜
「美実様は？」%K%P
「美实大人在哪？」%K%P
%LC梨理
%LC梨理
「いまフィエルテに着替えてます。\n　私はいつも、家から着てくるので」%K%P
「现在正在换菲尔特。\n 我呢，总是在家里就穿好了」%K%P
%LC陽菜
%LC阳菜
「梨理ちゃんたちって通学生だったんだね」%K%P
「梨理酱你们都是走读生呢」%K%P
%LC梨理
%LC梨理
「はい、わりと近いので」%K%P
「是啊，因为住的很近」%K%P
%LC陽菜
%LC阳菜
「けど、だからって家からコレは……」%K%P
「但是，从家里一路穿过来……」%K%P
%LC梨理
%LC梨理
「時短です。そのほうが多く練習できるから、\n　癖になってるだけで」%K%P
「用时短嘛。这样就可以多练习了，\n 所以已经习惯了。」%K%P
とくに恥ずかしがる様子もなく、\nそれがなにか？　って感じの梨理ちゃん。%K%P
似乎她并不觉得害羞，\n怎么说呢  这样的梨理酱。%K%P
オレとしては、これ着て通学ってだけで、\nかなり恥ずかしいと思うんだけど――、%K%P
对我来说，要是穿这个上学，\n那绝对会羞死自己了――%K%P
梨理ちゃんって思った以上に、\nストイックな子なのかもしれない。%K%P
梨理酱比我想象的，\n似乎还要禁欲呢。%K%P
その後、美実様がやってきたタイミングで、\n杏奈ちゃんも姿を見せた。%K%P
不久后，美实大人出现在了训练场，\n杏奈酱也跟着出现了。%K%P
クレール様はまだだけど、杏奈ちゃんいわく、\n寮のキッチンで張り切って料理していたそうだ。%K%P
克莱尔大人没过来，不过听杏奈说，\n她已经在宿舍厨房里干劲十足地做饭了。%K%P
%LC杏奈
%LC杏奈
「美実様、梨理ちゃん。\n　今日はよろしくお願いします」%K%P
「美实大人，梨理酱。\n 今天请多关照。」%K%P
%LC梨理
%LC梨理
「私は連れてこられただけなので、\n　気にしないでください」%K%P
「我只是被带过来的，\n 不用在意我啦。」%K%P
%LC梨理
%LC梨理
「そもそも、コーチって柄でもないですし」%K%P
「而且呀，指导也不是我的强项」%K%P
%LC美実
%LC美实
「そんなふうに言わないの。\n　楽しそうに支度してたくせに」%K%P
「这种话就不用说了。\n 你明明准备得很开心嘛」%K%P
%LC梨理
%LC梨理
「それ、お姉ちゃんの気のせいだから」%K%P
「哪有，那是姐姐的错觉」%K%P
%LC美実
%LC美实
「そういうことにしといてあげる」%K%P
「你说是这样就是这样吧」%K%P
%LC梨理
%LC梨理
「むぅー」%K%P
「姆呜呜——」%K%P
%LC美実
%LC美实
「で？　今日はどんな練習するの？」%K%P
「所以？　今天要怎样练习呀？」%K%P
%LC陽菜
%LC阳菜
「杏奈ちゃんの希望を聞いて、それに付き合う\n　つもりだったんだけど……何かある？」%K%P
「听听杏奈酱的想法，然后陪她一起练，\n 我是这么打算的……还有其他的吗？」%K%P
%LC杏奈
%LC杏奈
「そう言われると、かえって悩ましいけど――」%K%P
「听你这么一说，我反而有点难决定了——」%K%P
呟いて考え込んだけど、それも一瞬。%K%P
她喃喃自语陷入了沉思，\n不过也只是一瞬间。%K%P
%LC杏奈
%LC杏奈
「あっ、アレしてみたい。\n　昨日話してた、おっぱい揉むやつ」%K%P
「啊，我知道想练什么了。\n 昨天说到的，那个"揉胸"的游戏」%K%P
%LC陽菜
%LC阳菜
「なんでそういう覚え方を……」%K%P
「为什么要这样来记忆……」%K%P
%LC杏奈
%LC杏奈
「そこが一番印象的だったんだもん」%K%P
「这是我印象最深刻的嘛」%K%P
%LC杏奈
%LC杏奈
「ね、陽菜ちゃん。私と勝負しよ？」%K%P
「呐，阳菜酱。和我来玩一场吧？」%K%P
美実様たちもオレたちの勝負が見たいとのことで、\nさっそく、杏奈ちゃんと例のゲームをすることに。%K%P
让美实大人她们看我们谁胜谁负，\n于是，我和杏奈酱玩起了那个游戏。%K%P
%LC陽菜
%LC阳菜
「私は利き手だけ使うけど、\n　杏奈ちゃんは両手を使っていいからね」%K%P
「我就只用惯用手就行，\n 杏奈酱你可以用双手捏」%K%P
%LC杏奈
%LC杏奈
「ハンデってこと？」%K%P
「为了降低难度？」%K%P
%LC陽菜
%LC阳菜
「そうじゃなくて。杏奈ちゃん、\n　{舞闘:カデンツァ}だと盾を使うでしょ？」%K%P
「倒也不是啦。杏奈酱，\n 你在{舞斗:华彩乐}里不是也会使盾吗？」%K%P
%LC杏奈
%LC杏奈
「なら、タッチのときは片手だけ。\n　攻撃を防ぐときは両手アリでいい？」%K%P
「那么，攻击的时候用单手。\n 抵御攻击的时候，用双手可以吧？」%K%P
%LC陽菜
%LC阳菜
「いいよ。じゃあ――」%K%P
「对的哦，那么——」%K%P
%LC美実
%LC美实
「私が合図してあげる」%K%P
「我给你们施令吧」%K%P
%LC美実
%LC美实
「いくよー？　アン・ガルド」%K%P
「要来了哦——？　准备完毕（Anne Garde）」%K%P
%LC美実
%LC美实
「プレ――アレ！」%K%P
「预备，开始！」%K%P
美実様の号令にあわせて一歩踏み込むと、\nまずは真っ直ぐ、お腹を狙って手を伸ばす。%K%P
随着美实大人的号令，我一步踏出，\n直接瞄准她腹部出手。%K%P
%LC杏奈
%LC杏奈
「ひゃうっ？！」%K%P
「咿？！」%K%P
テンパった声こそ漏らしたものの、\nオレの手をしっかりガードする杏奈ちゃん。%K%P
杏奈酱发出了惊呼的声音，\n但还是招架住了我的手。%K%P
うんうん、動きがちゃんと見えてる証拠だ。%K%P
嗯嗯，能清楚看到我动作的嘛。%K%P
じゃあ、少しずつフェイントを混ぜて――、%K%P
那么，我就再加点佯攻吧——%K%P
%LC杏奈
%LC杏奈
「わ、うわわっ」%K%P
「哇，呜哇哇」%K%P
こっちがフットワークで揺さぶると、\n杏奈ちゃんも足を使って応戦してくる。%K%P
我使用钟摆摇闪进行攻击，杏奈酱也随之变换脚步应战。%K%P
けど、せっかく両手が使えるのに、\nほとんど利き手しか使っていない。%K%P
不过，明明两只手都能用，\n但她却几乎只使用惯用手。%K%P
%LC陽菜
%LC阳菜
「盾、もっと使ってっ」%K%P
「盾，也举起来吧」%K%P
言葉だけじゃなく、攻撃でも意識させる。%K%P
不光用言语告诉，我也用攻击使她意识到这点。%K%P
左側から、肩を叩く感じで手を伸ばすと、\n杏奈ちゃんはそれを盾側の手でしっかりガードした。%K%P
我从左侧伸出手，想击打杏奈酱的肩膀，\n杏奈用"盾牌手"结实地挡住了攻击。%K%P
%LC杏奈
%LC杏奈
「やたっ、できたっ」%K%P
「好耶，做到了」%K%P
%LC陽菜
%LC阳菜
「まだまだっ」%K%P
「只是，开始」%K%P
%LC杏奈
%LC杏奈
「わわわっ？！」%K%P
「哇啊啊？！」%K%P
受け止められた手に力を込めて、\nぐぐっと強引に押し込んでいく。%K%P
我被抵挡住的手开始用力，\n使劲往她的内围砍入。%K%P
お互いの手首がガッチリせめぎ合うと、\n満員電車かってぐらい、顔の距離が近くなる。%K%P
彼此的手腕紧绷着，互相角力，\n我们就像乘坐满员电车一样，脸的距离很近了。%K%P
%LC杏奈
%LC杏奈
「ぐっ……くううっ」%K%P
「咕……咕呜呜」%K%P
%LC陽菜
%LC阳菜
「杏奈ちゃん。いま私の手、どうなってる？」%K%P
「杏奈酱。现在我的手，感觉如何？」%K%P
%LC杏奈
%LC杏奈
「どうって、押し込んできてるけどっ……」%K%P
「感，觉……快要压倒我了……」%K%P
%LC陽菜
%LC阳菜
「ってことは？　私は手が塞がってるけど、\n　杏奈ちゃんは両手が使えるから？」%K%P
「所以说？   我的手被你一只手抵挡了，\n 但杏奈酱不是可以用双手吗？」%K%P
%LC杏奈
%LC杏奈
「あっ……」%K%P
「啊……」%K%P
言われて気付いた杏奈ちゃんが、\nすかさずこっちの胴目掛けて利き手を伸ばす。%K%P
被这么一说，杏奈酱终于注意到了，\n立刻朝着我的身体伸手打击。%K%P
それを、後ろにステップして躱した。%K%P
于是我，向后跨步躲开了攻击。%K%P
%LC陽菜
%LC阳菜
「いまの感じ、覚えておいてね」%K%P
「现在的感觉，一定记住捏」%K%P
%LC陽菜
%LC阳菜
「防御しながら攻撃も意識するのは、\n　身体が覚えないと、なかなか大変だけど――」%K%P
「要在防御的同时要主动攻击，\n 身体记不住的话，那可是很麻烦的——」%K%P
%LC陽菜
%LC阳菜
「迂闊には攻め込めないって相手に思わせれば、\n　前に教えた、盾での攻め込みも活きるから」%K%P
「如果对方也不会主动进攻的话，\n 之前教过的，用盾牌进攻就能发挥作用啦」%K%P
%LC杏奈
%LC杏奈
「うんっ」%K%P
「嗯！」%K%P
%LC陽菜
%LC阳菜
「なら、今度は杏奈ちゃんから攻めてきて」%K%P
「那么，这次杏奈酱先进攻吧」%K%P
%LC杏奈
%LC杏奈
「うんっ！」%K%P
「嗯！」%K%P
やってやるぞ！　って感じで、\n元気に頷く杏奈ちゃん。%K%P
有种"我做给你看"的霸气感觉了，\n杏奈酱精神地点了点头。%K%P
昨日戦った梨理ちゃんに比べると、\n動きは硬いし、連携も素直で読みやすい。%K%P
和昨天战斗过的梨理酱相比，\n她的动作比较僵硬，配合也比较率直，容易看懂。%K%P
でも、なにより違うのは表情だ。%K%P
但是，表情是不同的。%K%P
とにかく真剣で、笑みなんて一切なく、\nストイックに立ち向かってきた梨理ちゃん。%K%P
梨理酱总是认真的，没有笑容的，\n如禁欲的修行者一般目空一切。%K%P
対して杏奈ちゃんの表情は、\n百面相って感じでころころ変わっていく。%K%P
相对的，杏奈酱的表情，\n就像百面相一样，不停地变化着。%K%P
うまくいけば喜び、翻弄されれば慌てて、\nオレと戦うこと自体を、すごく楽しんでいる。%K%P
成功了就会高兴，被反制了就会慌张，\n她真的很享受和我战斗这件事。%K%P
剣道やフェンシングと違って、\n{舞闘:カデンツァ}は頭に防具をつけない。%K%P
与剑道和击剑不同，{舞斗:华彩乐}中是不戴护具的。%K%P
だからこそ勝負の最中、相手の顔がよく見える。%K%P
正因如此在比赛中，才能看清对方的脸。%K%P
以前、{舞闘:カデンツァ}にハマる子が多いって、\n依夜様が言っていたけど――、%K%P
以前依夜大人说过，\n很多人都十分喜欢{舞斗:华彩乐}――%K%P
テアトルでの煌びやかな装いだけじゃなく、\n対戦相手の顔がよく見えるって部分も、\nハマる理由としては大きいのかもしれない。%K%P
不光是在剧院时能穿上华丽装束的缘故，\n能清楚看到对手的脸这一部分，\n可能也是让人着迷的重要原因。%K%P
%LC杏奈
%LC杏奈
「なら……こうっ！」%K%P
「那么……看招！」%K%P
%LC陽菜
%LC阳菜
「おっと」%K%P
「哎哟~」%K%P
勢いよく突っ込んで来た杏奈ちゃんを躱すと、\n彼女はそのままオレの後ろに回り込む――って、%K%P
我躲开了猛地冲过来的杏奈酱，\n结果她就趁势绕到了我身后――呃……%K%P
ヤバい、この動きは想定外ッ……！%K%P
不妙啊，这个举动出乎意料……！%K%P
横幅が狭い舞台――ピストで戦うフェンシングだと、\n絶対にあり得ない展開だ、これっ……！%K%P
舞台宽度很窄——如果是用细剑来比赛，\n这是绝对不可能的展开……！%K%P
%LC杏奈
%LC杏奈
「陽菜ちゃん、覚悟っ！」%K%P
「阳菜酱，觉悟吧！」%K%P
%LC陽菜
%LC阳菜
「くっ……！！」%K%P
「额……！！」%K%P
杏奈ちゃんの手が伸びてきて、\nヤバいと思った瞬間、身体が勝手に動いていた。%K%P
杏奈酱的手刺了过来，\n但我感觉不妙的瞬间，身体已经动起来了。%K%P
闘牛士のように杏奈ちゃんの手を半身で避けたあと、\n勢い余った彼女を、正面からしっかりキャッチ。%K%P
像斗牛士一样侧身避开杏奈的手后，\n赶紧从正面接住了用力过猛的她。%K%P
で、そのまま彼女のお腹に、ぽん、とタッチ。%K%P
然后，就这样她的腹部，噗通，被我搂住了。%K%P
%LC陽菜
%LC阳菜
「ふぅ……。はい、私の勝ち――」%K%P
「呼……好啦，我赢了——」%K%P
%LC杏奈
%LC杏奈
「ふおうっ」%K%P
「呜喵❤~~」%K%P
%LC陽菜
%LC阳菜
「なっ、なにごとっ？」%K%P
「怎，怎么了吗？」%K%P
%LC杏奈
%LC杏奈
「ごっ、ごめんっ。\n　私、お腹さわられるの弱くって」%K%P
「抱，抱歉。\n 我的肚子，很敏感的。」%K%P
%LC陽菜
%LC阳菜
「なんだ、びっくりした……。\n　変なところ触っちゃったかと思った」%K%P
「什么呀，吓到我了……\n 我还以为摸到了奇怪的地方呢」%K%P
%LC梨理
%LC梨理
「変なとこってどこですかぁー？」%K%P
「奇怪的地方是哪里呀——？」%K%P
%LC美実
%LC美实
「陽菜ちゃんのえっちぃー」%K%P
「阳菜酱好H——」%K%P
%LC陽菜
%LC阳菜
「野次のレベル小学生ですかっ」%K%P
「这样都起哄，小学生吗？？」%K%P
%LCクレール
%LC克莱尔
「陽菜ちゃんのえっちえっちー」%K%P
「阳菜酱好色好色哦——」%K%P
%LC陽菜
%LC阳菜
「だから――……って、え、クレール様？」%K%P
「所以说……等等，欸，克莱尔大人？」%K%P
%LCクレール
%LC克莱尔
「うふふっ、ごきげんよう」%K%P
「呼呼呼，贵安哦」%K%P
%LCクレール
%LC克莱尔
「ちょっと前に来てたんだけど、\n 勝負の邪魔しちゃいけないから黙ってたの」%K%P
「我不久前来的，\n 但为了不妨碍比赛，所以没说话哦」%K%P
そう微笑んだクレール様の荷物は、\nお花見にでも行けそうな仰々しさだった。%K%P
微笑着的克莱尔大人，她的行李……\n看起来就像去赏花一样夸张。\n（日本赏花带的行李一般要装满车的后备箱）%K%P
%LC陽菜
%LC阳菜
「まさか……それ全部、差し入れですか？」%K%P
「难不成……这些都是，从那带过来的吗？」%K%P
%LCクレール
%LC克莱尔
「なにがいいかなって悩んじゃって。\n　で、ならいっそ全部作っちゃおうって」%K%P
「我来之前一直在烦恼做什么好。\n 所以，就干脆全做了吧」%K%P
%LC陽菜
%LC阳菜
「けど、さすがにその量は……」%K%P
「但是，这份量还是……」%K%P
%LC美実
%LC美实
「大丈夫じゃない？　この人数なら」%K%P
「没问题吧?   都这么多人了」%K%P
%LC美実
%LC美实
「こんなこともあろうかと、\n　ゲストも呼んでおいたし」%K%P
「我也想着可能会发生这种事情，\n 所以邀请了客人来哦。」%K%P
%LC陽菜
%LC阳菜
「ゲスト？」%K%P
「客人？」%K%P
%LC美実
%LC美实
「おっ、噂をすれば」%K%P
「哦，说曹操曹操到」%K%P
%LC依夜
%LC依夜
「美実、遅れてごめんなさい。\n　家の手伝いに、少し掛かって――」%K%P
「美实，对不起我来晚了。\n 花了些时间帮家里的忙——」%K%P
%LC陽菜
%LC阳菜
「依夜様……」%K%P
「依夜大人……」%K%P
%LC美実
%LC美实
「昨日のうちに声掛けておいたの。\n　よかったら明日、一緒に練習しよってね」%K%P
「昨天我就跟她说过这事了。\n "可以的话，明天一起练习捏"」%K%P
%LC依夜
%LC依夜
「陽菜たちがいるだなんて、\n　聞いてないのだけど」%K%P
「阳菜她们也会在这，\n 这事我可没听你说过哦」%K%P
%LC美実
%LC美实
「言ってないからね。驚かせたくて」%K%P
「确实我没说捏。想给你一个惊喜啦」%K%P
%LC依夜
%LC依夜
「もう……」%K%P
「真是的……」%K%P
そんな短いやりとりだけで、\nふたりの関係性がなんとなくわかってしまう。%K%P
仅凭这么简短的对话，\n我大概能明白两个人的关系了。%K%P
%LC梨理
%LC梨理
「お姉ちゃん。これ、どういうこと？」%K%P
「姐姐。这是，怎么回事？」%K%P
%LC美実
%LC美实
「せっかくだし、賑やかな方がいいかなって」%K%P
「好不容易来一次，还是热闹一下比较好。」%K%P
%LC梨理
%LC梨理
「だからって」%K%P
「所以说……」%K%P
%LC美実
%LC美实
「梨理も{最優秀騎士:ブリランテ}に興味あるでしょ？」%K%P
「梨理不是也对{至高骑士:Brillante}有兴趣吗？」%K%P
%LC梨理
%LC梨理
「ん……」%K%P
「嗯……」%K%P
%LC美実
%LC美实
「よしっ！　じゃあ、依夜も来たことだし。\n　みんなで杏奈をしごいちゃおー」%K%P
「好！   那，依夜也来了。\n 大家一起"调教"杏奈吧——」%K%P
%LC杏奈
%LC杏奈
「えっ……えええっ？！」%K%P
「欸……欸欸欸？！」%K%P
そうして、杏奈ちゃんを中心に、\nみんなでトレーニング。%K%P
然后，以杏奈酱为中心，\n大家一起训练。%K%P
それぞれがよくやる練習方法や、\nイメージトレーニングを教え合ったり。%K%P
互相交流各自常用的练习方法，\n以及意象训练。%K%P
これが、オレにとってもかなり勉強になった。%K%P
这样的交流，对我来说也学到了很多。%K%P
姉さんから色々教わったりもしているけど、\nオレの純然な{舞闘:カデンツァ}歴は、まだ１週間。%K%P
虽然从姐姐那里知道了很多经验，\n但我真正的{舞斗:华彩乐}经历，还只有一个星期。%K%P
対して、依夜様と美実様は２年以上なわけで、\n経験の差も含めて、学ぶべき部分は多かった。%K%P
相对的，依夜大人和美实大人都舞斗了2年以上，\n所以包括经验上的差距在内，我需要学习的部分有很多。%K%P
気付けばお昼をとっくに過ぎていたので、\n今日の練習はここまで、ということに。%K%P
不知不觉中，已然过了中午，\n所以今天的练习就到此为止了。%K%P
%LC杏奈
%LC杏奈
「ふぅ、ふぅ……はぁ、はぁ……」%K%P
「呼，呼……哈，哈啊……」%K%P
%LCクレール
%LC克莱尔
「杏奈ちゃん、お疲れさま。\n　はい、タオルと飲み物どうぞ」%K%P
「杏奈酱，辛苦了。\n 给。毛巾和饮料，请用吧」%K%P
%LC杏奈
%LC杏奈
「ありがとうございます」%K%P
「谢谢你」%K%P
%LCクレール
%LC克莱尔
「なんでもあるから、なんでも言って。\n　なんならマッサージもしちゃうから」%K%P
「什么都带了呢，所以有需要的都和我说哦。\n 给你按摩一下也是可以的啦」%K%P
%LCクレール
%LC克莱尔
「こう見えて揉むのは得意なの」%K%P
「别看我这样，其实我很擅长揉捏的哦」%K%P
%LC杏奈
%LC杏奈
「はぅ、いたれりつくせりすぎるぅ……」%K%P
「哈啊，突然想起不好的回忆……」%K%P
たっぷり身体を動かしたあとは、\n時間をかけて、ゆっくりクールダウン。%K%P
长时间活动身体后，\n需要花点时间慢慢降温。%K%P
それから満を持して、\nクレール様の差し入れをいただくことに。%K%P
然后，我们都调整好后，\n一起看向了克莱尔大人带的饭。%K%P
お花見に行けそうなんて思った荷物は、\n実際に広げてみたら、マジでお花見だった。%K%P
我一开始还觉得这份量可以去赏花了，\n实际打开一看，还真的是赏花的份量……%K%P
%LC梨理
%LC梨理
「わ、この肉巻きおにぎり美味しい……」%K%P
「哇，这个肉卷饭团真好吃……」%K%P
%LCクレール
%LC克莱尔
「たくさん作ったの。どんどん食べて」%K%P
「我做了很多哦，放开地吃吧」%K%P
%LC梨理
%LC梨理
「ありがとうございます。……あむっ」%K%P
「谢谢你。……阿姆阿姆~」%K%P
%LCクレール
%LC克莱尔
「ふふっ、梨理ちゃんの食べ方可愛い。\n　リスみたい」%K%P
「呼呼，梨理的吃相好可爱。\n 就像松鼠一样」%K%P
%LC梨理
%LC梨理
「ん……」%K%P
「呜……」%K%P
%LC陽菜
%LC阳菜
「クレール様って料理上手ですね。\n　和食まで作れるなんて」%K%P
「克莱尔大人很擅长做菜呢。\n 连日本料理都能做」%K%P
%LCクレール
%LC克莱尔
「もともと自分で食べたくて勉強したの。\n　日本の食文化、大好きだから」%K%P
「本来是因为自己想吃才去学的。\n 我很喜欢日本的饮食文化呢」%K%P
%LC美実
%LC美实
「わかる。好きって原動力になるよねぇ」%K%P
「我知道。喜欢就会成为原动力捏。」%K%P
%LC杏奈
%LC杏奈
「ですね。私もいま、すっごい好きなので」%K%P
「是啊。我现在，也非常喜欢呢」%K%P
%LC美実
%LC美实
「陽菜ちゃんが？」%K%P
「阳菜酱呢？」%K%P
%LC陽菜
%LC阳菜
「げふっ」%K%P
「咳咳」%K%P
%LC依夜
%LC依夜
「陽菜、大丈夫？」%K%P
「阳菜，没事吧？」%K%P
%LC陽菜
%LC阳菜
「はっ、はい。ちょっと咽せただけで」%K%P
「没，没事。只是呛了一下」%K%P
%LC陽菜
%LC阳菜
「もう、美実様が変なこと言うからっ……」%K%P
「真是的，美实大人又说这么奇怪的话……」%K%P
%LC杏奈
%LC杏奈
「別に変じゃなくない？\n　私、陽菜ちゃんのこと好きだよ？」%K%P
「也不是很奇怪吧？\n 我呢，非常喜欢阳菜酱哦」%K%P
%LC陽菜
%LC阳菜
「え」%K%P
「欸」%K%P
%LC杏奈
%LC杏奈
「美実様も好きだし、クレール様も好きだし。\n　依夜様も梨理ちゃんも好きだし、みんな好き」%K%P
「我喜欢美实大人，也喜欢克莱尔大人。\n 依夜大人和梨理酱也都喜欢，大家都喜欢。」%K%P
%LC陽菜
%LC阳菜
「ああ……。なんだ、そういう」%K%P
「啊啊……什么呀，原来是」%K%P
%LC美実
%LC美实
「あ、ガッカリしてる」%K%P
「啊，突然失望了」%K%P
%LC陽菜
%LC阳菜
「してません」%K%P
「不我没有」%K%P
%LC杏奈
%LC杏奈
「ええー？　ガッカリしてくれないの？」%K%P
「诶诶——？　很失望吗？」%K%P
%LC陽菜
%LC阳菜
「もう、杏奈ちゃんまで」%K%P
「真是的，杏奈酱你也来」%K%P
%LC杏奈
%LC杏奈
「あははっ。でも確かにいま、\n　{舞闘:カデンツァ}の練習、すっごく好きかも」%K%P
「啊哈哈，不过我现在，\n 确实很喜欢{舞斗:华彩乐}的练习哦」%K%P
%LC梨理
%LC梨理
「好き……？　練習が、ですか？」%K%P
「喜欢……？　练习，吗？」%K%P
%LC杏奈
%LC杏奈
「うん。毎日ちょっとずつ出来ることが増えて。\n　そういうの、すっごく楽しい」%K%P
「嗯。每天能做到的事情一点点地增加。\n 这样努力着，真的很开心」%K%P
%LCクレール
%LC克莱尔
「うんうん。私も料理の勉強してるとき、\n　知識が増えていくの、すっごく楽しかった」%K%P
「嗯嗯。我在学习烹饪的时候，\n 也学到了很多知识，这非常开心呢。」%K%P
%LCクレール
%LC克莱尔
「何気なく食べてた食事が、識ることで、\n　ぜんぜん違って見えてきたりだとか」%K%P
「不经意间吃到的食物，通过认识和了解做法，\n 在眼中就会变得完全不同呀。」%K%P
%LC依夜
%LC依夜
「理解を欲するのは人の本質だから」%K%P
「渴望理解是人类的本质嘛」%K%P
%LC美実
%LC美实
「お坊さんみたいなこと言ってる」%K%P
「说着和僧侣一样的话捏」%K%P
%LC依夜
%LC依夜
「せめて巫女と言って」%K%P
「至少说是巫女吧」%K%P
%LC美実
%LC美实
「依夜の家、神社だもんね」%K%P
「依夜的家，开神社的捏」%K%P
%LC陽菜
%LC阳菜
「神社……」%K%P
「神社……」%K%P
依夜様に神社って……似合いすぎる。%K%P
依夜大人住在神社……太合适了。%K%P
%LC陽菜
%LC阳菜
「じゃあ、さっき言っていた家の手伝いって」%K%P
「那么，你刚才说的帮家里的忙是？」%K%P
%LC依夜
%LC依夜
「今度、祭事があるから。その準備とか」%K%P
「这回，有祭祀活动啦。所以要做准备工作」%K%P
%LC杏奈
%LC杏奈
「うぅ、すみません。そんな忙しいときに」%K%P
「唔，对不起。在那么忙的时候……」%K%P
%LC依夜
%LC依夜
「平気よ、ちゃんと終えてきたから」%K%P
「没关系，我都已经做完了」%K%P
%LC依夜
%LC依夜
「もし無理なら、最初から断ってる。\n　だから気にしないで、杏奈」%K%P
「如果不行的话，我一开始就拒绝了。\n 所以别在意，杏奈」%K%P
%LC杏奈
%LC杏奈
「ほっ、よかったぁ……」%K%P
「哈，那就好……」%K%P
%LC杏奈
%LC杏奈
「でもほんと、今日は楽しかったです。\n　依夜様にも色々と教えてもらっちゃって」%K%P
「但是真的，今天真的很开心。\n 依夜大人也教了我很多东西呢。」%K%P
%LC依夜
%LC依夜
「杏奈、強くなると思う」%K%P
「杏奈，我觉得你很强哦。」%K%P
%LC陽菜
%LC阳菜
「うん。今日だけで、かなり良くなったし」%K%P
「嗯。今天的练习，又有进步了」%K%P
%LC杏奈
%LC杏奈
「んぅ……んひっ、褒められ慣れてないから、\n　顔、ゆるみっぱなしになっちゃいそう……」%K%P
「嗯……嘻嘻，我不太习惯被夸奖啦，\n 我的脸，真的很薄的……」%K%P
%LC美実
%LC美实
「その分、今日明日あたり筋肉痛だろうけど」%K%P
「这么努力，估计今明两天肌肉会痛吧」%K%P
%LC杏奈
%LC杏奈
「あうっ」%K%P
「哈呜……」%K%P
%LCクレール
%LC克莱尔
「そうなったらいつでも呼んで。\n　お部屋までマッサージしに行くから」%K%P
「那样的话可以随时叫我哦。\n 我会去你房间给你按摩呢。」%K%P
%LC杏奈
%LC杏奈
「やったぁ、寮生活ばんざいっ」%K%P
「太棒了，宿舍生活万岁！」%K%P
美味しいご飯を囲んで、賑やかな会話。%K%P
围着美味的饭团和盖饭，我们热闹地对话着。%K%P
いかにも女子の集まりって感じの輪の中に、\n自分が混ざる日がくるだなんて思わなかった。%K%P
真没想到，有一天自己也会，\n混在女生聊天的圈子里。%K%P
それも、女の子として、なんて――、%K%P
而且，还是作为"女孩子"——%K%P
%LC杏奈
%LC杏奈
「陽菜ちゃん、今日はありがと」%K%P
「阳菜酱，今天非常感谢」%K%P
%LC陽菜
%LC阳菜
「どうしたの、急に」%K%P
「怎么了，这么突然」%K%P
%LC杏奈
%LC杏奈
「だって、今日こんなふうに過ごせたのは、\n　陽菜ちゃんが休日練習提案してくれたからだし」%K%P
「因为，今天能这样度过，\n 都是因为阳菜酱的假日练习提议嘛。」%K%P
%LC美実
%LC美实
「だね。陽菜ちゃんのおかげで、\n　こんなに美味しいご飯も食べれたし」%K%P
「是啊。多亏了阳菜酱，\n 我们才能吃到这么好吃的饭。」%K%P
%LC梨理
%LC梨理
「作ったのはクレール様だから」%K%P
「做的人是克莱尔大人啦」%K%P
%LCクレール
%LC克莱尔
「切っ掛けをくれたのは陽菜ちゃんよ？\n　ありがとう、陽菜ちゃん」%K%P
「给我这个机会地是阳菜酱哦，\n 谢谢你，阳菜酱」%K%P
%LC依夜
%LC依夜
「私からも。ありがとう、陽菜」%K%P
「我也是。谢谢你，阳菜」%K%P
%LC陽菜
%LC阳菜
「ん……」%K%P
「嗯……」%K%P
思いがけずお礼を言われてしまい、\n照れくさくて、咄嗟に言葉が出てこない。%K%P
没想到都来感谢我了，\n挺不好意思的，我一时说不出话来。%K%P
%LC美実
%LC美实
「ほら、梨理も。ここは言う流れだよ？」%K%P
「好啦，梨理也是。也来说几句吧？」%K%P
%LC梨理
%LC梨理
「お姉ちゃんも言ってないでしょ」%K%P
「姐姐你也没有说吧」%K%P
%LC美実
%LC美实
「なら、姉妹一緒に。せーの――」%K%P
「那么，咱姐妹一起。开—始—」%K%P
%LC梨理
%LC梨理
「ありがと、センセ」%K%P
「谢谢你，老师……」%K%P
%LC梨理
%LC梨理
「って、なんで私だけっ」%K%P
「诶！为什么只有我一个」%K%P
%LC美実
%LC美实
「くすっ、んふふっ。\n　ほんとウチの妹ってば可愛い」%K%P
「噗，呼呼呼~~\n 我的妹妹真的太可爱了」%K%P
%LC梨理
%LC梨理
「お姉ちゃんっ」%K%P
「姐姐你呀！」%K%P
%LC美実
%LC美实
「ふふっ、よしよし」%K%P
「呼呼~乖哦乖哦~~」%K%P
むくれる梨理ちゃんをあやすように、\n美実様が、彼女の頭を優しく撫でる。%K%P
美实大人哄着生气的梨理酱，\n温柔地抚摸着她的头。%K%P
椋木姉妹が仲睦まじいことも、\nクレール様が料理上手なことも、\n依夜様の実家が神社なことも。%K%P
椋木姐妹很和睦，\n克莱尔大人很会做饭，\n依夜大人的家是神社。%K%P
杏奈ちゃんのコーチを引き受けたからこそ、\n知ることができたわけで。%K%P
因为提出了指导杏奈酱的提案，\n所以知道了这么多的事。%K%P
%LC陽菜
%LC阳菜
「ありがとう、杏奈ちゃん」%K%P
「谢谢你，杏奈酱」%K%P
%LC杏奈
%LC杏奈
「えっ……ええっ？　なんでお礼っ？\n　ってか、なんで私っ？」%K%P
「欸……欸？　为什么要言谢？\n 而且，为什么是对我？」%K%P
%LC陽菜
%LC阳菜
「今日という素敵な一日をくれた、そのお礼」%K%P
「给了我如此美好的一天，谢谢你」%K%P
%LC陽菜
%LC阳菜
「美実様も梨理ちゃんも、クレール様も、依夜様も。\n　今日は本当に、ありがとうございました」%K%P
「美实大人和梨理酱，克莱尔大人，依夜大人。\n 今天真是，太感谢你们了」%K%P
さっきは咄嗟に出てこなかった言葉を、\n今度は、しっかりと形にして伝える。%K%P
之前无法传达的话，\n这次，要好好地表达出来。%K%P
{女装:これ}は{女装:これ}で、ありかもしれない――。%K%P
{女装:我}仍然还是{女装:女孩子}，依旧照常――%K%P
そう思えてしまうぐらい、\nその日は、とても充実した一日だった。%K%P
我这么想着，\n今天真是非常充实的一天呀。%K%P
