杏奈ちゃんとの練習は週明けも続き、\n彼女は着実に強くなっていった。%K%P
和杏奈酱的练习持续到了下周，\n我看着她一步一步地变强。%K%P
その成果がどれぐらいかと言うと――、%K%P
那么，成果会怎样呢――%K%P
%LC宗千佳
%LC宗千佳
「陽菜。おまえ、どんな魔法を使った」%K%P
「阳菜，你……用了什么魔法吗」%K%P
――と、{騎士道:シュバルリィ}の実技授業中、\nあの姉さんが、そんな感想を漏らすほどだった。%K%P
——嗯，我想象着，在{骑士道:Chivalry}的实战测试中，\n姐姐她，一定会发出这样的感想吧%K%P
そうして、運命の水曜日――。%K%P
于是，在决定命运的周三――%K%P
%LC杏奈
%LC杏奈
「うぅ、どうしよう……。\n　めっちゃドキドキしてきた……」%K%P
「呜呜，怎么办啊……\n 我现在好怕啊……」%K%P
%LC陽菜
%LC阳菜
「まだお昼休みだよ？　ほら、ご飯食べて」%K%P
「现在还在午休哦。\n 好啦，吃饭吧」%K%P
%LC杏奈
%LC杏奈
「けど、これで不甲斐ない結果になったら、\n　陽菜ちゃんたちに申し訳ないし……」%K%P
「但是，如果结果不如人意的话，\n 就对不起阳菜酱你们了……」%K%P
%LC陽菜
%LC阳菜
「別に気にしなくても――」%K%P
「其实不用在乎这些的——」%K%P
%LC杏奈
%LC杏奈
「気にするよっ。みんな私のために、\n　大切な時間を使ってくれたんだもん」%K%P
「我很在乎的哦。大家都为了我，\n 花费了这么多宝贵的时间。」%K%P
%LC陽菜
%LC阳菜
「なら、なおさら気にしないこと」%K%P
「那么，就更不用在乎了」%K%P
%LC陽菜
%LC阳菜
「杏奈ちゃんにプレッシャーをかけたくて、\n　コーチをしたわけじゃないんだから」%K%P
「要是给杏奈酱压力了，\n 那这些指导还有什么意义呢。」%K%P
%LC杏奈
%LC杏奈
「でもぉ……」%K%P
「但是……」%K%P
%LC陽菜
%LC阳菜
「なら、別のプレッシャーで上書きしてあげる」%K%P
「那么，就用别的压力来让你放松」%K%P
%LC陽菜
%LC阳菜
「さっき連絡があったんだけど。杏奈ちゃんが\n　対戦する予定だった子、今日風邪でお休みだって」%K%P
「刚才那边跟我联系过了。原本和杏奈酱要对战的人，\n 今天因为感冒请假了。」%K%P
%LC杏奈
%LC杏奈
「えっ……？　じゃあ、私の試験は？　延期？」%K%P
「欸……？　那，我的测试呢？　延期？」%K%P
%LC陽菜
%LC阳菜
「ううん、今日やるよ。実技試験は勝敗じゃなく、\n　内容を見て実力を判断するものだし」%K%P
「不是哦，还是今天。实战测试不是看胜负，\n 而是看过程来判断实力。」%K%P
%LC陽菜
%LC阳菜
「ただし、相手は別の人だけど」%K%P
「不过呢，对方是别的人」%K%P
%LC杏奈
%LC杏奈
「まさか、陽菜ちゃんだって言うんじゃ……」%K%P
「该不会，是叫阳菜酱你来吧……」%K%P
%LC陽菜
%LC阳菜
「だったら私も嬉しかったんだけど。\n　残念ながらハズレ」%K%P
「要是那样我会很高兴的。\n 不过很遗憾，不是我。」%K%P
%LC陽菜
%LC阳菜
「杏奈ちゃんの相手は、\n　３組の{津島:つしま}{小夜:さよ}さん」%K%P
「杏奈酱的对手是，\n 第３组{津岛:つしま}{小夜:さよ}同学」%K%P
%LC杏奈
%LC杏奈
「小夜ちゃんって……うそ、\n　前回試験で１位だった、あのっ……？！」%K%P
「小夜同学……骗人吧，\n 是上次测试第一的，那位……？！」%K%P
%LC陽菜
%LC阳菜
「その小夜さん。すでに実技試験を終えていて、\n　今回代役を引き受けてくれたんだって」%K%P
「就是那个小夜同学。因为她已经完成了实战测试，\n 所以这次代理陪考她接受了。」%K%P
代役を小夜さんにしたって聞いたときは、\n正直、オレも驚いてしまったけど。%K%P
当听说让小夜同学当陪考的时候，\n说实话，我也很惊讶。。%K%P
逆に言うと、姉さんは今の杏奈ちゃんを見て、\nそのぐらいの力はあると判断したわけだ。%K%P
不过反过来说，姐姐她看到杏奈现在的样子，\n估计也判断她有能力与之一战。%K%P
%LC陽菜
%LC阳菜
「練習成果を見せる機会としては、\n　これ以上ない相手でしょ？」%K%P
「既然是展现练习成果，\n 没有比她更好的对手了对吧？」%K%P
%LC杏奈
%LC杏奈
「本当にこれ以上なさすぎるってばっ。\n　学年トップなんだからっ」%K%P
「这真的比原来难太多了吧！\n 这可是年级第一啊」%K%P
%LC陽菜
%LC阳菜
「それと今日の試験、\n　私、審判を手伝うことになったから」%K%P
「还有，今天的测试，\n 由我来担任副裁判了。」%K%P
%LC陽菜
%LC阳菜
「杏奈ちゃんの{舞闘:カデンツァ}、\n　一番近くで見てるからね？」%K%P
「杏奈酱的{舞斗:华彩乐}，\n 我会在最近的地方看着捏」%K%P
%LC杏奈
%LC杏奈
%XS21「ええええええええっ？！」%XE%K%P
%XS21「欸欸欸欸欸欸欸？！」%XE%K%P
%LC宗千佳
%LC宗千佳
「杏奈、準備は？」%K%P
「杏奈，准备好了？」%K%P
%LC杏奈
%LC杏奈
「いけます」%K%P
「可以上了」%K%P
%LC宗千佳
%LC宗千佳
「小夜は？」%K%P
「小夜呢？」%K%P
%LC小夜
%LC小夜
「問題ありません」%K%P
「没有问题」%K%P
%LC宗千佳
%LC宗千佳
「よし。両者、クラージュ起動」%K%P
「好。双方，克拉格启动」%K%P
%LC杏奈・小夜
%LC杏奈・小夜
「アン・ガルドっ」%K%P
「准备完毕（Anne Garde）！」%K%P
揃った掛け声でクラージュが起動すると、\n眩い光が杏奈ちゃんたちを包み込む。%K%P
两人同时喊出口令，启动了克拉格， \n 耀眼的光芒瞬间包围了杏奈酱她们。%K%P
光は鎧となり、顕現する二人の{騎士:ワルキュリア}――。%K%P
光芒变成了铠甲，两名{骑士:Valkyria}出现在了场上——%K%P
自分が体験したときも思ったけれど、\nこうして目の前で見ても、まさに魔法だ。%K%P
自己体验的时候也觉得，\n就这样出现在眼前，简直就是魔法。%K%P
オレが初めて{舞闘:カデンツァ}をしたときは、\n色々とイレギュラーなことが多かったけど――、%K%P
虽然我第一次{舞斗:华彩乐}的时候，\n还是有很多不尽兴的地方——%K%P
いまのように審判の合図でクラージュを起動するのが、\n正式な{舞闘:カデンツァ}の手順となっている。%K%P
像现在这样，在裁判的示意下启动克拉格，\n这是正式的{舞斗:华彩乐}顺序。%K%P
%LC宗千佳
%LC宗千佳
「では、これより{舞闘:カデンツァ}を始める」%K%P
「那么，{舞斗:华彩乐}现在开始」%K%P
%LC宗千佳
%LC宗千佳
「両者、中央へ」%K%P
「双方，到中间来」%K%P
%LC杏奈・小夜
%LC杏奈・小夜
「はいっ」%K%P
「是！」%K%P
副審のオレをちらっと見た後、\n舞台の中央へと進む杏奈ちゃん。%K%P
杏奈酱看了我一眼，\n然后走向了舞台中央。%K%P
初めて見る彼女の鎧姿はとても可憐で、\nまさに少女騎士といった装いだ。%K%P
第一次看到她穿铠甲的样子，非常可爱呢，\n这就是经典的少女骑士装束。%K%P
%LC宗千佳
%LC宗千佳
「双方、構えて」%K%P
「双方，做好准备」%K%P
盾の存在を相手に意識させるように、\n杏奈ちゃんは腕を少し前に出して構えた。%K%P
为了让对方意识到盾牌的存在，\n杏奈酱稍微向前摆了摆左手。%K%P
手にする武器は、ショートソード。%K%P
拿在右手的武器，是短剑。%K%P
盾持ちの制限で武器のリーチは短いけれど、\n片手で扱いやすい点は、むしろメリットといえる。%K%P
因为持盾的限制，武器的范围很短，\n不过，单手容易操作也是优点呢。%K%P
対する小夜さんの武器は、オレと同じロングソード。%K%P
小夜同学的武器和我一样，是长剑。%K%P
それをしっかり両手で握り、中断の構え――、\n武器こそ違えど、依夜様と同じ剣道スタイルだ。%K%P
她双手紧紧握住剑，准备横切——\n虽然武器不同，但她和依夜大人是同样的剑道风格。%K%P
%LC宗千佳
%LC宗千佳
「――はじめっ！」%K%P
「——开始！」%K%P
%LC小夜
%LC小夜
「やあああっ！！」%K%P
「呀啊啊啊！！」%K%P
号令と同時に小夜さんが前に出ると、\n杏奈ちゃんも応じて前に出た。%K%P
号令响起的同时，小夜同学立刻上前\n杏奈酱也随之上前。%K%P
一気に間合いが詰まり、\nすぐさま小夜さんの切っ先が杏奈ちゃんを狙う。%K%P
双方的距离一下子拉近，\n小夜同学的锋芒立刻对准了杏奈酱%K%P
%LC杏奈
%LC杏奈
「くっ……！」%K%P
「咕……！」%K%P
しっかり反応して盾で受けたけど、\n勢いに圧され、わずかに後退する杏奈ちゃん。%K%P
虽然很及时地用盾接下攻击，\n但是杏奈酱被对方气势压住，稍微后退了。%K%P
そこを畳みかけるように、小夜さんが踏み込む。%K%P
小夜同学又随之而上，想要进一步攻击。%K%P
%LC小夜
%LC小夜
「はッ、ふッ、はァッ！！」%K%P
「哈！哼！哈啊啊！！」%K%P
刻むように連打する打突は、\nさながらオレと戦ったときの依夜様のようだ。%K%P
她像刻刀一样连续击打，\n就像和我战斗时的依夜大人一样。%K%P
学年トップの成績を残すだけあって、\n小夜さん、かなり強い。%K%P
不愧是全年级第一的人，\n小夜同学，相当的强。%K%P
攻撃スタイルは依夜様に近く、\nとくに連携の組み立てが上手だ。%K%P
攻击风格接近依夜大人，\n特别擅长连击%K%P
けど、杏奈ちゃんはそんな連携を、\n剣と盾で丁寧に防いでいく。%K%P
不过，杏奈酱用剑和盾，\n小心翼翼地挡住了所有的击打。%K%P
%LC陽菜
%LC阳菜
（そうそう、よく見て）%K%P
（没错没错，就是这样）%K%P
審判として中立の立場で見守りながらも、\nつい、心の中で杏奈ちゃんを応援してしまう。%K%P
虽然作为裁判站在中立的立场上观望杏奈酱，\n但还是忍不住在心里为她加油。%K%P
まるで、運動会で子供を見守る保護者みたいだ。%K%P
简直就像在运动会上，看着孩子的监护人一样。%K%P
%LC杏奈
%LC杏奈
「――よし、ここっ……！！」%K%P
「——很好，在这……！！」%K%P
連携の切れ目を狙い、\n杏奈ちゃんが盾を使って割り込む。%K%P
为了打断连击，\n杏奈酱用盾牌扫击。%K%P
教えたとおり、\n相手の技の出掛かりを――よし、抑えたっ！%K%P
就如同我教的那样，\n见招拆招——好，反压住了！%K%P
%LC小夜
%LC小夜
「なっ……！？　くッ、この……っ！！」%K%P
「什……！？　咕，休想……！！」%K%P
%LC陽菜
%LC阳菜
（うそ、あれを弾くのっ……！？）%K%P
（骗人吧，这都能弹开吗……！？）%K%P
攻撃の初動を抑えられて一瞬ひるんだものの、\n小夜さんは強引に、杏奈ちゃんの盾を弾き返す。%K%P
开始时攻击的动作确实被杏奈酱压住了，\n但小夜同学还是强行把杏奈酱的盾牌弹开了。%K%P
けど、さすがに驚いたようで、\nすぐさま後ろに下がり、体勢を整える。%K%P
不过，她还是被吓了一跳，\n立刻后退了一步，调整姿势。%K%P
%LC小夜
%LC小夜
「はぁ、びっくりした……。\n　杏奈ちゃん、いまのすごいね」%K%P
「哈啊，吓到我了……\n 杏奈酱，刚刚的厉害哦」%K%P
%LC杏奈
%LC杏奈
「小夜ちゃんこそ。\n　あそこから弾くなんて」%K%P
「小夜酱才是，\n 这都可以弹开」%K%P
%LC小夜
%LC小夜
「これでも学年トップですもの」%K%P
「至少我也是年级第一呀……」%K%P
%LC杏奈
%LC杏奈
「うん。だからこそ、負けてもともと――」%K%P
「嗯。正因如此，才有对战的必要——」%K%P
%LC杏奈
%LC杏奈
「いくよ、小夜ちゃんっ！」%K%P
「接招哦，小夜酱！」%K%P
%LC小夜
%LC小夜
「きませいっ！！」%K%P
「放马过来！！」%K%P
剣道やフェンシングでは、\n試合中に対戦相手と話すだなんて御法度だ。%K%P
在剑道和击剑中，\n比赛里是不准和对方说话的。%K%P
でも、{舞闘:カデンツァ}ではそれが許されている。%K%P
不过，在{舞斗:华彩乐}中这时允许的。%K%P
たとえ勝負の最中であろうと、\n相手を讃えたいと思えば、伝えていい。%K%P
即使是在决胜负的时刻，\n只要你想赞美对方，就可以告诉他。%K%P
悔しいと思えば、吠えていい。%K%P
如果觉得不甘心，也可以哭闹。%K%P
上手い、手強い、負けない、勝ちたい――。%K%P
“很厉害嘛”“真难对付”“我不服输”“我想赢的”――%K%P
防具がなく、相手の顔が見えるからこそ、\nより多くのことが伝わってくるし、伝えたくなる。%K%P
没有防具，所以能看见对方的脸，\n这样才能传达更多，也让人更想去传达。%K%P
武道は礼儀を大切にしているけれど、\nそれは{騎士道:シュバルリィ}でも同じ。%K%P
武道非常重视礼仪，\n这在{骑士道:Chivalry}中也一样。%K%P
だから、相手を侮辱するような言動をとれば、\n審判が反則をとることになっているんだけど――、%K%P
所以，如果说了侮辱对方的言行，\n裁判就会判为犯规――%K%P
銀蘭の{騎士:ワルキュリア}たちにおいては、\nそんな心配はまったく必要ない。%K%P
不过对于银兰的{骑士:Valkyria}们，\n完全不需要担心会做出这种事。%K%P
ノーブルで学ぶ女の子たちは、\n誰もがみな、その名の通り、高潔だからだ。%K%P
在诺博尔（Noble）学习的女孩子们，\n每个人，都是名副其实的高洁（Noble）之人。%K%P
%LC杏奈
%LC杏奈
「今度、こそっ……！」%K%P
「就此，终结……！」%K%P
%LC小夜
%LC小夜
「私だってっ……！」%K%P
「这是我的话……！」%K%P
%LC陽菜
%LC阳菜
（はやいっ……！）%K%P
（好快……！）%K%P
盾を警戒して間合いをとるかと思ったけど、\n小夜さんはむしろ、さらに距離を詰めていく。%K%P
本以为小夜同学会警惕盾牌而拉开距离，\n但小夜同学却进一步拉近距离。%K%P
それはすごく、シンプルな答え。%K%P
但这是，非常简单明了的解法。%K%P
技の出掛かりを止めてくるのなら、\n止められない早さで、打てばいい――。%K%P
要么阻止杏奈酱的架盾，\n要么不阻止，速攻就好了――%K%P
%LC小夜
%LC小夜
「やァッ！！」%K%P
「呀啊啊啊！！」%K%P
杏奈ちゃんの盾より早く、\n小夜さんの剣が駆け抜ける。%K%P
小夜同学的剑，\n比杏奈酱的架盾速度还快。%K%P
その一閃は、見事に杏奈ちゃんの鎧を捉えて――、%K%P
那一闪击，完美地打中了杏奈酱的盔甲――%K%P
%LC杏奈
%LC杏奈
「ああっ……？！」%K%P
「啊啊……？！」%K%P
戸惑うような声とともに、鎧が砕け散る。%K%P
伴随着困惑的呼声，杏奈酱的盔甲碎裂了%K%P
鎧を形作っていた光が霧散すると、そこには、\nフィエルテ姿の杏奈ちゃんが立ち尽くしていた。%K%P
铠甲化为光芒散开后，\n只见身穿铠甲的杏奈酱怔在了那里。%K%P
%LC宗千佳
%LC宗千佳
「それまでっ！」%K%P
「到此为止！」%K%P
姉さんの声と、明るくなった照明で、\n杏奈ちゃんはハッとして。%K%P
姐姐的声音和变亮的灯光，\n让杏奈酱反应了过来。%K%P
それから、すぐに姿勢を正した。%K%P
然后，她马上端正了姿势。%K%P
%LC宗千佳
%LC宗千佳
「両者、礼」%K%P
「双方，敬礼」%K%P
%LC杏奈・小夜
%LC杏奈・小夜
「ありがとうございました」%K%P
「非常感谢你的指导」%K%P
礼をした杏奈ちゃんは、\n気まずそうに、こちらをちらっと見て。%K%P
杏奈酱行了礼，\n然后有点羞愧地看向我这边%K%P
でも、結局なにも言わず、壇上を後にした。%K%P
但是，她最后什么也没说，就离开了舞台。%K%P
%LC陽菜
%LC阳菜
「大丈夫かな……」%K%P
「她没事吧……」%K%P
%LC宗千佳
%LC宗千佳
「そう思うなら様子を見てくればいい」%K%P
「你要是那么想，去看看呗」%K%P
%LC陽菜
%LC阳菜
「でも、次の試合が」%K%P
「但是，下一场测试就……」%K%P
%LC宗千佳
%LC宗千佳
「準備には少し時間がかかる。\n　いいから行ってこい」%K%P
「准备也需要一点时间，\n 好了你去吧」%K%P
急いで控え室に向かったオレが見たのは、\nベンチに座り、うつむく杏奈ちゃんだった。%K%P
我急忙走向休息室，\n看到了坐在长椅上低着头的杏奈%K%P
いつも元気いっぱいな分、\nこういう姿を見るのは、これが初めてで。%K%P
她总是很有精神的样子……\n现在这个样子，我第一次看到%K%P
こういうときって、なんて声をかければ――、%K%P
这种时候，应该怎么对话呢――%K%P
%LC杏奈
%LC杏奈
「あっ、陽菜ちゃん……」%K%P
「啊，阳菜酱……」%K%P
%LC陽菜
%LC阳菜
「あの、えっと、その……」%K%P
「那个，也就，这个……」%K%P
%LC杏奈
%LC杏奈
「ねえねえ、私、すごくない？」%K%P
「呐呐，我，变强了吧？」%K%P
%LC陽菜
%LC阳菜
「え……？」%K%P
「欸……？」%K%P
%LC杏奈
%LC杏奈
「だって今日の相手、\n　学年トップの小夜ちゃんだったんだよ？」%K%P
「因为今天的对手，\n 是年级第一的小夜酱不是吗？」%K%P
%LC杏奈
%LC杏奈
「そんな子相手に、あそこまで戦えて……」%K%P
「面对那样的对手，还能有一战之力……」%K%P
%LC杏奈
%LC杏奈
「練習した成果も、ちゃんと出せたし。\n　しかも、試合中に褒められちゃったし……」%K%P
「练习的成果也很好地发挥出来了。\n 而且，比赛中还被她表扬了……」%K%P
%LC杏奈
%LC杏奈
「それもこれもぜーんぶ、\n　陽菜ちゃんと美実様たちのおかげっ！」%K%P
「而刚刚发生的全部，\n 都和阳菜酱和美实大人的战斗一样精彩！」%K%P
そう言って、にこっと笑う杏奈ちゃん。%K%P
这样说着，微笑着的杏奈酱%K%P
あれ……？　なんか、思ってたのと違う――、%K%P
啊嘞……？　总觉得，和我想的不一样――%K%P
%LC陽菜
%LC阳菜
「杏奈ちゃん、落ち込んでないの……？」%K%P
「杏奈酱，你不失落吗……？」%K%P
%LC杏奈
%LC杏奈
「ん？　なんで？」%K%P
「嗯？　为什么？」%K%P
%LC陽菜
%LC阳菜
「なんでって――」%K%P
「什么为什么……」%K%P
そう言われると、かえって困るというか。%K%P
这么一说，我反而如鲠在喉了。%K%P
どうしてオレ、杏奈ちゃんが落ち込むって、\nそんなふうに思い込んじゃっていたんだろう。%K%P
为什么呢，我就这么认为，\n杏奈酱会消沉吗？%K%P
%LC杏奈
%LC杏奈
「もちろん、負けたのは悔しいよ？」%K%P
「当然，输了很不甘心哦」%K%P
%LC杏奈
%LC杏奈
「けど、私の実力を考えたら、\n　今日の結果は、上々の上だもん」%K%P
「不过，考虑到自己的实力，\n今天的结果，已经很好了呢」%K%P
%LC杏奈
%LC杏奈
「当たって砕けろな気持ちで挑んだけど、\n　気持ちまでは砕けてないから大丈夫」%K%P
「因为是抱着碰运气的心情挑战的，\n 所以现在也心安理得，没关系的哦。」%K%P
%LC杏奈
%LC杏奈
「まあ、鎧は砕かれちゃったけど。えへへっ」%K%P
「嘛，铠甲都被打碎了呢。欸嘿嘿~」%K%P
%LC陽菜
%LC阳菜
「杏奈ちゃん……」%K%P
「杏奈酱……」%K%P
オレを気遣って明るく振る舞ってるのかとも\n思ったけど、そうじゃない。%K%P
我还担心是因为我在这，她才故意表现得开朗，\n看来，并不是这样的捏。%K%P
彼女は本当に、今日の結果に満足している。%K%P
她是真的，对今天的结果很满意。%K%P
勝てなかったことは悔しいと認めつつも、\n全力を出し切れたことを誇りに思っているんだ。%K%P
虽然承认没能赢很不甘心，\n但也因为全力以赴而感到自豪。%K%P
%LC陽菜
%LC阳菜
「……すごいね、杏奈ちゃん」%K%P
「……很厉害呢，杏奈酱」%K%P
%LC杏奈
%LC杏奈
「ねっ？　今日の私、すごかったよね？\n　こんなにすごかったの、人生初かも」%K%P
「呐，　今天的我，确实厉害吧？\n 可能是人生中，第一次这么厉害呢」%K%P
%LC杏奈
%LC杏奈
「でもね、本当にすごいのは、\n　さっきも言ったように陽菜ちゃんだから」%K%P
「但是捏，真正厉害的，\n 就像我刚才说的，是阳菜酱哦。」%K%P
%LC杏奈
%LC杏奈
「私をコーチしてくれて、\n　ほんっとーに、ありがとっ！」%K%P
「能把我指导起来，\n真的，非常感谢你！」%K%P
%LC陽菜
%LC阳菜
「わっ……？！」%K%P
「哇……？！」%K%P
感謝の気持ちを身体で表すように、\n杏奈ちゃんがぎゅっと抱きついてくる。%K%P
好像是在用身体表达感谢之情，\n杏奈酱她紧紧地抱住了我。%K%P
彼女の健闘を物語るように火照った肌は、\nまだ乾いていない汗で、ほんのりと湿っていて。%K%P
仿佛在诉说她的奋斗一般，她灼热的皮肤上，\n还留着些许汗水，有些湿润呢%K%P
フィエルテの密着感と相まって、\nいろんな意味でオレをドキドキさせた。%K%P
配合着菲尔特的紧密感，\n在各种意义上，让我心跳加速。%K%P
その日の夜、\n姉さんたちと夕食を食べていたときのこと。%K%P
那天晚上，和姐姐她们一起吃晚饭的时候%K%P
%LC宗千佳
%LC宗千佳
「{舞闘:カデンツァ}の副審、\n　やってみてどうだった？」%K%P
「当{舞斗:华彩乐}的副裁判，\n 感觉如何？」%K%P
%LC陽菜
%LC阳菜
「身も蓋もない言い方をしちゃうと、\n　思ってた以上にすることがないかも」%K%P
「说得直接点的话，\n 可能比想象的更无事可做呢」%K%P
%LC宗千佳
%LC宗千佳
「{舞闘:カデンツァ}はフェンシングのように、\n　判定自体は機械が行ってくれるからな」%K%P
「毕竟{舞斗:华彩乐}就像击剑比赛一样，\n 判定本身是由机器来完成的。」%K%P
%LC宗千佳
%LC宗千佳
「とはいえ審判は必要だ。\n　なにが起こるかわからない」%K%P
「但裁判还是必要的哦，\n 因为可能会发生突发情况」%K%P
%LC宗千佳
%LC宗千佳
「例えば、相手の剣を折る、とかな」%K%P
「比如说，把对方的剑砍断了……之类的」%K%P
%LC陽菜
%LC阳菜
「もう、またその話して」%K%P
「真是的，又拿那事说我」%K%P
親善試合で依夜様のクラージュを折ったことを、\n姉さんは未だに話の種にしてくる。%K%P
在友谊赛中，依夜大人的克拉格被我砍断了，\n姐姐至今还喜欢提起这件事。%K%P
それ位インパクトがあったってことなんだろうけど。%K%P
或许，就是这么不可思议吧……%K%P
%LC陽菜
%LC阳菜
「そういえば依夜様のクラージュ、\n　大丈夫だったんですか？　壊れたりとか」%K%P
「这么说来，依夜大人的克拉格，\n 应该没问题吧？   难道坏掉了？」%K%P
%LCニナ
%LC妮娜
「平気よ。折れたように見えていただけで、\n　実際には折れていないから」%K%P
「没事的哦。只是看起来好像断了，\n 实际上并没有断啦。」%K%P
%LCニナ
%LC妮娜
「クラージュって、起動すると伸びるでしょ？」%K%P
「和你说过，克拉格启动后会伸缩吧？」%K%P
%LCニナ
%LC妮娜
「その部分に想定以上の負荷が掛かった場合、\n　安全装置が働いて強制終了するの」%K%P
「如果那个部分承受了超出预想的负荷，\n 安全装置就会启动，强制关闭收缩」%K%P
%LCニナ
%LC妮娜
「そのときの処理が、テアトルでの立体映像だと、\n　剣が折れたように見える、というわけ」%K%P
「那个时候的处理，对于剧院的立体影像的话，\n 看起来就像剑断了一样。」%K%P
%LC陽菜
%LC阳菜
「へぇー……。すごいですね、\n　そんなところまで考えて作ってあるなんて」%K%P
「嘿欸……。挺厉害的呀，\n 竟然连这种地方都考虑到了」%K%P
%LCニナ
%LC妮娜
「でしょ？　私、すっごいでしょ？」%K%P
「对吧？　我，很厉害对吧？」%K%P
こういうときのニナさんは、\n本当にドヤ顔って表現がよく似合う。%K%P
这种时候的妮娜姐，\n真的很适合用“欠打”来形容。%K%P
%LC陽菜
%LC阳菜
「そんなすごい{舞闘:カデンツァ}を一番近くで\n　見られるわけだから、審判も悪くないかも」%K%P
「能在最近的距离看到这么厉害的{舞斗:华彩乐}，\n 这样看来，也许当裁判也不坏」%K%P
もちろん、一番は自分が戦うこと、なんだけど。%K%P
当然，如果是自己去战斗，就好了……%K%P
%LC宗千佳
%LC宗千佳
「なら、さらに近くで見られるよう、\n　明日の試験では主審を頼もう」%K%P
「那么，要是想更近距离地观看，\n 明天的测试就你来当主裁判吧。」%K%P
%LC宗千佳
%LC宗千佳
「今後のことも考えると、\n　一度は経験しておいたほうがいいからな」%K%P
「考虑到今后的事情，\n 还是先来试一次比较好。」%K%P
%LC陽菜
%LC阳菜
「わかった。やってみる」%K%P
「知道了，那我当了」%K%P
%LC宗千佳
%LC宗千佳
「明日の試験は１年生中心だが、\n　成績上位者同士の試合が多い」%K%P
「明天的考试以1年级学生为主，\n 很多场都是成绩前几名之间的比赛」%K%P
%LC宗千佳
%LC宗千佳
「しっかり頼むぞ、陽菜」%K%P
「拜托你了，阳菜」%K%P
というわけで翌日の放課後、\n今度は主審として、テアトルの壇上へ。%K%P
于是第二天放学后，\n作为这次的主裁判，我走上了剧院的舞台。%K%P
１年生の成績上位者といえば、当然――、%K%P
说到1年级的优秀学生，那当然有——%K%P
%LC陽菜
%LC阳菜
「梨理ちゃん、準備はいい？」%K%P
「梨理酱，准备好了吗？」%K%P
%LC梨理
%LC梨理
「いつでも」%K%P
「随时都行」%K%P
%LC陽菜
%LC陽菜
「千波ちゃんは？」%K%P
「千波酱呢？」%K%P
%LC千波
%LC千波
「いけます」%K%P
「准备好了」%K%P
学年１位の梨理ちゃんと、２位の千波ちゃん。%K%P
年级第一的梨理酱，对战第二名的千波酱%K%P
前回の試験では違う相手と戦ったため、\n直接対決は今回が初めてだそうだ。%K%P
因为在上次的测试中遇到了不同的对手，\n所以这次是两人第一次对决。%K%P
授業や朝練で実力の片鱗は見てきたけど、\nはたして、梨理ちゃんはどれほど強いのか――、%K%P
虽然通过上课和晨练看到了她的实力，\n但是到底，梨理酱有多强呢――%K%P
%LC陽菜
%LC阳菜
「では……両者、クラージュ起動」%K%P
「那么……双方，克拉格启动」%K%P
%LC梨理・千波
%LC梨理・千波
「アン・ガルドっ」%K%P
「准备完毕（Anne Garde）！」%K%P
昨日の姉さんに倣って号令を掛けると、\n梨理ちゃんたちがクラージュを起動する。%K%P
模仿昨天姐姐发出的号令后，\n梨理酱她们启动了克拉格。%K%P
フィエルテが輝きを帯びると同時に、\nクラージュが剣へと姿を変えて――、%K%P
在菲尔特闪耀的同时，\n克拉格变成了剑――%K%P
%LC陽菜
%LC阳菜
「あ……」%K%P
「啊……」%K%P
現れたその姿を見て、思わず息が漏れた。%K%P
看到出现的身影，我不由得惊叹一声。%K%P
すっかり見慣れていたフィエルテ姿が、\n鎧を纏うだけで、ぐっと凜々しさを増す。%K%P
平时看惯了她穿菲尔特的身姿，\n现在她披上铠甲，变得凛然多了。%K%P
鎧のデザインは差異があるってことだけど、\n梨理ちゃんのそれは、とくに動きやすそうだ。%K%P
铠甲的设计是有差异的，\n梨理酱的这个，好像是特别针对机动性的。%K%P
%LC梨理
%LC梨理
「センセ、ちょっと見すぎです」%K%P
「老师，你咋还在看呀」%K%P
%LC陽菜
%LC阳菜
「今は見るのが仕事だから」%K%P
「我现在的工作不就是看嘛」%K%P
そんなふうに凜として返したものの、\n内心、ちょっとドキっとしてしまった。%K%P
虽然我回答的很正当，\n但心里还是有点没底……%K%P
基本的に立体映像の鎧は、\nフィエルテに重なる形で投影される。%K%P
基本上，立体影像的铠甲，\n是基于菲尔特投影出来的。。%K%P
だから露出は減るはずなんだけど……、\n梨理ちゃんの場合は、それがかえって――、%K%P
所以露出的部分应该会少一些……\n对梨理酱来说，就是这样――%K%P
って、いまさっき宣言したとおり、\n今は審判なんだから、毅然としなくちゃ。%K%P
咳，就像我刚才说的那样，\n现在我是裁判，所以语气要坚决。%K%P
%LC陽菜
%LC阳菜
「これより、{舞闘:カデンツァ}を始めます」%K%P
「既然如此，那{舞斗:华彩乐}现在开始」%K%P
%LC陽菜
%LC阳菜
「両者、中央へ」%K%P
「双方，到中间来」%K%P
%LC梨理・千波
%LC梨理・千波
「はいっ」%K%P
「是！」%K%P
異口同音、綺麗に重なった声とともに、\n梨理ちゃんと千波ちゃんが向かい合う。%K%P
伴随着异口同声的整齐应答，\n梨理酱和千波酱面对了面。%K%P
梨理ちゃんの武器は、美実様とよく似たレイピア。%K%P
梨理酱的武器，\n是和美实大人非常相似的西洋剑。%K%P
対する千波ちゃんも同じくレイピアだけど、\n刃を含めた形が、少し異なる。%K%P
相对的，千波酱也同样是西洋剑，\n不过刀刃的形状，稍微不同。%K%P
これはきっと、ふたりが得意としていた\nフェンシングの種目が違うことによる差だろう。%K%P
这应该是，两人擅长的击剑项目不同，\n所造成的差异吧。%K%P
梨理ちゃんは、\n上半身すべてが有効範囲となるサーブル。%K%P
梨理酱的，\n是上半部分为有效范围的佩剑。%K%P
千波ちゃんは、\n背中を含む胴体が有効範囲のフルーレ。%K%P
千波酱的，\n是仅前端为有效范围的花剑。%K%P
フルーレは突きのみで戦うのに対し、\nサーブルはカットと呼ばれる斬り技も使う。%K%P
花剑只使用刺击来战斗，\n而佩剑则使用被称为“修剪（cut）”的技法攻击。\n（这就是为什么佩剑会被称为“庭师剑”的原因）%K%P
ダイナミックな攻防が魅力のサーブルで使う剣は、\nフルーレよりも若干だけど短い。%K%P
以夸张的攻防为魅力的佩剑，\n和花剑相比稍短一些。%K%P
身長も千波ちゃんのほうが高いので、\nリーチという点では、千波ちゃんに分がある。%K%P
梨理酱身高比千波酱高，\n所以在体格这一点上，千波酱还是知道的。%K%P
はたして、どんな試合展開になるのか――、%K%P
这样的比赛，到底会怎样展开呢――%K%P
%LC陽菜
%LC阳菜
「双方、構えて」%K%P
「双方，做好准备」%K%P
掛け声にあわせ、二人が構える。%K%P
随着口号，两人摆好姿势。%K%P
――その瞬間、梨理ちゃんの顔から笑みが消えた。%K%P
——那一瞬间，梨理酱脸上的笑容消失了。%K%P
%LC陽菜
%LC阳菜
「はじめっ！」%K%P
「开始！」%K%P
開始の号令と共に響く、澄んだ金属音。%K%P
随着开始的号令响起的，是清脆的金属声。%K%P
いきなり剣同士がぶつかり火花が散ると、\n千波ちゃんは躊躇わず前に出た。%K%P
双方的剑瞬息间碰撞出火花，\n千波酱毫不犹豫地冲了过去。%K%P
レイピアの特性を活かした、鋭い突き。%K%P
活用了花剑的特性，尖锐地刺了过去。%K%P
始めから突っ込むと決めていたようで、\n動きに迷いがない分、相当早い。%K%P
看来从一开始就决定了要冲刺，\n动作毫不犹豫，相当的快。%K%P
けど、その剣先は届かなかった。%K%P
但是，那把剑没能刺到。%K%P
千波ちゃんが踏み込んだ分だけ、\n梨理ちゃんが後ろに下がっていたからだ。%K%P
千波酱越进一步，梨理酱就后撤一步。%K%P
%LC千波
%LC千波
「なっ……」%K%P
「什……」%K%P
千波ちゃんの顔が驚きで染まる。%K%P
千波酱的脸上，写满了惊讶。%K%P
当然だ。全力で踏み込んでいったのに、\nそれよりも相手の方が早く下がったんだから。%K%P
当然了。虽然用尽全力向前推进，\n但比起对方，对方竟然后退得更快。。%K%P
梨理ちゃんのバックステップ、恐ろしく速い。%K%P
梨理的后撤步，快得吓人。%K%P
そして、相手が驚いた隙を、彼女は見逃さなかった。%K%P
而且，她并没有放过，对方愣住的机会！%K%P
%LC梨理
%LC梨理
「ふッ……！」%K%P
「哈啊……！」%K%P
突っ込んできた相手の腹部を狙った斬り払い。%K%P
对着冲进来的对方，在其腹部砍下一刀。%K%P
けれどその攻撃は、一瞬の差で空を切った。%K%P
但是那攻击，还是只差一瞬间。%K%P
千波ちゃんが無理矢理に床を蹴って、\n自分の身体を強引に後ろへと下げたからだ。%K%P
千波酱强行蹬地后撤，\n让自己的身体向后闪避。%K%P
並の相手なら、今ので決着がついていた。%K%P
如果是一般的对手，现在就已经分胜负了%K%P
%LC千波
%LC千波
「ふぅ、危なかった……」%K%P
「呼，真危险啊……」%K%P
%LC千波
%LC千波
「やっぱり強いね、梨理ちゃんは」%K%P
「梨理酱，果然很强啊。」%K%P
%LC梨理
%LC梨理
「本当に強いなら、\n　いまのを外したりしない」%K%P
「如果真的很强的话，\n 就不会放过刚才的失误」%K%P
%LC梨理
%LC梨理
「だから、私はまだまだ未熟で――」%K%P
「所以，我还远远不够——」%K%P
%LC梨理
%LC梨理
「でも……次は、決める」%K%P
「但是……下一击，你逃不掉」%K%P
力まずに告げた梨理ちゃんは、\n軽やかに床を蹴る。%K%P
梨理酱如此说着，\n然后轻快地蹬地而起。%K%P
%LC陽菜
%LC阳菜
（はやっ……？！）%K%P
（好快啊……？！）%K%P
何度も感心させられてきた、\n下半身のバネに秘められた瞬発力。%K%P
无数次让我佩服的，\n隐藏在臀部里的爆发力。%K%P
それをいかんなく発揮した梨理ちゃんの剣は、\n狂いなく千波ちゃんの胸元を捉える。%K%P
梨理酱充分发挥了这一点，\n毫不犹豫地击中了千波的胸口。%K%P
瞬く間――そんな表現がぴったりの、\n本当に一瞬の出来事。%K%P
一瞬间——用这种说法再合适不过了，\n真的是一瞬间发生的事。%K%P
千波ちゃんが攻撃を防ごうと手を動かした時、\nすでに梨理ちゃんの剣は、鎧を貫いたあとで。%K%P
千波酱想要动手阻挡攻击时，\n梨理酱的剑已经贯穿了铠甲。%K%P
開始の号令から１分と経たないうちに、\n勝負は決していた。%K%P
开始了不到一分钟，\n胜负已定！%K%P
これが、梨理ちゃんの実力――、%K%P
这就是，梨理酱的实力――%K%P
%LC陽菜
%LC阳菜
「すごい……」%K%P
「好强……」%K%P
心の中で呟くつもりだった言葉が、\nあまりの驚きによって口から漏れてしまう。%K%P
本来想在心里念叨的话，\n因为太惊讶脱口而出。%K%P
強い強いと思ってはいたけれど、\nまさか、これほどなんて――、%K%P
我一直觉得她很强很强，\n没想到，如此恐怖如斯――%K%P
%LC梨理
%LC梨理
「センセ？」%K%P
「老师？」%K%P
%LC陽菜
%LC阳菜
「あっ…………う、うん。それまでっ」%K%P
「啊…………额，嗯。到此为止！」%K%P
惚けかけていたところで梨理ちゃんと目が合い、\nおかげで、自らの役割を思い出す。%K%P
正恍惚时，和梨理酱目光交汇才反应过来，\n幸亏她提醒，让我想起了自己该干嘛%K%P
%LC陽菜
%LC阳菜
「両者、礼」%K%P
「双方，敬礼」%K%P
%LC梨理・千波
%LC梨理・千波
「ありがとうございました」%K%P
「非常感谢你的指导」%K%P
%LC千波
%LC千波
「次は負けないから」%K%P
「下次，我不会再输了」%K%P
%LC梨理
%LC梨理
「望むところです」%K%P
「我也希望如此」%K%P
千波ちゃんが差し出した手を、\n梨理ちゃんが握る。%K%P
千波酱伸出了手，\n梨理酱握住了。%K%P
その表情は悪戯っぽく微笑んでいて、\nいつもの梨理ちゃんに戻っていた。%K%P
那熟悉的带着恶作剧的微笑，\n梨理酱又变回了平常的样子。%K%P
