心残りな結末で終わったとはいえ、\n久しぶりの{舞闘:カデンツァ}に心躍った週末が過ぎて。%K%P
那次战斗以遗憾终止而结束了，\n因久违地{舞斗:华彩乐}而雀跃的心情，也随着周末而消失了%K%P
週が明けたら、思いがけないことになっていた。%K%P
结果到了周一，发生了意想不到的事情——%K%P
%LC女学生
%LC女学生
「にゅえええええええええっ……。\n　どうしよう、宿題忘れちゃったよぉおっ」%K%P
「喵呜啊欸欸欸欸欸……\n 怎么办，我忘了写作业了。」%K%P
%LC女学生
%LC女学生
「にゅえええええええっ！？\n　今日のビーフシチュー美味しすぎるぅっ」%K%P
「喵呜啊欸欸欸欸欸！？\n 今天的炖牛肉太好吃了」%K%P
%LC女学生
%LC女学生
「にゅええええええええっ！\n　これで、どうだぁぁああっ！」%K%P
「喵呜啊欸欸欸欸欸！\n 这个，怎么这样了啊！」%K%P
%LC陽菜
%LC阳菜
「にゅえええええ……」%K%P
「喵呜欸欸欸……」%K%P
朝、机に突っ伏しながら、思わず呻く。%K%P
早上，趴在桌子上，我不由自主地呻吟着。%K%P
先日のテスト{舞闘:カデンツァ}のとき、\n思わず発してしまった、あの変な悲鳴。%K%P
前几天的测试{舞斗:华彩乐}的时候，\n也不自觉发出过这奇怪的悲鸣%K%P
どうやらあれが、一部の女の子の間で\n流行ってしまっているようで。%K%P
好像这声音，在一些女孩子之间，\n流行起来了……%K%P
%LC杏奈
%LC杏奈
「おっ、元祖にゅえーだ」%K%P
「啊，是“喵呜”始祖啊」%K%P
%LC陽菜
%LC阳菜
「はうっ」%K%P
「哈呜……」%K%P
%LC杏奈
%LC杏奈
「ふふっ、そんなにヘコまなくても。\n　こういう流行りってたまにあるし」%K%P
「嘻嘻，不用那么沮丧啦。\n 偶尔也有这样奇怪的流行的说」%K%P
%LC杏奈
%LC杏奈
「けど、ホントに陽菜ちゃん、\n　すっごい人気だよね」%K%P
「不过，阳菜酱你真的，\n 很受欢迎捏」%K%P
%LC杏奈
%LC杏奈
「口癖が真似されてるのだって、\n　みんな陽菜ちゃんに憧れてるからだろうし」%K%P
「因为大家都很崇拜阳菜酱，\n 所以才会模仿你的口头禅呢」%K%P
%LC陽菜
%LC阳菜
「口癖じゃないんだけどね……」%K%P
「但这不是我的口头禅呢……」%K%P
真似するならせめてもっと別なところを、\nとは思うけど、具体的な代案は浮かばない。%K%P
虽说可以用其他行为来“潜移默化”她们，\n但现在，我想不出具体的替代方案。%K%P
%LC杏奈
%LC杏奈
「心配しなくても、すぐ落ち着くと思うよ」%K%P
「不用担心啦，我想很快就会平静下来的哦」%K%P
%LC陽菜
%LC阳菜
「そうだね……。そうする――」%K%P
「是的呢……会静下来的——」%K%P
なんて呟いて、授業の支度をしようと、\n机の中に手を入れたときだった。%K%P
我小声嘀咕着。现在准备上课了，\n于是我把手伸进了书桌里——%K%P
指先にコツンと、覚えのない感触が。%K%P
指尖传来一种，不熟悉的触感。%K%P
どうやら紙っぽい？　なんて思いつつ、\nそれを取り出してみると――、%K%P
好像是纸的触感？我一边想着，\n一边把它拿了出来――%K%P
%LC陽菜
%LC阳菜
「わ……」%K%P
「啊……」%K%P
%LC杏奈
%LC杏奈
「ん？　どうかした？」%K%P
「嗯？　怎么了？」%K%P
%LC陽菜
%LC阳菜
「うっ、ううん、なんでも」%K%P
「唔，没有，没事没事」%K%P
思わず首を振りながら、\n取り出したものを、咄嗟に戻す。%K%P
我不假思索地摇着头，\n把取出来的东西，马上放了回去。%K%P
いま、ちらっと見えたのって、ひょっとして。%K%P
刚才，好像瞥见了一眼，莫非是……%K%P
次の休み時間、机の中に入っていた物を\nこっそり持ち出し、そそくさと教室を出た。%K%P
直到下个课间休息的时候，\n我把桌子里的东西偷偷拿走，\n匆匆忙忙地走出了教室——%K%P
できるだけ人がこなくて、落ち着ける場所――。%K%P
找了个几乎没有人来的，安静的地方――%K%P
%LC陽菜
%LC阳菜
「……よし、ここなら」%K%P
「……好，这里可以」%K%P
美実様たちがいたらどうしようかと思ったけど、\nいなかったので一安心。%K%P
我还在想如果美实大人她们在的话该怎么办，\n结果她们不在，倒是放心了。%K%P
それから、持ってきた物を取り出す。%K%P
然后，我把带的东西拿了出来。%K%P
机の中に入っていた物――それは、手紙だった。%K%P
放在桌子里的东西——是一封信。。%K%P
可愛らしい封筒には、\n『陽菜さまへ』って書いてある。%K%P
可爱的信封上，\n写着『寄给阳菜大人』。%K%P
机の中に入っていた時点で当然ではあるけど、\nこれはつまり、オレ宛ての手紙ってことで。%K%P
放在我桌子里看来是理所当然的了，\n因为这是写给我的信。%K%P
%LC陽菜
%LC阳菜
「こういうのでありそうなのは、\n　まぁ、ラブレター、なんだろうけど……」%K%P
「好像就是这样了，\n 嘛，不会是，情书吧……」%K%P
%LC陽菜
%LC阳菜
「でもここ、女学園なわけだし。\n　そういうのは、ね。さすがにね」%K%P
「但是这里是女子学院啊。\n 这个嘛。呐，不太像会……」%K%P
そわそわする自分に言い聞かせるように、\n思ったことを口に出してしまう。%K%P
像是说给心神不宁的自己听一样，\n我把想到的都说了出来%K%P
そして、手紙を持ったまま固まる。%K%P
然后，拿着信的手不动了。%K%P
なんか、開ける勇気が出ない。%K%P
感觉，我没有勇气打开。%K%P
いやいや、あるいはラブレターじゃなくて、\nなにか急を要する私信かもしれないわけだし。%K%P
不不，也可能不是情书的呀，\n可能是什么紧急的私信之类的。%K%P
……よっ、よしっ！　開けるぞっ……！%K%P
……好，好了！　开就是了……！%K%P
%LC陽菜
%LC阳菜
「ええっと……」%K%P
「我看看……」%K%P
――大好きな陽菜さまへ。%P
——写给最喜欢的阳菜大人%P
%LC陽菜
%LC阳菜
「にゅええええぇ……」%K%P
「喵呜欸欸欸……」%K%P
思わずリフレイン。%K%P
好像还真是情书。%K%P
オレ宛ての手紙は、どこをどう読んでも、\nラブレターに違いないだろう内容だった。%K%P
写给我的信，无论怎么看都是，\n情书中会写的内容。%K%P
%LC陽菜
%LC阳菜
「本当にあるんだ……。\n　女の子同士で、こういうの……」%K%P
「还真的有啊……。\n 女孩子之间的，这种……」%K%P
話としては聞くことも多いし、留学中には、\n実際にそういった関係の子たちを見たりもした。%K%P
这类的故事我听过很多，而且在留学的时候，\n实际上也看到过有这种关系的人。%K%P
けど、いざこうして自分の身に起こってしまうと、\nそれはそれで、また違う、というか。%K%P
但是，一旦发生在自己身上，\n那种感觉，就不一样了。%K%P
っていうか、本当は女の子じゃない以上、\nどういう扱いになるのか、複雑ではあるんだけど。%K%P
也就是说，我不是女孩子的情况下，\n该怎么对待这个呢？我心情很复杂。%K%P
ともかく、受け取って中身を見たからには、\n責任をもって応対してあげないと――、%K%P
总之，既然收到也看了里面的内容，\n就得负责任地应对才行――%K%P
%LC陽菜
%LC阳菜
「……あれ。これ、名前が……」%K%P
「……啊咧。这个，名字呢……」%K%P
封筒も便せんも、何度も確かめたけど、\n肝心の差し出し人の名前が見当たらない。%K%P
信封和信纸都翻看了好几遍，\n最关键的递信人的名字却没找到。%K%P
そのラブレターは、匿名だった。%K%P
这封情书，是匿名的。%K%P
%LC杏奈
%LC杏奈
「あっ、陽菜ちゃんお帰り。大丈夫？」%K%P
「啊，阳菜酱回来了。没事吧？」%K%P
%LC陽菜
%LC阳菜
「えっ？　なっ、なにが？」%K%P
「欸？　什，什么啊？」%K%P
%LC杏奈
%LC杏奈
「だって、休み時間の途端いなくなるし。\n　なかなか帰ってこないし」%K%P
「因为，一到休息时间就不见了。\n 而且还不回来的说」%K%P
%LC杏奈
%LC杏奈
「帰ってきたと思ったら、深刻な顔してるし」%K%P
「而且一回来，表情就很严肃呢」%K%P
%LC陽菜
%LC阳菜
「あっ、うん。大丈夫だよ。\n　朝ご飯、少し食べ過ぎちゃったみたい」%K%P
「啊，嗯。没关系的哦。\n 只是早饭，好像吃多了而已」%K%P
%LC陽菜
%LC阳菜
「ごめんね、心配かけて」%K%P
「抱歉呢，让你担心了」%K%P
そう伝えて席に座り、念のため机の中を確かめる。%K%P
说完我坐了下来，鬼差神使地确认了一下抽屉里面。%K%P
……ほっ。どうやら手紙はあの１通だけみたいだ。%K%P
……还好，好像只有那一封信。%K%P
%LC杏奈
%LC杏奈
「陽菜ちゃん」%K%P
「阳菜酱」%K%P
%LC陽菜
%LC阳菜
「なっ、なに？」%K%P
「什，什么？」%K%P
%LC杏奈
%LC杏奈
「補佐代理とかあるし、色々大変だと思うけど。\n　なにかあったら、お隣さんを頼ってね」%K%P
「作为代理教辅员什么的，感觉很辛苦呢。\n 要是有什么事的话，一定要找同桌我呢。」%K%P
%LC杏奈
%LC杏奈
「この前のコーチのお礼もしたいし。\n　私、なんでもしちゃうから」%K%P
「我想对之前的指导做答谢。\n 所以我啊，什么都愿意为你做」%K%P
%LC陽菜
%LC阳菜
「ありがとう、杏奈ちゃん」%K%P
「谢谢你，杏奈酱」%K%P
お礼を告げたあと、出掛かった言葉を飲み込む。%K%P
道谢之后，我把刚想说的话咽了回去。%K%P
匿名のラブレターを貰っちゃったんだけど、\nどうしたらいいと思う？%K%P
“我收到一封匿名的情书，\n你觉得怎么办才好？”%K%P
なんて、聞けないよね、さすがに。%K%P
原本想说这个的，但果然还是不敢提啊……%K%P
その日の昼食は、食堂を避けて、\n久しぶりに中庭へとやってきた。%K%P
那天吃午饭的时候，我避开食堂，\n来到了久违的中庭里。%K%P
――この中に、あの手紙を書いた子がいるかも。%K%P
——食堂里面，可能就有写这封信的孩子呢。%K%P
食堂でご飯を食べる女の子たちを見ていたら、\nそんなふうに思えて、気恥ずかしくなったのだ。%K%P
每看到在食堂吃饭的女孩子们，\n我就会这么想着，感觉很不好意思。%K%P
%LC陽菜
%LC阳菜
「はぁ……」%K%P
「哈啊……」%K%P
サンドイッチの包装を剥きながら、\nあらためて、ラブレターのことを考える。%K%P
一边剥着三明治的包装，\n一边重新思考着，这情书的事情。%K%P
ただ好意を伝えてきただけの手紙だったら、\nここまで思い悩むこともなかったんだけど――、%K%P
如果只是转达一般的好意的信，\n我就不会这么烦恼了――%K%P
手紙の最後には、日時と場所を指定して、\n待っていますという一文が添えられていた。%K%P
信的最后，指定了时间和地点，\n还附了一句“等你”。%K%P
日時は、明日の放課後。\n場所は、ノーブル側校舎の空き教室。%K%P
时间是，明天放学后。\n地点是，诺博尔侧边的空教室。%K%P
普通なら甘酸っぱい展開を想像するんだろうけど、\nオレの場合、どうしても別の可能性を考えてしまう。%K%P
一般人可能会想象出“橘子味”的情节，\n但对于我，怎么都会想到其他的展开……%K%P
例えば、卯花陽菜は女装かもしれないと疑いをもち、\nそれを確かめようとしている子がいる、とか。%K%P
比如，有些人怀疑卯花阳菜是女装假扮的，\n于是想要确认一下，之类的。%K%P
知らないうちに隠し撮りされた写真があって、\nそれを拡散されたくなければ……的な展開とか。%K%P
拿出一张在不知情下偷拍的照片，\n说着“如果不想我传出去的话”……的展开，。%K%P
『告白』ではなく『告発』というパターン。%K%P
不是『告白』，是『告发』的说%K%P
そういう可能性も、ゼロじゃない。%K%P
这种事的可能性，也不是0啊%K%P
%LC睦月
%LC睦月
「陽菜さん、ごきげんよう」%K%P
「阳菜同学，贵安哦」%K%P
%LC陽菜
%LC阳菜
「ひんっ？！」%K%P
「咿哼？！」%K%P
%LC陽菜
%LC阳菜
「って、なんだ……。睦月さん」%K%P
「啊，什么啊……是睦月同学」%K%P
%LC睦月
%LC睦月
「すみません。\n　驚かせてしまったみたいで」%K%P
「对不起。\n 好像被我吓了一跳呢。」%K%P
%LC睦月
%LC睦月
「よかったらお昼、\n　ご一緒してもよろしいですか？」%K%P
「如果愿意的话，\n 可以和你一起吃午饭吗？」%K%P
%LC陽菜
%LC阳菜
「もちろん。どうぞ」%K%P
「当然可以，请坐」%K%P
%LC睦月
%LC睦月
「ありがとうございます」%K%P
「谢谢你」%K%P
少し横にズレて隣を勧めると、\nつーちゃんはオレと並んでベンチに座った。%K%P
我稍微向旁边挪了挪，\n睦酱和我并排坐在长椅上。%K%P
%LC睦月
%LC睦月
「神妙な顔をされてましたけれど、\n　なにかお悩みごとですか？」%K%P
「你的表情很奇怪呢，\n 是有什么烦恼吗？」%K%P
%LC陽菜
%LC阳菜
「あっ……うん。ちょっと」%K%P
「啊……嗯。有点」%K%P
%LC睦月
%LC睦月
「もしや、にゅえーの件ですか？」%K%P
「难道是，关于“喵呜”的事吗？」%K%P
%LC陽菜
%LC阳菜
「あはは……。ひょっとしてアレ、\n　センシブルでも流行ってたりする？」%K%P
「啊哈哈……。难道说这个，\n 也在圣森博尔流行起来了？」%K%P
%LC睦月
%LC睦月
「１年の子がよく使ってますよ。\n　感心して頷くときとか」%K%P
「1年级的孩子经常用哦。\n 尤其在佩服地点头的时候」%K%P
%LC陽菜
%LC阳菜
「にゅえー……みたいな？」%K%P
「喵呜欸……就像这样？」%K%P
%LC睦月
%LC睦月
「ふふっ。まさにそんな感じです」%K%P
「呼呼。就是这种感觉」%K%P
悲鳴、驚愕、落胆、掛け声――、\nいろいろ耳にしたけど、そんなものまであるとは。%K%P
悲鸣、惊愕、沮丧、呼喊――\n我以为就这些，没想到还有更多用途。%K%P
%LC女学生
%LC女学生
「あのっ、睦月様っ！\n　お食事中のところすみませんっ」%K%P
「那个，睦月大人！\n 在吃饭呢，打扰了不好意思」%K%P
%LC女学生
%LC女学生
「これ、睦月様を想って、したためました。\n　受け取っていただけますか？」%K%P
「这个，是我仰慕睦月大人，而写的。\n 您能收下吗？」%K%P
%LC睦月
%LC睦月
「ええ、もちろん。\n　ありがとうございます」%K%P
「嗯嗯，没问题。\n 谢谢你呢」%K%P
%LC女学生
%LC女学生
「やった、渡しちゃったっ……。\n　では、失礼します。ごきげんようっ」%K%P
「太好了，给出去了……\n 那么，我先走了，贵安」%K%P
いきなり女の子がやってきたと思ったら、\n短いやりとりのあと、手紙を渡して去って行く。%K%P
那女孩突然就来了，简短的交谈后，\n把信递出去就走了。%K%P
あまりにもタイムリーな出来事すぎて、\n一連の出来事を、ただただ見守ってしまった。%K%P
事情发生得太“及时”了，\n我目不转睛地从头到尾看完了这事%K%P
%LC陽菜
%LC阳菜
「その手紙って、ひょっとして」%K%P
「那封信，莫非是」%K%P
%LC睦月
%LC睦月
「はい。おそらく、恋文かと」%K%P
「是的。大概，是情书吧」%K%P
%LC陽菜
%LC阳菜
「そっ、そうなんだ……」%K%P
「这，这样啊……」%K%P
あっさり返されて、\nかえってこっちが動揺してしまう。%K%P
如此干脆的回答，\n反而让我动摇了%K%P
ひょっとして銀蘭学園って、\nこういうことがよくある、とか……？%K%P
难道银兰学院里，\n经常发生这样的事吗……？%K%P
敬称や挨拶に慣習が残ってるぐらいだし、\n手紙のやりとりが一般的でもおかしくない。%K%P
敬称和问候还保留着旧时代习惯，\n所以书信往来也不奇怪。%K%P
だとしたら、オレが貰った手紙も、\n特別なことじゃないのかも――、%K%P
如果是这样的话，我收到了信，\n也不算太特别的事吧――%K%P
%LC陽菜
%LC阳菜
「ねえ、銀蘭ってそういう風習があるの？\n　好きな相手に手紙を渡す、的な」%K%P
「呐，银兰有这样的风俗吗？\n 给喜欢的人写信，之类的。」%K%P
%LC睦月
%LC睦月
「そういうことはないと思います。\n　少なくとも、私は聞いたことがありません」%K%P
「我觉得没有那样的事。\n 至少，我没听说过」%K%P
%LC睦月
%LC睦月
「たまたま私が、\n　こういった手紙をいただく機会が多いだけで」%K%P
「不过我好像经常，\n 会收到这样的信呢」%K%P
%LC陽菜
%LC阳菜
「多いんだ……」%K%P
「经常啊……」%K%P
一縷の望みだった慣習の可能性、撃沈。%K%P
作为一线希望的可能性，被击沉了。%K%P
とはいえ照れずに言い切っちゃうぐらいだから、\nつーちゃん、本当に貰う機会が多いんだろう。%K%P
话虽如此，身边这位竟然经常波澜不惊地收到信，\n睦酱，真的收到了很多吗……%K%P
ある意味、いまのオレにとっては先達も同じ――、%K%P
就意义而言，对我来说，她就是我的“前辈”――%K%P
%LC陽菜
%LC阳菜
「その、不躾な質問だけど……。\n　そういう手紙って、貰った後はどうするの？」%K%P
「这个，问个可能不礼貌的……\n 收到这样的信后，你会怎么办？」%K%P
%LC睦月
%LC睦月
「もちろん、読みます。\n　そのあとは内容次第ですが」%K%P
「当然，首先要读完。\n 之后……就看内容决定了」%K%P
%LC睦月
%LC睦月
「好意を伝えるだけの手紙であれば、\n　お礼の手紙を返します」%K%P
「如果只是表达好意的信，\n 就回个感谢信」%K%P
%LC睦月
%LC睦月
「ですが、交際を希望されている場合は、\n　お断りの手紙を書きます」%K%P
「但是，如果希望交往的话，\n 我会写一封拒绝的信。」%K%P
%LC睦月
%LC睦月
「私は、誰ともお付き合いする気はないので」%K%P
「我的话，不想和任何人交往」%K%P
%LC陽菜
%LC阳菜
「誰ともって、誰とも？」%K%P
「任何人的话，任何人都不会？」%K%P
%LC睦月
%LC睦月
「ええ、誰とも」%K%P
「嗯，任何人都不会」%K%P
変な聞き方になってしまったけれど、\nそれでも、つーちゃんはハッキリと頷く。%K%P
虽然我的问题有些奇怪，\n但睦酱，还是毫不犹豫地点了点头。%K%P
ようは、女の子同士だから断るのではなく、\n交際自体するつもりがない、ってことだ。%K%P
也就是，不是因为都是女孩子才拒绝，\n而是她根本不打算和别人交往。%K%P
%LC睦月
%LC睦月
「誤解がないように言っておくと、\n　告白をされること自体は嬉しいんです」%K%P
「为了不让大家误会，我都会说，\n “你向我表白这件事，我很高兴"」%K%P
%LC睦月
%LC睦月
「それは、私には真似することの出来ない、\n　尊い行為だと思っていますから」%K%P
「因为我认为，那是我无法模仿的，\n 非常珍贵的行为」%K%P
%LC睦月
%LC睦月
「だから、返事を書くんです。\n　人を好きになることを、嫌にならないように」%K%P
「所以，我一定要写回信。\n 不要因为这样，就讨厌喜欢上一个人」%K%P
そう呟いたつーちゃんは、\n受け取った手紙を、大切そうにしまって。%K%P
睦酱小声地说着，\n把收到的信，小心翼翼地收了起来。%K%P
不意に、思いがけないことを言った。%K%P
似乎无意中，说出了我意想不到的话。%K%P
%LC睦月
%LC睦月
「私がまだ小さかった頃。同い年の男の子から、\n　ある日、急に告白されたことがあるんです」%K%P
「在我还小的时候，有一天，\n 一个和我同龄的男生突然向我表白了」%K%P
%LC睦月
%LC睦月
「あの頃の私は、いま以上に子供で……。\n　いきなりの告白に、ただただ驚いてしまって」%K%P
「那个时候的我，还是个小孩子呢……\n 这突如其来的告白，让我大吃了一惊。」%K%P
%LC睦月
%LC睦月
「それで、その男の子に思わず、\n　ひどいことを言ってしまったんです」%K%P
「于是，我对那个男生，\n 说了一句至今觉得很过分的话」%K%P
%LC睦月
%LC睦月
「事の重大さに気付いたときには、\n　その男の子とはもう、会えなくなっていて」%K%P
「当我意识到事情的严重性时，\n 那个男生，我已经没见到过了」%K%P
%LC睦月
%LC睦月
「だから、決めたんです」%K%P
「所以，我才下定了决心」%K%P
%LC睦月
%LC睦月
「たとえ応えられない好意であっても、\n　けっして蔑ろにはしないと」%K%P
「即使是无法回应的好意，\n 也绝对不要轻视」%K%P
%LC睦月
%LC睦月
「好きという想いを、壊さないために」%K%P
「只为了，不破坏”喜欢“的感情」%K%P
穏やかに……でも、どこか悔いるように、\n視線を伏せたまま呟く。%K%P
平静地……但是，又好像不甘心似的，\n她垂着视线低语着。%K%P
まさかつーちゃん、オレの正体に気付いて――、%K%P
难不成睦酱，已经发现了我的真实身份――%K%P
%LC陽菜
%LC阳菜
「……どうして、そんな話を、私に？」%K%P
「……为什么，要对我说，这种话？」%K%P
%LC睦月
%LC睦月
「それは……」%K%P
「这是……」%K%P
%LC睦月
%LC睦月
「……どうしてでしょう。\n　自分でも、よくわかりません」%K%P
「哈哈……为什么呢。\n 我自己，也不太清楚」%K%P
%LC睦月
%LC睦月
「もしかすると、その男の子と陽菜さんが、\n　どことなく似ているからかも――」%K%P
「说不定是因为，那个男生和阳菜同学你，\n 长得有些许相似吧——」%K%P
%LC睦月
%LC睦月
「って、ごめんなさい。\n　こんなことを言われても困りますよね」%K%P
「啊，非常对不起。\n ……被这样说也很为难呢」%K%P
%LC睦月
%LC睦月
「男の子に似ている、だなんて……。\n　陽菜さんは、とっても可愛い女の子なのに」%K%P
「长得像男孩子，什么的……\n 阳菜同学明明，是个很可爱的女孩子」%K%P
そう呟き、苦笑するつーちゃん。%K%P
睦酱一边喃喃自语，一边苦笑%K%P
似ているって言われたときは、\n正直、かなりドキっとしたけれど。%K%P
被说”长得相似“的时候，\n说实话，我很吃惊。%K%P
でも、続く言葉と態度で、つーちゃんは\nオレの正体に気付いていないと確信した。%K%P
但是，从她接下来的话语和态度里，\n我确信，睦酱没有发现我的真实身份。%K%P
もし彼女がオレの正体に気付いているなら、\n今の話の流れで、オレを可愛いだなんて言わない。%K%P
如果她发现了我的真实身份的话，\n可能，刚才就不会说我可爱之类的话了。%K%P
その言葉で傷つけたと思っている相手に対して、\n可愛いだなんて、言えるはずがない。%K%P
对因为那句话而受伤的对方，\n不可能再说可爱之类的话了吧%K%P
%LC陽菜
%LC阳菜
「その男の子との間になにがあったのか、\n　私には、わからないけど……」%K%P
「你和那个男生之间发生了什么，\n 我并不知道全貌……」%K%P
%LC陽菜
%LC阳菜
「でも、睦月さんが思っているほど、\n　相手の子はショックを受けてないかもだよ」%K%P
「不过，对方可能，\n 没有睦月同学你想的那么受打击哦。」%K%P
%LC陽菜
%LC阳菜
「むしろ、それが切っ掛けになって、\n　強く逞しく、元気に暮らしてるかも」%K%P
「倒不如说，那变成一种迫切的愿望——\n 想要更强大，更健康地活着」%K%P
%LC睦月
%LC睦月
「どうして、そう思うんですか？」%K%P
「为什么，你会这么想呢？」%K%P
%LC陽菜
%LC阳菜
「その男の子と私は、\n　どことなく似てるんでしょ？」%K%P
「或许那个男生和我，\n 真的各方面都很像吧？」%K%P
%LC陽菜
%LC阳菜
「なら、そういうこともあるんじゃないかなって」%K%P
「那么，他是不是也这么想呢」%K%P
%LC睦月
%LC睦月
「陽菜さん……」%K%P
「阳菜同学……」%K%P
正体を打ち明けるわけにはいかない。%K%P
我无法说出自己的真实身份。%K%P
けど、少しでも空木日向の想いを伝えたくて。%K%P
但是，我还是想把”空木日向“的想法传达给她。%K%P
誤魔化しながら伝えた本音に、\n彼女は肩の力を抜くようにして微笑んだ。%K%P
听到我蒙混着说的真心话，\n她露出了放松的微笑。%K%P
――そうして、放課後。%K%P
——然后，放学后。%K%P
%LC陽菜
%LC阳菜
「……うん。明日、ちゃんと会おう」%K%P
「……嗯。明天，就要见面了」%K%P
あらためてラブレターを読み返したあと、\n声に出すことで、しっかりと決意を固める。%K%P
重新读了情书之后，\n我叹了一句，坚定了见面的决心。%K%P
女装がバレている可能性があるにせよ、\nともかく、会ってみないと何も始まらない。%K%P
就算女装有暴露的可能性，\n但话说回来，不见面，事情就无法发展下去。%K%P
そんなふうに考えをまとめることが出来たのも、\n昼休み、つーちゃんと話せたからだ。%K%P
我之所以能总结出这样的想法，\n也是因为午休时和睦酱交谈导致的。%K%P
自分も彼女のように、\n相手の気持ちにしっかりと応えようって。%K%P
自己也要像她一样，\n好好地回应对方的心情。%K%P
%LC梨理
%LC梨理
「あれ、センセ」%K%P
「啊嘞，老师」%K%P
ノックなくドアが開いたので、\n部員の誰かだと思ったら梨理ちゃんだった。%K%P
没有敲门就开了门，我还以为是哪个部员呢，\n原来是梨理酱啊。%K%P
%LC梨理
%LC梨理
「センセ、おひとりですか？」%K%P
「先生，你一个人吗？」%K%P
%LC陽菜
%LC阳菜
「うん。ごきげんよう、梨理ちゃん。\n　乙女部になにかご用？」%K%P
「嗯。贵安哦，梨理酱。\n 来少女部有什么事吗？」%K%P
%LC梨理
%LC梨理
「用がないと来ちゃダメなんです？」%K%P
「没事就不能来了？」%K%P
%LC陽菜
%LC阳菜
「そんなことは……っと、ちょっと待ってね。\n　いまお茶とか用意するから」%K%P
「没有那种事啦……啊，等一下捏。\n 我现在去准备些茶什么的」%K%P
いざってとき来賓を歓待できるように、\n美実様からお茶とお菓子の場所は教わってる。%K%P
为了方便款待来宾，\n美实大人已经告诉我茶和点心的位置了%K%P
%LC梨理
%LC梨理
「近くを通ったついでに覗きに来ただけなので。\n　おかまいなく」%K%P
「我只是路过附近顺便过来看看，\n 不用这么客气」%K%P
%LC陽菜
%LC阳菜
「そう言わずに。仮入部だけど部員だし、\n　お客様のおもてなしぐらいは――」%K%P
「别这么说。虽然我是临时加入的社员，\n 但款待客人什么的——」%K%P
%LC梨理
%LC梨理
「私もここの部員ですけど」%K%P
「我也是这里的部员哦」%K%P
%LC陽菜
%LC阳菜
「えっ……？　そうなの？」%K%P
「欸……？　这样吗？」%K%P
%LC梨理
%LC梨理
「入学してすぐ、部員が足りないって\n　お姉ちゃんが泣いて頼むので、仕方なく」%K%P
「刚入学的时候，因为部员不够，\n 所以姐姐就哭着求我加入，没办法」%K%P
そういえば乙女部の部員は４人だって、\n杏奈ちゃんが最初に言っていた。%K%P
这么说来，少女部的部员有4个人，\n杏奈酱最初说过的。%K%P
まだ会っていなかった４人目って、\n実は梨理ちゃんだったのか。%K%P
还没见过的第4个人，\n其实是梨理酱吗。%K%P
%LC梨理
%LC梨理
「で？　センセこそ、\n　ひとりでナニしてたんです？」%K%P
「所以？　老师你在这，\n 一个人在做什么呢？」%K%P
%LC陽菜
%LC阳菜
「とくには、なにも……。\n　しいて言うなら考え事だけど」%K%P
「没有什么，特别的……\n 硬要说的话就是心事」%K%P
%LC梨理
%LC梨理
「つまりサボタージュと」%K%P
「也就是在摸鱼吧」%K%P
%LC陽菜
%LC阳菜
「なんでそうなるの」%K%P
「为什么会这样说」%K%P
%LC梨理
%LC梨理
「センセって放課後は大抵トレーニングルームに\n　居るようなイメージなので」%K%P
「老师给人的印象，\n 不就是放学后待在训练场里嘛。」%K%P
%LC梨理
%LC梨理
「暇なら今からでも行ってきたらどうです？\n　センセなら引く手{数多:あまた}でしょうし」%K%P
「有空的话，现在去一趟怎么样？\n 既然你是老师，那肯定有{很多:大多数}人找你的吧」%K%P
%LC陽菜
%LC阳菜
「それなら喜んで行くんだけど。\n　あいにく、今はそうでもないんだ」%K%P
「那样的话我倒是乐意去呢。\n 但很不巧，现在不行哦」%K%P
%LC陽菜
%LC阳菜
「{騎士道:シュバルリィ}の実技試験が終わって、\n　みんなの{舞闘:カデンツァ}熱も落ち着いたし――」%K%P
「{骑士道:Chivalry}的实战测试结束了，\n 大家的对于{舞斗:华彩乐}热情也平静下来了――」%K%P
%LC陽菜
%LC阳菜
「もうじき銀蘭祭でしょ？\n　いまはみんな、そっちのほうがメインみたい」%K%P
「马上就到银兰祭了吧？\n 现在大家，好像都比较喜欢谈论那个」%K%P
指南役である姉さんも、今週いっぱいは\nトレーニングルームに顔を出さないそうだ。%K%P
负责指导的姐姐也是，\n据说这周都不会去训练场了。%K%P
実際、ここにくる前に覗いてきたけど、\nトレーニングルームは開店休業状態だった。%K%P
实际上，来这里之前我也去看过了，\n训练场现在是关闭状态。%K%P
ちょっと変則的ではあるけど、\nこれもある意味、試験休みかもしれない。%K%P
虽然有点不合常理，但从某种意义上来说，\n这也可能算是“考试后的假期”吧。%K%P
%LC梨理
%LC梨理
「そんなことになってたんですね」%K%P
「原来是这样呀」%K%P
%LC梨理
%LC梨理
「私、放課後の事情には明るくないので。\n　いつも朝に練習してますし」%K%P
「我的话，对放学后的事情不太了解。\n 因为我总是在早上练习」%K%P
%LC陽菜
%LC阳菜
「いつもってことは、今朝も？」%K%P
「也就是说，今天早上也？」%K%P
%LC梨理
%LC梨理
「習慣ですから」%K%P
「习惯成自然了」%K%P
%LC陽菜
%LC阳菜
「本当に熱心だね」%K%P
「真的充满热情呢」%K%P
練習でも授業でも、梨理ちゃんはいつも真摯に\n{舞闘:カデンツァ}と向き合っている。%K%P
无论是练习还是上课，梨理酱总是，\n真诚地面对着{舞斗:华彩乐}呢。%K%P
それこそ、少し心配になってしまうぐらいに。%K%P
这反倒是让我有点担心。%K%P
%LC梨理
%LC梨理
「このぐらい、普通だと思いますけど」%K%P
「这点程度，我觉得很普通呢」%K%P
%LC梨理
%LC梨理
「{舞闘:カデンツァ}は授業の一環だし。\n　ノーブルって、そういう学科なわけで」%K%P
「{舞斗:华彩乐}是学习的一环。\n 诺博尔不就是这样的学科嘛」%K%P
%LC陽菜
%LC阳菜
「それはそうなんだけど」%K%P
「那倒确实是呢」%K%P
{舞闘:カデンツァ}が絡むとストイックさを感じさせる子だけど、\n努力するって感覚自体は希薄なのかもしれない。%K%P
谈到{舞斗:华彩乐}时，她总会让人觉得很“禁欲”——\n她仍然觉得自己不够努力。%K%P
姉さんの道場の門下生や留学時代の友人にも、\nそういう人はいた。%K%P
姐姐家道场的门生和留学时代的朋友中，\n也有很多这样的人。%K%P
強くなるためなら努力は厭わない、ではなく、\nそもそも努力という概念がない、みたいな。%K%P
并不是为了变强而努力，而是，\n好像根本就没有“努力”的概念。%K%P
他の人が苦にするようなトレーニングでも、\nごく当たり前にこなしてしまう――。%K%P
别人觉得辛苦的训练，\n总觉得自己应该理所当然地完成――%K%P
そういう人は、大抵強い。%K%P
这样的人，大多都很强。%K%P
%LC梨理
%LC梨理
「ところで、ずっと気になってたんですけど」%K%P
「对了，有件事我一直很在意」%K%P
%LC梨理
%LC梨理
「その手紙、なんですか？」%K%P
「那封信，是什么啊？」%K%P
%LC陽菜
%LC阳菜
「あ――」%K%P
「啊——」%K%P
梨理ちゃんが急に来たってこともあって、\n例の手紙、しまわずに出しっぱなしだった。%K%P
因为梨理酱突然来了，\n那封信也没收起来，就放在那了。%K%P
幸い、封筒の表は下にしていたから、\nオレ宛てのラブレターだとはバレてないはず――、%K%P
不过幸好信封正面朝下，\n应该不会暴露，是写给我的情书吧……%K%P
%LC梨理
%LC梨理
「封筒の感じからして、ラブレターですか？」%K%P
「这信封看起来，难道是情书吗？」%K%P
%LC陽菜
%LC阳菜
「えっ、と……」%K%P
「啊，这……」%K%P
まさかの的中に内心焦る。%K%P
没想到说中了，这可焦急了%K%P
どうしよう。違うって言うのは簡単だけど、\nそれは手紙の差し出し人に申し訳ないし――、%K%P
怎么办？要是说着敷衍的话，\n不就太对不起寄信的人了――%K%P
って、待てよ？　否定する必要、なくない……？%K%P
啊，等等哦？　没有否定的必要啊……？%K%P
女装のことがあって、なにかバレそうになると、\nつい誤魔化さなきゃって思うようになっていたけど。%K%P
因为女装的缘故，每当某事要暴露的时候，\n我都会想着蒙混过去。%K%P
ラブレターを貰ったこと自体は、\n別に隠す必要はないはずだ。%K%P
但收到情书这件事，\n本身是没有必要隐瞒的呀。%K%P
つーちゃんだって、堂々としていたし。%K%P
睦酱不也一样，堂堂正正的嘛。%K%P
%LC陽菜
%LC阳菜
「……まあ、うん。……ラブレター、だけど」%K%P
「……嘛，嗯。……情书，确实是」%K%P
%LC梨理
%LC梨理
「ふっ、ふぅーん」%K%P
「咕，哼~~~」%K%P
%LC陽菜
%LC阳菜
「ふぅーんって……えっ、それだけ？」%K%P
「哼~~~……额，就这样？」%K%P
%LC梨理
%LC梨理
「べつに、それだけですけど」%K%P
「没什么，就这样」%K%P
なんて言って、梨理ちゃんは視線を外す。%K%P
梨理酱说着，便移开了视线。%K%P
彼女のことだから、囃し立てたりだとか、\nオレをからかってくると思っていたんだけど。%K%P
因为与她之前发生的事，我还以为她会，\n来嘲讽、捉弄我呢。%K%P
%LC梨理
%LC梨理
「……」%K%P
「……」%K%P
%LC陽菜
%LC阳菜
「……」%K%P
「……」%K%P
うぅ、なんか急に、気まずい……。%K%P
额，怎么突然这么尴尬呢……%K%P
っていうか、さっきから梨理ちゃん、\n何度もちらちら手紙を横目で見てるし。%K%P
说起来，梨理酱从刚才开始，\n就一直用余光瞄着信呢。%K%P
ひょっとして、興味あるのかな……？%K%P
难不成，她很感兴趣吗……？%K%P
女の子は色恋沙汰が好きっていうし、\nまったく無関心ってことはないだろうし。%K%P
女孩子都喜欢情爱故事的，\n不可能完全不关心吧。%K%P
……よし。この沈黙が続くぐらいなら――、%K%P
……好吧。别让这种沉默持续下去了――%K%P
%LC陽菜
%LC阳菜
「梨理ちゃんは、ラブレター貰ったことある？」%K%P
「梨理酱……收到过情书吗？」%K%P
%LC梨理
%LC梨理
「は……？　なんです、急に」%K%P
「哈……？　怎么了，这么突然」%K%P
%LC陽菜
%LC阳菜
「ちょっと気になって」%K%P
「稍微有些在意」%K%P
%LC梨理
%LC梨理
「それは……」%K%P
「这个……」%K%P
%LC梨理
%LC梨理
%XS16「……ないです、けど……」%XE%K%P
%XS16「……没有过，的说……」%XE%K%P
%LC陽菜
%LC陽菜
「えっ？　なに？」%K%P
「欸？　什么？」%K%P
%LC梨理
%LC梨理
%XS21「ないって言ったんですっ」%XE%K%P
%XS21「我说，没有啊！！」%XE%K%P
%LC梨理
%LC梨理
「そもそも私、ラブレター貰うような、\n　そういうタイプじゃないですから」%K%P
「我本来就不是那种，\n 会收到情书的人啦」%K%P
%LC梨理
%LC梨理
「まあ、お姉ちゃんはそういうの、\n　けっこう貰ってるみたいですけど……」%K%P
「嘛……姐姐她好像，\n 收到了不少这样的……」%K%P
%LC陽菜
%LC阳菜
「あー……。確かに……」%K%P
「啊……合理呢……」%K%P
実際、この前のテスト{舞闘:カデンツァ}のときも、\nたくさんの声援を貰っていたっけ。%K%P
实际上，之前的测试{舞斗:华彩乐}的时候，\n她得到了很多的声援呀。%K%P
印象としては、依夜様は下級生にファンが多く、\n美実様は同級生に支持されている感じだ。%K%P
印象中依夜大人有很多低年级粉丝，\n美实大人同样也受到很多同学支持。%K%P
となると――、%K%P
这样一来――%K%P
%LC陽菜
%LC阳菜
「梨理ちゃん、上級生に人気ありそうだよね」%K%P
「梨理酱，好像很受高年级生欢迎呢」%K%P
実際、庇護したくなるというか、\n母性本能を刺激するタイプではあると思う。%K%P
事实上，她属于那种让人想要庇护，\n或者说是“刺激母性本能”的类型。%K%P
しっかりしているように見えて、\nちょっと危なっかしい、というか。%K%P
——看起来很可靠，\n其实有点缺乏安全感的人。%K%P
もっというと、放っておけない、みたいな。%K%P
更确切地说，就是不能置之不理的人呢。%K%P
%LC梨理
%LC梨理
「上級生からどうこう言われたことないです」%K%P
「高年级生从来没有对我说过这话」%K%P
%LC陽菜
%LC阳菜
「けど、この前の日曜の練習で、\n　クレール様にすっごく面倒見られてなかった？」%K%P
「不过，上周日练习的时候，\n 克莱尔大人完全沉浸于照顾你哦？」%K%P
%LC梨理
%LC梨理
「あれはクレール様がおかしいだけです」%K%P
「那只是克莱尔大人很奇怪而已。」%K%P
%LC陽菜
%LC阳菜
「おかしいって」%K%P
「很奇怪吗……」%K%P
%LC梨理
%LC梨理
「あの人、距離感バグってるんで。\n　すぐにハグとかしてくるし」%K%P
「那个人，很不注重距离感。\n 总是上来就拥抱人。」%K%P
%LC陽菜
%LC阳菜
「それに関しては、お国柄なところもあるし」%K%P
「关于那个，也可能是国家特色啦」%K%P
フランスでは挨拶としてのハグは普通で、\n親しい間柄であれば、ビズっていうキスもする。%K%P
在法国，作为问候，拥抱是很普通的，\n如果是很亲密的关系，还会接吻呢。%K%P
親愛をふれあいによって表現することが、\nごく当たり前な環境なのだ。%K%P
通过交互行为来表达亲爱，\n因其环境影响也是理所当然的了。%K%P
とはいえ、本当に嫌がる相手にはしないのが、\nハグやビズのマナーでもある。%K%P
话虽如此，对于讨厌这一行为的人，\n比起拥抱，还是其他礼仪更好呢。%K%P
クレール様が梨理ちゃんに抱きつくのは、\n嫌がられていないって確信しているからだろう。%K%P
克莱尔大人会抱梨理酱，\n是因为她确信自己没有被讨厌吧。%K%P
実際、梨理ちゃんも嫌だとは言っていないし。%K%P
实际上，梨理酱也没有说过不喜欢。%K%P
%LC梨理
%LC梨理
「そもそも上級生うんぬんっていうなら、\n　センセのほうがモテると思いますけど」%K%P
「说起来，如果是高年级生的话，\n 我觉得还是前辈更受欢迎一些哦」%K%P
%LC陽菜
%LC阳菜
「私が？」%K%P
「我吗？」%K%P
%LC梨理
%LC梨理
「可愛いし」%K%P
「可爱呀」%K%P
%LC陽菜
%LC陽菜
「かっ、可愛い……？」%K%P
「可，可爱……？」%K%P
%LC梨理
%LC梨理
「はい、普通に」%K%P
「是啊，就这样啊」%K%P
からかった感じで言うのではなく、\nあっさりと言われて、なおショック。%K%P
不是开玩笑，而是很干脆地说了，\n这可让我太吃惊了。%K%P
確かに、ニナさんや上級生から、\n可愛いって言われることは、ままあるけど。%K%P
的确，我也曾被妮娜姐和高年级生说过可爱。%K%P
年下の女の子から、\nこんなに真顔で、可愛いって……。%K%P
但被一个比我小的女孩子，\n一本正经地说：”你很可爱“……%K%P
%LC梨理
%LC梨理
「ともかく、私はそういうのと無縁なんで」%K%P
「总之，我是与这种事无缘了」%K%P
%LC梨理
%LC梨理
「私なんかが可愛いとか、そんなこと……まあ、\n　お姉ちゃんやクレール様は言ってきますけど」%K%P
「说我可爱什么的话……嘛，\n 姐姐和克莱尔大人确实说过」%K%P
%LC梨理
%LC梨理
「でも、可愛げないって思われることのほうが、\n　圧倒的に多かったはずなんで」%K%P
「但是，觉得我不可爱的人，\n 应该占绝大多数的说」%K%P
%LC陽菜
%LC阳菜
「そんなことないでしょ。\n　梨理ちゃん、可愛いよ」%K%P
「不会这么想的吧。\n 梨理酱，很可爱哦」%K%P
%LC梨理
%LC梨理
「な――」%K%P
「什——」%K%P
%LC梨理
%LC梨理
「ぐっ……んもー、\n　センセってばなんです急に」%K%P
「咕……真是的——\n 老师你为什么那么突然！」%K%P
%LC梨理
%LC梨理
「お世辞とか言ってもなにも――あっ、もしかして\n　ここでサボってたことへの口止め料ですか？」%K%P
「这肯定是奉承话吧——啊，难道说，\n 这是你在这里偷懒的”封口费“吗？」%K%P
%LC陽菜
%LC阳菜
「違うから。そういうんじゃなくて、\n　素直に思ったことを言っただけ」%K%P
「不是啦。才不是这样的，\n 我只是坦率地说出了自己的想法而已」%K%P
%LC陽菜
%LC阳菜
「梨理ちゃんは可愛いよ」%K%P
「梨理酱很可爱哦」%K%P
%LC梨理
%LC梨理
「っ……」%K%P
「呜……」%K%P
たぶん、直前に可愛いと言われて、\n言い返したい気持ちがあったんだと思う。%K%P
大概，是刚才被我说可爱了，\n所以想要反驳我吧。%K%P
それに、自分を卑下するのって、好きじゃない。%K%P
而且，不断贬低自己，只因不喜欢自己。%K%P
私なんか、とか。自分なんて、とか。%K%P
”我“不行的，”自己“做不到……%K%P
そういうことは、あまり言って欲しくなかった。%K%P
我不希望，你只会说这种话。%K%P
%LC梨理
%LC梨理
「はぁ……。センセって、あたおかですね。\n　私が可愛いとか、なに言ってるんだか」%K%P
「哈啊……老师，你太奇怪了吧。\n 说我很可爱什么的……」%K%P
%LC陽菜
%LC阳菜
「本気で言ったんだけど」%K%P
「但这是真心话」%K%P
%LC梨理
%LC梨理
「うわ、手遅れ」%K%P
「呜哇，迟疑了」%K%P
%LC陽菜
%LC阳菜
「なら、もし私がラブレターを渡したら、\n　梨理ちゃん、どうする？」%K%P
「那么，我把情书给你看看吧，\n 梨理酱，这样如何？」%K%P
%LC梨理
%LC梨理
「は……？」%K%P
「哈……？」%K%P
%LC陽菜
%LC阳菜
「だから、ラブレター。\n　私があげるって言ったら、どうする？」%K%P
「就是，情书啦。\n 如果我说给你看，你意下如何？」%K%P
別にラブレターである必要はなかったんだけど、\n手元にあったし、話題の入り口だったし。%K%P
虽然没必要非得提起情书，\n但毕竟就在手边，又是话题的切入口%K%P
あまりにも梨理ちゃんが意固地になるもんだから、\nつい、こっちも対抗意識が涌いてしまった。%K%P
因为梨理酱的自卑话太”固执“了，\n所以或许，我也产生了对抗意识吧。%K%P
%LC梨理
%LC梨理
「もう、さっきから変なことばっかり……」%K%P
「真是的，从刚才开始就净整怪事……」%K%P
%LC梨理
%LC梨理
「貰ったことある？　って聞いたと思ったら、\n　今度は、あげる、とか言い出して……」%K%P
「“你收到过吗？”　一开始就问这种话，\n 然后现在，又说“给你看”这种话……」%K%P
%LC梨理
%LC梨理
「センセ、目的はなんですか？\n　なんでそんなこと聞くんです？」%K%P
「老师！你的目的是什么啊？！\n 为什么要问这个？！」%K%P
%LC陽菜
%LC阳菜
「それは――」%K%P
「这是因为——」%K%P
%LC陽菜
%LC阳菜
「梨理ちゃんの気持ちが知りたいから、かな」%K%P
「想知道梨理酱的感受，吧？」%K%P
沈黙が気まずかったっていうのもあるけど、\n梨理ちゃんの気持ち――意見が聞きたかった。%K%P
一方面是因为沉默让我不舒服，\n另一方面是我想听听梨理酱的感受\n——或者说对这事的意见%K%P
昼休みにつーちゃんから手紙の話を聞けて、\nおかげで、とても気持ちが前向きになったし。%K%P
午休时和睦酱谈论了关于信的事，\n托她的福，我现在心情变得非常舒畅。%K%P
参考までに、他の子はどんな感じだろうって、\nそういう意図があっての質問だった。%K%P
作为参考，其他人是什么样的感觉呢？\n因为有这样的意图，所以我才发问的。%K%P
%LC陽菜
%LC阳菜
「ねぇ、教えて？　梨理ちゃんの気持ち」%K%P
「呐，告诉我吧？　梨理酱的感受」%K%P
%LC陽菜
%LC阳菜
「私からラブレターを貰ったら、どうする？」%K%P
「要是收到我的情书，你会怎么办？」%K%P
%LC梨理
%LC梨理
「お、教えてって……そんな、\n　急にそんなこと言われても――」%K%P
「告，告诉什么啊……这种事，\n 突然被这么问我也——」%K%P
%LC梨理
%LC梨理
「あっ……まさか、さっきの手紙って、\n　私に渡すために用意してた、とか……？」%K%P
「啊……难不成，刚才的那封信，\n 是为了给我，而准备的……？」%K%P
%LC梨理
%LC梨理
「最初から、そのつもりで……？\n　だから、急に変なこと言って……」%K%P
「从一开始，就打算这么做……？\n 所以才，突然说奇怪的话……」%K%P
%LC陽菜
%LC阳菜
「あの、梨理ちゃん……？\n　そのつもりって、どのつもり――」%K%P
「那个，梨理酱……？\n 你说那个“打算”，是什么“打算”——」%K%P
%LC梨理
%LC梨理
%XS21「困りますっ！！」%XE%K%P
%XS21「我会困扰的！！」%XE%K%P
%LC陽菜
%LC阳菜
「え」%K%P
「欸」%K%P
%LC梨理
%LC梨理
「だから困りますっ！\n　そういうの困るんでっ！」%K%P
「所以说很困扰啊！\n 这样子会很困扰啊！」%K%P
%LC陽菜
%LC阳菜
「そういうのって、ラブレター？」%K%P
「这样子的，情书吗？」%K%P
%LC梨理
%LC梨理
「ですっ！！」%K%P
「是！！」%K%P
%LC梨理
%LC梨理
「センセからの告白、とか……。\n　それはさすがに、ちょっと……」%K%P
「老师的告白，之类的……。\n 那确实有点，那啥了……」%K%P
%LC梨理
%LC梨理
「だいたい教師と生徒な上に女同士って\n　禁断要素ぶっこみすぎじゃないですか」%K%P
「而且，关系是老师和学生，还都是女的，\n 这禁忌要素拉满了吧！」%K%P
%LC梨理
%LC梨理
「困りますホント。\n　そういうのホント困るんで」%K%P
「我很困扰的，\n 这样子真的很困扰的」%K%P
%LC陽菜
%LC阳菜
「ちょっ……ま、待って待って。\n　これはあくまで例え話っていうか」%K%P
「等……等会等会。\n 这只不过是举个例子啊」%K%P
%LC梨理
%LC梨理
「すみません失礼しますごきげんようっ！！」%K%P
「对不起！失礼了！贵安！！」%K%P
%LC陽菜
%LC阳菜
「ホントに待って！？」%K%P
「啊这等会啊你！？」%K%P
呼び止めようと思ったときには、\n部室から梨理ちゃんの姿が消えていた。%K%P
我刚想叫住她的时候，\n梨理酱已经从活动室里消失了。%K%P
さすがは学園内屈指の瞬発力――なんて、\nそんなふうに感心してしまうぐらい速かった。%K%P
不愧是校园内屈指可数的瞬间爆发力——\n她的速度，快得让人佩服。%K%P
けど、どうしよう……。\nあきらかに勘違いさせちゃったっぽい。%K%P
可是，怎么办……\n我好像明显让她误会了。%K%P
こういう場合は無理に追いかけるより、\n誰かに協力してもらったほうが――、%K%P
这种情况下，与其拼命追赶她，\n还不如找那个人帮忙——%K%P
%LC美実
%LC美实
「よっす、陽菜ちゃん」%K%P
「安呀，阳菜酱」%K%P
%LC陽菜
%LC阳菜
「うわっ」%K%P
「呜哇啊啊」%K%P
%LC美実
%LC美实
「うわっ、はないでしょ？\n　人をお化けみたいに」%K%P
「呜哇~……干嘛呢你？\n 搞得跟见到妖怪一样」%K%P
%LC美実
%LC美实
「っていうか、そこはにゅえーじゃないの？」%K%P
「话说回来，刚才不该“喵呜”一下吗？」%K%P
%LC陽菜
%LC阳菜
「それはもういいですからっ」%K%P
「这个话题说够了啊」%K%P
%LC陽菜
%LC阳菜
「それよりも――」%K%P
「比起这个——」%K%P
%LC美実
%LC美实
「――なるほど。いいよ、諸々了解。\n　家に帰ったら私から梨理に言っとくね」%K%P
「——原来如此。行哦，我都了解了。\n 回家后我会跟梨理说捏。」%K%P
部室にやってきた美実様に経緯を話したら、\nあっさり梨理ちゃんとの仲介を引き受けてくれた。%K%P
我把事情的经过，告诉了来到部室的美实大人，\n她爽快答应了对我和梨理酱的调解。%K%P
梨理ちゃんに関しては、これで大丈夫だろう。%K%P
关于梨理酱的事，这样就没问题了吧%K%P
%LC美実
%LC美实
「けどすごいね。編入して１ヶ月経ってないのに\n　ラブレターもらっちゃうだなんて」%K%P
「不过真厉害啊。入学还不到一个月，\n 你就收到情书了呢」%K%P
%LC美実
%LC美实
「で？　陽菜ちゃん、どうするの？」%K%P
「那？　阳菜酱，你要怎么做？」%K%P
%LC陽菜
%LC阳菜
「告白されたらってことですか？」%K%P
「是说被告白的事吗？」%K%P
%LC美実
%LC美实
「もちろん。明日、会うんでしょ？」%K%P
「当然啊。明天，就要见面了吧？」%K%P
%LC陽菜
%LC阳菜
「そのつもりです」%K%P
「确实这么计划的」%K%P
%LC美実
%LC美实
「なら、その場で慌てないように、\n　いろいろ考えておいたほうがいいよ」%K%P
「那么，为了确保不怯场，\n 最好还是多考虑考虑哦」%K%P
%LC美実
%LC美实
「剣術での返し技とおんなじ。\n　これにはこうっ、って決めとくと迷わないし」%K%P
「这可和剑术中的反手技一样。\n 下了决心这样做，就不能犹豫了」%K%P
%LC陽菜
%LC阳菜
「あ、そっか……。そうですね」%K%P
「啊，这样啊……确实如此呢」%K%P
言われてみれば、会うことは決めたけど、\nその先については考えてなかった。%K%P
这么说来，见面的事虽然决定了，\n但见面之后的事还没想过。%K%P
とりあえず、絶対に揺るぎないこととしては――、%K%P
总而言之，绝对不能动摇的是――%K%P
%LC陽菜
%LC阳菜
「もし告白されたら、お断りします」%K%P
「如果是表白的话，果断拒绝」%K%P
%LC美実
%LC美实
「相手がすっごい好みの子でも？」%K%P
「即使对方是你特别喜欢的人？」%K%P
%LC陽菜
%LC阳菜
「はい」%K%P
「是」%K%P
%LC美実
%LC美实
「私でも？」%K%P
「我也？」%K%P
%LC陽菜
%LC阳菜
「それはもう、迷いなく」%K%P
「那绝对，毫不犹豫」%K%P
%LC美実
%LC美实
「わっ、ひどい」%K%P
「哇，过分啊」%K%P
なんて言いつつ、くすっと笑う。%K%P
一边这么说着，一边扑哧一笑。%K%P
美実様って不思議とこういう話がしやすいから、\n本当に助かってしまう。%K%P
美实大人总是能不假思索地打趣，\n这真是帮了大忙了。%K%P
%LC美実
%LC美实
「でも、ハナっから断るって決めつけて\n　会わなくてもいいんじゃない？」%K%P
「不过，既然决定了要拒绝，\n 那就算不见面也没关系吧？」%K%P
%LC美実
%LC美实
「会ってから考えても遅くないんだし。\n　なんなら、お試しで付き合っても――」%K%P
「见面之后再考虑也不迟嘛。\n 要不，你试着交往一下——」%K%P
%LCクレール
%LC克莱尔
「ごきげんようっ。\n　二人して、なんのお話？」%K%P
「贵安各位。\n 你们俩，在聊什么呢？」%K%P
で、クレール様にも経緯を説明すると。%K%P
然后，我把事情告诉了克莱尔大人。%K%P
%LCクレール
%LC克莱尔
「ふふっ、陽菜ちゃんってばモテモテね」%K%P
「哈哈，阳菜酱太受欢迎了呢」%K%P
%LC陽菜
%LC阳菜
「モテモテって……。\n　それはさすがに大げさな気が」%K%P
「太受欢迎什么的……\n 那未免太夸张了」%K%P
%LCクレール
%LC克莱尔
「そんなことないの。私のクラスにも、\n　陽菜ちゃんのファンだって子は多いのよ？」%K%P
「才没那回事呢，在我班上，\n 也有很多人是阳菜酱的粉丝哦」%K%P
%LC陽菜
%LC阳菜
「センシブルに、ですか？」%K%P
「圣森博尔里，也有？」%K%P
%LCクレール
%LC克莱尔
「学科が違う分、想いが募るみたい。\n　ロミオとジュリエットみたいなものかも」%K%P
「因为学科不同，所以更会去憧憬。\n 就像罗密欧与朱丽叶一样呢」%K%P
%LCクレール
%LC克莱尔
「いまセンシブルの校舎に陽菜ちゃんが来たら、\n　大変なことになるんじゃないかしら」%K%P
「现在阳菜酱要是来圣森博尔的教学楼，\n 不知道会不会出大事呢~」%K%P
%LCクレール
%LC克莱尔
「それこそ、マントンのレモン祭りぐらい、\n　わーって人が集まったりしちゃうかも」%K%P
「可能会像，芒顿的柠檬节那样，\n “哇——”的一下聚集很多人呢」\n（在芒顿镇举行，也叫“芒顿柠檬节”，法国传统节日）%K%P
%LC陽菜
%LC阳菜
「いやいやいや」%K%P
「算了算了算了」%K%P
%LCクレール
%LC克莱尔
「でも、誰であっても断るってことは――」%K%P
「但是，不管是谁都拒绝的话——」%K%P
%LCクレール
%LC克莱尔
「陽菜ちゃん、実は恋人がいるの？」%K%P
「阳菜酱，其实有恋人？」%K%P
%LC陽菜
%LC阳菜
「え？」%K%P
「欸？」%K%P
%LCクレール
%LC克莱尔
「相手が誰であっても断る理由っていったら、\n　そういうことになるんじゃない？」%K%P
「不管对方是谁，总要说说拒绝的理由啦，\n 难道不是这样吗？」%K%P
%LCクレール
%LC克莱尔
「もしくは、好きな人――。\n　いま、絶賛片想い中とか」%K%P
「或者说，有喜欢的人——\n 现在，正处在绝妙的单相思中之类的」%K%P
%LC陽菜
%LC阳菜
「ん……」%K%P
「嗯……」%K%P
片想い――その言葉で脳裏に浮かんだのは、\n他でもない、つーちゃんの顔だった。%K%P
单相思——听到这个词，我脑海里浮现的，\n不是别人，而是睦酱的脸。%K%P
けど、その顔はいまの彼女のものではなく、\nかつて一緒に歌っていた、幼いときのもので。%K%P
但是，所想的不是现在的她，\n而是小时候，一起唱歌时的她。%K%P
つまり、いまのオレにとって、いまの彼女は、\nそういった感情の対象じゃないってことなんだろう。%K%P
也就是，对现在的我来说，现在的她，\n已然不是这种感情的对象了吧。%K%P
%LC陽菜
%LC阳菜
「……恋人は、いないです。\n　好きな人も、いまは、とくには」%K%P
「……恋人的话，还没有。\n 喜欢的人，现在也没有」%K%P
%LC美実
%LC美实
「まあ、聞きましてクレールさん。\n　いまは、ですって」%K%P
「嘛，听我说克莱尔同学~\n 现在，就是说……」%K%P
%LCクレール
%LC克莱尔
「ええ、聞きましてよ美実さん。\n　いまは、ですって」%K%P
「嗯嗯，我听着呢美实同学。\n 现在，所以说……」%K%P
%LC陽菜
%LC阳菜
「もおーっ、なんなんですか二人してっ」%K%P
「真是的，你俩讲相声呀」%K%P
%LC杏奈
%LC杏奈
「おつかれさまでーすっ。\n　小腹空いたんで来ちゃいましたー」%K%P
「辛苦了各位。\n 我肚子饿了所以来——」%K%P
%LC美実
%LC美实
「おっ、いいところに」%K%P
「噢，好时机呢」%K%P
%LCクレール
%LC克莱尔
「ねえ杏奈ちゃん。\n　ラブレター貰ったら、どうする？」%K%P
「呐杏奈酱。\n 你要是收到情书，会怎么办？」%K%P
%LC杏奈
%LC杏奈
「ふぇ？」%K%P
「欸？」%K%P
――というわけで、説明再三。%K%P
——于是，又再次把这事说了一遍。%K%P
%LC杏奈
%LC杏奈
「あー、なるほど……。\n　それで今朝、様子がおかしかったんだ？」%K%P
「啊~原来如此……\n 所以今天早上，你状态才这么奇怪？」%K%P
%LC陽菜
%LC阳菜
「うん。ごめんね、黙ってて」%K%P
「嗯。对不起，没有告诉你」%K%P
%LC杏奈
%LC杏奈
「別に謝らなくても……。\n　陽菜ちゃんの気持ち、わかるし」%K%P
「不需要道歉的……\n 阳菜酱的心情，我能理解」%K%P
%LC杏奈
%LC杏奈
「私だって、女の子からラブレター貰ったら、\n　どうしようってなっちゃうもん」%K%P
「我的话，要是收到女孩子的情书，\n 也会不知所措的」%K%P
%LC杏奈
%LC杏奈
「気持ちは嬉しいけど……。\n　女の子同士は、ね……？」%K%P
「感情上肯定高兴的……\n 但是女孩子之间，呐……？」%K%P
%LC美実
%LC美实
「おっ、ここにきて新鮮なアンサー」%K%P
「噢，想吃新鲜的豆沙包了——」%K%P
%LC杏奈
%LC杏奈
「えっ……ええっ？\n　美実様、イケちゃうんですか……？」%K%P
「欸……诶诶？\n 美实大人，这就要走了吗……？」%K%P
%LC美実
%LC美实
「ぜんぜんイケちゃう」%K%P
「肯定开溜啊」%K%P
%LCクレール
%LC克莱尔
「私も」%K%P
「我也溜」%K%P
%LC杏奈
%LC杏奈
「え……あ、え、ええっ？\n　いやいや、でもでもでもっ」%K%P
「欸……啊，额，诶诶？\n 不不，可是可是可是」%K%P
%LC杏奈
%LC杏奈
「女の子同士、ですよ……？」%K%P
「都是女孩子，对吧……？」%K%P
%LC美実
%LC美实
「なにか問題でも？」%K%P
「有什么问题吗？」%K%P
%LCクレール
%LC克莱尔
「恋愛感情には性別も次元も関係ないって、\n　私の知り合いも言っていたし」%K%P
「“恋爱是不分性别和次元的”，\n 我一个认识的人这么说过」%K%P
%LC美実
%LC美实
「まあ、人によって基準は違うから。\n　どれが普通、みたいな話は意味ないけどね」%K%P
「嘛，每个人的标准都不一样啦。\n “什么什么才是正常的”，这种话没有意义呢」%K%P
%LC美実
%LC美实
「しいて言うなら、人を好きになるときって、\n　まあ、いろいろあるわけでしょ？　好みが」%K%P
「硬要说的话，喜欢一个人的时候，\n 嘛，理由各种各样的吧？  因为喜好的点不同」%K%P
%LC美実
%LC美实
「顔とか性格とか声とか喋り方とか趣味とか\n　価値観とか笑い方とか食べ物の好き嫌いとか――」%K%P
「长相，性格，声音，说话方式，兴趣，\n 还有价值观，笑点，以及对食物的喜好——」%K%P
%LC美実
%LC美实
「私の場合は、そういう好みの中にすら、\n　性別ってフィルターがないだけなんだと思う」%K%P
「对我来说，无关乎这些喜好，\n 并没有性别这个“过滤器”呢。」%K%P
%LC美実
%LC美实
「もし、すっっっごい好みの子がいたとして。\n　実は女の子でしたーって、後日わかったとして」%K%P
「如果，有个非~~~常喜欢的人。\n 但后来知道，其实是个女孩子的话——」%K%P
%LC美実
%LC美实
「そこで諦められるようなら、私は最初から、\n　その子を好きになったりしないからね」%K%P
「如果这就放弃的话，那我从一开始，\n 就根本不会喜欢上那个女孩子嘛」%K%P
%LC杏奈
%LC杏奈
「すごい、強い……」%K%P
「好厉害，好坚强……」%K%P
%LC陽菜
%LC阳菜
「うん……」%K%P
「嗯……」%K%P
こういうことをさらっと言えてしまうのも、\n美実様の魅力のひとつに違いない。%K%P
能如此直言地说出这样的话，\n这也是美实大人的魅力之一呢。%K%P
%LC杏奈
%LC杏奈
「ねぇ？　ちなみに、陽菜ちゃんは……？」%K%P
「呐？　顺带一提，阳菜酱她……？」%K%P
%LC陽菜
%LC阳菜
「えっ、私？」%K%P
「欸，我？」%K%P
%LC杏奈
%LC杏奈
「うん。その、参考までに……」%K%P
「嗯。那个，做个参考……」%K%P
%LC陽菜
%LC阳菜
「私は――」%K%P
「我的话——」%K%P
%LC陽菜
%LC阳菜
「……女の子、好き、だけど」%K%P
「……喜欢女孩子，的吧」%K%P
一瞬の間に、かなり脳みそがフル回転して、\n迷った末に出てきたのは、そんな答え。%K%P
就一瞬间，我的大脑开始全力运转——\n在稍作犹豫之后，我得出了这样的回答。%K%P
もし今、自分が本当に女の子になったとして、\n中身がなにひとつ変わらないのだとしたら。%K%P
如果现在自己真的变成了女孩子，\n而内在没有任何改变的话%K%P
オレは女の子になっても、\n女の子を好きになる気がする。%K%P
即使我变成女孩子，\n也会喜欢上女孩子的。%K%P
%LC杏奈
%LC杏奈
「そっか……。陽菜ちゃんも、なんだ……」%K%P
「这样啊……。阳菜酱也是，这样啊……」%K%P
%LC美実
%LC美実
「おっ？　陽菜ちゃん『も』ってことは？」%K%P
「哦？　阳菜酱『也』是这样，吗？」%K%P
%LC杏奈
%LC杏奈
「ちっ、ちがいますからっ！\n　今のはそういう『も』じゃなくてっ」%K%P
「不，不是这样啦！\n 刚才的『也』你听错啦」%K%P
%LCクレール
%LC克莱尔
「でも杏奈ちゃんって、陽菜ちゃんのこと、\n　すっごく気に掛けてるんでしょう？」%K%P
「不过，杏奈酱你，对于阳菜酱，\n 其实非常在意的吧？」%K%P
%LC杏奈
%LC杏奈
「え？」%K%P
「欸？」%K%P
%LCクレール
%LC克莱尔
「トイレから中々戻ってこないな？　とか。\n　戻ってきたら様子がおかしいぞ？　とか」%K%P
「“上完厕所一直没回来呢？”，之类的。\n “回来后感觉很奇怪”，之类的」%K%P
%LC杏奈
%LC杏奈
「あっ、あれはお隣さんだからであって、\n　別にそういう気持ちがあるわけじゃっ……！」%K%P
「啊，那是因为咱俩是同桌啊，\n 那种感情我才没……！」%K%P
%LC陽菜
%LC阳菜
「そっか、ないんだ……」%K%P
「这样啊，什么嘛……」%K%P
%LC杏奈
%LC杏奈
「えっ……えええっ？！　陽菜ちゃんっ！？」%K%P
「欸……欸欸欸？！　阳菜酱！？」%K%P
%LC陽菜
%LC陽菜
「くっ、ふふっ……ごめんね。\n　いまのはちょっとした冗談」%K%P
「噗，呵呵呵……抱歉捏。\n 刚才的，只是开玩笑」%K%P
%LC杏奈
%LC杏奈
「にゅえええええええぇ……」%K%P
「喵呜欸欸欸欸欸欸欸……」%K%P
わたわたする杏奈ちゃんを見ていたら、\n我慢できなくて、つい意地悪をしてしまった。%K%P
看到杏奈酱白给过来，\n我都忍不住想捉弄她了。%K%P
まるで子供みたいだって内心苦笑しながら、\n杏奈ちゃんだから言えたのかも、と思う。%K%P
简直就像个孩子一样，我内心里苦笑着想，\n不过也许，只有“杏奈酱”才会这么说的吧。%K%P
おぼろげな記憶では、小さな頃はこんな感じで、\n一緒に遊んでいたような気もする。%K%P
在模糊的记忆中，小时候好像也是这样，\n如此愉快地一起玩耍的。%K%P
もっとも今は、一方通行の幼馴染みなんだけど。%K%P
只不过现在，好像是单相思的青梅竹马呢%K%P
部室で少し談笑したあと、解散になって。%K%P
我们在部室里聊了一会儿，然后就解散了%K%P
念のため、帰る前に教室に寄って、\n机の中を確認しておこう――。%K%P
以防万一，回去之前还是，\n先去教室确认一下桌子吧――%K%P
そう思って歩いていたら、\nオレは思いがけないものを拾った。%K%P
这样想着时，我走着走着，\n意外捡到了一个东西。%K%P
手紙――それも、オレ宛てのラブレターで\n使われていたものと、まったく同じ封筒の。%K%P
是封信——和写给我的情书里，\n所用的信封一模一样。%K%P
しかも、そこに書かれていた宛名は――、%K%P
而且，上面有写收件人姓名――%K%P
%LC陽菜
%LC阳菜
「失礼しまーす……」%K%P
「失礼了……」%K%P
遠慮がちに声をかけつつ、３年の教室を覗く。%K%P
我小心翼翼地打了声招呼，看了看3年级的教室。%K%P
日が傾いた教室には人の気配がなくて、\n誰もいないみたいだった。%K%P
夕阳西斜的教室里，\n看起来谁都不在。%K%P
宛名の相手に直接渡せるなら、\nそれが一番だったんだけど……困ったな。%K%P
如果能直接交给收信人的话，\n那可就太好了……但现在就伤脑筋了。%K%P
せめて、どの席に座っているかわかれば、\n机の中に入れておくことも出来たんだけど……。%K%P
至少，如果知道她坐在哪个座位上，\n就可以帮她放到桌子里了……%K%P
って、それだとなんだか、\nオレがラブレターを出しにきたような――、%K%P
等等，这么一想，\n搞得我好像是来寄情书的――%K%P
%LC？？？
%LC？？？
「誰かいるの？」%K%P
「是谁在那呢？」%K%P
%LC陽菜
%LC阳菜
「ひんっ！？」%K%P
「咿嗯！？」%K%P
いきなり声がして、びくっと跳ねる。%K%P
突然传来声音，吓了我一跳。%K%P
あれ……？　でも、人なんてどこにも――、%K%P
啊咧……？　但是，这人声音好像――%K%P
%LC？？？
%LC？？？
「申し訳ないのだけど、少し手伝ってもらえる？」%K%P
「非常抱歉，能帮我一下忙吗？」%K%P
%LC陽菜
%LC阳菜
「あっ、はい。依夜様」%K%P
「啊，好的。依夜大人」%K%P
さっきはいきなりで驚いたけど、\nよく聞けば、覚えのある声と口調だった。%K%P
虽然很突然惊到我了，\n不过仔细一听，是我熟悉的声音和语气。%K%P
けど、やっぱりその姿は見えない――、%K%P
可是，我看不到她的身影――%K%P
%LC依夜
%LC依夜
「こっちよ」%K%P
「这里哦」%K%P
探している気配が伝わったのか、\n教室の後方から、招くように声がして。%K%P
也许是感觉到他我在寻找她，\n教室后方传来了她呼唤的声音%K%P
ちょっとだけ恐る恐る近づいてみると。%K%P
我战战兢兢地走了过去。%K%P
%LC陽菜
%LC阳菜
「わ……」%K%P
「哇……」%K%P
堪えきれず、声が漏れた。%K%P
我忍不住发出了声音。%K%P
だって、机の向こうを覗き込んだら、\nあまりにも無防備なお尻が、こう、どーんって。%K%P
因为，我往桌子那边一看……\n 一个毫无防备的屁股，就这样，“咚”的一声迎到脸前%K%P
%LC依夜
%LC依夜
「陽菜……。どうしてここに？\n　何をしているの？」%K%P
「阳菜……为什么会在这里？\n 来干什么的呢？」%K%P
%LC陽菜
%LC阳菜
「依夜様こそ、なにゆえそのような格好を\n　されてらっしゃったりするのでございます……？」%K%P
「依夜大人才是，您为什么要在这里，\n 搞成这个模样呢……？」\n（阳菜这里平常语和敬语并用，很不自然）%K%P
%LC依夜
%LC依夜
「この隙間にペンを落としてしまって。\n　拾おうとしてるのだけど、届かなくて」%K%P
「我的笔不小心掉在了缝隙里。\n 我想来捡，可是够不到。」%K%P
驚き過ぎて丁寧語がバグったオレに、\nしっかり事情を説明してくれる依夜様。%K%P
因为太过惊讶，我连敬语都说不清楚了，\n然后，依夜大人认真地向我说明情况。%K%P
お尻に気取られて全体を見てなかったけど、\n確かに依夜様の姿勢は、物を拾うときのそれだ。%K%P
虽然被屁股吸引到了，没看清全貌，\n不过依夜大人的姿势，确实是捡东西的样子。%K%P
%LC依夜
%LC依夜
「それで、悪いのだけど。押してくれる？」%K%P
「所以，不好意思啊，能推我一把不？」%K%P
%LC陽菜
%LC阳菜
「おす……？」%K%P
「推……？」%K%P
%LC依夜
%LC依夜
「あと少しで届きそうなの。\n　でも、その少しが、どうにも遠くて」%K%P
「再有一点点就够到了。\n 可是，那一点点，实在是太遥远了」%K%P
%LC依夜
%LC依夜
「だから、押して欲しいの。私を」%K%P
「所以，我想让你推一下我」%K%P
%LC陽菜
%LC阳菜
「押すって……でも、どうやって」%K%P
「推的话……但是，该怎样」%K%P
%LC依夜
%LC依夜
「お尻でいいわ。押しやすいだろうから」%K%P
「推屁股就行了。这样应该很容易推吧」%K%P
なんて言ったあと、お尻が少し持ち上がる。%K%P
她说完后，屁股稍微翘了起来。%K%P
なるべく見ないよう視界から外していたのに、\nそんなことされたら、綺麗な丸みが――、%K%P
我原本都尽量不去看了，\n可是被她这么一弄，那漂亮的圆弧就展现出来了――%K%P
%LC陽菜
%LC阳菜
「ま、待ってください。\n　お尻を押すなんて、そんな」%K%P
「等，请等等啊。\n 推屁股什么的，不好吧」%K%P
%LC依夜
%LC依夜
「私なら平気。だから、ね？　お願い」%K%P
「我的话不在意。所以，呐？　拜托你了」%K%P
%LC陽菜
%LC阳菜
「んっ……」%K%P
「嗯……」%K%P
お尻を突き出した上に、平気とかお願いとか、\nそんなのまったく違う意味にしか聞こえなくて。%K%P
屁股都撅起来了，还说什么"不在意"，\n在我（♂）听来，完全是“别的”意思啊。%K%P
足とお尻を包み込むストッキングの色とは対照的に、\nこっちの頭の中はどんどん真っ白に――、%K%P
与包住腿和臀部的裤袜的颜色，\n形成鲜明对比的是——\n我的大脑变得一片空白%K%P
%LC依夜
%LC依夜
「陽菜、早く」%K%P
「阳菜，快点」%K%P
%LC陽菜
%LC阳菜
「は、はいっ。では、失礼してっ……」%K%P
「好，好的。那么，恕我失礼了……」%K%P
手の甲で押すべき？　なんて考えたけど、\nかえって失礼だろうし、素直に手のひらで――、%K%P
“要不要用手背去推呢？”  我思考了一下，不行，\n这样反而更失礼，于是我直接用手掌推了过去――%K%P
むにゅりんっ。%K%P
Duang~~%K%P
%LC陽菜
%LC阳菜
「うわっ……」%K%P
「呜哇啊……」%K%P
依夜様のお尻、すごい。%K%P
依夜大人的屁股，好厉害。%K%P
どのぐらいすごいかって、男子の邪な気持ちを\nあっさり吹っ飛ばしちゃうぐらいにすごい。%K%P
这已经厉害到，能把男人的邪恶内心，\n统统激发出来的程度了。%K%P
柔らかくも引き締まった弾力に、手が吸いつく。%K%P
柔软紧实富有弹力，我的手完全被吸住了%K%P
これって、大臀筋、中臀筋、小臀筋が\nバランス良く鍛えられているからなんだろうか。%K%P
这臀大肌、臀中肌和臀小肌的触感，\n果然都得到了均衡的锻炼吗。%K%P
でも、どうやって鍛えたら、こんな感じに――、%K%P
但是，要怎么锻炼，才会有这种触感――%K%P
%LC依夜
%LC依夜
「んうっ……」%K%P
「唔……」%K%P
えっ……？　い、いまの声、なんか――、%K%P
欸……？　刚，刚刚的声音，难道――%K%P
%LC依夜
%LC依夜
「私、押してとは頼んだけれど、\n　揉んでほしいとは、一言も……ひあっ」%K%P
「我只是，让你帮忙推我一下，\n 揉的事，一句也没……咿呀」%K%P
%LC陽菜
%LC阳菜
「あっ……すすすすすみませんっ！\n　ほんとごめんなさい、ついっ……！」%K%P
「啊……对对对对对对不起！\n 真的很抱歉，刚才的事……！」%K%P
%LC依夜
%LC依夜
「謝らなくていいから、早く――」%K%P
「道歉就先免了，还是快点——」%K%P
%LC陽菜
%LC阳菜
「押します押しますっ！\n　いま押しますすぐ押します絶対押しますっ」%K%P
「我推我在推！\n 现在就推马上就推绝对是在推」%K%P
%LC依夜
%LC依夜
「んやうっ」%K%P
「嗯呜~~」%K%P
%LC陽菜
%LC阳菜
「わわわわわわっ」%K%P
「呜哇哇哇哇」%K%P
出来るだけソフトに押すつもりが、\n慌てすぎた結果、ぐいっと押してしまって。%K%P
本来想尽量好好推的，\n结果太过慌张，直接猛推了一下%K%P
艶っぽい吐息とテンパった声が、\n静かな教室に思いっきり響き渡ってしまった。%K%P
妖艳的娇息和嘶哑的喊叫，\n顿时响彻了安静的教室。%K%P
%LC依夜
%LC依夜
「ありがとう、陽菜。助かったわ」%K%P
「谢谢你，阳菜。帮大忙了」%K%P
%LC陽菜
%LC阳菜
「いえ、こちらこそありがとうございます」%K%P
「不，我才应该谢谢你呢」%K%P
%LC依夜
%LC依夜
「……？　どうして陽菜がお礼を言うの？」%K%P
「……嗯？　为什么阳菜要道谢呢？」%K%P
%LC陽菜
%LC阳菜
「あっ……あはは、どうしてでしょう……」%K%P
「啊……啊哈哈，为什么呢……」%K%P
無事にペンを拾えた依夜様からお礼を言われて、\n思わずお礼を返してしまう。%K%P
捡到笔的依夜大人，向我道了谢，\n而我不由自主地回谢了……%K%P
どうしよう。手に残ったお尻の感触が、\nまったく消えてくれない。%K%P
怎么办啊？留在手上屁股触感，\n现在完全没有消失。%K%P
こんなの、寮に持ち帰ったりしたら――、%K%P
要是把这种感觉，带回宿舍的话――%K%P
%LC依夜
%LC依夜
「それで？　陽菜、どうしてここに？」%K%P
「所以？  阳菜，你怎么会在这里？」%K%P
%LC陽菜
%LC阳菜
「っと、そうでした。\n　これを依夜様に届けにきたんでした」%K%P
「啊，对哦。\n 我是来给依夜大人送这个的」%K%P
%LC依夜
%LC依夜
「手紙……？　陽菜が書いたの？」%K%P
「信……？　阳菜写给我的？」%K%P
%LC陽菜
%LC阳菜
「違います違いますっ。\n　さっき拾ったんです」%K%P
「不是啦不是啦。\n 是刚才捡到的」%K%P
%LC陽菜
%LC阳菜
「差し出し人の名前が書いてなかったので。\n　依夜様に届けるのが一番かと思って」%K%P
「因为没有写寄件人的名字。\n 所以想着最好还是交给依夜大人吧」%K%P
封筒の表に書かれた宛名を見せながら、\n慌てて説明を付け足す。%K%P
一边确认信封正面的收件人姓名，\n一边慌忙地补充说明。%K%P
っていうか、よく考えたら危なかった。%K%P
说起来，仔细想想还挺危险啊。%K%P
もしオレが依夜様の席を知っていて、\nこの手紙を机に入れて帰っていたとして。%K%P
如果我知道依夜大人的座位，\n然后把这封信放到桌柜里就回去了——%K%P
万一、それを誰かに見られていたら、\nあらぬ誤解や噂が流れちゃうところだった。%K%P
万一被谁看到了，\n肯定会产生不必要的误会和流言的。%K%P
%LC依夜
%LC依夜
「どこで拾ったの？」%K%P
「在哪里捡到的？」%K%P
%LC陽菜
%LC阳菜
「２年の廊下です」%K%P
「2年级的走廊里」%K%P
%LC依夜
%LC依夜
「そう……。なら、書いた子は２年かも」%K%P
「这样……那么，写信的人可能是2年级的」%K%P
受け取った封筒の裏表を確認した依夜様は、\nその場で開封し、中を確かめる。%K%P
依夜大人确认了下信封的正反面，\n然后当场拆开信封，确认里面的内容。%K%P
出てきたのは、封筒と揃いの便せん。%K%P
拿出来的，是信封和信纸%K%P
オレ宛の手紙もそうだったから、おそらく\nそういうレターセットが売られているんだろう。%K%P
给我的信也是这样，\n估计是有类似的套装出售吧。%K%P
%LC依夜
%LC依夜
「……うん。確かに受け取ったわ」%K%P
「……嗯。我现在收到了」%K%P
便せんに目を通した依夜様は、\n小さく頷き、それを封筒へと戻す。%K%P
依夜大人看完信，轻轻点了点头，\n然后放回了信封里。%K%P
正直、どんな内容なのか、すっごい気になる。%K%P
说实话，我很好奇是什么内容%K%P
けど、それを尋ねるのは、さすがに……。%K%P
但是，问这种事是不可能的啦……%K%P
%LC依夜
%LC依夜
「陽菜？　どうかした？」%K%P
「阳菜？　怎么了？」%K%P
%LC陽菜
%LC阳菜
「いえ、なんでも」%K%P
「不，没什么」%K%P
%LC依夜
%LC依夜
「なんでもないことないでしょう？\n　さっきからずっと神妙な顔をして」%K%P
「没什么肯定是假的吧？\n 从刚才开始，就一直摆出一副奇怪的表情」%K%P
%LC依夜
%LC依夜
「なにかあるなら言って。\n　無理なら無理って断るから」%K%P
「有什么事就说吧。\n 不行的话我会拒绝的啦」%K%P
%LC陽菜
%LC阳菜
「ん……。それなら――」%K%P
「嗯……。这样的话——」%K%P
%LC陽菜
%LC阳菜
「依夜様、失礼を承知でお尋ねします。\n　その手紙って、ラブレターですか？」%K%P
「依夜大人，恕我冒昧询问。\n 那封信，是情书吗？」%K%P
%LC依夜
%LC依夜
「そうかもしれないけど、違うかもしれない」%K%P
「也许算是，也许不是呢」%K%P
%LC陽菜
%LC阳菜
「どういうことですか？」%K%P
「为什么这么说？」%K%P
%LC依夜
%LC依夜
「好きとは書いてあるけれど、\n　付き合いたい、といった文言がないから」%K%P
「虽然写着“喜欢”的字眼，\n 却没有“想交往”这句话呢。」%K%P
%LC陽菜
%LC阳菜
「好きって書いてあるなら、\n　それはもう、ラブレターなんじゃ……？」%K%P
「既然写着喜欢的话，\n 那不就算是，情书了吗……？」%K%P
%LC依夜
%LC依夜
「そうとも言い切れないの。\n　こういった手紙は、毎日のように貰うから」%K%P
「也不能这么断言哦。\n 像这样的信，我每天都能收到啦。」%K%P
%LC陽菜
%LC阳菜
「毎日……？」%K%P
「毎天……？」%K%P
%LC依夜
%LC依夜
「うん。ほら、ここに」%K%P
「嗯，你看，这全都是」%K%P
依夜様が指さした机の上には、\nざっと数えて１０通近い手紙があった。%K%P
我看向了依夜大人指着的桌子……\n粗略数了一下，有将近10封信在那。%K%P
%LC陽菜
%LC阳菜
「これ全部、依夜様宛ての……？」%K%P
「这些都是，给依夜大人的……？」%K%P
%LC依夜
%LC依夜
「そう。これは今日もらった分」%K%P
「对。这是今天拿到的份量」%K%P
%LC陽菜
%LC阳菜
「今日って……じゃあこれ、\n　１日分ってことですか……っ？」%K%P
「今天……也就是这些，\n 都是1天的份量……吗？」%K%P
%LC依夜
%LC依夜
「この前、{舞闘:カデンツァ}のテストをしたでしょう？\n　そのときの感想を手紙でくれる子が多くて」%K%P
「不久，我们不是测试了{舞斗:华彩乐}吗？\n 于是很多人写信给我，告诉我她们的感想」%K%P
%LC依夜
%LC依夜
「さすがに、いつもはもっと少ないから」%K%P
「不过，平时也就少一点」%K%P
%LC陽菜
%LC阳菜
「それにしたってすごいです」%K%P
「这也太厉害了吧」%K%P
人気があるのは知っていたけど、\nこれほどだったなんて――、%K%P
虽然知道她很受欢迎，\n但没想到，这么受欢迎――%K%P
……って、そうか。そういうことか。%K%P
……所以，原来是这样啊%K%P
%LC陽菜
%LC阳菜
「つまりこの手紙は、\n　依夜様宛てのファンレターなんですね」%K%P
「也就是说这封信，\n 是写给依夜大人的“粉丝信”呢」%K%P
%LC依夜
%LC依夜
「自分でそう言ってしまうのは、\n　おこがましい気もするのだけど……」%K%P
「自己说着这词，\n 都感觉有点可笑呢……」%K%P
%LC依夜
%LC依夜
「その表現が、一番近いと思う」%K%P
「不过这个意思，还真的挺接近的」%K%P
有名人や著名人に向けて、\n自分の想いや感謝を伝える手紙――ファンレター。%K%P
写给有名或著名的人，\n表达自己想法和感谢的信——粉丝信。%K%P
確かにそれなら、好きって言葉が出てきた上で、\n交際うんぬんの話がなくてもおかしくはない。%K%P
确实是的话，即便是说了“喜欢”，\n就算没说“交往”也不奇怪了。%K%P
%LC陽菜
%LC阳菜
「けど、こんなに貰うと大変じゃないですか？」%K%P
「不过，收下这么多不会很辛苦吗？」%K%P
%LC依夜
%LC依夜
「そうね。今日はとくに多かったから、\n　なかなか書き終わらなくて、こんな時間に」%K%P
「是啊。今天特别多呢，\n 回信怎么也写不完，都写到这么晚了」%K%P
%LC陽菜
%LC阳菜
「書き終わらない、って……依夜様、\n　ファンレターに返事を出すんですか？」%K%P
「怎么也写不完……依夜大人，\n 粉丝信也要写回信吗？」%K%P
%LC依夜
%LC依夜
「うん」%K%P
「嗯」%K%P
%LC陽菜
%LC阳菜
「これ、全部に？」%K%P
「这些，全部都要？」%K%P
%LC依夜
%LC依夜
「そうだけど」%K%P
「就是这样」%K%P
それがなにか？　って感じで、\nきょっとんと首を傾げる依夜様。%K%P
像是说着“为什么不”的感觉，\n依夜大人歪着头看着我。%K%P
%LC依夜
%LC依夜
「初めて手紙を貰ったときから、\n　ずっとそうしてきたから」%K%P
「从第一次收到信开始，\n 我就一直这么做了」%K%P
%LC依夜
%LC依夜
「私、自分の考えや気持ちを言葉にするとき、\n　どうしても時間がかかってしまうの」%K%P
「我的话，把想法和心情流于言表时，\n 总是会很花时间呢。」%K%P
%LC依夜
%LC依夜
「自分の気持ちを言葉にするのが、\n　あまり、得意なほうではなくて……」%K%P
「用语言表达自己的心情，\n 我实在是，不太擅长……」%K%P
%LC依夜
%LC依夜
「でも、手紙なら時間をかけて、\n　言葉を選ぶことができるでしょう？」%K%P
「但是，如果是写信的话，\n 就可以花时间组织语言了吧？」%K%P
%LC依夜
%LC依夜
「だから、手紙は好き。\n　貰うのも、あげるのも」%K%P
「所以，我很喜欢信。\n 无论收下，抑或寄出」%K%P
%LC依夜
%LC依夜
「さっき陽菜が届けてくれた手紙にも、\n　もちろん、返事を書くつもりよ」%K%P
「刚才如果是阳菜寄来的信，\n 当然，我也会回信的哦」%K%P
%LC陽菜
%LC阳菜
「でも、さっきの手紙には、\n　差し出し人の名前がなかったはずじゃ」%K%P
「不过，刚才那封信上，\n 应该没有寄信人的名字呀……」%K%P
%LC依夜
%LC依夜
「明日の放課後に、会ってお話がしたいって。\n　場所と時間が書いてあったから」%K%P
「她说想明天放学后想见面谈谈，\n 上面还写着地点和时间呢」%K%P
%LC依夜
%LC依夜
「そのとき、手紙を渡すつもり」%K%P
「我打算那个时候，把回信交给她」%K%P
%LC陽菜
%LC阳菜
「明日の放課後に、会って話を――」%K%P
「明天放学后，见面谈谈——」%K%P
オレが受け取った手紙と、まったく同じだ。%K%P
和我收到的信一模一样%K%P
ってことは、オレと依夜様に手紙を出したのは、\n同じ子だってことだろうか。%K%P
也就是说，给我和依夜大人写信的，\n是同一个人吗%K%P
でも、封筒の宛名の筆跡は、\n同じようには見えなかったし――。%K%P
但是信封上的笔迹，\n又看起来不一样――%K%P
%LC美実
%LC美实
「おっ、いたいた。\n　良かった、まだ帰ってなくて」%K%P
「哦，找到了找到了。\n 太好了，还没回去」%K%P
%LC陽菜
%LC阳菜
「美実様……。どうしたんですか？」%K%P
「美实大人……有什么事吗？」%K%P
%LC美実
%LC美实
「ちょっと伝えたい事ができて。\n　それで陽菜ちゃんを探してたんだよ」%K%P
「只是有件事想说说。\n 所以一直在找阳菜酱你哦」%K%P
%LC美実
%LC美实
「ほらこれ。見覚えあるでしょ？」%K%P
「你看这个。有印象吧？」%K%P
そう言って美実様が見せてきたのは、\nいまさっき依夜様に届けたものと同じ封筒だった。%K%P
说着，美实大人拿出了一个，\n和刚才依夜大人收到的一样的信封——%K%P
