杏奈ちゃんの練習に付き合った翌朝は、\n思いがけず早く目が覚めた。%K%P
杏奈ちゃんの練習に付き合った翌朝は、\n思いがけず早く目が覚めた。%K%P
いつもより身体を動かした疲れが利いて、\n寝付きがよかったせいかもしれない。%K%P
いつもより身体を動かした疲れが利いて、\n寝付きがよかったせいかもしれない。%K%P
%LC陽菜
%LC陽菜
「おはよう、姉さん」%K%P
「おはよう、姉さん」%K%P
%LC宗千佳
%LC宗千佳
「陽菜か。今朝は早いな」%K%P
「陽菜か。今朝は早いな」%K%P
%LC陽菜
%LC陽菜
「自然と目が覚めちゃって」%K%P
「自然と目が覚めちゃって」%K%P
顔を洗おうと洗面所に向かう途中、\n食欲をくすぐる匂いに誘われてリビングへ。%K%P
顔を洗おうと洗面所に向かう途中、\n食欲をくすぐる匂いに誘われてリビングへ。%K%P
キッチンに立つ姉さんは、\nてきぱきと３人分の食事を用意していた。%K%P
キッチンに立つ姉さんは、\nてきぱきと３人分の食事を用意していた。%K%P
%LC宗千佳
%LC宗千佳
「その様子だと、\n　夕べの成果は上々だったようだな」%K%P
「その様子だと、\n　夕べの成果は上々だったようだな」%K%P
%LC陽菜
%LC陽菜
「うん。盾を活かした戦術を考えるのも、\n　それを教えるのも、楽しくて」%K%P
「うん。盾を活かした戦術を考えるのも、\n　それを教えるのも、楽しくて」%K%P
%LC宗千佳
%LC宗千佳
「杏奈は運動神経もいいし、勘もいい」%K%P
「杏奈は運動神経もいいし、勘もいい」%K%P
%LC宗千佳
%LC宗千佳
「考えすぎる部分と本番の弱さを克服すれば、\n　学年上位にも引けを取らない力がある」%K%P
「考えすぎる部分と本番の弱さを克服すれば、\n　学年上位にも引けを取らない力がある」%K%P
%LC陽菜
%LC陽菜
「そうだね。私もそう思う」%K%P
「そうだね。私もそう思う」%K%P
杏奈ちゃんのコーチをして何より感心したのは、\nとにかく飲み込みが早いことだった。%K%P
杏奈ちゃんのコーチをして何より感心したのは、\nとにかく飲み込みが早いことだった。%K%P
いまは頭で考えて身体を動かしているけど、\n身体が自然と動くようになれば、確実に強くなる。%K%P
いまは頭で考えて身体を動かしているけど、\n身体が自然と動くようになれば、確実に強くなる。%K%P
そのために必要なのは、経験値。%K%P
そのために必要なのは、経験値。%K%P
今年からノーブルに転科した杏奈ちゃんは、\n他の子に比べ、どうしてもそれが不足している。%K%P
今年からノーブルに転科した杏奈ちゃんは、\n他の子に比べ、どうしてもそれが不足している。%K%P
オレが一緒に練習することで多少は補えるだろうけど、\nそれだって、どうしても限界はある。%K%P
オレが一緒に練習することで多少は補えるだろうけど、\nそれだって、どうしても限界はある。%K%P
%LC陽菜
%LC陽菜
「もっと時間があればなぁ……。\n　杏奈ちゃん、もっと強くなれるのに」%K%P
「もっと時間があればなぁ……。\n　杏奈ちゃん、もっと強くなれるのに」%K%P
杏奈ちゃんの実技試験は、来週の水曜。%K%P
杏奈ちゃんの実技試験は、来週の水曜。%K%P
今日は土曜だから、使える時間には限りがある。%K%P
今日は土曜だから、使える時間には限りがある。%K%P
昨日のように放課後に練習といっても、\n中庭でやれることには、限りもあるし――、%K%P
昨日のように放課後に練習といっても、\n中庭でやれることには、限りもあるし――、%K%P
%LC宗千佳
%LC宗千佳
「夜は閉まるトレーニングルームだが、他の部活の\n　朝練に合わせて、朝は７時から開いている」%K%P
「夜は閉まるトレーニングルームだが、他の部活の\n　朝練に合わせて、朝は７時から開いている」%K%P
%LC宗千佳
%LC宗千佳
「それと、試験期間中に限っては、\n　休日も解放している」%K%P
「それと、試験期間中に限っては、\n　休日も解放している」%K%P
%LC宗千佳
%LC宗千佳
「どちらも放課後に比べると利用者は少ない。\n　杏奈と練習しても目立たないだろう」%K%P
「どちらも放課後に比べると利用者は少ない。\n　杏奈と練習しても目立たないだろう」%K%P
%LC陽菜
%LC陽菜
「そうなんだ……。\n　教えてくれてありがとう、姉さん」%K%P
「そうなんだ……。\n　教えてくれてありがとう、姉さん」%K%P
杏奈ちゃんの都合次第だけど、\n今日、さっそく提案してみよう。%K%P
杏奈ちゃんの都合次第だけど、\n今日、さっそく提案してみよう。%K%P
%LC宗千佳
%LC宗千佳
「本当はこのこと、\n　おまえに教えるつもりはなかったんだがな」%K%P
「本当はこのこと、\n　おまえに教えるつもりはなかったんだがな」%K%P
%LC陽菜
%LC陽菜
「なんで」%K%P
「なんで」%K%P
%LC宗千佳
%LC宗千佳
「教えたら、絶対に活用しようとするだろう？」%K%P
「教えたら、絶対に活用しようとするだろう？」%K%P
%LC宗千佳
%LC宗千佳
「女装して学園生活。その上、補佐代理――」%K%P
「女装して学園生活。その上、補佐代理――」%K%P
%LC宗千佳
%LC宗千佳
「たたでさえ疲れているんだ。休みの日ぐらい、\n　ゆっくりしてもらいたかったからな」%K%P
「たたでさえ疲れているんだ。休みの日ぐらい、\n　ゆっくりしてもらいたかったからな」%K%P
%LC陽菜
%LC陽菜
「姉さん……」%K%P
「姉さん……」%K%P
こういうちょっと不器用な気の回し方、\nいかにも姉さんっぽい。%K%P
こういうちょっと不器用な気の回し方、\nいかにも姉さんっぽい。%K%P
%LC宗千佳
%LC宗千佳
「ところで、顔を洗うつもりじゃなかったのか？」%K%P
「ところで、顔を洗うつもりじゃなかったのか？」%K%P
%LC陽菜
%LC陽菜
「っと、そうだった」%K%P
「っと、そうだった」%K%P
つい話し込んで、\n当初の目的を忘れるところだった。%K%P
つい話し込んで、\n当初の目的を忘れるところだった。%K%P
%LCニナ
%LCニナ
%XS21「むぁぁあぅっ」%XE%K%P
%XS21「むぁぁあぅっ」%XE%K%P
%LC陽菜
%LC陽菜
「ひんっ！？」%K%P
「ひんっ！？」%K%P
なっ、ななななっ……！？%K%P
なっ、ななななっ……！？%K%P
%LC陽菜
%LC陽菜
「って……ニナさん……？」%K%P
「って……ニナさん……？」%K%P
ぬるっと人影が現れて変な声が出たけど、\nよくよく見たらニナさんだった。%K%P
ぬるっと人影が現れて変な声が出たけど、\nよくよく見たらニナさんだった。%K%P
%LC宗千佳
%LC宗千佳
「起きたのか、ニナ」%K%P
「起きたのか、ニナ」%K%P
%LCニナ
%LCニナ
「うんー……」%K%P
「うんー……」%K%P
%LC宗千佳
%LC宗千佳
「徹夜か？」%K%P
「徹夜か？」%K%P
%LCニナ
%LCニナ
「だってぇ、例のやつの調整でぇ……。\n　いろいろ……大変でぇ……ふぁああああ」%K%P
「だってぇ、例のやつの調整でぇ……。\n　いろいろ……大変でぇ……ふぁああああ」%K%P
%LC宗千佳
%LC宗千佳
「コーヒーは？」%K%P
「コーヒーは？」%K%P
%LCニナ
%LCニナ
「いるぅ……」%K%P
「いるぅ……」%K%P
%LC陽菜
%LC陽菜
「……あの、ニナさん？」%K%P
「……あの、ニナさん？」%K%P
%LCニナ
%LCニナ
「あっ……ヒナちゃん、おはよぉ」%K%P
「あっ……ヒナちゃん、おはよぉ」%K%P
%LC陽菜
%LC陽菜
「フラフラですけど大丈夫ですか？」%K%P
「フラフラですけど大丈夫ですか？」%K%P
%LCニナ
%LCニナ
「うん、超よゆうっちー」%K%P
「うん、超よゆうっちー」%K%P
%LCニナ
%LCニナ
「こういうときは、むーちゃんに抱きつけば、\n　いっぱつで元気出ちゃうからぁ……くふふっ」%K%P
「こういうときは、むーちゃんに抱きつけば、\n　いっぱつで元気出ちゃうからぁ……くふふっ」%K%P
%LC宗千佳
%LC宗千佳
「バカ。こっちは料理中だ」%K%P
「バカ。こっちは料理中だ」%K%P
%LCニナ
%LCニナ
「邪魔しないもんねー。えいっ」%K%P
「邪魔しないもんねー。えいっ」%K%P
%LC宗千佳
%LC宗千佳
「ったく……」%K%P
「ったく……」%K%P
%LC陽菜
%LC陽菜
「ホントに仲良いね、二人って」%K%P
「ホントに仲良いね、二人って」%K%P
%LCニナ
%LCニナ
「仲良くて当然でしょー？　だって私たち、\n　{歌姫:ディーバ}と{騎士:ワルキュリア}だもん」%K%P
「仲良くて当然でしょー？　だって私たち、\n　{歌姫:ディーバ}と{騎士:ワルキュリア}だもん」%K%P
%LC宗千佳
%LC宗千佳
「お姫様のために、\n　剣ではなく包丁を振るう日々だがな」%K%P
「お姫様のために、\n　剣ではなく包丁を振るう日々だがな」%K%P
%LCニナ
%LCニナ
「んふふっ、よきにはからえー」%K%P
「んふふっ、よきにはからえー」%K%P
後ろからニナさんが抱きつくけど、\n姉さんはまったく気にせず料理を続ける。%K%P
後ろからニナさんが抱きつくけど、\n姉さんはまったく気にせず料理を続ける。%K%P
もしかするとこういうの、\n日常茶飯事なのかもしれない。%K%P
もしかするとこういうの、\n日常茶飯事なのかもしれない。%K%P
姉さんの朝食を美味しくいただいたあと、\n早速、トレーニングルームを見に行くことに。%K%P
姉さんの朝食を美味しくいただいたあと、\n早速、トレーニングルームを見に行くことに。%K%P
利用者は少ないって姉さんは言っていたけど、\nゼロではないだろうし、雰囲気は知っておきたい。%K%P
利用者は少ないって姉さんは言っていたけど、\nゼロではないだろうし、雰囲気は知っておきたい。%K%P
朝のトレーニングルームは、\n思った以上に閑散としていた。%K%P
朝のトレーニングルームは、\n思った以上に閑散としていた。%K%P
授業中や放課後の賑やかな印象が強かったから、\n余計にそう感じてしまうのかもしれない。%K%P
授業中や放課後の賑やかな印象が強かったから、\n余計にそう感じてしまうのかもしれない。%K%P
これなら人目を気にする心配もなさそうだ。%K%P
これなら人目を気にする心配もなさそうだ。%K%P
ただ、さすがに誰もいないということはなくて、\n女の子が一人、黙々と素振りをしていた。%K%P
ただ、さすがに誰もいないということはなくて、\n女の子が一人、黙々と素振りをしていた。%K%P
どうやら連携を思案しているようで、\n確かめるようにクラージュを振っている。%K%P
どうやら連携を思案しているようで、\n確かめるようにクラージュを振っている。%K%P
あの真剣な横顔は、見間違えようもない――、%K%P
あの真剣な横顔は、見間違えようもない――、%K%P
%LC梨理
%LC梨理
「……あ」%K%P
「……あ」%K%P
オレの気配に気付いたんだろう、\n梨理ちゃんがこちらを振り向く。%K%P
オレの気配に気付いたんだろう、\n梨理ちゃんがこちらを振り向く。%K%P
と、授業中もそうだったように、\nこちらにたたたっと駆け寄ってきた。%K%P
と、授業中もそうだったように、\nこちらにたたたっと駆け寄ってきた。%K%P
%LC梨理
%LC梨理
「おはようございます、陽菜センセ」%K%P
「おはようございます、陽菜センセ」%K%P
%LC陽菜
%LC陽菜
「先生って……。授業中はともかく、今は――」%K%P
「先生って……。授業中はともかく、今は――」%K%P
%LC梨理
%LC梨理
「別にいいじゃないですか。\n　センセはセンセだし」%K%P
「別にいいじゃないですか。\n　センセはセンセだし」%K%P
%LC梨理
%LC梨理
「それより、どうしたんです？\n　こんな朝早くから」%K%P
「それより、どうしたんです？\n　こんな朝早くから」%K%P
%LC陽菜
%LC陽菜
「ここ、朝から開いてるって聞いて。\n　様子を見に来たんだよ」%K%P
「ここ、朝から開いてるって聞いて。\n　様子を見に来たんだよ」%K%P
%LC陽菜
%LC陽菜
「梨理ちゃんは自主練？」%K%P
「梨理ちゃんは自主練？」%K%P
%LC梨理
%LC梨理
「まあ、はい。\n　朝は人も少なくて気兼ねないので」%K%P
「まあ、はい。\n　朝は人も少なくて気兼ねないので」%K%P
%LC陽菜
%LC陽菜
「そういえば、放課後は見掛けないね」%K%P
「そういえば、放課後は見掛けないね」%K%P
%LC梨理
%LC梨理
「放課後は放課後で、\n　いろいろやることありますし」%K%P
「放課後は放課後で、\n　いろいろやることありますし」%K%P
%LC梨理
%LC梨理
「ところでセンセ、いま暇ですか？」%K%P
「ところでセンセ、いま暇ですか？」%K%P
%LC陽菜
%LC陽菜
「少しぐらいなら、時間あるけど」%K%P
「少しぐらいなら、時間あるけど」%K%P
%LC梨理
%LC梨理
「なら、私と戦ってくれません？」%K%P
「なら、私と戦ってくれません？」%K%P
%LC陽菜
%LC陽菜
「戦うって……いま？　ここで？」%K%P
「戦うって……いま？　ここで？」%K%P
%LC梨理
%LC梨理
「はい。テアトルじゃないのは残念ですけど、\n　ここでも模擬戦は出来ますし」%K%P
「はい。テアトルじゃないのは残念ですけど、\n　ここでも模擬戦は出来ますし」%K%P
%LC陽菜
%LC陽菜
「けど、今朝は下見のつもりだったから。\n　フィエルテもクラージュも持ってきてなくて」%K%P
「けど、今朝は下見のつもりだったから。\n　フィエルテもクラージュも持ってきてなくて」%K%P
%LC梨理
%LC梨理
「むぅ……」%K%P
「むぅ……」%K%P
%LC陽菜
%LC陽菜
「本当だってば。ほら、手ぶらでしょ？」%K%P
「本当だってば。ほら、手ぶらでしょ？」%K%P
剣道やフェンシングに比べ、{舞闘:カデンツァ}の用具は\nかさばらないし、持ち歩きやすい。%K%P
剣道やフェンシングに比べ、{舞闘:カデンツァ}の用具は\nかさばらないし、持ち歩きやすい。%K%P
とはいえ、今日は本当に下見のつもりだったから、\n鞄と一緒に教室に置いてきてしまった。%K%P
とはいえ、今日は本当に下見のつもりだったから、\n鞄と一緒に教室に置いてきてしまった。%K%P
%LC陽菜
%LC陽菜
「念のため言っておくけど。\n　梨理ちゃんと戦いたくないわけじゃないよ？」%K%P
「念のため言っておくけど。\n　梨理ちゃんと戦いたくないわけじゃないよ？」%K%P
オレだって、彼女の実力は肌で感じたい。%K%P
オレだって、彼女の実力は肌で感じたい。%K%P
それに、依夜様との一戦以降、\nずっと指導ばかりで戦いたい意欲もあるし。%K%P
それに、依夜様との一戦以降、\nずっと指導ばかりで戦いたい意欲もあるし。%K%P
%LC梨理
%LC梨理
「そんなこと言って。陽菜センセ、\n　私に負けるのが怖いんじゃないですか？」%K%P
「そんなこと言って。陽菜センセ、\n　私に負けるのが怖いんじゃないですか？」%K%P
%LC陽菜
%LC陽菜
「言うね、梨理ちゃん」%K%P
「言うね、梨理ちゃん」%K%P
%LC梨理
%LC梨理
「強いですから、私」%K%P
「強いですから、私」%K%P
%LC陽菜
%LC陽菜
「知ってる」%K%P
「知ってる」%K%P
%LC梨理
%LC梨理
「私が戦ってるとこ、見たことないくせに」%K%P
「私が戦ってるとこ、見たことないくせに」%K%P
%LC陽菜
%LC陽菜
「練習中の動きを見れば、\n　強いことぐらいはわかるから」%K%P
「練習中の動きを見れば、\n　強いことぐらいはわかるから」%K%P
%LC陽菜
%LC陽菜
「だからといって、負けるとは思ってないけど」%K%P
「だからといって、負けるとは思ってないけど」%K%P
%LC梨理
%LC梨理
「言いますね」%K%P
「言いますね」%K%P
フェンシングの試合でいうなら、\n剣先を振って相手を牽制するような言葉の応酬。%K%P
フェンシングの試合でいうなら、\n剣先を振って相手を牽制するような言葉の応酬。%K%P
冗談めかした挑発にこちらも挑発で応じると、\n梨理ちゃんは悪戯っぽく笑った。%K%P
冗談めかした挑発にこちらも挑発で応じると、\n梨理ちゃんは悪戯っぽく笑った。%K%P
%LC梨理
%LC梨理
「なら、ちょっとしたゲームしません？」%K%P
「なら、ちょっとしたゲームしません？」%K%P
%LC陽菜
%LC陽菜
「ゲーム？」%K%P
「ゲーム？」%K%P
%LC梨理
%LC梨理
「フェンシングのスタイルで向き合って、\n　相手にタッチできたら勝ちってゲームです」%K%P
「フェンシングのスタイルで向き合って、\n　相手にタッチできたら勝ちってゲームです」%K%P
%LC梨理
%LC梨理
「使って良いのは、利き手だけ。\n　タッチの有効範囲は、フルーレと同じ胴全体」%K%P
「使って良いのは、利き手だけ。\n　タッチの有効範囲は、フルーレと同じ胴全体」%K%P
%LC梨理
%LC梨理
「相手の手を払いのけるのはアリですが、\n　握ったり掴んだりするのは反則負け」%K%P
「相手の手を払いのけるのはアリですが、\n　握ったり掴んだりするのは反則負け」%K%P
%LC梨理
%LC梨理
「これ、練習でよくやってたゲームなんです。\n　これならフィエルテもクラージュも要りません」%K%P
「これ、練習でよくやってたゲームなんです。\n　これならフィエルテもクラージュも要りません」%K%P
%LC梨理
%LC梨理
「どうです？　センセ」%K%P
「どうです？　センセ」%K%P
%LC梨理
%LC梨理
「じゃあ、しっかり準備してください」%K%P
「じゃあ、しっかり準備してください」%K%P
%LC梨理
%LC梨理
「ウォームアップ不足で負けた――、\n　なんて言い訳されたら興醒めなので」%K%P
「ウォームアップ不足で負けた――、\n　なんて言い訳されたら興醒めなので」%K%P
%LC陽菜
%LC陽菜
「そうだね。少し待って」%K%P
「そうだね。少し待って」%K%P
制服のまま、念入りにストレッチ。%K%P
制服のまま、念入りにストレッチ。%K%P
結局、オレは梨理ちゃんの勝負を受けた。%K%P
結局、オレは梨理ちゃんの勝負を受けた。%K%P
断ることも出来たけど、\n彼女と勝負したい気持ちに抗えなかった。%K%P
断ることも出来たけど、\n彼女と勝負したい気持ちに抗えなかった。%K%P
それに、直接向き合うことで、\n彼女のことを理解できるかもしれない。%K%P
それに、直接向き合うことで、\n彼女のことを理解できるかもしれない。%K%P
妙に突っかかってくる、その理由とか。%K%P
妙に突っかかってくる、その理由とか。%K%P
%LC陽菜
%LC陽菜
「……うん。いつでもどうぞ」%K%P
「……うん。いつでもどうぞ」%K%P
%LC梨理
%LC梨理
「じゃあ、私が掛け声を」%K%P
「じゃあ、私が掛け声を」%K%P
%LC梨理
%LC梨理
「プレ――アレ！」%K%P
「プレ――アレ！」%K%P
フェンシングと同じ号令の直後、\n梨理ちゃんがぐんっと前に踏み込んでくる。%K%P
フェンシングと同じ号令の直後、\n梨理ちゃんがぐんっと前に踏み込んでくる。%K%P
やっぱり足腰のバネがすごくいい。%K%P
やっぱり足腰のバネがすごくいい。%K%P
手刀のようにぴんと伸びた手が、\n真っ直ぐにオレの胸元を狙う。%K%P
手刀のようにぴんと伸びた手が、\n真っ直ぐにオレの胸元を狙う。%K%P
%LC陽菜
%LC陽菜
「ふっ……！」%K%P
「ふっ……！」%K%P
その手を、手の甲でもって外側へと弾く。%K%P
その手を、手の甲でもって外側へと弾く。%K%P
動き的には、飛んでる虫を払うような感じだ。%K%P
動き的には、飛んでる虫を払うような感じだ。%K%P
%LC梨理
%LC梨理
「そこっ……！」%K%P
「そこっ……！」%K%P
オレに弾かれた反動を利用し、\n梨理ちゃんは下側からくるっと手を回す。%K%P
オレに弾かれた反動を利用し、\n梨理ちゃんは下側からくるっと手を回す。%K%P
とっさに身を引くと、\nオレの履いてるスカートが、ひらっと――、%K%P
とっさに身を引くと、\nオレの履いてるスカートが、ひらっと――、%K%P
%LC陽菜
%LC陽菜
「ちょっ！？　めくるのナシっ！」%K%P
「ちょっ！？　めくるのナシっ！」%K%P
%LC梨理
%LC梨理
「スカート履いてるほうが悪いんですっ」%K%P
「スカート履いてるほうが悪いんですっ」%K%P
%LC陽菜
%LC陽菜
「むちゃ言わないっ！」%K%P
「むちゃ言わないっ！」%K%P
%LC梨理
%LC梨理
「めくれるのイヤなら脱いだらどうです？」%K%P
「めくれるのイヤなら脱いだらどうです？」%K%P
%LC陽菜
%LC陽菜
「むり言わないっ！」%K%P
「むり言わないっ！」%K%P
%LC梨理
%LC梨理
「せいッ……！」%K%P
「せいッ……！」%K%P
%LC陽菜
%LC陽菜
「このっ……！」%K%P
「このっ……！」%K%P
伸びてくる手を払いのけ、\n伸ばした手は払われる。%K%P
伸びてくる手を払いのけ、\n伸ばした手は払われる。%K%P
そんな動きの連続は、\nまるでカンフー映画みたいだ。%K%P
そんな動きの連続は、\nまるでカンフー映画みたいだ。%K%P
%LC陽菜
%LC陽菜
（これ、思ったより――）%K%P
（これ、思ったより――）%K%P
仕切り直すために一旦大きく下がると、\n梨理ちゃんは深追いせず、体勢を整えた。%K%P
仕切り直すために一旦大きく下がると、\n梨理ちゃんは深追いせず、体勢を整えた。%K%P
――このゲーム、難しい。%K%P
――このゲーム、難しい。%K%P
梨理ちゃんが手強いのは当然として、\nそれ以上に大変なのが、間合いの感覚。%K%P
梨理ちゃんが手強いのは当然として、\nそれ以上に大変なのが、間合いの感覚。%K%P
フェンシングの形式で戦ってはいるけど、\nオレたちはいま、剣を持っていない。%K%P
フェンシングの形式で戦ってはいるけど、\nオレたちはいま、剣を持っていない。%K%P
当然、その分リーチは短くなるから、\n相手に触れるために距離を詰める必要がある。%K%P
当然、その分リーチは短くなるから、\n相手に触れるために距離を詰める必要がある。%K%P
けど、距離を詰めると視野は狭くなるし、\n少しでも反応が遅れると、対処が間に合わない。%K%P
けど、距離を詰めると視野は狭くなるし、\n少しでも反応が遅れると、対処が間に合わない。%K%P
なにより梨理ちゃん、思った以上に堅牢だ。%K%P
なにより梨理ちゃん、思った以上に堅牢だ。%K%P
届くと思ったこっちの攻撃を、\nギリギリで避けるのが上手い。%K%P
届くと思ったこっちの攻撃を、\nギリギリで避けるのが上手い。%K%P
無理に突っ込みすぎると、\n体勢を崩したところを狙われる――、%K%P
無理に突っ込みすぎると、\n体勢を崩したところを狙われる――、%K%P
%LC梨理
%LC梨理
「最初の勢いはどうしました？　センセ」%K%P
「最初の勢いはどうしました？　センセ」%K%P
%LC陽菜
%LC陽菜
「梨理ちゃん、強いね」%K%P
「梨理ちゃん、強いね」%K%P
%LC梨理
%LC梨理
「センセこそ」%K%P
「センセこそ」%K%P
口調こそさっきまでと同じだけど、\nその表情には一切油断がない。%K%P
口調こそさっきまでと同じだけど、\nその表情には一切油断がない。%K%P
武器がなくて距離が近い分、\n{舞闘:カデンツァ}よりも相手の顔がよく見える。%K%P
武器がなくて距離が近い分、\n{舞闘:カデンツァ}よりも相手の顔がよく見える。%K%P
得物を狙う狩人――とは、少し違うか。%K%P
得物を狙う狩人――とは、少し違うか。%K%P
けど、彼女の眼差しは真剣そのものだ。%K%P
けど、彼女の眼差しは真剣そのものだ。%K%P
%LC梨理
%LC梨理
「ちなみにこのゲーム、\n　センセのほうが有利なんですよ」%K%P
「ちなみにこのゲーム、\n　センセのほうが有利なんですよ」%K%P
%LC陽菜
%LC陽菜
「リーチが長いから、でしょ」%K%P
「リーチが長いから、でしょ」%K%P
%LC梨理
%LC梨理
「それもありますけど。\n　胸、私のほうがありますから」%K%P
「それもありますけど。\n　胸、私のほうがありますから」%K%P
%LC梨理
%LC梨理
「タッチ、しやすいでしょ？」%K%P
「タッチ、しやすいでしょ？」%K%P
顔色は変えないまま、胸を軽く張る梨理ちゃん。%K%P
顔色は変えないまま、胸を軽く張る梨理ちゃん。%K%P
そりゃ、男の胸板なんて真っ平らだけど――、%K%P
そりゃ、男の胸板なんて真っ平らだけど――、%K%P
……あれ？　このゲーム、マズくない？%K%P
……あれ？　このゲーム、マズくない？%K%P
%LC梨理
%LC梨理
「ふッ……！」%K%P
「ふッ……！」%K%P
%LC陽菜
%LC陽菜
「わっ……！？」%K%P
「わっ……！？」%K%P
一瞬の迷いを見抜かれたのか、\n素早い踏み込みから、手がぐんッと伸びてくる。%K%P
一瞬の迷いを見抜かれたのか、\n素早い踏み込みから、手がぐんッと伸びてくる。%K%P
咄嗟に払ったけど、その感触にドキッとした。%K%P
咄嗟に払ったけど、その感触にドキッとした。%K%P
すっごく今さらではあるけど、\n勝つためには、彼女の身体に触らないといけない。%K%P
すっごく今さらではあるけど、\n勝つためには、彼女の身体に触らないといけない。%K%P
フィエルテって肌にぴったりと密着してるから、\nさわる場所次第では、いろいろマズい気がする。%K%P
フィエルテって肌にぴったりと密着してるから、\nさわる場所次第では、いろいろマズい気がする。%K%P
かといって、さわられるのはもっとマズい。%K%P
かといって、さわられるのはもっとマズい。%K%P
もしこっちの胸に触られて、それで、\nあれ……？　なんて思われでもしたら――、%K%P
もしこっちの胸に触られて、それで、\nあれ……？　なんて思われでもしたら――、%K%P
%LC梨理
%LC梨理
「はッ……！」%K%P
「はッ……！」%K%P
%LC陽菜
%LC陽菜
「ちょっ……？！」%K%P
「ちょっ……？！」%K%P
気の迷いは驚くほど動きに反映されて、\n鈍ったところを立て続けに狙われる。%K%P
気の迷いは驚くほど動きに反映されて、\n鈍ったところを立て続けに狙われる。%K%P
%LC梨理
%LC梨理
「このっ……！」%K%P
「このっ……！」%K%P
%LC陽菜
%LC陽菜
「っ……！！」%K%P
「っ……！！」%K%P
こっちの足が止まったと見るや、\n立て続けに手を繰り出してくる。%K%P
こっちの足が止まったと見るや、\n立て続けに手を繰り出してくる。%K%P
たまに混ぜてくるフェイントが厄介で、\nヒヤっとする場面が、何回も――、%K%P
たまに混ぜてくるフェイントが厄介で、\nヒヤっとする場面が、何回も――、%K%P
%LC梨理
%LC梨理
「くッ……！　はッ、やあッ……！」%K%P
「くッ……！　はッ、やあッ……！」%K%P
ヤバい、早い早い早いっ……！%K%P
ヤバい、早い早い早いっ……！%K%P
できれば無難な肩や腰にタッチしたいけど、\nそんなの狙ってたら、やられるッ……！%K%P
できれば無難な肩や腰にタッチしたいけど、\nそんなの狙ってたら、やられるッ……！%K%P
%LC梨理
%LC梨理
「ぜったい、勝つっ……！」%K%P
「ぜったい、勝つっ……！」%K%P
%LC陽菜
%LC陽菜
「くッ……！」%K%P
「くッ……！」%K%P
梨理ちゃんの指先が、\nあと数ミリってところまで迫る。%K%P
梨理ちゃんの指先が、\nあと数ミリってところまで迫る。%K%P
その表情には焦燥感めいたものがあって、\n勝負を決めに来ているのが明白だった。%K%P
その表情には焦燥感めいたものがあって、\n勝負を決めに来ているのが明白だった。%K%P
けど、さすがにそれは、突っ込みすぎッ……！%K%P
けど、さすがにそれは、突っ込みすぎッ……！%K%P
%LC陽菜
%LC陽菜
「ここっ……！！」%K%P
「ここっ……！！」%K%P
無理に相手の手を払いのけず、\n軽くいなすだけにして、そのまま懐へ。%K%P
無理に相手の手を払いのけず、\n軽くいなすだけにして、そのまま懐へ。%K%P
ボクシングのクロスカウンターのような動きで、\nそのまま、梨理ちゃんの胸に――、%K%P
ボクシングのクロスカウンターのような動きで、\nそのまま、梨理ちゃんの胸に――、%K%P
%LC梨理
%LC梨理
「あっ……」%K%P
「あっ……」%K%P
音にするなら、それはきっと――ふにゅん。%K%P
音にするなら、それはきっと――ふにゅん。%K%P
勢い余って突っ込んで来た梨理ちゃんの上体を、\n片手だけで受け止めるような格好になって。%K%P
勢い余って突っ込んで来た梨理ちゃんの上体を、\n片手だけで受け止めるような格好になって。%K%P
彼女のもっている柔らかさが、\nオレの手のひらに、ぜんぶ、ぜんぶ集まって。%K%P
彼女のもっている柔らかさが、\nオレの手のひらに、ぜんぶ、ぜんぶ集まって。%K%P
うわ、どうしよう。めっちゃ、やらかい――、%K%P
うわ、どうしよう。めっちゃ、やらかい――、%K%P
%LC梨理
%LC梨理
「やっ、きゃうっ」%K%P
「やっ、きゃうっ」%K%P
%LC陽菜
%LC陽菜
「あっ……？！　ご、ごめんっ」%K%P
「あっ……？！　ご、ごめんっ」%K%P
しまった、つい手に力がっ……！？%K%P
しまった、つい手に力がっ……！？%K%P
%LC梨理
%LC梨理
「んっ……もう、センセのえっち」%K%P
「んっ……もう、センセのえっち」%K%P
%LC陽菜
%LC陽菜
「ちっ、ちがうってばっ。\n　だいたいこれはそういうルールでっ……！」%K%P
「ちっ、ちがうってばっ。\n　だいたいこれはそういうルールでっ……！」%K%P
%LC梨理
%LC梨理
「なら、なんでタッチしたあと、\n　もみってしたんですかっ？」%K%P
「なら、なんでタッチしたあと、\n　もみってしたんですかっ？」%K%P
%LC梨理
%LC梨理
「はんっ……ほら、いまだって、また……あんっ。\n　もみもみしてますよね？　ねぇ？」%K%P
「はんっ……ほら、いまだって、また……あんっ。\n　もみもみしてますよね？　ねぇ？」%K%P
%LC陽菜
%LC陽菜
「梨理ちゃんが押しつけてくるからっ」%K%P
「梨理ちゃんが押しつけてくるからっ」%K%P
%LC梨理
%LC梨理
「えー？　してませんよ？　そんなこと」%K%P
「えー？　してませんよ？　そんなこと」%K%P
ぐいっ。%K%P
ぐいっ。%K%P
%LC陽菜
%LC陽菜
「してるってばっ！」%K%P
「してるってばっ！」%K%P
って、オレが手を離せば――、%K%P
って、オレが手を離せば――、%K%P
%LC梨理
%LC梨理
「やんっ」%K%P
「やんっ」%K%P
%LC陽菜
%LC陽菜
「なんでくっついてくるのっ？！」%K%P
「なんでくっついてくるのっ？！」%K%P
%LC梨理
%LC梨理
「センセが揉んでるからじゃないですか」%K%P
「センセが揉んでるからじゃないですか」%K%P
%LC陽菜
%LC陽菜
「揉んでませんっ」%K%P
「揉んでませんっ」%K%P
%LC梨理
%LC梨理
「あっ、ひどい。\n　揉むほどないって意味ですか？」%K%P
「あっ、ひどい。\n　揉むほどないって意味ですか？」%K%P
%LC陽菜
%LC陽菜
「そんなことないから！\n　だって、こんなに――」%K%P
「そんなことないから！\n　だって、こんなに――」%K%P
%LC梨理
%LC梨理
「ひぁんっ」%K%P
「ひぁんっ」%K%P
%LC陽菜
%LC陽菜
「あああああっ」%K%P
「あああああっ」%K%P
あきらかにオレをからかって、\nおっぱいを押しつけてくる梨理ちゃん。%K%P
あきらかにオレをからかって、\nおっぱいを押しつけてくる梨理ちゃん。%K%P
負けた腹いせってわけでもないだろうけど、\nちっともオレから離れてくれない。%K%P
負けた腹いせってわけでもないだろうけど、\nちっともオレから離れてくれない。%K%P
女の子同士なら冗談で済むかもだけど、\nもし男だってバレたら、バレたら――、%K%P
女の子同士なら冗談で済むかもだけど、\nもし男だってバレたら、バレたら――、%K%P
%LC？？？
%LC？？？
「あー、陽菜様がえっちなことしてるー」%K%P
「あー、陽菜様がえっちなことしてるー」%K%P
%LC陽菜
%LC陽菜
「ひんっ！？」%K%P
「ひんっ！？」%K%P
%LC陽菜
%LC陽菜
「ちちちちちがうんですっ！\n　これはゲームをしていただけで――」%K%P
「ちちちちちがうんですっ！\n　これはゲームをしていただけで――」%K%P
%LC陽菜
%LC陽菜
「って、美実様っ？！」%K%P
「って、美実様っ？！」%K%P
%LC美実
%LC美実
「ゲームって……うわ、陽菜ちゃんって\n　ゲーム感覚で{他人:ひと}のおっぱい揉むんだ？」%K%P
「ゲームって……うわ、陽菜ちゃんって\n　ゲーム感覚で{他人:ひと}のおっぱい揉むんだ？」%K%P
%LC梨理
%LC梨理
「うぅ、どうしようお姉ちゃん。\n　私もうお嫁にいけない」%K%P
「うぅ、どうしようお姉ちゃん。\n　私もうお嫁にいけない」%K%P
%LC美実
%LC美実
「おー、よしよし。いざってときは\n　陽菜ちゃんに娶ってもらおうねぇ」%K%P
「おー、よしよし。いざってときは\n　陽菜ちゃんに娶ってもらおうねぇ」%K%P
%LC陽菜
%LC陽菜
「だからこれは誤解で――」%K%P
「だからこれは誤解で――」%K%P
……ん？　お姉ちゃん……？%K%P
……ん？　お姉ちゃん……？%K%P
%LC陽菜
%LC陽菜
「あの、もしかして二人って」%K%P
「あの、もしかして二人って」%K%P
%LC美実
%LC美実
「梨理と私？　姉妹だよ？」%K%P
「梨理と私？　姉妹だよ？」%K%P
%LC美実
%LC美実
「って……あ、そっか。\n　私、名前しか言ってなかったっけ」%K%P
「って……あ、そっか。\n　私、名前しか言ってなかったっけ」%K%P
%LC美実
%LC美実
「銀蘭って名前で呼び合うから、\n　ついハショっちゃうんだよね」%K%P
「銀蘭って名前で呼び合うから、\n　ついハショっちゃうんだよね」%K%P
%LC美実
%LC美実
「まあ、そういうわけだから。\n　椋木姉妹を、コンゴトモヨロシクー」%K%P
「まあ、そういうわけだから。\n　椋木姉妹を、コンゴトモヨロシクー」%K%P
%LC陽菜
%LC陽菜
「あっ、はい。こちらこそ」%K%P
「あっ、はい。こちらこそ」%K%P
そういえば{騎士道:シュバルリィ}の授業のとき、\n３年生の名簿を見て「あれ？」って思った気がする。%K%P
そういえば{騎士道:シュバルリィ}の授業のとき、\n３年生の名簿を見て「あれ？」って思った気がする。%K%P
いまにして思えば、美実様の苗字を、\nどこかで見た気がしていたから、だったのか。%K%P
いまにして思えば、美実様の苗字を、\nどこかで見た気がしていたから、だったのか。%K%P
%LC美実
%LC美実
「で？　二人してナニしてたの？」%K%P
「で？　二人してナニしてたの？」%K%P
%LC陽菜
%LC陽菜
「梨理ちゃんの提案で、\n　模擬戦みたいなゲームをしていて」%K%P
「梨理ちゃんの提案で、\n　模擬戦みたいなゲームをしていて」%K%P
%LC美実
%LC美実
「ああ、アレか……。\n　昔よく梨理と一緒にやってたんだよね」%K%P
「ああ、アレか……。\n　昔よく梨理と一緒にやってたんだよね」%K%P
なるほど、それでゲームのルールが\nフェンシングに似てたのか。%K%P
なるほど、それでゲームのルールが\nフェンシングに似てたのか。%K%P
%LC美実
%LC美実
「で、ゲームにかこつけて、\n　梨理のおっぱいを揉んでいたと」%K%P
「で、ゲームにかこつけて、\n　梨理のおっぱいを揉んでいたと」%K%P
%LC陽菜
%LC陽菜
「たまたまです」%K%P
「たまたまです」%K%P
%LC美実
%LC美実
「揉んだのは認めるんだ？」%K%P
「揉んだのは認めるんだ？」%K%P
%LC陽菜
%LC陽菜
「あれは、不可抗力っていうか……」%K%P
「あれは、不可抗力っていうか……」%K%P
%LC梨理
%LC梨理
「センセってばすごかったんだよ？\n　迷わずおっぱい狙ってきて」%K%P
「センセってばすごかったんだよ？\n　迷わずおっぱい狙ってきて」%K%P
%LC陽菜
%LC陽菜
「はぅ……」%K%P
「はぅ……」%K%P
おかしい。勝ったのはオレなのに、\nなんかすっごい負けた気がする。%K%P
おかしい。勝ったのはオレなのに、\nなんかすっごい負けた気がする。%K%P
けど、わざとじゃないとはいえ、\nおっぱいにさわっちゃったのは本当なわけで――、%K%P
けど、わざとじゃないとはいえ、\nおっぱいにさわっちゃったのは本当なわけで――、%K%P
って、思い出すのはよくないよくないっ。%K%P
って、思い出すのはよくないよくないっ。%K%P
%LC梨理
%LC梨理
「じゃあ私、そろそろ行きます。\n　授業前にシャワー浴びときたいし」%K%P
「じゃあ私、そろそろ行きます。\n　授業前にシャワー浴びときたいし」%K%P
%LC美実
%LC美実
「なら、陽菜ちゃんも一緒に浴びてきたら？」%K%P
「なら、陽菜ちゃんも一緒に浴びてきたら？」%K%P
%LC陽菜
%LC陽菜
「えっ？」%K%P
「えっ？」%K%P
%LC美実
%LC美実
「えっ？　じゃなくて。梨理に付き合って、\n　汗かいちゃったでしょ？」%K%P
「えっ？　じゃなくて。梨理に付き合って、\n　汗かいちゃったでしょ？」%K%P
%LC陽菜
%LC陽菜
「いっ、いいですいいです。\n　私、ぜんぜん汗かいてないので」%K%P
「いっ、いいですいいです。\n　私、ぜんぜん汗かいてないので」%K%P
%LC梨理
%LC梨理
「むっ……。別に私だって、\n　あの程度で汗なんてかいてないですけど」%K%P
「むっ……。別に私だって、\n　あの程度で汗なんてかいてないですけど」%K%P
%LC美実
%LC美実
「いやいや、梨理は汗かいてるでしょ」%K%P
「いやいや、梨理は汗かいてるでしょ」%K%P
%LC梨理
%LC梨理
「お姉ちゃんっ」%K%P
「お姉ちゃんっ」%K%P
%LC陽菜
%LC陽菜
「私がくる前から練習してたんだもの。\n　あれだけ熱心なら、汗をかいて当然だよ」%K%P
「私がくる前から練習してたんだもの。\n　あれだけ熱心なら、汗をかいて当然だよ」%K%P
%LC美実
%LC美実
「そうそう。\n　ほら、早く行かないと遅れるよ？」%K%P
「そうそう。\n　ほら、早く行かないと遅れるよ？」%K%P
%LC梨理
%LC梨理
「むー……」%K%P
「むー……」%K%P
拗ねる……というか、じとっとした視線で\nオレを睨みながら、梨理ちゃんが去っていく。%K%P
拗ねる……というか、じとっとした視線で\nオレを睨みながら、梨理ちゃんが去っていく。%K%P
シャワー同伴を回避するためだったとはいえ、\nさっきの発言、ちょっと配慮が足りなかった。%K%P
シャワー同伴を回避するためだったとはいえ、\nさっきの発言、ちょっと配慮が足りなかった。%K%P
けど、そっか。梨理ちゃんの動きを見て、\nどこかで見たことがあるなって思ったけど――、%K%P
けど、そっか。梨理ちゃんの動きを見て、\nどこかで見たことがあるなって思ったけど――、%K%P
あれは、依夜様との{舞闘:カデンツァ}で見た、\n美実様の動きに似ていたから、だったんだ。%K%P
あれは、依夜様との{舞闘:カデンツァ}で見た、\n美実様の動きに似ていたから、だったんだ。%K%P
%LC杏奈
%LC杏奈
「――朝練？」%K%P
「――朝練？」%K%P
教室につくと杏奈ちゃんがいたので、\nさっそく朝練について話してみると。%K%P
教室につくと杏奈ちゃんがいたので、\nさっそく朝練について話してみると。%K%P
%LC杏奈
%LC杏奈
「やるっ！」%K%P
「やるっ！」%K%P
こんな感じで、気持ちいいぐらいの即答。%K%P
こんな感じで、気持ちいいぐらいの即答。%K%P
%LC陽菜
%LC陽菜
「あと、明日のお休みも、\n　トレーニングルームが開いてるらしくて――」%K%P
「あと、明日のお休みも、\n　トレーニングルームが開いてるらしくて――」%K%P
%LC杏奈
%LC杏奈
「やるっ！！」%K%P
「やるっ！！」%K%P
%LC陽菜
%LC陽菜
「あはは。じゃあ、両方で」%K%P
「あはは。じゃあ、両方で」%K%P
意欲満々な返事に、思わず笑みが漏れる。%K%P
意欲満々な返事に、思わず笑みが漏れる。%K%P
%LC杏奈
%LC杏奈
「ねえ陽菜ちゃん、今日も授業が終わったら、\n　トレーニングルームに寄ってもいい？」%K%P
「ねえ陽菜ちゃん、今日も授業が終わったら、\n　トレーニングルームに寄ってもいい？」%K%P
%LC陽菜
%LC陽菜
「いいけど、放課後は――」%K%P
「いいけど、放課後は――」%K%P
%LC杏奈
%LC杏奈
「わかってる。コーチしてほしいなんて、\n　そんなワガママ言わないってば」%K%P
「わかってる。コーチしてほしいなんて、\n　そんなワガママ言わないってば」%K%P
%LC杏奈
%LC杏奈
「昨日、陽菜ちゃんから色々教わったでしょ？\n　それを一人でも出来るようになりたくて」%K%P
「昨日、陽菜ちゃんから色々教わったでしょ？\n　それを一人でも出来るようになりたくて」%K%P
%LC陽菜
%LC陽菜
「そっか……。なら、私も一緒に行くね」%K%P
「そっか……。なら、私も一緒に行くね」%K%P
%LC陽菜
%LC陽菜
「わからないことがあったとき、\n　すぐに聞けたほうがいいでしょ？」%K%P
「わからないことがあったとき、\n　すぐに聞けたほうがいいでしょ？」%K%P
%LC杏奈
%LC杏奈
「陽菜ちゃん……」%K%P
「陽菜ちゃん……」%K%P
%LC陽菜
%LC陽菜
「もちろん、杏奈ちゃんだけを\n　特別扱いしないから。そこは安心して」%K%P
「もちろん、杏奈ちゃんだけを\n　特別扱いしないから。そこは安心して」%K%P
%LC杏奈
%LC杏奈
「そこまでハッキリ言われると、\n　それはそれで寂しいけどぉ」%K%P
「そこまでハッキリ言われると、\n　それはそれで寂しいけどぉ」%K%P
%LC陽菜
%LC陽菜
「ふふっ」%K%P
「ふふっ」%K%P
そんなわけで放課後、トレーニングルームへ。%K%P
そんなわけで放課後、トレーニングルームへ。%K%P
朝の静けさを知ったあとだからか、\n活気ある光景に少しホッとしてしまう。%K%P
朝の静けさを知ったあとだからか、\n活気ある光景に少しホッとしてしまう。%K%P
それでも昨日に比べて人数が少ないのは、\n実技試験が始まったためだろう。%K%P
それでも昨日に比べて人数が少ないのは、\n実技試験が始まったためだろう。%K%P
試験は誰でも見学できるので、\n文字通り、見て学ぼうとする子も多い。%K%P
試験は誰でも見学できるので、\n文字通り、見て学ぼうとする子も多い。%K%P
それと、今日が土曜ってことも、\n多少は関係してるのかもしれない。%K%P
それと、今日が土曜ってことも、\n多少は関係してるのかもしれない。%K%P
試験期間だからこそ、気分転換したり、\n羽を伸ばしたいって子もいるだろうしね。%K%P
試験期間だからこそ、気分転換したり、\n羽を伸ばしたいって子もいるだろうしね。%K%P
%LC女学生Ａ
%LC女学生Ａ
「陽菜さん、ちょっとよろしいですか？」%K%P
「陽菜さん、ちょっとよろしいですか？」%K%P
%LC陽菜
%LC陽菜
「うん。なんでも聞いて」%K%P
「うん。なんでも聞いて」%K%P
%LC女学生Ｂ
%LC女学生Ｂ
「あの、でしたら私も」%K%P
「あの、でしたら私も」%K%P
%LC女学生Ｃ
%LC女学生Ｃ
「陽菜ちゃん、ご指導お願いしますっ！」%K%P
「陽菜ちゃん、ご指導お願いしますっ！」%K%P
%LC女学生Ｄ
%LC女学生Ｄ
「ひなひゃまっ、コーチおねがいしまひゅっ！」%K%P
「ひなひゃまっ、コーチおねがいしまひゅっ！」%K%P
%LC陽菜
%LC陽菜
「落ち着いて。慌てなくて大丈夫」%K%P
「落ち着いて。慌てなくて大丈夫」%K%P
今日は実技試験で姉さんが不在のため、\nその分、みんなオレのところに集まってくる。%K%P
今日は実技試験で姉さんが不在のため、\nその分、みんなオレのところに集まってくる。%K%P
初日だったらテンパっていただろうけど、\nこの１週間、補佐代理として頑張ってきたわけで。%K%P
初日だったらテンパっていただろうけど、\nこの１週間、補佐代理として頑張ってきたわけで。%K%P
このぐらいの人数なら、問題なく対応できるはず。%K%P
このぐらいの人数なら、問題なく対応できるはず。%K%P
%LC陽菜
%LC陽菜
（杏奈ちゃんは――）%K%P
（杏奈ちゃんは――）%K%P
%LC陽菜
%LC陽菜
（……うん。頑張ってる）%K%P
（……うん。頑張ってる）%K%P
気になって横目で様子を窺ってみれば、\n杏奈ちゃんは友達と模擬戦をしていた。%K%P
気になって横目で様子を窺ってみれば、\n杏奈ちゃんは友達と模擬戦をしていた。%K%P
昨日教えた盾の使い方をさっそく実践していて、\nやっぱり飲み込みが早いなって感心してしまう。%K%P
昨日教えた盾の使い方をさっそく実践していて、\nやっぱり飲み込みが早いなって感心してしまう。%K%P
よし、オレも頑張ろう。%K%P
よし、オレも頑張ろう。%K%P
%LC女子学生Ｄ
%LC女子学生Ｄ
%XS21「ありがとうございまひたっ！」%XE%K%P
%XS21「ありがとうございまひたっ！」%XE%K%P
声を掛けてきた子たちのコーチが終わって、\nほっと一息。%K%P
声を掛けてきた子たちのコーチが終わって、\nほっと一息。%K%P
%LC杏奈
%LC杏奈
「陽菜ちゃん、コーチ終わった？」%K%P
「陽菜ちゃん、コーチ終わった？」%K%P
%LC陽菜
%LC陽菜
「うん。ちょうど一段落したところ」%K%P
「うん。ちょうど一段落したところ」%K%P
%LC杏奈
%LC杏奈
「私、そろそろ上がろうと思うんだけど、\n　よかったら陽菜ちゃんも一緒に――」%K%P
「私、そろそろ上がろうと思うんだけど、\n　よかったら陽菜ちゃんも一緒に――」%K%P
%LC陽菜
%LC陽菜
「あ……。あはは……」%K%P
「あ……。あはは……」%K%P
杏奈ちゃんの言葉に重なるように、\nオレのお腹が、ぐぅっと鳴いた。%K%P
杏奈ちゃんの言葉に重なるように、\nオレのお腹が、ぐぅっと鳴いた。%K%P
土曜は授業が午前中のみだけど、\n食堂は平日と同じようにやっている。%K%P
土曜は授業が午前中のみだけど、\n食堂は平日と同じようにやっている。%K%P
ここにくる前に寄って食べてきたんだけど、\n指導に備えて、量は少し抑えめにしたんだよね。%K%P
ここにくる前に寄って食べてきたんだけど、\n指導に備えて、量は少し抑えめにしたんだよね。%K%P
%LC杏奈
%LC杏奈
「ふふっ、お腹空いた？」%K%P
「ふふっ、お腹空いた？」%K%P
%LC陽菜
%LC陽菜
「そうみたい。みんな熱心で、\n　けっこう身体を動かしたから」%K%P
「そうみたい。みんな熱心で、\n　けっこう身体を動かしたから」%K%P
%LC杏奈
%LC杏奈
「食堂はもう閉まっちゃってるし、\n　夕ご飯までは、まだ時間あるし……」%K%P
「食堂はもう閉まっちゃってるし、\n　夕ご飯までは、まだ時間あるし……」%K%P
%LC杏奈
%LC杏奈
「そうだ。乙女部寄ってかない？」%K%P
「そうだ。乙女部寄ってかない？」%K%P
%LC杏奈
%LC杏奈
「あそこ、お菓子が備蓄してあるんだよ。\n　差し入れとか、いろいろ貰ったりするから」%K%P
「あそこ、お菓子が備蓄してあるんだよ。\n　差し入れとか、いろいろ貰ったりするから」%K%P
%LC陽菜
%LC陽菜
「じゃあ、お言葉に甘えて――」%K%P
「じゃあ、お言葉に甘えて――」%K%P
%LC女学生Ｅ
%LC女学生Ｅ
「あの、陽菜さん。少しだけ、いい……？」%K%P
「あの、陽菜さん。少しだけ、いい……？」%K%P
これまで他の子たちに遠慮していたんだろう、\nまだ指導していなかった子が声をかけてきた。%K%P
これまで他の子たちに遠慮していたんだろう、\nまだ指導していなかった子が声をかけてきた。%K%P
けど、オレと杏奈ちゃんを見て、すぐにハッとする。%K%P
けど、オレと杏奈ちゃんを見て、すぐにハッとする。%K%P
%LC女学生Ｅ
%LC女学生Ｅ
「ごめんなさい、帰るところだったのね。\n　なら、また今度でも――」%K%P
「ごめんなさい、帰るところだったのね。\n　なら、また今度でも――」%K%P
%LC陽菜
%LC陽菜
「遠慮しないで。なんでも聞いて」%K%P
「遠慮しないで。なんでも聞いて」%K%P
%LC女学生Ｅ
%LC女学生Ｅ
「でも」%K%P
「でも」%K%P
%LC杏奈
%LC杏奈
「いいのいいの、なんでも聞いちゃって。\n　陽菜ちゃん、なんでも教えてくれるよ？」%K%P
「いいのいいの、なんでも聞いちゃって。\n　陽菜ちゃん、なんでも教えてくれるよ？」%K%P
%LC陽菜
%LC陽菜
「わかる範囲で、だけど」%K%P
「わかる範囲で、だけど」%K%P
%LC女学生Ｅ
%LC女学生Ｅ
「陽菜さん、杏奈さん……。ありがとう」%K%P
「陽菜さん、杏奈さん……。ありがとう」%K%P
ふたりでそんなふうに言うと、\n声を掛けてきた子は、安堵した様子で息を吐く。%K%P
ふたりでそんなふうに言うと、\n声を掛けてきた子は、安堵した様子で息を吐く。%K%P
みんながみんな、\n積極的ってわけじゃないもんね。%K%P
みんながみんな、\n積極的ってわけじゃないもんね。%K%P
なら、思い切って声をかけてくれた勇気に、\n少しでも応えてあげないと。%K%P
なら、思い切って声をかけてくれた勇気に、\n少しでも応えてあげないと。%K%P
%LC陽菜
%LC陽菜
「私、もう少し指導していくね」%K%P
「私、もう少し指導していくね」%K%P
%LC杏奈
%LC杏奈
「うん。私、先に行って支度しとく。\n　陽菜ちゃんはどうぞごゆっくり」%K%P
「うん。私、先に行って支度しとく。\n　陽菜ちゃんはどうぞごゆっくり」%K%P
コーチを終えて部室棟についたのは、\n杏奈ちゃんと別れてから約２０分後のこと。%K%P
コーチを終えて部室棟についたのは、\n杏奈ちゃんと別れてから約２０分後のこと。%K%P
%LC陽菜
%LC陽菜
「少し遅くなっちゃったけど……」%K%P
「少し遅くなっちゃったけど……」%K%P
%LC？？？
%LC？？？
「やっ、だめっ、だめですってばっ」%K%P
「やっ、だめっ、だめですってばっ」%K%P
%LC陽菜
%LC陽菜
「……へ？」%K%P
「……へ？」%K%P
なんかいま、悲鳴みたいな声が――、%K%P
なんかいま、悲鳴みたいな声が――、%K%P
%LC杏奈
%LC杏奈
「ちょっ、ほんとダメですっ、\n　堪忍してくださいぃぃっ」%K%P
「ちょっ、ほんとダメですっ、\n　堪忍してくださいぃぃっ」%K%P
間違いない。これ、杏奈ちゃんの声だ。%K%P
間違いない。これ、杏奈ちゃんの声だ。%K%P
しかも、乙女部の部室内から――って、\n悲鳴上げるなんて、なにかあったんじゃっ……！？%K%P
しかも、乙女部の部室内から――って、\n悲鳴上げるなんて、なにかあったんじゃっ……！？%K%P
%LC陽菜
%LC陽菜
「杏奈ちゃん大丈夫っ？！」%K%P
「杏奈ちゃん大丈夫っ？！」%K%P
%LC陽菜
%LC陽菜
「…………え」%K%P
「…………え」%K%P
なんか、思ってたのと全然違う光景が――、%K%P
なんか、思ってたのと全然違う光景が――、%K%P
%LC杏奈
%LC杏奈
「陽菜ちゃん助けてぇっ」%K%P
「陽菜ちゃん助けてぇっ」%K%P
%LC美実
%LC美実
「こぉーら、逃げるなっ。\n　往生際悪いぞー？」%K%P
「こぉーら、逃げるなっ。\n　往生際悪いぞー？」%K%P
%LCクレール
%LCクレール
「そうそう、ぬぎぬぎしましょ？\n　お手伝いしてあげる」%K%P
「そうそう、ぬぎぬぎしましょ？\n　お手伝いしてあげる」%K%P
%LC杏奈
%LC杏奈
「だめっ、だめですっ。\n　今日の下着あんま可愛くないのでっ」%K%P
「だめっ、だめですっ。\n　今日の下着あんま可愛くないのでっ」%K%P
あ、問題はそこなんだ――じゃなくってっ……！%K%P
あ、問題はそこなんだ――じゃなくってっ……！%K%P
%LC陽菜
%LC陽菜
「お邪魔しましたっ！」%K%P
「お邪魔しましたっ！」%K%P
%LC陽菜
%LC陽菜
「はぁ……びっくりしたぁ……」%K%P
「はぁ……びっくりしたぁ……」%K%P
てっきり部室に虫が出たとか、\nそんな感じのトラブルだと思ったのに。%K%P
てっきり部室に虫が出たとか、\nそんな感じのトラブルだと思ったのに。%K%P
一体なんであんなことに……っていうか、\nなにをどうしたら、ああいう展開になるんだろう。%K%P
一体なんであんなことに……っていうか、\nなにをどうしたら、ああいう展開になるんだろう。%K%P
%LC杏奈
%LC杏奈
「うぅ、陽菜ちゃんお願い、助けてぇ」%K%P
「うぅ、陽菜ちゃんお願い、助けてぇ」%K%P
%LC陽菜
%LC陽菜
「そう言われても……」%K%P
「そう言われても……」%K%P
経緯はちっともわからないけど、\n杏奈ちゃんが困っているのだけはわかる。%K%P
経緯はちっともわからないけど、\n杏奈ちゃんが困っているのだけはわかる。%K%P
わかるけど、いま部室に入るのは――、%K%P
わかるけど、いま部室に入るのは――、%K%P
%LC杏奈
%LC杏奈
「きゃっ、ちょっ、クレール様、\n　そこさわっちゃ……やぁんっ」%K%P
「きゃっ、ちょっ、クレール様、\n　そこさわっちゃ……やぁんっ」%K%P
%LCクレール
%LCクレール
「でもほら、私たちも脱いでるでしょ？」%K%P
「でもほら、私たちも脱いでるでしょ？」%K%P
%LC杏奈
%LC杏奈
「だから今日のは可愛くないんですっ。\n　可愛ければいくらでも脱ぎますからっ」%K%P
「だから今日のは可愛くないんですっ。\n　可愛ければいくらでも脱ぎますからっ」%K%P
%LC美実
%LC美実
「私たちはね、今日この瞬間の、\n　杏奈の下着が知りたいの」%K%P
「私たちはね、今日この瞬間の、\n　杏奈の下着が知りたいの」%K%P
%LC杏奈
%LC杏奈
「はんっ、やっ、指っ……ちょっ、だめっ」%K%P
「はんっ、やっ、指っ……ちょっ、だめっ」%K%P
%LC杏奈
%LC杏奈
「うぅぅ、陽菜ちゃん、陽菜ちゃぁんっ。\n　たすけっ……やんっ、たすけてぇっ」%K%P
「うぅぅ、陽菜ちゃん、陽菜ちゃぁんっ。\n　たすけっ……やんっ、たすけてぇっ」%K%P
%LC美実
%LC美実
「んふふっ、助けはこないみたいだよー？\n　陽菜ちゃんってば薄情だねぇー？」%K%P
「んふふっ、助けはこないみたいだよー？\n　陽菜ちゃんってば薄情だねぇー？」%K%P
%LC陽菜
%LC陽菜
「ぐぅっ……」%K%P
「ぐぅっ……」%K%P
そりゃオレだって助けに入りたいけど、\nあの状況に飛び込んでいくのは――、%K%P
そりゃオレだって助けに入りたいけど、\nあの状況に飛び込んでいくのは――、%K%P
%LC美実
%LC美実
「そういえば陽菜ちゃんね、\n　今朝うちの妹のおっぱい揉んだんだよ」%K%P
「そういえば陽菜ちゃんね、\n　今朝うちの妹のおっぱい揉んだんだよ」%K%P
%LC杏奈
%LC杏奈
「えっ、梨理ちゃんのっ？」%K%P
「えっ、梨理ちゃんのっ？」%K%P
%LC美実
%LC美実
「そっ。もうね、こんな感じで、やらーしく、\n　こねまわすように、もみもみぃーって」%K%P
「そっ。もうね、こんな感じで、やらーしく、\n　こねまわすように、もみもみぃーって」%K%P
%LC杏奈
%LC杏奈
「きゅあうぅっ」%K%P
「きゅあうぅっ」%K%P
%LC陽菜
%LC陽菜
%XS21「こねまわしてませんからっ！！」%XE%K%P
%XS21「こねまわしてませんからっ！！」%XE%K%P
――――あ。%K%P
――――あ。%K%P
%LC美実
%LC美実
「いらっしゃい陽菜ちゃん。\n　ドア、ちゃんと閉めてね」%K%P
「いらっしゃい陽菜ちゃん。\n　ドア、ちゃんと閉めてね」%K%P
%LC陽菜
%LC陽菜
「あっ、はい」%K%P
「あっ、はい」%K%P
勢い任せに飛び込んだものの、目の前の光景に\n再び固まり、言われるままドアを閉めるオレ。%K%P
勢い任せに飛び込んだものの、目の前の光景に\n再び固まり、言われるままドアを閉めるオレ。%K%P
って、そうじゃなくてっ……！%K%P
って、そうじゃなくてっ……！%K%P
しっかりしろ、空木日向っ……！！%K%P
しっかりしろ、空木日向っ……！！%K%P
こういうときこそ、深呼吸して――、%K%P
こういうときこそ、深呼吸して――、%K%P
%LC陽菜
%LC陽菜
「いたいけな後輩を弄ぶだなんて、それでも\n　{騎士道:シュバルリィ}を尊ぶ銀蘭の{騎士:ワルキュリア}ですかっ！」%K%P
「いたいけな後輩を弄ぶだなんて、それでも\n　{騎士道:シュバルリィ}を尊ぶ銀蘭の{騎士:ワルキュリア}ですかっ！」%K%P
%LC陽菜
%LC陽菜
%XS21「いますぐ杏奈ちゃんを離してくださいっ！！」%XE%K%P
%XS21「いますぐ杏奈ちゃんを離してくださいっ！！」%XE%K%P
コンサートホールで公演するソリストの如く、\nあらん限りに声を張る。%K%P
コンサートホールで公演するソリストの如く、\nあらん限りに声を張る。%K%P
後日聞いた話だと、このときのオレの声は、\n部室棟全体に響き渡っていたとのことだった。%K%P
後日聞いた話だと、このときのオレの声は、\n部室棟全体に響き渡っていたとのことだった。%K%P
%LC美実
%LC美実
「ふたりとも、ごめんなさい」%K%P
「ふたりとも、ごめんなさい」%K%P
%LCクレール
%LCクレール
「私もごめんなさい。\n　杏奈ちゃんの反応が可愛くて、つい」%K%P
「私もごめんなさい。\n　杏奈ちゃんの反応が可愛くて、つい」%K%P
%LC陽菜
%LC陽菜
「ホントにもう……」%K%P
「ホントにもう……」%K%P
場を収めた後、ちゃんと制服を着てもらって、\nようやく話せる状態になった。%K%P
場を収めた後、ちゃんと制服を着てもらって、\nようやく話せる状態になった。%K%P
にしても、イメージ通りの美実様はともかく、\nクレール様まで弄ぶ側に回っちゃうだなんて。%K%P
にしても、イメージ通りの美実様はともかく、\nクレール様まで弄ぶ側に回っちゃうだなんて。%K%P
意外に茶目っ気があるというか、奔放というか。%K%P
意外に茶目っ気があるというか、奔放というか。%K%P
%LC陽菜
%LC陽菜
「けど、どうしてあんなことに……」%K%P
「けど、どうしてあんなことに……」%K%P
%LC美実
%LC美実
「最初はクレールと、\n　下着についてお喋りしてたんだよね」%K%P
「最初はクレールと、\n　下着についてお喋りしてたんだよね」%K%P
%LC美実
%LC美実
「で、海外ってサイズの表記違うんだ？\n　みたいな話になって」%K%P
「で、海外ってサイズの表記違うんだ？\n　みたいな話になって」%K%P
%LCクレール
%LCクレール
「興味があるなら見てみる？　って、\n　私が先に脱いじゃったの」%K%P
「興味があるなら見てみる？　って、\n　私が先に脱いじゃったの」%K%P
%LC美実
%LC美実
「それなら私もってことで、一緒に脱いで」%K%P
「それなら私もってことで、一緒に脱いで」%K%P
%LCクレール
%LCクレール
「そうしたら、そこに杏奈ちゃんが来て」%K%P
「そうしたら、そこに杏奈ちゃんが来て」%K%P
%LC杏奈
%LC杏奈
「部室入ったら二人とも下着なんだもん。\n　驚いてたら、脱ぎましょー？　って襲われて」%K%P
「部室入ったら二人とも下着なんだもん。\n　驚いてたら、脱ぎましょー？　って襲われて」%K%P
%LC美実
%LC美実
「最初はホントに冗談のつもりだったんだよ？」%K%P
「最初はホントに冗談のつもりだったんだよ？」%K%P
%LC美実
%LC美実
「でも、杏奈の抵抗がすごいっていうか、\n　上手いっていうか。これが捕まらなくって」%K%P
「でも、杏奈の抵抗がすごいっていうか、\n　上手いっていうか。これが捕まらなくって」%K%P
%LC美実
%LC美実
「巧みにこっちの手から逃げるもんだから、\n　そのうち、だんだん本気になっちゃって」%K%P
「巧みにこっちの手から逃げるもんだから、\n　そのうち、だんだん本気になっちゃって」%K%P
%LCクレール
%LCクレール
「美実相手に１０分近く逃げてたかしら。\n　私、思わず見入っちゃったもの」%K%P
「美実相手に１０分近く逃げてたかしら。\n　私、思わず見入っちゃったもの」%K%P
%LC杏奈
%LC杏奈
「けど、結局はスタミナ切れて、\n　捕まっちゃって……。で、あんな感じに」%K%P
「けど、結局はスタミナ切れて、\n　捕まっちゃって……。で、あんな感じに」%K%P
%LC陽菜
%LC陽菜
「いや、充分すごいってば」%K%P
「いや、充分すごいってば」%K%P
部室はそれほど広くはないし、\n壁際に追い詰められることもあったはず。%K%P
部室はそれほど広くはないし、\n壁際に追い詰められることもあったはず。%K%P
そんな条件で、依夜様と比肩する美実様相手に\n逃げ続けるなんて、なかなか出来ることじゃない。%K%P
そんな条件で、依夜様と比肩する美実様相手に\n逃げ続けるなんて、なかなか出来ることじゃない。%K%P
%LC杏奈
%LC杏奈
「陽菜ちゃんとの練習の成果かも。\n　前に比べて、思ったように身体が動くから」%K%P
「陽菜ちゃんとの練習の成果かも。\n　前に比べて、思ったように身体が動くから」%K%P
%LC陽菜
%LC陽菜
「コーチを始めたの、昨日だよ？\n　それで成果って言われても」%K%P
「コーチを始めたの、昨日だよ？\n　それで成果って言われても」%K%P
%LC美実
%LC美実
「おかしなことはないと思うけど？\n　それって、気付き、ってやつでしょ？」%K%P
「おかしなことはないと思うけど？\n　それって、気付き、ってやつでしょ？」%K%P
%LC美実
%LC美実
「杏奈みたいなタイプって、\n　ある日突然覚醒しちゃうんだよねぇ」%K%P
「杏奈みたいなタイプって、\n　ある日突然覚醒しちゃうんだよねぇ」%K%P
%LC杏奈
%LC杏奈
「ですかね？　私、強くなってますかね？」%K%P
「ですかね？　私、強くなってますかね？」%K%P
%LC美実
%LC美実
「うんうん。じゃ、試してみよっか」%K%P
「うんうん。じゃ、試してみよっか」%K%P
%LC陽菜
%LC陽菜
「試すって、まさか――」%K%P
「試すって、まさか――」%K%P
%LC美実
%LC美実
「ねぇ杏奈ちゃん。\n　陽菜ちゃんの下着に興味ある？」%K%P
「ねぇ杏奈ちゃん。\n　陽菜ちゃんの下着に興味ある？」%K%P
%LC杏奈
%LC杏奈
「ありますっ！」%K%P
「ありますっ！」%K%P
――イヤな予感、的中。%K%P
――イヤな予感、的中。%K%P
%LC杏奈
%LC杏奈
「ごめんね陽菜ちゃん。\n　これも練習の一環だと思って……ね？」%K%P
「ごめんね陽菜ちゃん。\n　これも練習の一環だと思って……ね？」%K%P
%LC陽菜
%LC陽菜
「こんな練習教えてないからっ」%K%P
「こんな練習教えてないからっ」%K%P
%LC杏奈
%LC杏奈
「でも、私たちは下着を見られたのに、\n　陽菜ちゃんだけ脱いでないし」%K%P
「でも、私たちは下着を見られたのに、\n　陽菜ちゃんだけ脱いでないし」%K%P
%LC陽菜
%LC陽菜
「そうだけどっ……」%K%P
「そうだけどっ……」%K%P
%LC杏奈
%LC杏奈
「だから、ね？　いいよね？」%K%P
「だから、ね？　いいよね？」%K%P
%LC陽菜
%LC陽菜
「よくないですっ」%K%P
「よくないですっ」%K%P
%LC杏奈
%LC杏奈
「そう言わずにっ……！」%K%P
「そう言わずにっ……！」%K%P
%LC陽菜
%LC陽菜
「くっ……！」%K%P
「くっ……！」%K%P
正面から飛びついてきた杏奈ちゃんを、\nしっかり引きつけ、横っ飛びで躱す。%K%P
正面から飛びついてきた杏奈ちゃんを、\nしっかり引きつけ、横っ飛びで躱す。%K%P
オレだって脱げるものなら脱いであげたいけど、\nそんなことしたら女装バレ間違いなしだし。%K%P
オレだって脱げるものなら脱いであげたいけど、\nそんなことしたら女装バレ間違いなしだし。%K%P
っていうか、あんまり激しく動くと、\nスカートめくれて、それも危ない――、%K%P
っていうか、あんまり激しく動くと、\nスカートめくれて、それも危ない――、%K%P
%LC杏奈
%LC杏奈
「せいっ！」%K%P
「せいっ！」%K%P
%LC陽菜
%LC陽菜
「なんのっ」%K%P
「なんのっ」%K%P
%LC杏奈
%LC杏奈
「なら……こうっ！」%K%P
「なら……こうっ！」%K%P
%LC陽菜
%LC陽菜
「あまいっ」%K%P
「あまいっ」%K%P
%LC杏奈
%LC杏奈
「こっち、と見せかけ……やっぱこっち！」%K%P
「こっち、と見せかけ……やっぱこっち！」%K%P
%LC陽菜
%LC陽菜
「あぶっ……！？」%K%P
「あぶっ……！？」%K%P
シンプルなフェイントに引っかかりそうになって\n冷や汗をかく。%K%P
シンプルなフェイントに引っかかりそうになって\n冷や汗をかく。%K%P
捕まったら脱がされる。%K%P
捕まったら脱がされる。%K%P
捕まったら脱がされる。%K%P
捕まったら脱がされる。%K%P
捕まったら脱がされる捕まったら脱がされる捕まったら脱がされる捕まったら脱がされる捕まったら脱がされ――、%K%P
捕まったら脱がされる捕まったら脱がされる捕まったら脱がされる捕まったら脱がされる捕まったら脱がされ――、%K%P
なんとしても逃げ切らねばっ……！%K%P
なんとしても逃げ切らねばっ……！%K%P
%LCクレール
%LCクレール
「ひーなーちゃんっ」%K%P
「ひーなーちゃんっ」%K%P
%LC陽菜
%LC陽菜
「いっ……！？」%K%P
「いっ……！？」%K%P
いきなり身体が動かなくなって、\nなにごとかと思ったらクレール様だった。%K%P
いきなり身体が動かなくなって、\nなにごとかと思ったらクレール様だった。%K%P
いつのまに後ろに……っていうか、\nこのハグ、抜けないっ……？%K%P
いつのまに後ろに……っていうか、\nこのハグ、抜けないっ……？%K%P
%LCクレール
%LCクレール
「女の子同士、下着ぐらい、ね？」%K%P
「女の子同士、下着ぐらい、ね？」%K%P
そりゃオレが女の子だったら、\nいくらでも見せてあげるけどっ……！%K%P
そりゃオレが女の子だったら、\nいくらでも見せてあげるけどっ……！%K%P
%LC陽菜
%LC陽菜
「っていうかクレール様、胸、胸がっ……」%K%P
「っていうかクレール様、胸、胸がっ……」%K%P
%LCクレール
%LCクレール
「ぎゅー」%K%P
「ぎゅー」%K%P
%LC陽菜
%LC陽菜
「うわっはぁっ」%K%P
「うわっはぁっ」%K%P
当たってますよって教えたのに、\nなおさら押しつけられて変な声が出た。%K%P
当たってますよって教えたのに、\nなおさら押しつけられて変な声が出た。%K%P
梨理ちゃんといいクレール様といい、\nなんでこうも押しつけたがるのっ……！？%K%P
梨理ちゃんといいクレール様といい、\nなんでこうも押しつけたがるのっ……！？%K%P
ってか、このままだと下着以上にマズいものを\nお披露目しちゃうハメにっ……！%K%P
ってか、このままだと下着以上にマズいものを\nお披露目しちゃうハメにっ……！%K%P
くうっ……こうなったら仕方ない、全力で――、%K%P
くうっ……こうなったら仕方ない、全力で――、%K%P
%LC陽菜
%LC陽菜
「ぐぅぅぅぅッ……！！」%K%P
「ぐぅぅぅぅッ……！！」%K%P
%LCクレール
%LCクレール
「わっ、陽菜ちゃんってば力持ちっ」%K%P
「わっ、陽菜ちゃんってば力持ちっ」%K%P
%LC陽菜
%LC陽菜
「ひっ……」%K%P
「ひっ……」%K%P
クレール様の楽しげな反応に、\n一瞬で身体が強張る。%K%P
クレール様の楽しげな反応に、\n一瞬で身体が強張る。%K%P
全力で挑めば抜けられそうだけど、\nそんなことしたら逆に怪しまれかねない。%K%P
全力で挑めば抜けられそうだけど、\nそんなことしたら逆に怪しまれかねない。%K%P
っていうか全力出さないと抜けられないとか、\nクレール様って、いったい――、%K%P
っていうか全力出さないと抜けられないとか、\nクレール様って、いったい――、%K%P
%LC杏奈
%LC杏奈
「じゃあ、まずはブラから」%K%P
「じゃあ、まずはブラから」%K%P
%LC陽菜
%LC陽菜
「あっ……」%K%P
「あっ……」%K%P
杏奈ちゃんの手が制服にかかった瞬間、\nなんか妙な気持ちが湧き上がって声が漏れた。%K%P
杏奈ちゃんの手が制服にかかった瞬間、\nなんか妙な気持ちが湧き上がって声が漏れた。%K%P
どうしよう、どうしようどうしよう――、%K%P
どうしよう、どうしようどうしよう――、%K%P
%LC睦月
%LC睦月
「失礼します」%K%P
「失礼します」%K%P
%LC杏奈
%LC杏奈
「あっ、睦月ちゃん」%K%P
「あっ、睦月ちゃん」%K%P
え？%K%P
え？%K%P
……え？%K%P
……え？%K%P
%LC陽菜
%LC陽菜
「み――」%K%P
「み――」%K%P
%LC睦月
%LC睦月
「み？」%K%P
「み？」%K%P
%LC陽菜
%LC陽菜
%XS21「見ちゃだめええええっ！！！」%XE%K%P
%XS21「見ちゃだめええええっ！！！」%XE%K%P
%LC睦月
%LC睦月
「――ふふっ、なるほど。\n　そういう経緯だったんですね」%K%P
「――ふふっ、なるほど。\n　そういう経緯だったんですね」%K%P
%LC陽菜
%LC陽菜
「ごめんね、驚かせて……」%K%P
「ごめんね、驚かせて……」%K%P
事情を説明すると、\nつーちゃんはあっさり納得してくれた。%K%P
事情を説明すると、\nつーちゃんはあっさり納得してくれた。%K%P
この点に関しては、部長の美実様いわく、\n乙女部では日常茶飯事なことだから――らしい。%K%P
この点に関しては、部長の美実様いわく、\n乙女部では日常茶飯事なことだから――らしい。%K%P
制服を脱がすのが日常って……。\n仮入部とはいえ、すごい部に入ってしまった。%K%P
制服を脱がすのが日常って……。\n仮入部とはいえ、すごい部に入ってしまった。%K%P
%LC美実
%LC美実
「それで睦月ちゃん、ご用件は？」%K%P
「それで睦月ちゃん、ご用件は？」%K%P
%LC睦月
%LC睦月
「これを料理部の方から預かってきました。\n　この前のお礼、だそうです」%K%P
「これを料理部の方から預かってきました。\n　この前のお礼、だそうです」%K%P
睦月ちゃんが差し出したのは、\n簡素にラッピングされたクッキーだった。%K%P
睦月ちゃんが差し出したのは、\n簡素にラッピングされたクッキーだった。%K%P
杏奈ちゃんがさっき言っていた、\n他の部からの差し入れってところだろう。%K%P
杏奈ちゃんがさっき言っていた、\n他の部からの差し入れってところだろう。%K%P
%LC美実
%LC美実
「ありがと、届けてくれて」%K%P
「ありがと、届けてくれて」%K%P
%LC睦月
%LC睦月
「いえ。ちょうど近くに用もあったので」%K%P
「いえ。ちょうど近くに用もあったので」%K%P
%LC睦月
%LC睦月
「では、私はこれで――」%K%P
「では、私はこれで――」%K%P
%LC美実
%LC美実
「あっ、待って待って。睦月ちゃん、\n　いまってどんな下着つけてる？」%K%P
「あっ、待って待って。睦月ちゃん、\n　いまってどんな下着つけてる？」%K%P
%LC陽菜
%LC陽菜
「ちょっ、美実様っ」%K%P
「ちょっ、美実様っ」%K%P
%LC睦月
%LC睦月
「くすっ、別に構わないですよ？　下着ぐらい」%K%P
「くすっ、別に構わないですよ？　下着ぐらい」%K%P
%LC陽菜
%LC陽菜
「え」%K%P
「え」%K%P
%LC睦月
%LC睦月
「今日は……白、ですね。\n　少し前に出たルカーリオの新作です」%K%P
「今日は……白、ですね。\n　少し前に出たルカーリオの新作です」%K%P
制服の胸元部分にすっと指を入れて、\n覗き込むように確かめ、そんなふうに告げる。%K%P
制服の胸元部分にすっと指を入れて、\n覗き込むように確かめ、そんなふうに告げる。%K%P
%LC睦月
%LC睦月
「では、私はこれで。ごきげんよう」%K%P
「では、私はこれで。ごきげんよう」%K%P
にこっと微笑み、つーちゃん、優雅に退場。%K%P
にこっと微笑み、つーちゃん、優雅に退場。%K%P
%LC杏奈
%LC杏奈
「はぁー、さっすが{歌姫:ディーバ}……」%K%P
「はぁー、さっすが{歌姫:ディーバ}……」%K%P
ほうっと息を吐く杏奈ちゃんに、\n心の底から同意しかない。%K%P
ほうっと息を吐く杏奈ちゃんに、\n心の底から同意しかない。%K%P
女装バレのピンチだったとはいえ、\nわたわたしまくりだったオレとは正反対だ。%K%P
女装バレのピンチだったとはいえ、\nわたわたしまくりだったオレとは正反対だ。%K%P
%LC美実
%LC美実
「っと、じゃあさっそく――」%K%P
「っと、じゃあさっそく――」%K%P
%LC美実
%LC美実
「はい、陽菜ちゃん。\n　いま貰ったクッキー、どうぞ召し上がれ」%K%P
「はい、陽菜ちゃん。\n　いま貰ったクッキー、どうぞ召し上がれ」%K%P
%LC陽菜
%LC陽菜
「いいんですか？」%K%P
「いいんですか？」%K%P
%LC美実
%LC美実
「もちろん。陽菜ちゃんも、\n　我が乙女部の一員なんだから」%K%P
「もちろん。陽菜ちゃんも、\n　我が乙女部の一員なんだから」%K%P
%LC美実
%LC美実
「それに、お腹空いてたんでしょ？」%K%P
「それに、お腹空いてたんでしょ？」%K%P
そう言ってクッキーを差し出す美実様の隣で、\n杏奈ちゃんがうんうんと頷く。%K%P
そう言ってクッキーを差し出す美実様の隣で、\n杏奈ちゃんがうんうんと頷く。%K%P
どうやら、この部室にオレが訪れることや\nその理由は、ちゃんと伝わっていたらしい。%K%P
どうやら、この部室にオレが訪れることや\nその理由は、ちゃんと伝わっていたらしい。%K%P
伝わっていてアレなんだから、\nそれはそれで問題ある気もするけど。%K%P
伝わっていてアレなんだから、\nそれはそれで問題ある気もするけど。%K%P
%LC美実
%LC美実
「せっかくだし、お茶も淹れたげる」%K%P
「せっかくだし、お茶も淹れたげる」%K%P
なんて言って、支度を始める美実様。%K%P
なんて言って、支度を始める美実様。%K%P
慣れている感じからして、\nこれもいつものことみたいだ。%K%P
慣れている感じからして、\nこれもいつものことみたいだ。%K%P
%LC美実
%LC美実
「今日は散々困らせちゃったからね。\n　あと、今朝のお礼もしたかったし」%K%P
「今日は散々困らせちゃったからね。\n　あと、今朝のお礼もしたかったし」%K%P
%LCクレール
%LCクレール
「今朝のお礼？」%K%P
「今朝のお礼？」%K%P
%LC美実
%LC美実
「妹の朝練に付き合ってくれたの。\n　ほんと、ありがと。陽菜ちゃん」%K%P
「妹の朝練に付き合ってくれたの。\n　ほんと、ありがと。陽菜ちゃん」%K%P
%LC陽菜
%LC陽菜
「ん……」%K%P
「ん……」%K%P
てっきりからかってくると思っていたら、\n素直に感謝されてしまい、反応に困る。%K%P
てっきりからかってくると思っていたら、\n素直に感謝されてしまい、反応に困る。%K%P
%LC美実
%LC美実
「そういや、さっきちらっと言ってたけど。\n　陽菜ちゃん、杏奈のコーチしてるの？」%K%P
「そういや、さっきちらっと言ってたけど。\n　陽菜ちゃん、杏奈のコーチしてるの？」%K%P
%LC陽菜
%LC陽菜
「はい。今朝トレーニングルームに居たのも、\n　そのための下見みたいなもので」%K%P
「はい。今朝トレーニングルームに居たのも、\n　そのための下見みたいなもので」%K%P
%LC美実
%LC美実
「ってことは、二人で朝練するんだ？」%K%P
「ってことは、二人で朝練するんだ？」%K%P
%LC杏奈
%LC杏奈
「試験の日まで、ですけど」%K%P
「試験の日まで、ですけど」%K%P
%LC杏奈
%LC杏奈
「さすがにそれ以上もってなると、\n　陽菜ちゃんに負担掛かっちゃうので」%K%P
「さすがにそれ以上もってなると、\n　陽菜ちゃんに負担掛かっちゃうので」%K%P
%LC美実
%LC美実
「気合い入ってるねぇ」%K%P
「気合い入ってるねぇ」%K%P
%LC杏奈
%LC杏奈
「えへへっ。実は明日のお休みも、\n　二人で練習する予定なんです」%K%P
「えへへっ。実は明日のお休みも、\n　二人で練習する予定なんです」%K%P
%LC美実
%LC美実
「ならそれ、私も手伝ってあげよっか」%K%P
「ならそれ、私も手伝ってあげよっか」%K%P
%LC杏奈
%LC杏奈
「手伝うって……美実様が、ですかっ？」%K%P
「手伝うって……美実様が、ですかっ？」%K%P
%LC美実
%LC美実
「うん。明日は用事もないし」%K%P
「うん。明日は用事もないし」%K%P
%LC美実
%LC美実
「ただ、二人きりがいいっていうなら、\n　邪魔しないでおくけど」%K%P
「ただ、二人きりがいいっていうなら、\n　邪魔しないでおくけど」%K%P
%LC杏奈
%LC杏奈
「いえいえ、そんなそんなっ。\n　いいよね？　陽菜ちゃん」%K%P
「いえいえ、そんなそんなっ。\n　いいよね？　陽菜ちゃん」%K%P
%LC陽菜
%LC陽菜
「うん。というか、ぜひ」%K%P
「うん。というか、ぜひ」%K%P
美実様の実力は折り紙付きだし、\n普段どんなトレーニングをしてるのか興味もある。%K%P
美実様の実力は折り紙付きだし、\n普段どんなトレーニングをしてるのか興味もある。%K%P
%LCクレール
%LCクレール
「ねえ、その練習って、\n　私も見に行って構わない？」%K%P
「ねえ、その練習って、\n　私も見に行って構わない？」%K%P
%LC陽菜
%LC陽菜
「それは、もちろん。\n　ただ、退屈させてしまうかも……」%K%P
「それは、もちろん。\n　ただ、退屈させてしまうかも……」%K%P
{舞闘:カデンツァ}に限ったことじゃないけれど、\n本番に比べると、練習風景って地味なものだし。%K%P
{舞闘:カデンツァ}に限ったことじゃないけれど、\n本番に比べると、練習風景って地味なものだし。%K%P
%LCクレール
%LCクレール
「それなら大丈夫。\n　興味があるから見に行くんだもの」%K%P
「それなら大丈夫。\n　興味があるから見に行くんだもの」%K%P
%LCクレール
%LCクレール
「それにお休みの日って、\n　食堂はやっていないでしょう？」%K%P
「それにお休みの日って、\n　食堂はやっていないでしょう？」%K%P
%LCクレール
%LCクレール
「寮のお台所を借りて、\n　差し入れ、作っていくわね」%K%P
「寮のお台所を借りて、\n　差し入れ、作っていくわね」%K%P
%LCクレール
%LCクレール
「陽菜ちゃん、食べ盛りみたいだし」%K%P
「陽菜ちゃん、食べ盛りみたいだし」%K%P
%LC陽菜
%LC陽菜
「あ……」%K%P
「あ……」%K%P
気付けば結構なペースでクッキーを食べていた\nオレを見て、クレール様がくすっと笑う。%K%P
気付けば結構なペースでクッキーを食べていた\nオレを見て、クレール様がくすっと笑う。%K%P
食い意地が張ってるつもりはないんだけど、\n無意識だったので、かなり恥ずかしかった。%K%P
食い意地が張ってるつもりはないんだけど、\n無意識だったので、かなり恥ずかしかった。%K%P
