そして、時は過ぎ、銀蘭祭が開催された。%K%P
そして、時は過ぎ、銀蘭祭が開催された。%K%P
１日目の{連弾:デュオ}{舞闘:カデンツァ}の決勝では、\n試合中にまさかまさかの事態が再発生。%K%P
１日目の{連弾:デュオ}{舞闘:カデンツァ}の決勝では、\n試合中にまさかまさかの事態が再発生。%K%P
激戦の末、いよいよ決着というところで、\n立体映像の投影システムがダウンしてしまったのだ。%K%P
激戦の末、いよいよ決着というところで、\n立体映像の投影システムがダウンしてしまったのだ。%K%P
もちろんニナさんが大慌てで復旧を試みたけど、\n万策尽くしても、試合を再開することはできなくて。%K%P
もちろんニナさんが大慌てで復旧を試みたけど、\n万策尽くしても、試合を再開することはできなくて。%K%P
結局、後日再試合という異例の決断が下り、\n{最優秀騎士:ブリランテ}の行方は保留となった。%K%P
結局、後日再試合という異例の決断が下り、\n{最優秀騎士:ブリランテ}の行方は保留となった。%K%P
とはいえ、この一件には、\nオレにも責任の一端がちょこっとあったりする。%K%P
とはいえ、この一件には、\nオレにも責任の一端がちょこっとあったりする。%K%P
ニナさんは例の秘策の用意に熱心になるあまり、\nテアトルの調整を疎かにしてしまったのだ。%K%P
ニナさんは例の秘策の用意に熱心になるあまり、\nテアトルの調整を疎かにしてしまったのだ。%K%P
『私がいけないのは間違いないんだけど。\n　今日のミスを帳消しにしてお釣りがくるぐらい、\n　明日は頑張ってくれなきゃ拗ねちゃうから』%K%P
『私がいけないのは間違いないんだけど。\n　今日のミスを帳消しにしてお釣りがくるぐらい、\n　明日は頑張ってくれなきゃ拗ねちゃうから』%K%P
ニナさんからそんな言葉をもらってしまい、\n後に引けなくなって迎えた、銀蘭祭２日目――。%K%P
ニナさんからそんな言葉をもらってしまい、\n後に引けなくなって迎えた、銀蘭祭２日目――。%K%P
メインイベントである歌劇アリアの公演を控えた\nテアトルは、集まった学生たちで大盛況。%K%P
メインイベントである歌劇アリアの公演を控えた\nテアトルは、集まった学生たちで大盛況。%K%P
銀蘭の在学生が全員座っても余るはずの席数なのに、\nなぜだか、立ち見が出るほどの大賑わいだった。%K%P
銀蘭の在学生が全員座っても余るはずの席数なのに、\nなぜだか、立ち見が出るほどの大賑わいだった。%K%P
あとで聞いた話だと、今年の歌劇アリアはすごいと\n噂があって、ＯＧや関係者が多く来ていたらしい。%K%P
あとで聞いた話だと、今年の歌劇アリアはすごいと\n噂があって、ＯＧや関係者が多く来ていたらしい。%K%P
もちろん、この噂を関係各位に流布したのが、\n誰であるのかは言うまでもなく。%K%P
もちろん、この噂を関係各位に流布したのが、\n誰であるのかは言うまでもなく。%K%P
オレは、そんな歌劇アリアの幕が上がるのを、\n観客席――ではなく、舞台の袖で待っていた。%K%P
オレは、そんな歌劇アリアの幕が上がるのを、\n観客席――ではなく、舞台の袖で待っていた。%K%P
%LC杏奈
%LC杏奈
「うぅ……どうしよ、緊張してきた……。\n　手とかぷるぷるしちゃってます」%K%P
「うぅ……どうしよ、緊張してきた……。\n　手とかぷるぷるしちゃってます」%K%P
%LC依夜
%LC依夜
「古典的ではあるけれど。\n　手に人という字を書いて呑んでみたら？」%K%P
「古典的ではあるけれど。\n　手に人という字を書いて呑んでみたら？」%K%P
%LC杏奈
%LC杏奈
「あっ、人を呑むってやつですよね。\n　ひと、ひと、ひと……」%K%P
「あっ、人を呑むってやつですよね。\n　ひと、ひと、ひと……」%K%P
%LC梨理
%LC梨理
「杏奈様。それ、人じゃなくて入るです」%K%P
「杏奈様。それ、人じゃなくて入るです」%K%P
%LC杏奈
%LC杏奈
「あうっ」%K%P
「あうっ」%K%P
%LCクレール
%LCクレール
「緊張を紛らわすにはハグがいいんだけど。\n　今日は本当に鎧を着てるから、ちょっと無理ね」%K%P
「緊張を紛らわすにはハグがいいんだけど。\n　今日は本当に鎧を着てるから、ちょっと無理ね」%K%P
%LC杏奈
%LC杏奈
「クレール様……。そのお気持ちだけで、\n　もう、ぷるんぷるんに嬉しいです」%K%P
「クレール様……。そのお気持ちだけで、\n　もう、ぷるんぷるんに嬉しいです」%K%P
%LCクレール
%LCクレール
「ふふっ、どういたしまして」%K%P
「ふふっ、どういたしまして」%K%P
%LC杏奈
%LC杏奈
「梨理ちゃんもありがとね。\n　ぺたんぺたんに嬉しい」%K%P
「梨理ちゃんもありがとね。\n　ぺたんぺたんに嬉しい」%K%P
%LC梨理
%LC梨理
%XS21「擬音に大変異議ありなんですけど」%XE%K%P
%XS21「擬音に大変異議ありなんですけど」%XE%K%P
%LC杏奈
%LC杏奈
「えへへっ。でも、おかげでほら、\n　手の震えも収まっちゃった」%K%P
「えへへっ。でも、おかげでほら、\n　手の震えも収まっちゃった」%K%P
%LC梨理
%LC梨理
「むぅー……」%K%P
「むぅー……」%K%P
%LC依夜
%LC依夜
「睦月たちは大丈夫？　緊張していない？」%K%P
「睦月たちは大丈夫？　緊張していない？」%K%P
%LC睦月
%LC睦月
「はい。実は私たち、\n　こういう舞台は慣れているんです」%K%P
「はい。実は私たち、\n　こういう舞台は慣れているんです」%K%P
%LC睦月
%LC睦月
「ね？　そうでしょ？　――陽菜」%K%P
「ね？　そうでしょ？　――陽菜」%K%P
%LC陽菜
%LC陽菜
「うん」%K%P
「うん」%K%P
頷いた瞬間、開演を報せるブザーが鳴った。%K%P
頷いた瞬間、開演を報せるブザーが鳴った。%K%P
これから始まる演目は、もちろん、歌劇アリア。%K%P
これから始まる演目は、もちろん、歌劇アリア。%K%P
だけど今年は、ひと味違う――。%K%P
だけど今年は、ひと味違う――。%K%P
幕が上がり、舞台に歌姫が現れた瞬間、\n会場がざわざわっとどよめく。%K%P
幕が上がり、舞台に歌姫が現れた瞬間、\n会場がざわざわっとどよめく。%K%P
――なぜなら、歌姫は『ふたり』いたから。%K%P
――なぜなら、歌姫は『ふたり』いたから。%K%P
%LC客席Ａ
%LC客席Ａ
「睦月さんの隣にいるのって、\n　もしかして……陽菜ちゃん……！？」%K%P
「睦月さんの隣にいるのって、\n　もしかして……陽菜ちゃん……！？」%K%P
%LC客席Ｂ
%LC客席Ｂ
「ええっ？　なんで？　どういうこと？」%K%P
「ええっ？　なんで？　どういうこと？」%K%P
予想通りざわつく客席の反応に、\n隣に立つ睦月が、くすっと小さく笑う。%K%P
予想通りざわつく客席の反応に、\n隣に立つ睦月が、くすっと小さく笑う。%K%P
本来の歌劇アリアであれば、\n姫と騎士による芝居から始まる。%K%P
本来の歌劇アリアであれば、\n姫と騎士による芝居から始まる。%K%P
だけど今年は、歌から始まる。%K%P
だけど今年は、歌から始まる。%K%P
観客席がこういう反応になることを予期して、\nニナさんが台本に手を加えたからだ。%K%P
観客席がこういう反応になることを予期して、\nニナさんが台本に手を加えたからだ。%K%P
――あなたの歌で、全員を納得させてみせて。%K%P
――あなたの歌で、全員を納得させてみせて。%K%P
改変された展開はつまるところ、\nニナさんからのそういうメッセージなのだ。%K%P
改変された展開はつまるところ、\nニナさんからのそういうメッセージなのだ。%K%P
少なくともオレはそう思ったし、\n実際、そうなのだと思う。%K%P
少なくともオレはそう思ったし、\n実際、そうなのだと思う。%K%P
だってそれは、この学園にやってきた初日、\nオレがこの舞台に立った理由と同じだから。%K%P
だってそれは、この学園にやってきた初日、\nオレがこの舞台に立った理由と同じだから。%K%P
あのときは{騎士:ワルキュリア}で、\n今回は{歌姫:ディーバ}。%K%P
あのときは{騎士:ワルキュリア}で、\n今回は{歌姫:ディーバ}。%K%P
オレがすべきことは、たったひとつ。%K%P
オレがすべきことは、たったひとつ。%K%P
%LC睦月
%LC睦月
「じゃあ……いくよ、陽菜」%K%P
「じゃあ……いくよ、陽菜」%K%P
%LC陽菜
%LC陽菜
「うん」%K%P
「うん」%K%P
そうして、まずは睦月が歌い始めて。%K%P
そうして、まずは睦月が歌い始めて。%K%P
その歌声に、オレも声を重ねる。%K%P
その歌声に、オレも声を重ねる。%K%P
刹那、ホールのどよめきは、ぴたっと収まって。%K%P
刹那、ホールのどよめきは、ぴたっと収まって。%K%P
そしてすぐ、またざわざわと騒ぎ出す。%K%P
そしてすぐ、またざわざわと騒ぎ出す。%K%P
%LC客席Ａ
%LC客席Ａ
「え……えっ、なに、なに、これ……？」%K%P
「え……えっ、なに、なに、これ……？」%K%P
%LC客席Ｂ
%LC客席Ｂ
「いったい、なにが起こってるの……？」%K%P
「いったい、なにが起こってるの……？」%K%P
%LC客席Ｃ
%LC客席Ｃ
「{歌姫:ディーバ}の睦月様はわかるけど……。\n　どうして、陽菜様まで、こんなに……」%K%P
「{歌姫:ディーバ}の睦月様はわかるけど……。\n　どうして、陽菜様まで、こんなに……」%K%P
精神を研ぎ澄ませているせいなのか、\n客席の呟きのいくつかが耳に入ってきて、\nいけないと思いつつ、胸の内で笑みが漏れる。%K%P
精神を研ぎ澄ませているせいなのか、\n客席の呟きのいくつかが耳に入ってきて、\nいけないと思いつつ、胸の内で笑みが漏れる。%K%P
それは、うまくいってほっとした安心感と、\nしてやったりというほくそ笑み。%K%P
それは、うまくいってほっとした安心感と、\nしてやったりというほくそ笑み。%K%P
なにより、再びこうして睦月と舞台に立てた、\n喜びによる、破顔一笑――。%K%P
なにより、再びこうして睦月と舞台に立てた、\n喜びによる、破顔一笑――。%K%P
%LC睦月
%LC睦月
（陽菜、目が笑ってる）%K%P
（陽菜、目が笑ってる）%K%P
%LC陽菜
%LC陽菜
（そういう睦月だって）%K%P
（そういう睦月だって）%K%P
%LC睦月
%LC睦月
（だって嬉しいんだもん）%K%P
（だって嬉しいんだもん）%K%P
%LC陽菜
%LC陽菜
（うん。すっごく嬉しい）%K%P
（うん。すっごく嬉しい）%K%P
歌いながら、視線を交え、心で会話する。%K%P
歌いながら、視線を交え、心で会話する。%K%P
言葉にしなくたって、そのぐらいなら、\nお互いの表情で分かってしまうから。%K%P
言葉にしなくたって、そのぐらいなら、\nお互いの表情で分かってしまうから。%K%P
客席の視線が、オレたちに集まる。%K%P
客席の視線が、オレたちに集まる。%K%P
歌声を重ね合う、ふたりの{歌姫:ディーバ}に。%K%P
歌声を重ね合う、ふたりの{歌姫:ディーバ}に。%K%P
ふたりの{歌姫:ディーバ}――これこそが、\nニナさんがオレに授けてくれた秘策だった。%K%P
ふたりの{歌姫:ディーバ}――これこそが、\nニナさんがオレに授けてくれた秘策だった。%K%P
睦月とオレが急に親しくなったのも、\nこそこそ会っていたのも、すべてはこのため。%K%P
睦月とオレが急に親しくなったのも、\nこそこそ会っていたのも、すべてはこのため。%K%P
歌姫として舞台に立つべく、陽菜は睦月のもとで\n秘密裏に特訓を受けていた――という筋書きだった。%K%P
歌姫として舞台に立つべく、陽菜は睦月のもとで\n秘密裏に特訓を受けていた――という筋書きだった。%K%P
もともと、深皇学園やアリアンロッド女学院では、\n歌姫はふたり存在している。%K%P
もともと、深皇学園やアリアンロッド女学院では、\n歌姫はふたり存在している。%K%P
ならばそれを銀蘭でも――そんなアイデアで、\n今年の歌劇アリアでは歌姫をふたりにしたと、\n後日、ニナさんは学生たちに説明した。%K%P
ならばそれを銀蘭でも――そんなアイデアで、\n今年の歌劇アリアでは歌姫をふたりにしたと、\n後日、ニナさんは学生たちに説明した。%K%P
もう一人の歌姫役にオレが選ばれた経緯については、\nさすがのニナさんでも思いつかなかったようで、\n私が素質を見抜いた、って誤魔化していたけど。%K%P
もう一人の歌姫役にオレが選ばれた経緯については、\nさすがのニナさんでも思いつかなかったようで、\n私が素質を見抜いた、って誤魔化していたけど。%K%P
ふたりの{歌姫:ディーバ}、誕生の真相を知るのは、\nオレと、睦月と、ニナさんのみ。%K%P
ふたりの{歌姫:ディーバ}、誕生の真相を知るのは、\nオレと、睦月と、ニナさんのみ。%K%P
ニナさんはこの３人をひっくるめて、\n{歌姫:ディーバ}連盟ね、なんて笑っていた。%K%P
ニナさんはこの３人をひっくるめて、\n{歌姫:ディーバ}連盟ね、なんて笑っていた。%K%P
そして、忘れてはいけないのが、\nオレがもう一人の歌姫として舞台に参加すると知り、\n協力してくれた、４人の{騎士:ワルキュリア}――、%K%P
そして、忘れてはいけないのが、\nオレがもう一人の歌姫として舞台に参加すると知り、\n協力してくれた、４人の{騎士:ワルキュリア}――、%K%P
杏奈ちゃん、依夜様、クレール様、梨理ちゃん。%K%P
杏奈ちゃん、依夜様、クレール様、梨理ちゃん。%K%P
オレたちが女装してるってことは、もちろん、\n彼女たちには未だに秘密のままだけれど。%K%P
オレたちが女装してるってことは、もちろん、\n彼女たちには未だに秘密のままだけれど。%K%P
彼女たちや、美実様がいなかったら、\nオレがこうして舞台に立つことは叶わなかった。%K%P
彼女たちや、美実様がいなかったら、\nオレがこうして舞台に立つことは叶わなかった。%K%P
ふたりの歌姫と、いくつもの秘めごとと、\nたくさんの協力が織りなした奇蹟の歌劇――、%K%P
ふたりの歌姫と、いくつもの秘めごとと、\nたくさんの協力が織りなした奇蹟の歌劇――、%K%P
その年の歌劇アリアは、のちに、\n副題をつけ、こう呼ばれることになった。%K%P
その年の歌劇アリアは、のちに、\n副題をつけ、こう呼ばれることになった。%K%P
歌劇アリア、ふたりの{協奏曲:コンチェルト}――と。%P
歌劇アリア、ふたりの{協奏曲:コンチェルト}――と。%P
