その日は気持ち良すぎるほどの快晴で。%K%P
その日は気持ち良すぎるほどの快晴で。%K%P
私の名前の一部になっている太陽も、\nさんさんさんと、元気いっぱいに輝いて。%K%P
私の名前の一部になっている太陽も、\nさんさんさんと、元気いっぱいに輝いて。%K%P
海外留学していた息子が、\n１年ぶりに日本に帰国する日で。%K%P
海外留学していた息子が、\n１年ぶりに日本に帰国する日で。%K%P
新しいことを始めるには、\nこれ以上ないぐらい佳い一日になりそうだった。%K%P
新しいことを始めるには、\nこれ以上ないぐらい佳い一日になりそうだった。%K%P
%LC陽子
%LC陽子
「ここに来るのも久しぶりねぇ……」%K%P
「ここに来るのも久しぶりねぇ……」%K%P
懐かしの学び舎は、私が通っていた頃と、\nほとんど変わっていなかった。%K%P
懐かしの学び舎は、私が通っていた頃と、\nほとんど変わっていなかった。%K%P
大切にされているんだという安堵と同時に、\n維持するのは大変だろうな、なんて考えたり。%K%P
大切にされているんだという安堵と同時に、\n維持するのは大変だろうな、なんて考えたり。%K%P
そういうことを自然と考えてしまうあたり、\n私も年をとったもんだと思う。%K%P
そういうことを自然と考えてしまうあたり、\n私も年をとったもんだと思う。%K%P
に、しても。いきなりマズった。%K%P
に、しても。いきなりマズった。%K%P
ゆっくり車を走らせたつもりだったのに、\n約束の時間より、かなり早くついてしまうなんて。%K%P
ゆっくり車を走らせたつもりだったのに、\n約束の時間より、かなり早くついてしまうなんて。%K%P
%LC陽子
%LC陽子
「……まっ、いいか。勝手知ったる学び舎だし、\n　久しぶりに散策させてもらいましょ」%K%P
「……まっ、いいか。勝手知ったる学び舎だし、\n　久しぶりに散策させてもらいましょ」%K%P
なんとなく歩いてみた結果、\n辿り着いた先はテアトルだった。%K%P
なんとなく歩いてみた結果、\n辿り着いた先はテアトルだった。%K%P
やっぱり思い出の場所だし、\n自然と足が向いちゃうんだろう。%K%P
やっぱり思い出の場所だし、\n自然と足が向いちゃうんだろう。%K%P
%LC陽子
%LC陽子
「懐かしいなぁ、もう……」%K%P
「懐かしいなぁ、もう……」%K%P
座席の並びなどは当時のままだし、\nよく見ると、座席の傷も当時のままだ。%K%P
座席の並びなどは当時のままだし、\nよく見ると、座席の傷も当時のままだ。%K%P
けど、それ以外――とくに、\nステージ周りは随分と綺麗になってる。%K%P
けど、それ以外――とくに、\nステージ周りは随分と綺麗になってる。%K%P
そういえばニナがすごいお金をかけて、\nがっつりリノベーションしたと言ってたっけ。%K%P
そういえばニナがすごいお金をかけて、\nがっつりリノベーションしたと言ってたっけ。%K%P
もともと資産家の娘な上に、ちょっと前、\n開発したゲームが大ヒットして潤ってたもんね。%K%P
もともと資産家の娘な上に、ちょっと前、\n開発したゲームが大ヒットして潤ってたもんね。%K%P
まあ、そのお金のほとんどを、\n学園の維持に使っちゃう尊い子なんだけども。%K%P
まあ、そのお金のほとんどを、\n学園の維持に使っちゃう尊い子なんだけども。%K%P
壇上にあがって客席を見ると、\nどうしても、気分が高揚してしまう。%K%P
壇上にあがって客席を見ると、\nどうしても、気分が高揚してしまう。%K%P
ある意味、私の出発点、なんだろうか。%K%P
ある意味、私の出発点、なんだろうか。%K%P
歌うこと自体は小さな頃からやっていたけれど、\n将来を決めたのは、この場所だった気もする。%K%P
歌うこと自体は小さな頃からやっていたけれど、\n将来を決めたのは、この場所だった気もする。%K%P
%LC宗千佳
%LC宗千佳
「陽子さん、お久しぶりです」%K%P
「陽子さん、お久しぶりです」%K%P
%LC陽子
%LC陽子
「あら、宗千佳ちゃん。\n　ご無沙汰ね、元気だった？」%K%P
「あら、宗千佳ちゃん。\n　ご無沙汰ね、元気だった？」%K%P
%LC宗千佳
%LC宗千佳
「はい。陽子さんも息災でなによりです」%K%P
「はい。陽子さんも息災でなによりです」%K%P
%LC宗千佳
%LC宗千佳
「というか、すみません。慌ただしくて、\n　正門までお出迎えすることもできなくて」%K%P
「というか、すみません。慌ただしくて、\n　正門までお出迎えすることもできなくて」%K%P
%LC陽子
%LC陽子
「いいのいいの、気にしないで。\n　私が勝手に早くついちゃっただけだから」%K%P
「いいのいいの、気にしないで。\n　私が勝手に早くついちゃっただけだから」%K%P
%LC陽子
%LC陽子
「それに、ここは勝手知ったる古巣ですもの。\n　迎えがなくたって迷うことはないし」%K%P
「それに、ここは勝手知ったる古巣ですもの。\n　迎えがなくたって迷うことはないし」%K%P
%LC陽子
%LC陽子
「ところで、ニナ、\n　まだ戻ってきてないわよね？」%K%P
「ところで、ニナ、\n　まだ戻ってきてないわよね？」%K%P
%LC宗千佳
%LC宗千佳
「はい。おそらく、\n　こちらに向かっている途中かと」%K%P
「はい。おそらく、\n　こちらに向かっている途中かと」%K%P
%LC宗千佳
%LC宗千佳
「でも、本当に良かったんですか？\n　空港まで日向を迎えにいかなくて」%K%P
「でも、本当に良かったんですか？\n　空港まで日向を迎えにいかなくて」%K%P
%LC宗千佳
%LC宗千佳
「陽子さんが日本にいると知ったら、\n　日向も喜ぶと思うんですが」%K%P
「陽子さんが日本にいると知ったら、\n　日向も喜ぶと思うんですが」%K%P
%LC陽子
%LC陽子
「そりゃ喜んでくれるだろうけど。\n　それだと、ニナの計画が台無しでしょ？」%K%P
「そりゃ喜んでくれるだろうけど。\n　それだと、ニナの計画が台無しでしょ？」%K%P
%LC陽子
%LC陽子
「私がいるなんて知ったら、日向のことだから、\n　女装より海外生活する！　って言うだろうし」%K%P
「私がいるなんて知ったら、日向のことだから、\n　女装より海外生活する！　って言うだろうし」%K%P
%LC陽子
%LC陽子
「まあ、今回の件が本気でイヤだったら、\n　あの子のほうから私に頼ってくるだろうけど――」%K%P
「まあ、今回の件が本気でイヤだったら、\n　あの子のほうから私に頼ってくるだろうけど――」%K%P
%LC陽子
%LC陽子
「日向って案外、こういう展開、\n　嫌いじゃないと思うのよね」%K%P
「日向って案外、こういう展開、\n　嫌いじゃないと思うのよね」%K%P
%LC宗千佳
%LC宗千佳
「女装することが、ですか？」%K%P
「女装することが、ですか？」%K%P
%LC陽子
%LC陽子
「女装は正直、イヤだと思うわよ？\n　男らしさとは真逆だもの」%K%P
「女装は正直、イヤだと思うわよ？\n　男らしさとは真逆だもの」%K%P
%LC陽子
%LC陽子
「でも、男らしくあろうとするからこそ、\n　あの子はきっと、女装する道を選ぶと思うの」%K%P
「でも、男らしくあろうとするからこそ、\n　あの子はきっと、女装する道を選ぶと思うの」%K%P
%LC陽子
%LC陽子
「宗千佳ちゃんはどうか、\n　その判断を見守って、見届けてあげて」%K%P
「宗千佳ちゃんはどうか、\n　その判断を見守って、見届けてあげて」%K%P
%LC陽子
%LC陽子
「背中は押さなくても、あの子は歩けるから。\n　昔から、自分で決めてきた子だもの」%K%P
「背中は押さなくても、あの子は歩けるから。\n　昔から、自分で決めてきた子だもの」%K%P
%LC宗千佳
%LC宗千佳
「わかりました」%K%P
「わかりました」%K%P
%LC陽子
%LC陽子
「もうすぐ試験なんでしょう？\n　忙しいところ、お邪魔しちゃってごめんなさいね」%K%P
「もうすぐ試験なんでしょう？\n　忙しいところ、お邪魔しちゃってごめんなさいね」%K%P
%LC宗千佳
%LC宗千佳
「いえ。久しぶりにお話できて良かったです」%K%P
「いえ。久しぶりにお話できて良かったです」%K%P
%LC陽子
%LC陽子
「私もよ。次に会うときは、\n　できればゆっくり話しましょうね」%K%P
「私もよ。次に会うときは、\n　できればゆっくり話しましょうね」%K%P
宗千佳ちゃんに別れを告げたあと、\nそのまま、今度は校舎へ向かう。%K%P
宗千佳ちゃんに別れを告げたあと、\nそのまま、今度は校舎へ向かう。%K%P
私が通っていた時代は学科はひとつだったけど、\nいま、ふたつあったはず。%K%P
私が通っていた時代は学科はひとつだったけど、\nいま、ふたつあったはず。%K%P
確か……そうそう、ノーブルとセンシブル。%K%P
確か……そうそう、ノーブルとセンシブル。%K%P
センシブルが才媛育成科のはずだから、\nということは、私のかつての教室もそっちに――、%K%P
センシブルが才媛育成科のはずだから、\nということは、私のかつての教室もそっちに――、%K%P
%LC睦月
%LC睦月
「え……うそ、陽子さんっ……？！」%K%P
「え……うそ、陽子さんっ……？！」%K%P
%LC陽子
%LC陽子
「あら、睦月ちゃん。\n　奇遇ね、元気だった？」%K%P
「あら、睦月ちゃん。\n　奇遇ね、元気だった？」%K%P
%LC睦月
%LC睦月
「はい、おかげさまで……って、あの、\n　どうしてここに？　今は海外公演中じゃ」%K%P
「はい、おかげさまで……って、あの、\n　どうしてここに？　今は海外公演中じゃ」%K%P
%LC陽子
%LC陽子
「そうなんだけどね。\n　ちょっと急用ができちゃって」%K%P
「そうなんだけどね。\n　ちょっと急用ができちゃって」%K%P
%LC睦月
%LC睦月
「そうだったんですか……。\n　びっくりしちゃいました」%K%P
「そうだったんですか……。\n　びっくりしちゃいました」%K%P
%LC陽子
%LC陽子
「私も。ほんと、大きくなったわねぇ。\n　会うの、２年ぶりくらいよね？」%K%P
「私も。ほんと、大きくなったわねぇ。\n　会うの、２年ぶりくらいよね？」%K%P
%LC睦月
%LC睦月
「はい。私の進学先のことで、\n　相談に乗ってもらったのが最後だったので」%K%P
「はい。私の進学先のことで、\n　相談に乗ってもらったのが最後だったので」%K%P
%LC陽子
%LC陽子
「そうそう。それで、どう？　銀蘭学園は？」%K%P
「そうそう。それで、どう？　銀蘭学園は？」%K%P
%LC睦月
%LC睦月
「とっても素敵なところです。\n　授業のレベルも、とても高くて」%K%P
「とっても素敵なところです。\n　授業のレベルも、とても高くて」%K%P
%LC陽子
%LC陽子
「そう、良かった。そう言ってもらえると、\n　紹介した私としても嬉しいわ」%K%P
「そう、良かった。そう言ってもらえると、\n　紹介した私としても嬉しいわ」%K%P
%LC陽子
%LC陽子
「けど……睦月ちゃん？　あなた去年、\n　せっかくの{歌姫:ディーバ}を辞退したんですって？」%K%P
「けど……睦月ちゃん？　あなた去年、\n　せっかくの{歌姫:ディーバ}を辞退したんですって？」%K%P
%LC睦月
%LC睦月
「あっ……あれは、だって、私が姫、なんて、\n　そんなのは、ちょっと困るというか……」%K%P
「あっ……あれは、だって、私が姫、なんて、\n　そんなのは、ちょっと困るというか……」%K%P
%LC陽子
%LC陽子
「もう、前時代的なんだから。\n　それとも頭が固いとか？」%K%P
「もう、前時代的なんだから。\n　それとも頭が固いとか？」%K%P
%LC陽子
%LC陽子
「世の中には、歌舞伎の女形のように、\n　女よりも女らしい男の人だって沢山いるのよ？」%K%P
「世の中には、歌舞伎の女形のように、\n　女よりも女らしい男の人だって沢山いるのよ？」%K%P
%LC陽子
%LC陽子
「いますぐ女になれって言われたなら無茶だけど。\n　歌姫になるって、睦月ちゃんが考えてるほど、\n　大したことじゃないと思うわよ？」%K%P
「いますぐ女になれって言われたなら無茶だけど。\n　歌姫になるって、睦月ちゃんが考えてるほど、\n　大したことじゃないと思うわよ？」%K%P
%LC陽子
%LC陽子
「その証拠に、私が出来ちゃったぐらいだし。\n　まあ、私の時代じゃ、ちょっと事情が違うけど」%K%P
「その証拠に、私が出来ちゃったぐらいだし。\n　まあ、私の時代じゃ、ちょっと事情が違うけど」%K%P
%LC睦月
%LC睦月
「そんな……。陽子さんは、世界的にも有名で、\n　とても素晴らしいオペラ歌手で――」%K%P
「そんな……。陽子さんは、世界的にも有名で、\n　とても素晴らしいオペラ歌手で――」%K%P
%LC陽子
%LC陽子
「それを言ったら、睦月ちゃんだって、\n　いずれはそうなる可能性があるわけでしょう？」%K%P
「それを言ったら、睦月ちゃんだって、\n　いずれはそうなる可能性があるわけでしょう？」%K%P
%LC陽子
%LC陽子
「あなたが{歌姫:ディーバ}に推薦されたってことは、\n　あなたの歌を聴きたいと思った子がいるってこと」%K%P
「あなたが{歌姫:ディーバ}に推薦されたってことは、\n　あなたの歌を聴きたいと思った子がいるってこと」%K%P
%LC陽子
%LC陽子
「歌を聴きたいと想ってくれる人がいるのなら、\n　その人たちの想いに応えてみたら？」%K%P
「歌を聴きたいと想ってくれる人がいるのなら、\n　その人たちの想いに応えてみたら？」%K%P
%LC陽子
%LC陽子
「あなたはそうやって、{誰かのために;・}、\n　歌声を磨いてきた子なんだから」%K%P
「あなたはそうやって、{誰かのために;・}、\n　歌声を磨いてきた子なんだから」%K%P
%LC睦月
%LC睦月
「それは……」%K%P
「それは……」%K%P
%LC陽子
%LC陽子
「ふふっ。ほんと、照れたときの顔は、\n　そのへんの女の子顔負けの可愛さね」%K%P
「ふふっ。ほんと、照れたときの顔は、\n　そのへんの女の子顔負けの可愛さね」%K%P
%LC睦月
%LC睦月
「陽子さんっ」%K%P
「陽子さんっ」%K%P
%LC陽子
%LC陽子
「ともかく、難しく考える必要はないから。\n　やりたくなったら、やっちゃえばいいのよ」%K%P
「ともかく、難しく考える必要はないから。\n　やりたくなったら、やっちゃえばいいのよ」%K%P
%LC陽子
%LC陽子
「これから先、この子に歌を聴いてほしい、\n　なんて相手が現れるかもしれないんだから」%K%P
「これから先、この子に歌を聴いてほしい、\n　なんて相手が現れるかもしれないんだから」%K%P
%LC睦月
%LC睦月
「それは、そうかもしれませんけど……」%K%P
「それは、そうかもしれませんけど……」%K%P
%LC陽子
%LC陽子
「っと、私はそろそろいかないと」%K%P
「っと、私はそろそろいかないと」%K%P
%LC睦月
%LC睦月
「あっ、すみません。\n　お忙しいのに、引き留めてしまって」%K%P
「あっ、すみません。\n　お忙しいのに、引き留めてしまって」%K%P
%LC陽子
%LC陽子
「いいのいいの。\n　さっきの言葉、忘れないでね」%K%P
「いいのいいの。\n　さっきの言葉、忘れないでね」%K%P
%LC陽子
%LC陽子
「あっ、それと。今日、私がここにいたことは、\n　誰にも言わないで。お忍びだから」%K%P
「あっ、それと。今日、私がここにいたことは、\n　誰にも言わないで。お忍びだから」%K%P
%LC睦月
%LC睦月
「あっ、はい。それで、\n　ちょっと変装してたんですね」%K%P
「あっ、はい。それで、\n　ちょっと変装してたんですね」%K%P
%LC陽子
%LC陽子
「ふふっ、そういうこと。\n　睦月ちゃんにはバレちゃったけど」%K%P
「ふふっ、そういうこと。\n　睦月ちゃんにはバレちゃったけど」%K%P
%LC睦月
%LC睦月
「陽子さんとの付き合いは長いので」%K%P
「陽子さんとの付き合いは長いので」%K%P
%LC陽子
%LC陽子
「ふふっ、そうね。\n　それじゃ、ごきげんよう」%K%P
「ふふっ、そうね。\n　それじゃ、ごきげんよう」%K%P
%LC睦月
%LC睦月
「はい。ごきげんよう、陽子さん」%K%P
「はい。ごきげんよう、陽子さん」%K%P
%LC陽子
%LC陽子
「いやはや、睦月ちゃんてば、\n　ますます可愛くなっちゃって……」%K%P
「いやはや、睦月ちゃんてば、\n　ますます可愛くなっちゃって……」%K%P
%LC陽子
%LC陽子
「ソプラニスタとしても成長著しいし……。\n　あの子もうかうかしてられないわねぇ」%K%P
「ソプラニスタとしても成長著しいし……。\n　あの子もうかうかしてられないわねぇ」%K%P
睦月ちゃんを初めて見たのは、\n咽にいい温泉があると教わって、\n山奥の温泉に湯治に行ったときだった。%K%P
睦月ちゃんを初めて見たのは、\n咽にいい温泉があると教わって、\n山奥の温泉に湯治に行ったときだった。%K%P
あの子との出会いは、\n私にとっても息子にとっても、\n人生を語る上で欠かせない。%K%P
あの子との出会いは、\n私にとっても息子にとっても、\n人生を語る上で欠かせない。%K%P
なにより、あの子に愛を注ぎ、私に預けてくれた、\n彼の両親には本当に感謝している。%K%P
なにより、あの子に愛を注ぎ、私に預けてくれた、\n彼の両親には本当に感謝している。%K%P
だからこそ、私にできる事があれば、\nなんでもしてあげたいと思ってしまうのだ。%K%P
だからこそ、私にできる事があれば、\nなんでもしてあげたいと思ってしまうのだ。%K%P
その後、校舎内をふらふらと歩いて、\nそこそこ時間が経って。%K%P
その後、校舎内をふらふらと歩いて、\nそこそこ時間が経って。%K%P
メインディッシュに残しておいた、\nかつて、自分が学んでいた教室へ――、%K%P
メインディッシュに残しておいた、\nかつて、自分が学んでいた教室へ――、%K%P
%LC陽子
%LC陽子
「おっ、あったあった」%K%P
「おっ、あったあった」%K%P
%LC陽子
%LC陽子
「……あらま」%K%P
「……あらま」%K%P
かつて自分が学んでいた教室に入ると、\nそこには、机も椅子も、なにもなかった。%K%P
かつて自分が学んでいた教室に入ると、\nそこには、机も椅子も、なにもなかった。%K%P
そういえば学生数が年々減少して、\n学生寮も定員割れ、なんて言っていたっけ。%K%P
そういえば学生数が年々減少して、\n学生寮も定員割れ、なんて言っていたっけ。%K%P
そういうのも時代の流れだし、\n仕方ないと思っていたけれど――、%K%P
そういうのも時代の流れだし、\n仕方ないと思っていたけれど――、%K%P
いざ、こうしてがらんどうの教室を見ると、\nたまらなく寂しくなってしまった。%K%P
いざ、こうしてがらんどうの教室を見ると、\nたまらなく寂しくなってしまった。%K%P
%LC陽子
%LC陽子
「……がらじゃないなぁ、ほんと」%K%P
「……がらじゃないなぁ、ほんと」%K%P
この銀蘭学園は、私、空木陽子の母校だった。%K%P
この銀蘭学園は、私、空木陽子の母校だった。%K%P
このことを、息子の日向は知らない……というか、\nそもそも聞かれなかっただけだけど。%K%P
このことを、息子の日向は知らない……というか、\nそもそも聞かれなかっただけだけど。%K%P
まあ、母親の母校なんて、\nそんなに気になるものでもないだろうし。%K%P
まあ、母親の母校なんて、\nそんなに気になるものでもないだろうし。%K%P
私が通っていた頃の銀蘭は、かなり閉鎖的で、\n全国の箱入りお嬢様が集まるような学園だった。%K%P
私が通っていた頃の銀蘭は、かなり閉鎖的で、\n全国の箱入りお嬢様が集まるような学園だった。%K%P
英才教育を施すというよりは、\n悪い虫がつかないように３年間隔離する、みたいな。%K%P
英才教育を施すというよりは、\n悪い虫がつかないように３年間隔離する、みたいな。%K%P
私はそういう雰囲気があまり好きではなかったから、\n当時、いろいろとやんちゃをした。%K%P
私はそういう雰囲気があまり好きではなかったから、\n当時、いろいろとやんちゃをした。%K%P
テアトルでやっていた真面目な演劇を、\nミュージカルにしよう、なんて言い出してみたり。%K%P
テアトルでやっていた真面目な演劇を、\nミュージカルにしよう、なんて言い出してみたり。%K%P
そしてそれを有言実行した結果、\n銀蘭の歌姫、なんて呼ばれてみたり。%K%P
そしてそれを有言実行した結果、\n銀蘭の歌姫、なんて呼ばれてみたり。%K%P
この学園に歌姫って愛称ができたのは、\nあれが最初だったらしい、とかなんとか。%K%P
この学園に歌姫って愛称ができたのは、\nあれが最初だったらしい、とかなんとか。%K%P
そういう意味でもやっぱり、\nここは私の出発点なのかもしれない。%K%P
そういう意味でもやっぱり、\nここは私の出発点なのかもしれない。%K%P
%LC陽子
%LC陽子
「っと、そろそろ約束の時間……には早いけど。\n　連絡しといたほうがいっかな、っと」%K%P
「っと、そろそろ約束の時間……には早いけど。\n　連絡しといたほうがいっかな、っと」%K%P
%LC陽子
%LC陽子
「実はもう学園についてます……。\n　昔の自分の教室にいます……っと」%K%P
「実はもう学園についてます……。\n　昔の自分の教室にいます……っと」%K%P
%LC陽子
%LC陽子
「はい、送信っ」%K%P
「はい、送信っ」%K%P
メールを送信したあと、窓に寄り掛かって、\n空を見上げて待つこと、だいたい３分。%K%P
メールを送信したあと、窓に寄り掛かって、\n空を見上げて待つこと、だいたい３分。%K%P
教室のドアが、いきなりガラっと開いた。%K%P
教室のドアが、いきなりガラっと開いた。%K%P
%LCニナ
%LCニナ
「陽子っ！　学園長室で待ってるって、\n　そういう約束だったはずでしょっ？！」%K%P
「陽子っ！　学園長室で待ってるって、\n　そういう約束だったはずでしょっ？！」%K%P
%LC陽子
%LC陽子
「わっ、すごい。足音がしなかったけど、\n　ニナ、忍者の修行でもしたの？」%K%P
「わっ、すごい。足音がしなかったけど、\n　ニナ、忍者の修行でもしたの？」%K%P
%LCニナ
%LCニナ
「この教室は防音施工がされてるのっ。\n　音楽室として使えるように改築したのっ」%K%P
「この教室は防音施工がされてるのっ。\n　音楽室として使えるように改築したのっ」%K%P
%LC陽子
%LC陽子
「音楽室――」%K%P
「音楽室――」%K%P
その言葉に、なるほど、と思う。%K%P
その言葉に、なるほど、と思う。%K%P
どうりで、窓際に立っていたのに、\n外の音がほとんど聞こえなかったわけだ。%K%P
どうりで、窓際に立っていたのに、\n外の音がほとんど聞こえなかったわけだ。%K%P
%LCニナ
%LCニナ
「この教室はあなたが学んだ教室だから。\n　ちゃんと残そうと思って、そうしたの」%K%P
「この教室はあなたが学んだ教室だから。\n　ちゃんと残そうと思って、そうしたの」%K%P
%LCニナ
%LCニナ
「っていうか、なんでここにいるのっ。\n　学園長室の場所がわからないはずないでしょ？」%K%P
「っていうか、なんでここにいるのっ。\n　学園長室の場所がわからないはずないでしょ？」%K%P
%LC陽子
%LC陽子
「ごめんごめん。久しぶりで懐かしくって、\n　それでつい、ぶらぶらっと」%K%P
「ごめんごめん。久しぶりで懐かしくって、\n　それでつい、ぶらぶらっと」%K%P
%LCニナ
%LCニナ
「ぶらぶらしないでってばっ。\n　あなたは有名人なのよ？」%K%P
「ぶらぶらしないでってばっ。\n　あなたは有名人なのよ？」%K%P
%LCニナ
%LCニナ
「空木陽子がいた、なんて学生に噂されたら、\n　せっかくの計画が台無しに――」%K%P
「空木陽子がいた、なんて学生に噂されたら、\n　せっかくの計画が台無しに――」%K%P
%LC陽子
%LC陽子
「それならもう会っちゃったけど」%K%P
「それならもう会っちゃったけど」%K%P
%LCニナ
%LCニナ
「えっ……えええええええっ！？　誰にっ！？」%K%P
「えっ……えええええええっ！？　誰にっ！？」%K%P
%LC陽子
%LC陽子
「睦月ちゃん。帽子と眼鏡のプチ変装、\n　あっさり見破られちゃって」%K%P
「睦月ちゃん。帽子と眼鏡のプチ変装、\n　あっさり見破られちゃって」%K%P
%LC陽子
%LC陽子
「私を見たことは内緒にしてって言っておいたし、\n　大丈夫だと思うわよ？」%K%P
「私を見たことは内緒にしてって言っておいたし、\n　大丈夫だと思うわよ？」%K%P
%LCニナ
%LCニナ
「なんだ……。まあ、それなら……」%K%P
「なんだ……。まあ、それなら……」%K%P
%LC陽子
%LC陽子
「で？　日向、連れてきたんでしょ？\n　どう？　元気にしてた？」%K%P
「で？　日向、連れてきたんでしょ？\n　どう？　元気にしてた？」%K%P
%LCニナ
%LCニナ
「それは、うん。思ってた以上に可愛くて、\n　すごく驚いちゃったけど」%K%P
「それは、うん。思ってた以上に可愛くて、\n　すごく驚いちゃったけど」%K%P
%LC陽子
%LC陽子
「でしょー？　あれは私に似たのよ？\n　若い頃にそっくりだし」%K%P
「でしょー？　あれは私に似たのよ？\n　若い頃にそっくりだし」%K%P
%LCニナ
%LCニナ
「それはまあ、私もそう思うけど……。\n　歌を教わっていた頃の陽子によく似てるし」%K%P
「それはまあ、私もそう思うけど……。\n　歌を教わっていた頃の陽子によく似てるし」%K%P
%LC陽子
%LC陽子
「はるか遠い過去の話ねぇ」%K%P
「はるか遠い過去の話ねぇ」%K%P
%LCニナ
%LCニナ
「でも、本当にいいの？\n　日向くんに会わなくて」%K%P
「でも、本当にいいの？\n　日向くんに会わなくて」%K%P
%LC陽子
%LC陽子
「うん。さっき宗千佳ちゃんにも言ったけど、\n　今はまだ、会うときじゃないから」%K%P
「うん。さっき宗千佳ちゃんにも言ったけど、\n　今はまだ、会うときじゃないから」%K%P
%LC陽子
%LC陽子
「でもま、せっかくだし。あとで、\n　テアトルの２階席から見学させてもらうけどね」%K%P
「でもま、せっかくだし。あとで、\n　テアトルの２階席から見学させてもらうけどね」%K%P
%LC陽子
%LC陽子
「{舞闘:カデンツァ}デビューする、娘の晴れ姿を」%K%P
「{舞闘:カデンツァ}デビューする、娘の晴れ姿を」%K%P
%LCニナ
%LCニナ
「娘じゃなくて息子でしょっ。\n　もう、あなたという人は本当に……」%K%P
「娘じゃなくて息子でしょっ。\n　もう、あなたという人は本当に……」%K%P
%LC陽子
%LC陽子
「その息子を女装させようとしてる人に、\n　そんなこと言われたくないんだけど？」%K%P
「その息子を女装させようとしてる人に、\n　そんなこと言われたくないんだけど？」%K%P
%LCニナ
%LCニナ
「それは、だって……私にも、色々と考えが」%K%P
「それは、だって……私にも、色々と考えが」%K%P
%LC陽子
%LC陽子
「知ってる。だからこそ私はニナに、\n　日向を預けようって思ったんだもの」%K%P
「知ってる。だからこそ私はニナに、\n　日向を預けようって思ったんだもの」%K%P
%LCニナ
%LCニナ
「陽子……」%K%P
「陽子……」%K%P
%LCニナ
%LCニナ
「あっ、そうだ。ねえ、名前は？\n　日向くんの名前、考えてきてくれた？」%K%P
「あっ、そうだ。ねえ、名前は？\n　日向くんの名前、考えてきてくれた？」%K%P
%LC陽子
%LC陽子
「もちろん。まさか一人の子供に、\n　二度も名付けるだなんて思わなかったけど」%K%P
「もちろん。まさか一人の子供に、\n　二度も名付けるだなんて思わなかったけど」%K%P
%LC陽子
%LC陽子
「えっと、メモが……あったあった」%K%P
「えっと、メモが……あったあった」%K%P
%LC陽子
%LC陽子
「名前は、卯花陽菜。\n　どう？　めっちゃ可愛くない？」%K%P
「名前は、卯花陽菜。\n　どう？　めっちゃ可愛くない？」%K%P
言いつつ、用意しておいたメモを手渡すと、\nニナはそれをじっと見つめて、頷いた。%K%P
言いつつ、用意しておいたメモを手渡すと、\nニナはそれをじっと見つめて、頷いた。%K%P
%LCニナ
%LCニナ
「……うん。確かに、可愛い名前……」%K%P
「……うん。確かに、可愛い名前……」%K%P
%LC陽子
%LC陽子
「でしょー？　すっごい考えたから」%K%P
「でしょー？　すっごい考えたから」%K%P
%LCニナ
%LCニナ
「陽菜って、これ、陽子の陽を入れたの？」%K%P
「陽菜って、これ、陽子の陽を入れたの？」%K%P
%LC陽子
%LC陽子
「そう。まあ、もうひとつ趣向があるんだけど。\n　そっちは私だけのお楽しみってことで」%K%P
「そう。まあ、もうひとつ趣向があるんだけど。\n　そっちは私だけのお楽しみってことで」%K%P
%LCニナ
%LCニナ
「苗字の卯花は？　意味があるの？」%K%P
「苗字の卯花は？　意味があるの？」%K%P
%LC陽子
%LC陽子
「私の苗字、空木でしょう？\n　これって、同じ名前の植物があってね」%K%P
「私の苗字、空木でしょう？\n　これって、同じ名前の植物があってね」%K%P
%LC陽子
%LC陽子
「その別名が、卯の花っていうの。\n　花言葉は、古風、秘密、乙女の香り――」%K%P
「その別名が、卯の花っていうの。\n　花言葉は、古風、秘密、乙女の香り――」%K%P
%LC陽子
%LC陽子
「どう？　なかなかにぴったりでしょ？」%K%P
「どう？　なかなかにぴったりでしょ？」%K%P
その後、ニナと別れた私は、\n再びテアトルにやってきた。%K%P
その後、ニナと別れた私は、\n再びテアトルにやってきた。%K%P
こそこそっと２階席に移動すると、\n１階席はかなりの学生が席を埋めていた。%K%P
こそこそっと２階席に移動すると、\n１階席はかなりの学生が席を埋めていた。%K%P
昔は全学生でテアトルが満員になっていたから、\n２階席に人がいない状況は、ちょっと寂しいけど。%K%P
昔は全学生でテアトルが満員になっていたから、\n２階席に人がいない状況は、ちょっと寂しいけど。%K%P
でも、そのおかげでこうして、\nお忍びながらも息子の晴れ姿を見られるわけで。%K%P
でも、そのおかげでこうして、\nお忍びながらも息子の晴れ姿を見られるわけで。%K%P
%LC陽子
%LC陽子
「……おっ、出てきた……って、\n　わはっ、ヤバ、かわいいっ……」%K%P
「……おっ、出てきた……って、\n　わはっ、ヤバ、かわいいっ……」%K%P
１年前、頑張ってこいと留学に送り出した息子。%K%P
１年前、頑張ってこいと留学に送り出した息子。%K%P
そんな息子が、１年ぶりに見る息子が、\n女装をした上に、ちょっとエロい格好をしている。%K%P
そんな息子が、１年ぶりに見る息子が、\n女装をした上に、ちょっとエロい格好をしている。%K%P
それを見て、ヤバい、可愛いという母親も、\nちょっとどうかなとは思うんだけど。%K%P
それを見て、ヤバい、可愛いという母親も、\nちょっとどうかなとは思うんだけど。%K%P
可愛いものは、ね？　可愛いじゃございませんか。%K%P
可愛いものは、ね？　可愛いじゃございませんか。%K%P
その後、息子――陽菜ちゃんは、\nまるで魔法のように剣と鎧で武装完了。%K%P
その後、息子――陽菜ちゃんは、\nまるで魔法のように剣と鎧で武装完了。%K%P
%LC陽子
%LC陽子
「うわ、すごい……。\n　これがニナご自慢の立体映像か……」%K%P
「うわ、すごい……。\n　これがニナご自慢の立体映像か……」%K%P
今度自分の公演でも使えないかな、なんて、\n夢があるんだかないんだかな事を考えたりして。%K%P
今度自分の公演でも使えないかな、なんて、\n夢があるんだかないんだかな事を考えたりして。%K%P
%LC陽子
%LC陽子
「おおっ……やるね、陽菜ちゃん。\n　強く凜々しくなっちゃって、もう……」%K%P
「おおっ……やるね、陽菜ちゃん。\n　強く凜々しくなっちゃって、もう……」%K%P
かつて、自分がミュージカルを公演した舞台に、\n２０年近い年月を経て、息子が立っていること。%K%P
かつて、自分がミュージカルを公演した舞台に、\n２０年近い年月を経て、息子が立っていること。%K%P
それに、年甲斐もなく、ドキドキする。%K%P
それに、年甲斐もなく、ドキドキする。%K%P
たぶん、この客席のどこかには、睦月ちゃんもいて、\n陽菜ちゃんのことを見ているだろう。%K%P
たぶん、この客席のどこかには、睦月ちゃんもいて、\n陽菜ちゃんのことを見ているだろう。%K%P
まさか、それがあの、日向だとは思わずに。%K%P
まさか、それがあの、日向だとは思わずに。%K%P
%LC陽子
%LC陽子
「ふふっ、はてさて、どうなっちゃうのやら……」%K%P
「ふふっ、はてさて、どうなっちゃうのやら……」%K%P
%LC陽子
%LC陽子
「頑張ってね？　卯花陽菜ちゃん」%K%P
「頑張ってね？　卯花陽菜ちゃん」%K%P
最後の最後まで見ていたかったけど、\n学生と鉢合わせてはいけないと、\nちょっと早めにテアトルを後にする。%K%P
最後の最後まで見ていたかったけど、\n学生と鉢合わせてはいけないと、\nちょっと早めにテアトルを後にする。%K%P
外に出て空を見上げると、相変わらず、\nそこにはさんさんさんの太陽があって。%K%P
外に出て空を見上げると、相変わらず、\nそこにはさんさんさんの太陽があって。%K%P
それは、我が子の新たな名前として、\n１文字授けた、眩い輝き。%K%P
それは、我が子の新たな名前として、\n１文字授けた、眩い輝き。%K%P
%LC陽子
%LC陽子
「きっと知っているよね、陽菜ちゃんも。\n　太陽の光があればこそ、月も輝くってことを」%K%P
「きっと知っているよね、陽菜ちゃんも。\n　太陽の光があればこそ、月も輝くってことを」%K%P
%LC陽子
%LC陽子
「もちろん、月だけじゃなくて。\n　キミは色々なものを照らすことができる」%K%P
「もちろん、月だけじゃなくて。\n　キミは色々なものを照らすことができる」%K%P
%LC陽子
%LC陽子
「だから……めいっぱい、頑張んなさい」%K%P
「だから……めいっぱい、頑張んなさい」%K%P
あの子がこの先、この学園で、\nどんなふうに過ごしていくかはわからないけど。%K%P
あの子がこの先、この学園で、\nどんなふうに過ごしていくかはわからないけど。%K%P
きっとあの子なら、\nなにかすごいことをやってくれるに違いない。%K%P
きっとあの子なら、\nなにかすごいことをやってくれるに違いない。%K%P
なんたって、自慢の息子、なんだから――――。%K%P
なんたって、自慢の息子、なんだから――――。%K%P
