エンゲージした翌日の放課後、美実様から練習に\n誘われて、トレーニングルームに行ってみると。%K%P
エンゲージした翌日の放課後、美実様から練習に\n誘われて、トレーニングルームに行ってみると。%K%P
%LC梨理
%LC梨理
「ちょっ、もおっ、クレール様っ……、\n　そんなにひっついちゃっ……やんっ」%K%P
「ちょっ、もおっ、クレール様っ……、\n　そんなにひっついちゃっ……やんっ」%K%P
%LCクレール
%LCクレール
「くっつかないと教えられないでしょ？」%K%P
「くっつかないと教えられないでしょ？」%K%P
%LC梨理
%LC梨理
「だからって、くっつきすぎたら、\n　かえって動けなっ……みゃふ、んみゃあっ」%K%P
「だからって、くっつきすぎたら、\n　かえって動けなっ……みゃふ、んみゃあっ」%K%P
%LC美実
%LC美実
「よかったねぇ、梨理。本家{最優秀騎士:ブリランテ}に\n　手取足取りコーチしてもらえるなんて」%K%P
「よかったねぇ、梨理。本家{最優秀騎士:ブリランテ}に\n　手取足取りコーチしてもらえるなんて」%K%P
%LC梨理
%LC梨理
「お姉ちゃんっ、見てないで助けてってばぁっ」%K%P
「お姉ちゃんっ、見てないで助けてってばぁっ」%K%P
%LC美実
%LC美実
「なんで？　助ける要素がどこに？」%K%P
「なんで？　助ける要素がどこに？」%K%P
%LC梨理
%LC梨理
「どう見たってぜんぶでしょおっ」%K%P
「どう見たってぜんぶでしょおっ」%K%P
%LC依夜
%LC依夜
「杏奈。私も、教えるときはああしたほうがいい？」%K%P
「杏奈。私も、教えるときはああしたほうがいい？」%K%P
%LC杏奈
%LC杏奈
「いえいえっ。さすがにあれは、ちょっと……」%K%P
「いえいえっ。さすがにあれは、ちょっと……」%K%P
ご覧のように、やってきたトレーニングルームは\nかなり賑やかなことになっていた。%K%P
ご覧のように、やってきたトレーニングルームは\nかなり賑やかなことになっていた。%K%P
オレを誘ってくれた美実様の他に、\nクレール様と梨理ちゃん、依夜様と杏奈ちゃんの４人。%K%P
オレを誘ってくれた美実様の他に、\nクレール様と梨理ちゃん、依夜様と杏奈ちゃんの４人。%K%P
どちらも珍しい組み合わせだけど、それぞれ、\n昨日のエンゲージ投票でペアになった２組だ。%K%P
どちらも珍しい組み合わせだけど、それぞれ、\n昨日のエンゲージ投票でペアになった２組だ。%K%P
%LC陽菜
%LC陽菜
「あの、これはいったい……」%K%P
「あの、これはいったい……」%K%P
%LC梨理
%LC梨理
「あっ、センセっ、助けてくださいっ。\n　クレール様、すっごい力でっ……」%K%P
「あっ、センセっ、助けてくださいっ。\n　クレール様、すっごい力でっ……」%K%P
%LC陽菜
%LC陽菜
「知ってる。私も前に掴まったことがあるから」%K%P
「知ってる。私も前に掴まったことがあるから」%K%P
%LCクレール
%LCクレール
「よかったら陽菜ちゃんも一緒にどう？」%K%P
「よかったら陽菜ちゃんも一緒にどう？」%K%P
%LC梨理
%LC梨理
「え」%K%P
「え」%K%P
%LC美実
%LC美実
「だーめ。陽菜ちゃんは今から私と\n　イチャイチャするの」%K%P
「だーめ。陽菜ちゃんは今から私と\n　イチャイチャするの」%K%P
%LC陽菜
%LC陽菜
「イチャイチャじゃなくて練習です」%K%P
「イチャイチャじゃなくて練習です」%K%P
%LC美実
%LC美実
「似たようなものでしょ？\n　私たちも手取り足取りしましょ？」%K%P
「似たようなものでしょ？\n　私たちも手取り足取りしましょ？」%K%P
%LC陽菜
%LC陽菜
「しません。というか、\n　どうしてみんな揃ってるんですか？」%K%P
「しません。というか、\n　どうしてみんな揃ってるんですか？」%K%P
%LC美実
%LC美実
「せっかくだし大人数のほうが楽しいと思って。\n　みんなにも声掛けてみたんだよね」%K%P
「せっかくだし大人数のほうが楽しいと思って。\n　みんなにも声掛けてみたんだよね」%K%P
%LCクレール
%LCクレール
「せっかくのお誘いだったから。\n　こうして梨理ちゃんを連れてやってきたの」%K%P
「せっかくのお誘いだったから。\n　こうして梨理ちゃんを連れてやってきたの」%K%P
%LC梨理
%LC梨理
「あれは拉致ったっていうんですっ。\n　急に教室にきて、抱っこされて、それで」%K%P
「あれは拉致ったっていうんですっ。\n　急に教室にきて、抱っこされて、それで」%K%P
%LCクレール
%LCクレール
「でも、こうして着替えてくれてるあたり、\n　梨理ちゃんもまんざらじゃないのよね？」%K%P
「でも、こうして着替えてくれてるあたり、\n　梨理ちゃんもまんざらじゃないのよね？」%K%P
%LC梨理
%LC梨理
「クレール様が着替えさせたんじゃないですかぁっ」%K%P
「クレール様が着替えさせたんじゃないですかぁっ」%K%P
なんて、やいのやいの騒いでる梨理ちゃんだけど、\n本気で嫌がっている様子はない。%K%P
なんて、やいのやいの騒いでる梨理ちゃんだけど、\n本気で嫌がっている様子はない。%K%P
以前、クレール様のことを距離感バグってるって\n言っていたし、対応に困ってる感じだろう。%K%P
以前、クレール様のことを距離感バグってるって\n言っていたし、対応に困ってる感じだろう。%K%P
%LC美実
%LC美実
「ツンデレつるぺたメスガキな愚妹だけど、\n　思いっきり可愛がってあげてね、クレール」%K%P
「ツンデレつるぺたメスガキな愚妹だけど、\n　思いっきり可愛がってあげてね、クレール」%K%P
%LC梨理
%LC梨理
「つるぺたは余計っ！　発展途上っ！」%K%P
「つるぺたは余計っ！　発展途上っ！」%K%P
ツンデレとメスガキはいいんだ……。%K%P
ツンデレとメスガキはいいんだ……。%K%P
%LCクレール
%LCクレール
「ということは……梨理ちゃんって、\n　おっぱいを大きくする方法に興味あったり？」%K%P
「ということは……梨理ちゃんって、\n　おっぱいを大きくする方法に興味あったり？」%K%P
%LC梨理
%LC梨理
「え」%K%P
「え」%K%P
%LCクレール
%LCクレール
「練習に付き合ってくれたら、バストアップの\n　マッサージとか、教えてあげちゃうけど」%K%P
「練習に付き合ってくれたら、バストアップの\n　マッサージとか、教えてあげちゃうけど」%K%P
%LC梨理
%LC梨理
「う……」%K%P
「う……」%K%P
%LC梨理
%LC梨理
「……し、仕方ないですね。\n　今日のところは、付き合ってあげます」%K%P
「……し、仕方ないですね。\n　今日のところは、付き合ってあげます」%K%P
%LC美実
%LC美実
「うーん、我が妹ながら、なんてチョロい……」%K%P
「うーん、我が妹ながら、なんてチョロい……」%K%P
クレール様の提案に屈する梨理ちゃんを見て、\n美実様が楽しそうに呟く。%K%P
クレール様の提案に屈する梨理ちゃんを見て、\n美実様が楽しそうに呟く。%K%P
とはいえ、他でもないクレール様に言われたら、\n気になってしまうのも無理ないけど。%K%P
とはいえ、他でもないクレール様に言われたら、\n気になってしまうのも無理ないけど。%K%P
%LC陽菜
%LC陽菜
「それじゃあ、依夜様たちも？」%K%P
「それじゃあ、依夜様たちも？」%K%P
%LC依夜
%LC依夜
「うん。といっても、私たちはもともと、\n　一緒に練習する予定だったのだけど」%K%P
「うん。といっても、私たちはもともと、\n　一緒に練習する予定だったのだけど」%K%P
%LC杏奈
%LC杏奈
「エンゲージしたからには、\n　依夜様のためにも頑張らないとだし」%K%P
「エンゲージしたからには、\n　依夜様のためにも頑張らないとだし」%K%P
%LC依夜
%LC依夜
「気持ちは嬉しいけれど、あまり無理はしないで。\n　練習も、出来る範囲でやっていきましょう」%K%P
「気持ちは嬉しいけれど、あまり無理はしないで。\n　練習も、出来る範囲でやっていきましょう」%K%P
%LC杏奈
%LC杏奈
「はいっ」%K%P
「はいっ」%K%P
なんとも賑やかなクレール様たちに比べて、\n依夜様と杏奈ちゃんは、すごく落ち着いている。%K%P
なんとも賑やかなクレール様たちに比べて、\n依夜様と杏奈ちゃんは、すごく落ち着いている。%K%P
まあ、どう考えても依夜様たちが普通であって、\nクレール様たちが波瀾万丈なだけなんだけど。%K%P
まあ、どう考えても依夜様たちが普通であって、\nクレール様たちが波瀾万丈なだけなんだけど。%K%P
ちなみに、オレと美実様が初戦で対戦する相手は、\n波瀾万丈な方――クレール様と梨理ちゃんのペアだ。%K%P
ちなみに、オレと美実様が初戦で対戦する相手は、\n波瀾万丈な方――クレール様と梨理ちゃんのペアだ。%K%P
%LC美実
%LC美実
「小夜ちゃんたちにも声かけたんだけどね。\n　今日は用があるって、残念そうにしてたよ」%K%P
「小夜ちゃんたちにも声かけたんだけどね。\n　今日は用があるって、残念そうにしてたよ」%K%P
%LC美実
%LC美実
「せっかくだし、８人揃って、\n　なにかできたら面白かったんだけど」%K%P
「せっかくだし、８人揃って、\n　なにかできたら面白かったんだけど」%K%P
%LC陽菜
%LC陽菜
「６人でも充分賑やかです。\n　てっきり、私たちだけだと思っていたので」%K%P
「６人でも充分賑やかです。\n　てっきり、私たちだけだと思っていたので」%K%P
銀蘭祭までの期間、トレーニングルームは実質、\n代表に選ばれた{騎士:ワルキュリア}たちの貸し切りだ。%K%P
銀蘭祭までの期間、トレーニングルームは実質、\n代表に選ばれた{騎士:ワルキュリア}たちの貸し切りだ。%K%P
他の学生たちは銀蘭祭の準備で忙しいこともあり、\nトレーニングルームにやってくる子はいない。%K%P
他の学生たちは銀蘭祭の準備で忙しいこともあり、\nトレーニングルームにやってくる子はいない。%K%P
%LC美実
%LC美実
「んじゃ、私たちもさっそく練習といきますか」%K%P
「んじゃ、私たちもさっそく練習といきますか」%K%P
%LC美実
%LC美実
「せっかく梨理と戦えるわけだし。\n　本番では、姉の偉大さを示さなくっちゃね」%K%P
「せっかく梨理と戦えるわけだし。\n　本番では、姉の偉大さを示さなくっちゃね」%K%P
%LCクレール
%LCクレール
「あら、梨理ちゃん聞いた？\n　美実ったらあんなこと言ってるわよ？」%K%P
「あら、梨理ちゃん聞いた？\n　美実ったらあんなこと言ってるわよ？」%K%P
%LC梨理
%LC梨理
「私だって、せっかくの機会です。\n　お姉ちゃんに勝ってみせます」%K%P
「私だって、せっかくの機会です。\n　お姉ちゃんに勝ってみせます」%K%P
%LC梨理
%LC梨理
「……私の目標は、その先にあるので」%K%P
「……私の目標は、その先にあるので」%K%P
ぽつりと呟いた梨理ちゃんが、\nちらっと依夜様のほうへ視線を向ける。%K%P
ぽつりと呟いた梨理ちゃんが、\nちらっと依夜様のほうへ視線を向ける。%K%P
和気藹々とした雰囲気の中に闘志も秘められていて、\nほどよく緊張感のある空気が、正直、心地良かった。%K%P
和気藹々とした雰囲気の中に闘志も秘められていて、\nほどよく緊張感のある空気が、正直、心地良かった。%K%P
