美実様と一緒にトレーニングする日々は、\nなんだかんだで楽しく過ぎていって。%K%P
美実様と一緒にトレーニングする日々は、\nなんだかんだで楽しく過ぎていって。%K%P
金曜日――トーナメント初戦前日の放課後も、\nオレは美実様と一緒にトレーニングをしていた。%K%P
金曜日――トーナメント初戦前日の放課後も、\nオレは美実様と一緒にトレーニングをしていた。%K%P
%LC美実
%LC美実
「ありがとね、陽菜ちゃん。\n　試合前日まで練習に付き合ってもらって」%K%P
「ありがとね、陽菜ちゃん。\n　試合前日まで練習に付き合ってもらって」%K%P
%LC陽菜
%LC陽菜
「気にしないでください。\n　私も好きでお付き合いしてるので」%K%P
「気にしないでください。\n　私も好きでお付き合いしてるので」%K%P
%LC美実
%LC美実
「ん？　私のこと好きって言った？」%K%P
「ん？　私のこと好きって言った？」%K%P
%LC陽菜
%LC陽菜
「言ってません」%K%P
「言ってません」%K%P
%LC陽菜
%LC陽菜
「そういえば明日の試合のプリモ、\n　本当に私でいいんですか？」%K%P
「そういえば明日の試合のプリモ、\n　本当に私でいいんですか？」%K%P
%LC美実
%LC美実
「もちろん。クレールたちの方は、\n　クレールがプリモをやるって言ってたから」%K%P
「もちろん。クレールたちの方は、\n　クレールがプリモをやるって言ってたから」%K%P
%LC美実
%LC美実
「梨理がセコンドで、私がプリモだと、\n　私だけ飾緒アリってことになるでしょ？」%K%P
「梨理がセコンドで、私がプリモだと、\n　私だけ飾緒アリってことになるでしょ？」%K%P
%LC美実
%LC美実
「その条件だと……正直、梨理に勝てるかどうか、\n　微妙なラインだと思うんだよね」%K%P
「その条件だと……正直、梨理に勝てるかどうか、\n　微妙なラインだと思うんだよね」%K%P
{連弾:デュオ}{舞闘:カデンツァ}では、ペアのうち、\nどちらか一人がリーダー役のプリモとなり、\nその胸に飾緒をつける、という特別ルールがある。%K%P
{連弾:デュオ}{舞闘:カデンツァ}では、ペアのうち、\nどちらか一人がリーダー役のプリモとなり、\nその胸に飾緒をつける、という特別ルールがある。%K%P
飾緒はざっくり言うと弱点のようなもので、\nそれが斬られた時点で、斬られた側が敗北となる。%K%P
飾緒はざっくり言うと弱点のようなもので、\nそれが斬られた時点で、斬られた側が敗北となる。%K%P
%LC陽菜
%LC陽菜
「普段は茶化してますけど、美実様って、\n　梨理ちゃんの実力を誰よりも認めてますよね」%K%P
「普段は茶化してますけど、美実様って、\n　梨理ちゃんの実力を誰よりも認めてますよね」%K%P
%LC美実
%LC美実
「まあね。あの子が人一倍頑張り屋なことは、\n　私が誰よりも知ってるわけだし」%K%P
「まあね。あの子が人一倍頑張り屋なことは、\n　私が誰よりも知ってるわけだし」%K%P
%LC美実
%LC美実
「で？　陽菜ちゃんこそどうなの？\n　クレールに勝てそう？」%K%P
「で？　陽菜ちゃんこそどうなの？\n　クレールに勝てそう？」%K%P
%LC陽菜
%LC陽菜
「正直、勝てたらいいなって感じです」%K%P
「正直、勝てたらいいなって感じです」%K%P
%LC美実
%LC美実
「陽菜ちゃんにそこまで言わせるとか……。\n　クレールの実力って、やっぱ相当な感じ？」%K%P
「陽菜ちゃんにそこまで言わせるとか……。\n　クレールの実力って、やっぱ相当な感じ？」%K%P
%LC陽菜
%LC陽菜
「テスト{舞闘:カデンツァ}のときの印象だけでも、\n　かなりの実力者なのは間違いないです」%K%P
「テスト{舞闘:カデンツァ}のときの印象だけでも、\n　かなりの実力者なのは間違いないです」%K%P
%LC陽菜
%LC陽菜
「そもそもクレール様って、あのテストの日が\n　初めての{舞闘:カデンツァ}だったわけでしょ？」%K%P
「そもそもクレール様って、あのテストの日が\n　初めての{舞闘:カデンツァ}だったわけでしょ？」%K%P
%LC陽菜
%LC陽菜
「初めての{舞闘:カデンツァ}で、あの依夜様と、\n　互角以上に渡り合ってしまったわけで」%K%P
「初めての{舞闘:カデンツァ}で、あの依夜様と、\n　互角以上に渡り合ってしまったわけで」%K%P
%LC美実
%LC美実
「あ、そっか……。陽菜ちゃんと同じなんだ」%K%P
「あ、そっか……。陽菜ちゃんと同じなんだ」%K%P
オレの一言で、美実様が素早く理解する。%K%P
オレの一言で、美実様が素早く理解する。%K%P
以前、姉さんも言っていたことだけど、\n{舞闘:カデンツァ}は実際の剣術と勝手が違う。%K%P
以前、姉さんも言っていたことだけど、\n{舞闘:カデンツァ}は実際の剣術と勝手が違う。%K%P
オレも初めての{舞闘:カデンツァ}――親善試合では、\nフェンシングや剣道との違いに多少戸惑ったし、\nそれに慣れるまで、少しかかった。%K%P
オレも初めての{舞闘:カデンツァ}――親善試合では、\nフェンシングや剣道との違いに多少戸惑ったし、\nそれに慣れるまで、少しかかった。%K%P
それでも依夜様に勝てたのは、\n姉さんが言うところの『相性の良さ』だろう。%K%P
それでも依夜様に勝てたのは、\n姉さんが言うところの『相性の良さ』だろう。%K%P
端的に言ってしまえば、\nオレには{舞闘:カデンツァ}の才能があった。%K%P
端的に言ってしまえば、\nオレには{舞闘:カデンツァ}の才能があった。%K%P
そして、おそらくはクレール様も。%K%P
そして、おそらくはクレール様も。%K%P
%LC陽菜
%LC陽菜
「そもそも{舞闘:カデンツァ}って、\n　アリアンロッド女学院出身の理事長が、\n　アリアを元にして作った物ですから」%K%P
「そもそも{舞闘:カデンツァ}って、\n　アリアンロッド女学院出身の理事長が、\n　アリアを元にして作った物ですから」%K%P
%LC陽菜
%LC陽菜
「アリアンロッド女学院の{最優秀騎士:ブリランテ}である\n　クレール様が相性がいいのって当然なんですよね」%K%P
「アリアンロッド女学院の{最優秀騎士:ブリランテ}である\n　クレール様が相性がいいのって当然なんですよね」%K%P
%LC陽菜
%LC陽菜
「とはいえ、クレール様が強いのって、\n　それだけじゃないんですけど」%K%P
「とはいえ、クレール様が強いのって、\n　それだけじゃないんですけど」%K%P
%LC美実
%LC美実
「わかる。こういう言い方はアレだけど、\n　なんていうかこう……チートっぽさあるよね」%K%P
「わかる。こういう言い方はアレだけど、\n　なんていうかこう……チートっぽさあるよね」%K%P
%LC陽菜
%LC陽菜
「ホントに言い方がアレですけど……でも、\n　美実様が言わんとしていることはわかります」%K%P
「ホントに言い方がアレですけど……でも、\n　美実様が言わんとしていることはわかります」%K%P
今週、何度か一緒にトレーニングして思ったけど、\nクレール様って視野がやたら広い、気がする。%K%P
今週、何度か一緒にトレーニングして思ったけど、\nクレール様って視野がやたら広い、気がする。%K%P
%LC陽菜
%LC陽菜
「なので、クレール様対策、というか……。\n　奥の手的なものを、考えてはいるんですけど」%K%P
「なので、クレール様対策、というか……。\n　奥の手的なものを、考えてはいるんですけど」%K%P
%LC美実
%LC美実
「それって必殺技的な？」%K%P
「それって必殺技的な？」%K%P
%LC陽菜
%LC陽菜
「そんなに大したものじゃないです。\n　通用すればいいなってぐらいで」%K%P
「そんなに大したものじゃないです。\n　通用すればいいなってぐらいで」%K%P
%LC美実
%LC美実
「ねねっ、それって私相手でもイケる？」%K%P
「ねねっ、それって私相手でもイケる？」%K%P
%LC陽菜
%LC陽菜
「ハルバードの間合いを想定してるので、\n　ちょっと離れてもらえれば」%K%P
「ハルバードの間合いを想定してるので、\n　ちょっと離れてもらえれば」%K%P
%LC美実
%LC美実
「おっ、やってみせてやってみせて」%K%P
「おっ、やってみせてやってみせて」%K%P
そう言って、美実様はオレの返事も聞かず、\nうきうきした様子で距離をとった。%K%P
そう言って、美実様はオレの返事も聞かず、\nうきうきした様子で距離をとった。%K%P
トレーニングルームだと立体映像は現れないけど、\nそれ以外は、ほぼテアトルと同等の模擬戦が行える。%K%P
トレーニングルームだと立体映像は現れないけど、\nそれ以外は、ほぼテアトルと同等の模擬戦が行える。%K%P
%LC陽菜
%LC陽菜
「じゃあ、いきますね。――アン・ガルド」%K%P
「じゃあ、いきますね。――アン・ガルド」%K%P
美実様に向け、伸びたクラージュを構えたあと、\n切っ先を揺らし、クラージュを充分に意識させて。%K%P
美実様に向け、伸びたクラージュを構えたあと、\n切っ先を揺らし、クラージュを充分に意識させて。%K%P
そうしたら、{剣をその場に残したまま;・}、\n素早く相手の脇をすり抜けるッ……！！%K%P
そうしたら、{剣をその場に残したまま;・}、\n素早く相手の脇をすり抜けるッ……！！%K%P
%LC美実
%LC美実
「えっ、うそっ？！　消えたっ……！？」%K%P
「えっ、うそっ？！　消えたっ……！？」%K%P
%LC陽菜
%LC陽菜
「消えてません。こっちです」%K%P
「消えてません。こっちです」%K%P
%LC美実
%LC美実
「あ……」%K%P
「あ……」%K%P
美実様の後ろから、そっと声を掛ける。%K%P
美実様の後ろから、そっと声を掛ける。%K%P
振り向いた美実様の顔は、\nそれこそ狐につままれたみたいだった。%K%P
振り向いた美実様の顔は、\nそれこそ狐につままれたみたいだった。%K%P
%LC美実
%LC美実
「いまの、なに……？　どうやったの？」%K%P
「いまの、なに……？　どうやったの？」%K%P
%LC陽菜
%LC陽菜
「留学していたときに向こうで見た、\n　大道芸のパントマイムをヒントにしてるんです」%K%P
「留学していたときに向こうで見た、\n　大道芸のパントマイムをヒントにしてるんです」%K%P
%LC美実
%LC美実
「パントマイムって……あの、\n　目の前に見えない壁を作ったりする？」%K%P
「パントマイムって……あの、\n　目の前に見えない壁を作ったりする？」%K%P
%LC陽菜
%LC陽菜
「はい。私が見たのは、手に持ってる鞄が、\n　動かなくなるっていうやつだったんですけど」%K%P
「はい。私が見たのは、手に持ってる鞄が、\n　動かなくなるっていうやつだったんですけど」%K%P
%LC陽菜
%LC陽菜
「それを見て、剣で同じ事をやったら\n　どうなるかなって、色々と試してみて」%K%P
「それを見て、剣で同じ事をやったら\n　どうなるかなって、色々と試してみて」%K%P
%LC陽菜
%LC陽菜
「それで出来たのが、今の技ってわけです」%K%P
「それで出来たのが、今の技ってわけです」%K%P
相手の注意を自分の剣に向けておいて、\nその剣を中空に固定し、相手の死角へと回り込む。%K%P
相手の注意を自分の剣に向けておいて、\nその剣を中空に固定し、相手の死角へと回り込む。%K%P
フェンシングや剣道じゃ正直ネタの域だけど、\n{舞闘:カデンツァ}であれば、充分使える技だと思う。%K%P
フェンシングや剣道じゃ正直ネタの域だけど、\n{舞闘:カデンツァ}であれば、充分使える技だと思う。%K%P
実際、いまだって美実様に通用したわけで。%K%P
実際、いまだって美実様に通用したわけで。%K%P
%LC陽菜
%LC陽菜
「けどこの技、大きな欠点があって。\n　端から見てると一発でタネがバレちゃうんです」%K%P
「けどこの技、大きな欠点があって。\n　端から見てると一発でタネがバレちゃうんです」%K%P
%LC陽菜
%LC陽菜
「なので、パートナーがいる{連弾:デュオ}{舞闘:カデンツァ}だと、\n　使いどころが難しいんですよね」%K%P
「なので、パートナーがいる{連弾:デュオ}{舞闘:カデンツァ}だと、\n　使いどころが難しいんですよね」%K%P
%LC陽菜
%LC陽菜
「それもあって、実際に使うかどうか、\n　かなり迷ってはいたんですけど……」%K%P
「それもあって、実際に使うかどうか、\n　かなり迷ってはいたんですけど……」%K%P
%LC美実
%LC美実
「クレール相手なら、奇策も上等って感じ？」%K%P
「クレール相手なら、奇策も上等って感じ？」%K%P
%LC陽菜
%LC陽菜
「はい。やれることはなんでも試さないと、\n　勝てそうにないですから」%K%P
「はい。やれることはなんでも試さないと、\n　勝てそうにないですから」%K%P
%LC陽菜
%LC陽菜
「ちなみに、こっそり練習していた技なので。\n　人に見せたのは、今回が初めてです」%K%P
「ちなみに、こっそり練習していた技なので。\n　人に見せたのは、今回が初めてです」%K%P
%LC美実
%LC美実
「あらま。私ってば陽菜ちゃんの大切な初めてを\n　奪っちゃったわけね？」%K%P
「あらま。私ってば陽菜ちゃんの大切な初めてを\n　奪っちゃったわけね？」%K%P
%LC陽菜
%LC陽菜
「そうですね。美実様に奪われちゃいました」%K%P
「そうですね。美実様に奪われちゃいました」%K%P
%LC美実
%LC美実
「むぅ……。陽菜ちゃん、ここ数日で、\n　すっかり私の冗談にも慣れちゃったね」%K%P
「むぅ……。陽菜ちゃん、ここ数日で、\n　すっかり私の冗談にも慣れちゃったね」%K%P
%LC陽菜
%LC陽菜
「エンゲージして以来、\n　放課後はずっと一緒にいましたから」%K%P
「エンゲージして以来、\n　放課後はずっと一緒にいましたから」%K%P
%LC美実
%LC美実
「ふふっ、確かに」%K%P
「ふふっ、確かに」%K%P
%LC美実
%LC美実
「ともかく、必殺技に関しては了解。つまり私は、\n　それを使える状況を用意すればいいわけね？」%K%P
「ともかく、必殺技に関しては了解。つまり私は、\n　それを使える状況を用意すればいいわけね？」%K%P
%LC陽菜
%LC陽菜
「試合中、梨理ちゃんを引きつけて、私の動向に\n　意識を割く余裕をなくしてもらえれば」%K%P
「試合中、梨理ちゃんを引きつけて、私の動向に\n　意識を割く余裕をなくしてもらえれば」%K%P
%LC美実
%LC美実
「おっけー、お安いご用っ」%K%P
「おっけー、お安いご用っ」%K%P
%LC美実
%LC美実
「うまくいけば、明日はクレールと梨理の、\n　度肝を抜かれた顔が拝めるかもしれないと」%K%P
「うまくいけば、明日はクレールと梨理の、\n　度肝を抜かれた顔が拝めるかもしれないと」%K%P
%LC陽菜
%LC陽菜
「うまくいけば、ですけど」%K%P
「うまくいけば、ですけど」%K%P
この奥の手は、性質上、何度も使えない。%K%P
この奥の手は、性質上、何度も使えない。%K%P
クレール様の対応力も加味すると、\nそれこそ、チャンスは１回と考えておくべきだ。%K%P
クレール様の対応力も加味すると、\nそれこそ、チャンスは１回と考えておくべきだ。%K%P
その１回を活かすことができれば、\n美実様と決勝に進出できるかもしれない。%K%P
その１回を活かすことができれば、\n美実様と決勝に進出できるかもしれない。%K%P
