きちんとメイクされた複数のベッドに、\n雑談を楽しむのにちょうどいいテーブル。%K%P
きちんとメイクされた複数のベッドに、\n雑談を楽しむのにちょうどいいテーブル。%K%P
その部屋からは、過ごす人を交流させようという、\n確固たる意志が感じられた。%K%P
その部屋からは、過ごす人を交流させようという、\n確固たる意志が感じられた。%K%P
%LC陽菜
%LC陽菜
「こんなことになるなんて……」%K%P
「こんなことになるなんて……」%K%P
職員寮から持ってきた荷物を置いて、\nベッドに腰掛けながら呟いてしまう。%K%P
職員寮から持ってきた荷物を置いて、\nベッドに腰掛けながら呟いてしまう。%K%P
荷物の中身は、お泊まりセット。%K%P
荷物の中身は、お泊まりセット。%K%P
なぜ、こんなことになったのかというと――、%K%P
なぜ、こんなことになったのかというと――、%K%P
%LCニナ
%LCニナ
「決勝進出おめでとう、ヒナちゃん」%K%P
「決勝進出おめでとう、ヒナちゃん」%K%P
%LC陽菜
%LC陽菜
「ありがとうございます」%K%P
「ありがとうございます」%K%P
%LCニナ
%LCニナ
「いきなりだけどヒナちゃんには明日、\n　荷物をまとめてここを出ていってもらいます」%K%P
「いきなりだけどヒナちゃんには明日、\n　荷物をまとめてここを出ていってもらいます」%K%P
……え？%K%P
……え？%K%P
%LC陽菜
%LC陽菜
「あの、出ていってもらうって、\n　どういうことですか……？」%K%P
「あの、出ていってもらうって、\n　どういうことですか……？」%K%P
%LCニナ
%LCニナ
「決勝に進出した４人の{騎士:ワルキュリア}が、銀蘭祭の\n　歌劇アリアに出演するって話は覚えてるでしょ？」%K%P
「決勝に進出した４人の{騎士:ワルキュリア}が、銀蘭祭の\n　歌劇アリアに出演するって話は覚えてるでしょ？」%K%P
%LCニナ
%LCニナ
「歌劇アリアは、その名の通りオペラだから。\n　演じるために台本を覚える必要があるの」%K%P
「歌劇アリアは、その名の通りオペラだから。\n　演じるために台本を覚える必要があるの」%K%P
%LCニナ
%LCニナ
「でも、銀蘭祭までは残り１週間。\n　普通にやっていたら間に合わない――」%K%P
「でも、銀蘭祭までは残り１週間。\n　普通にやっていたら間に合わない――」%K%P
%LCニナ
%LCニナ
「そこで、歌劇アリアに出演する学生たちは、\n　本番前に合宿することになってるの」%K%P
「そこで、歌劇アリアに出演する学生たちは、\n　本番前に合宿することになってるの」%K%P
%LCニナ
%LCニナ
%XS21「その名もずばり、アリア合宿っ」%XE%K%P
%XS21「その名もずばり、アリア合宿っ」%XE%K%P
%LC陽菜
%LC陽菜
「じゃあ、明日出ていってっていうのは――」%K%P
「じゃあ、明日出ていってっていうのは――」%K%P
%LCニナ
%LCニナ
「その合宿に参加してきてねってこと」%K%P
「その合宿に参加してきてねってこと」%K%P
%LC陽菜
%LC陽菜
「ほっ……。なんだ、よかった……」%K%P
「ほっ……。なんだ、よかった……」%K%P
%LC陽菜
%LC陽菜
「本当に追い出されるのかと思って、\n　焦っちゃったじゃないですか」%K%P
「本当に追い出されるのかと思って、\n　焦っちゃったじゃないですか」%K%P
%LCニナ
%LCニナ
「ごめんなさい。こういうお決まりの台詞、\n　一度言ってみたくって」%K%P
「ごめんなさい。こういうお決まりの台詞、\n　一度言ってみたくって」%K%P
%LCニナ
%LCニナ
「けど、そんなに慌てるなんて……」%K%P
「けど、そんなに慌てるなんて……」%K%P
%LCニナ
%LCニナ
「ひょっとしてヒナちゃん、ここを出ていけって\n　言われる心当たりでもあるとか？」%K%P
「ひょっとしてヒナちゃん、ここを出ていけって\n　言われる心当たりでもあるとか？」%K%P
%LC陽菜
%LC陽菜
「それは、ええっと……」%K%P
「それは、ええっと……」%K%P
%LCニナ
%LCニナ
「ふふっ、冗談よ、冗談。\n　ヒナちゃんはそんな悪い子じゃないものね？」%K%P
「ふふっ、冗談よ、冗談。\n　ヒナちゃんはそんな悪い子じゃないものね？」%K%P
%LCニナ
%LCニナ
「あっ、ちなみに合宿期間は１週間だから」%K%P
「あっ、ちなみに合宿期間は１週間だから」%K%P
%LC陽菜
%LC陽菜
%XS21「いっしゅうかんっ！？」%XE%K%P
%XS21「いっしゅうかんっ！？」%XE%K%P
%LC陽菜
%LC陽菜
「はぁ……」%K%P
「はぁ……」%K%P
夕べの出来事を思い返し、溜め息が漏れる。%K%P
夕べの出来事を思い返し、溜め息が漏れる。%K%P
そういえば女装生活初日も、こんなような流れで\n溜め息をついていた気がしないでもない。%K%P
そういえば女装生活初日も、こんなような流れで\n溜め息をついていた気がしないでもない。%K%P
%LC陽菜
%LC陽菜
「……言えなかったな、あのこと」%K%P
「……言えなかったな、あのこと」%K%P
夕べ、ニナさんの言葉にドキッとしたのは、\n依夜様との一件があったからだ。%K%P
夕べ、ニナさんの言葉にドキッとしたのは、\n依夜様との一件があったからだ。%K%P
オレは結局、依夜様に女装がバレたことを\nニナさんや姉さんに話せていない。%K%P
オレは結局、依夜様に女装がバレたことを\nニナさんや姉さんに話せていない。%K%P
理由はいろいろあるけれど……、\n一番は、説明しづらかったからだ。%K%P
理由はいろいろあるけれど……、\n一番は、説明しづらかったからだ。%K%P
女装がバレたことを伝えるとなったら\n当然、バレた経緯も話さなくてはいけない。%K%P
女装がバレたことを伝えるとなったら\n当然、バレた経緯も話さなくてはいけない。%K%P
けど、あの展開を説明するのは――、%K%P
けど、あの展開を説明するのは――、%K%P
%LC美実
%LC美実
「なにアンニュイな顔してるの？」%K%P
「なにアンニュイな顔してるの？」%K%P
%LC陽菜
%LC陽菜
「いっ、いえ、なんでもっ」%K%P
「いっ、いえ、なんでもっ」%K%P
突然の声にビクっとしながら応えると、\nそこには美実様と梨理ちゃんが。%K%P
突然の声にビクっとしながら応えると、\nそこには美実様と梨理ちゃんが。%K%P
%LC陽菜
%LC陽菜
「二人とも、その格好は――」%K%P
「二人とも、その格好は――」%K%P
%LC美実
%LC美実
「今日お休みだし、別に変でもないでしょ？」%K%P
「今日お休みだし、別に変でもないでしょ？」%K%P
%LC美実
%LC美実
「もちろん制服も持ってきてるよ。\n　銀蘭祭までは、ここから校舎に通うわけだし」%K%P
「もちろん制服も持ってきてるよ。\n　銀蘭祭までは、ここから校舎に通うわけだし」%K%P
そう言った美実様と梨理ちゃんの手には、\nそれぞれキャリーケースが。%K%P
そう言った美実様と梨理ちゃんの手には、\nそれぞれキャリーケースが。%K%P
依夜様のときもそうだったけど、\n制服以外の姿って見慣れてないから新鮮だ。%K%P
依夜様のときもそうだったけど、\n制服以外の姿って見慣れてないから新鮮だ。%K%P
%LC美実
%LC美実
「そういう陽菜ちゃんは、なんで制服？」%K%P
「そういう陽菜ちゃんは、なんで制服？」%K%P
%LC陽菜
%LC陽菜
「学園内の移動だったので、こっちかなって」%K%P
「学園内の移動だったので、こっちかなって」%K%P
女性物の私服の用意もあったんだけど、\n着るのが恥ずかしくて、躊躇ってしまった。%K%P
女性物の私服の用意もあったんだけど、\n着るのが恥ずかしくて、躊躇ってしまった。%K%P
このあたり、依夜様に女装がバレたことが、\n多少なり心情に影響した結果かもしれない。%K%P
このあたり、依夜様に女装がバレたことが、\n多少なり心情に影響した結果かもしれない。%K%P
%LC陽菜
%LC陽菜
「けっこう荷物ありますね」%K%P
「けっこう荷物ありますね」%K%P
%LC梨理
%LC梨理
「１週間ここで暮らすわけですし」%K%P
「１週間ここで暮らすわけですし」%K%P
%LC美実
%LC美実
「陽菜ちゃんこそ少なすぎない？」%K%P
「陽菜ちゃんこそ少なすぎない？」%K%P
%LC陽菜
%LC陽菜
「私は職員寮が近いので。\n　なにかあれば取りに戻れますから」%K%P
「私は職員寮が近いので。\n　なにかあれば取りに戻れますから」%K%P
%LC美実
%LC美実
「あ、そっか。便利だねぇ」%K%P
「あ、そっか。便利だねぇ」%K%P
%LC美実
%LC美実
「で？　相方は？」%K%P
「で？　相方は？」%K%P
%LC陽菜
%LC陽菜
「依夜様なら、まだ――」%K%P
「依夜様なら、まだ――」%K%P
%LC依夜
%LC依夜
「ごきげんよう」%K%P
「ごきげんよう」%K%P
%LC美実
%LC美実
「おっ、噂をすれば……って、あれ？\n　依夜も制服？」%K%P
「おっ、噂をすれば……って、あれ？\n　依夜も制服？」%K%P
%LC依夜
%LC依夜
「このほうが荷物が少なくて済むから」%K%P
「このほうが荷物が少なくて済むから」%K%P
%LC美実
%LC美実
「なんだ、残念……。今年こそは\n　依夜の私服が見られると思ったのに」%K%P
「なんだ、残念……。今年こそは\n　依夜の私服が見られると思ったのに」%K%P
%LC陽菜
%LC陽菜
「今年こそ？」%K%P
「今年こそ？」%K%P
%LC美実
%LC美実
「前にアリア合宿で一緒したとき、\n　依夜ってば私服を持ってこなかったんだよね」%K%P
「前にアリア合宿で一緒したとき、\n　依夜ってば私服を持ってこなかったんだよね」%K%P
%LC美実
%LC美実
「依夜のプライベートって、わりと謎で。\n　実家が神社なこと知らない子も多いし」%K%P
「依夜のプライベートって、わりと謎で。\n　実家が神社なこと知らない子も多いし」%K%P
確かに、依夜様が神楽を披露すると知れ渡っていたら、\n先日の小祭も銀蘭の子が見に来ていただろうし。%K%P
確かに、依夜様が神楽を披露すると知れ渡っていたら、\n先日の小祭も銀蘭の子が見に来ていただろうし。%K%P
そもそも友人を家に招くのはオレが初めてだって、\nお泊まりのときに言っていたっけ。%K%P
そもそも友人を家に招くのはオレが初めてだって、\nお泊まりのときに言っていたっけ。%K%P
けど、依夜様の私服、か……。\n確かにちょっと気になるかも。%K%P
けど、依夜様の私服、か……。\n確かにちょっと気になるかも。%K%P
大人っぽくて格好いい系なのか、\nそれとも、本人が好きだという可愛い系なのか。%K%P
大人っぽくて格好いい系なのか、\nそれとも、本人が好きだという可愛い系なのか。%K%P
%LC美実
%LC美実
「陽菜ちゃん、依夜んち泊まったんでしょ？\n　どうだったの？　そのあたり」%K%P
「陽菜ちゃん、依夜んち泊まったんでしょ？\n　どうだったの？　そのあたり」%K%P
%LC陽菜
%LC陽菜
「どう、と言われても……」%K%P
「どう、と言われても……」%K%P
真っ先に思い出すことといえば、\nやっぱり寝起きの――、%K%P
真っ先に思い出すことといえば、\nやっぱり寝起きの――、%K%P
%LC依夜
%LC依夜
「陽菜」%K%P
「陽菜」%K%P
%LC陽菜
%LC陽菜
「あっ……えと、依夜様のプライベートは、\n　秘密ってことで」%K%P
「あっ……えと、依夜様のプライベートは、\n　秘密ってことで」%K%P
%LC美実
%LC美実
「おっ、独り占めかー？　このこのー」%K%P
「おっ、独り占めかー？　このこのー」%K%P
%LC陽菜
%LC陽菜
「べつにそういうわけじゃ」%K%P
「べつにそういうわけじゃ」%K%P
%LC睦月
%LC睦月
「みなさん、ごきげんよう。\n　本日から１週間、よろしくお願いします」%K%P
「みなさん、ごきげんよう。\n　本日から１週間、よろしくお願いします」%K%P
%LC陽菜
%LC陽菜
「あっ、睦月さん。\n　こちらこそよろしくね」%K%P
「あっ、睦月さん。\n　こちらこそよろしくね」%K%P
最後につーちゃんがやってきて、\n歌劇アリアに出演するメンバーが揃った。%K%P
最後につーちゃんがやってきて、\n歌劇アリアに出演するメンバーが揃った。%K%P
学生寮から合宿所――学内の移動だったからか、\nつーちゃんもオレや依夜様と同じく制服姿だ。%K%P
学生寮から合宿所――学内の移動だったからか、\nつーちゃんもオレや依夜様と同じく制服姿だ。%K%P
%LC美実
%LC美実
「全員集まったけど、今日はどうする？\n　いまから親睦会でもしちゃう？」%K%P
「全員集まったけど、今日はどうする？\n　いまから親睦会でもしちゃう？」%K%P
%LC梨理
%LC梨理
「私、これ読みたい。内容よく知らないし」%K%P
「私、これ読みたい。内容よく知らないし」%K%P
梨理ちゃんが手にしていたのは、\n歌劇アリアの台本だった。%K%P
梨理ちゃんが手にしていたのは、\n歌劇アリアの台本だった。%K%P
この部屋にテーブルに、\nあらかじめ置かれてあったものだ。%K%P
この部屋にテーブルに、\nあらかじめ置かれてあったものだ。%K%P
%LC陽菜
%LC陽菜
「私も目を通しておきたいです」%K%P
「私も目を通しておきたいです」%K%P
戦うほうのアリアなら知識はあるけど、\n歌劇アリアについては知らないも同然だ。%K%P
戦うほうのアリアなら知識はあるけど、\n歌劇アリアについては知らないも同然だ。%K%P
%LC陽菜
%LC陽菜
「依夜様と美実様は、歌劇アリアに\n　出演したことがあるんですよね？」%K%P
「依夜様と美実様は、歌劇アリアに\n　出演したことがあるんですよね？」%K%P
%LC依夜
%LC依夜
「うん。内容は毎年同じだから。\n　わからないところがあれば、聞いて」%K%P
「うん。内容は毎年同じだから。\n　わからないところがあれば、聞いて」%K%P
%LC美実
%LC美実
「とはいえ、私たちは難しくないけどね。\n　歌劇のメインは、{歌姫:ディーバ}の歌唱だし」%K%P
「とはいえ、私たちは難しくないけどね。\n　歌劇のメインは、{歌姫:ディーバ}の歌唱だし」%K%P
%LC美実
%LC美実
「睦月ちゃんは去年見てるでしょ？\n　内容、覚えてる？」%K%P
「睦月ちゃんは去年見てるでしょ？\n　内容、覚えてる？」%K%P
%LC睦月
%LC睦月
「はい。それに私は、みなさんに先んじて、\n　台本と曲の楽譜をすでにいただいていますから」%K%P
「はい。それに私は、みなさんに先んじて、\n　台本と曲の楽譜をすでにいただいていますから」%K%P
%LC陽菜
%LC陽菜
「あの……歌劇ってことは、\n　もしかして私たちも歌うんですか？」%K%P
「あの……歌劇ってことは、\n　もしかして私たちも歌うんですか？」%K%P
%LC美実
%LC美実
「ううん、歌うのは{歌姫:ディーバ}だけ」%K%P
「ううん、歌うのは{歌姫:ディーバ}だけ」%K%P
%LC陽菜
%LC陽菜
「ほっ……」%K%P
「ほっ……」%K%P
%LC美実
%LC美実
「なぁに？　陽菜ちゃん、歌に自信ないとか？」%K%P
「なぁに？　陽菜ちゃん、歌に自信ないとか？」%K%P
%LC陽菜
%LC陽菜
「ええ、まあ……」%K%P
「ええ、まあ……」%K%P
同じ合唱団に所属していたつーちゃんの前で\n歌を披露なんてことになれば、万一の可能性もある。%K%P
同じ合唱団に所属していたつーちゃんの前で\n歌を披露なんてことになれば、万一の可能性もある。%K%P
すでに依夜様には男だとバレてるわけだけど、\nだからって、他の子にもバレていいわけじゃない。%K%P
すでに依夜様には男だとバレてるわけだけど、\nだからって、他の子にもバレていいわけじゃない。%K%P
%LC依夜
%LC依夜
「なら、今から全員でテアトルに行きましょう」%K%P
「なら、今から全員でテアトルに行きましょう」%K%P
%LC依夜
%LC依夜
「歌劇アリアは、テアトルでやるの。\n　実際に舞台に立った方がわかりやすいと思う」%K%P
「歌劇アリアは、テアトルでやるの。\n　実際に舞台に立った方がわかりやすいと思う」%K%P
%LC依夜
%LC依夜
「歌劇アリアに出演する学生は、銀蘭祭まで、\n　自由にテアトルに出入りできるから」%K%P
「歌劇アリアに出演する学生は、銀蘭祭まで、\n　自由にテアトルに出入りできるから」%K%P
歌劇アリア――それは、歌姫と騎士の物語。%K%P
歌劇アリア――それは、歌姫と騎士の物語。%K%P
とある小国の姫『アリア』は、\nその素晴らしい歌声で民から愛されていた。%K%P
とある小国の姫『アリア』は、\nその素晴らしい歌声で民から愛されていた。%K%P
そんなアリアのもとに、\nある日、近隣大国から招待状が届く。%K%P
そんなアリアのもとに、\nある日、近隣大国から招待状が届く。%K%P
その内容は、近々催すパーティーで、\n歌を披露してほしいという申し出だった。%K%P
その内容は、近々催すパーティーで、\n歌を披露してほしいという申し出だった。%K%P
歌うことが好きなアリアは、\n嬉々としてその申し出を受ける。%K%P
歌うことが好きなアリアは、\n嬉々としてその申し出を受ける。%K%P
しかし、近隣といえど馬車で数日かかる道、\nさらに国境付近の森には野生の狼も出るという。%K%P
しかし、近隣といえど馬車で数日かかる道、\nさらに国境付近の森には野生の狼も出るという。%K%P
そこでアリアには道行きの護衛として、\n女性の騎士が４名、同行することとなった。%K%P
そこでアリアには道行きの護衛として、\n女性の騎士が４名、同行することとなった。%K%P
行きの道はなんら問題なく、\n催されたパーティーでの歌唱も大盛況。%K%P
行きの道はなんら問題なく、\n催されたパーティーでの歌唱も大盛況。%K%P
しかし自国への帰路、アリアたちを乗せた馬車は、\n国境付近でならず者の集団に襲われてしまう。%K%P
しかし自国への帰路、アリアたちを乗せた馬車は、\n国境付近でならず者の集団に襲われてしまう。%K%P
パーティーでアリアの歌声を聞き、\nそれに嫉妬した貴族が、アリアを亡き者にせんと\nならず者を雇い、馬車を襲撃させたのだ。%K%P
パーティーでアリアの歌声を聞き、\nそれに嫉妬した貴族が、アリアを亡き者にせんと\nならず者を雇い、馬車を襲撃させたのだ。%K%P
アリアを守る為、騎士たちは剣を手に戦うが、\n人数の差もあって散り散りになってしまう。%K%P
アリアを守る為、騎士たちは剣を手に戦うが、\n人数の差もあって散り散りになってしまう。%K%P
それでも一人の騎士が、ならず者を撃退しつつ、\nどうにか森の奥へとアリアを連れて逃げ込んだ。%K%P
それでも一人の騎士が、ならず者を撃退しつつ、\nどうにか森の奥へとアリアを連れて逃げ込んだ。%K%P
しかし騎士は戦いの最中に足を負傷しており、\nやがて、歩くことさえ困難になってしまう。%K%P
しかし騎士は戦いの最中に足を負傷しており、\nやがて、歩くことさえ困難になってしまう。%K%P
自分を見捨てて逃げるように騎士は訴えるが、\nそんな真似はしないと、アリアはそれを拒否。%K%P
自分を見捨てて逃げるように騎士は訴えるが、\nそんな真似はしないと、アリアはそれを拒否。%K%P
そして、森の中で歌い始める。%K%P
そして、森の中で歌い始める。%K%P
散り散りになっていた騎士たちは、\nアリアの歌声に導かれ、森の奥へ。%K%P
散り散りになっていた騎士たちは、\nアリアの歌声に導かれ、森の奥へ。%K%P
そうして合流を果たした騎士たちは、\n負傷した騎士を助け、アリアと共に森を抜ける。%K%P
そうして合流を果たした騎士たちは、\n負傷した騎士を助け、アリアと共に森を抜ける。%K%P
歌声で騎士を救った{歌姫:ディーバ}の活躍は、\n無事に帰国した騎士たちによって国中へと広まり、\n後々の世まで、語り継がれることとなった――。%K%P
歌声で騎士を救った{歌姫:ディーバ}の活躍は、\n無事に帰国した騎士たちによって国中へと広まり、\n後々の世まで、語り継がれることとなった――。%K%P
%LC陽菜
%LC陽菜
「おー……」%K%P
「おー……」%K%P
台本を読み終えると、感嘆の吐息が漏れた。%K%P
台本を読み終えると、感嘆の吐息が漏れた。%K%P
アリアの原典、{歌姫救出譚:プリンチペッサ・プレギエーラ}は、\n様々なバージョン――いわゆる、諸説ある物語だ。%K%P
アリアの原典、{歌姫救出譚:プリンチペッサ・プレギエーラ}は、\n様々なバージョン――いわゆる、諸説ある物語だ。%K%P
それをどのような劇にしているのかと思ったけど、\nなるほど、コンパクトかつ、よくまとまっている。%K%P
それをどのような劇にしているのかと思ったけど、\nなるほど、コンパクトかつ、よくまとまっている。%K%P
メインは{歌姫:ディーバ}の歌唱だと美実様が\n言っていた通り、歌うシーンも何度も出てくるし。%K%P
メインは{歌姫:ディーバ}の歌唱だと美実様が\n言っていた通り、歌うシーンも何度も出てくるし。%K%P
%LC美実
%LC美実
「この、{歌姫:ディーバ}と一緒に逃げる騎士を、\n　その年の{最優秀騎士:ブリランテ}が演じるわけ」%K%P
「この、{歌姫:ディーバ}と一緒に逃げる騎士を、\n　その年の{最優秀騎士:ブリランテ}が演じるわけ」%K%P
%LC睦月
%LC睦月
「今年の{最優秀騎士:ブリランテ}は勝ったペア二人ともの\n　はずですが、この場合はどうするんでしょうか」%K%P
「今年の{最優秀騎士:ブリランテ}は勝ったペア二人ともの\n　はずですが、この場合はどうするんでしょうか」%K%P
%LC美実
%LC美実
「{最優秀騎士:ブリランテ}になったペアで、\n　どっちが演じるか話し合って決める、とか？」%K%P
「{最優秀騎士:ブリランテ}になったペアで、\n　どっちが演じるか話し合って決める、とか？」%K%P
%LC依夜
%LC依夜
「それでいいと思う。陽菜は？」%K%P
「それでいいと思う。陽菜は？」%K%P
%LC陽菜
%LC陽菜
「異論ないです」%K%P
「異論ないです」%K%P
%LC美実
%LC美実
「よしっ。んじゃ、まずはお手本ってことで、\n　経験者の依夜が{最優秀騎士:ブリランテ}の役ね」%K%P
「よしっ。んじゃ、まずはお手本ってことで、\n　経験者の依夜が{最優秀騎士:ブリランテ}の役ね」%K%P
%LC陽菜
%LC陽菜
「まさか、いきなり稽古するんですか？」%K%P
「まさか、いきなり稽古するんですか？」%K%P
%LC美実
%LC美実
「そんなに難しく考えないで。\n　台本見ながら、台詞を読むだけ」%K%P
「そんなに難しく考えないで。\n　台本見ながら、台詞を読むだけ」%K%P
%LC美実
%LC美実
「{歌姫:ディーバ}と{最優秀騎士:ブリランテ}以外は、\n　台詞の数、ぐっと少ないし」%K%P
「{歌姫:ディーバ}と{最優秀騎士:ブリランテ}以外は、\n　台詞の数、ぐっと少ないし」%K%P
%LC美実
%LC美実
「どう？　睦月ちゃんはいけそう？」%K%P
「どう？　睦月ちゃんはいけそう？」%K%P
%LC睦月
%LC睦月
「歌はまだ万全とはいえないので、\n　歌唱シーンを飛ばしてもよいのであれば」%K%P
「歌はまだ万全とはいえないので、\n　歌唱シーンを飛ばしてもよいのであれば」%K%P
%LC美実
%LC美実
「もちろん。{歌姫:ディーバ}は台詞も多いし、\n　覚えることいっぱいで大変だもんね」%K%P
「もちろん。{歌姫:ディーバ}は台詞も多いし、\n　覚えることいっぱいで大変だもんね」%K%P
%LC睦月
%LC睦月
「ありがとうございます」%K%P
「ありがとうございます」%K%P
%LC美実
%LC美実
「梨理も、それでいい？」%K%P
「梨理も、それでいい？」%K%P
%LC梨理
%LC梨理
「うっ、うん」%K%P
「うっ、うん」%K%P
頷く梨理ちゃんの反応が、やや固い。%K%P
頷く梨理ちゃんの反応が、やや固い。%K%P
緊張してる梨理ちゃん、初めて見たかも。%K%P
緊張してる梨理ちゃん、初めて見たかも。%K%P
%LC依夜
%LC依夜
「姫。隣国より招待状が届きました」%K%P
「姫。隣国より招待状が届きました」%K%P
%LC睦月
%LC睦月
「まあ、どのような？」%K%P
「まあ、どのような？」%K%P
%LC依夜
%LC依夜
「近々開催するパーティーで、\n　歌を披露してほしいとのことです」%K%P
「近々開催するパーティーで、\n　歌を披露してほしいとのことです」%K%P
%LC睦月
%LC睦月
「それは願ってもないことね。\n　ぜひ出席いたしましょう」%K%P
「それは願ってもないことね。\n　ぜひ出席いたしましょう」%K%P
%LC依夜
%LC依夜
「姫、今宵の歌も大変素敵でした」%K%P
「姫、今宵の歌も大変素敵でした」%K%P
%LC睦月
%LC睦月
「ありがとう。こうして出席出来たのも、\n　あなたたちの護衛があればこそ」%K%P
「ありがとう。こうして出席出来たのも、\n　あなたたちの護衛があればこそ」%K%P
%LC睦月
%LC睦月
「帰路も、よろしくお願いいたします」%K%P
「帰路も、よろしくお願いいたします」%K%P
%LC依夜
%LC依夜
「待ち伏せ、だとっ……！？\n　みな、姫を御守りしろっ！」%K%P
「待ち伏せ、だとっ……！？\n　みな、姫を御守りしろっ！」%K%P
%LC梨理
%LC梨理
「これだけの数、どこからっ……！？」%K%P
「これだけの数、どこからっ……！？」%K%P
%LC陽菜
%LC陽菜
「こいつら、山賊じゃないのかっ！？」%K%P
「こいつら、山賊じゃないのかっ！？」%K%P
%LC美実
%LC美実
「ここは私たちが抑える！\n　その間におまえが姫を連れて逃げろっ！」%K%P
「ここは私たちが抑える！\n　その間におまえが姫を連れて逃げろっ！」%K%P
%LC依夜
%LC依夜
「しかしっ……！」%K%P
「しかしっ……！」%K%P
%LC美実
%LC美実
「こいつらの狙いはおそらく姫の命！\n　ここは我らに任せて、早くゆけっ！！」%K%P
「こいつらの狙いはおそらく姫の命！\n　ここは我らに任せて、早くゆけっ！！」%K%P
%LC依夜
%LC依夜
「くっ……私はもう、動けません。\n　どうかこの先は、姫だけで――」%K%P
「くっ……私はもう、動けません。\n　どうかこの先は、姫だけで――」%K%P
%LC睦月
%LC睦月
「なりません。命懸けで私を守ったあなたを、\n　どうして捨て置くことができましょう」%K%P
「なりません。命懸けで私を守ったあなたを、\n　どうして捨て置くことができましょう」%K%P
%LC睦月
%LC睦月
「安心なさい。他の騎士たちが、\n　きっと私たちを見つけてくれます」%K%P
「安心なさい。他の騎士たちが、\n　きっと私たちを見つけてくれます」%K%P
%LC依夜
%LC依夜
「ですが、ここは森の奥深く。\n　そのうえ、目印ひとつないのでは……」%K%P
「ですが、ここは森の奥深く。\n　そのうえ、目印ひとつないのでは……」%K%P
%LC睦月
%LC睦月
「目印ならここにあるではないですか。\n　あなたがいつも褒めてくれる、私の声が」%K%P
「目印ならここにあるではないですか。\n　あなたがいつも褒めてくれる、私の声が」%K%P
%LC陽菜
%LC陽菜
「二人とも、すごい……」%K%P
「二人とも、すごい……」%K%P
最初から最後まで稽古をして、\n真っ先に出てきた言葉がそれだった。%K%P
最初から最後まで稽古をして、\n真っ先に出てきた言葉がそれだった。%K%P
{最優秀騎士:ブリランテ}として歌劇アリアを経験している\n依夜様はもちろん、つーちゃんも堂々としたものだ。%K%P
{最優秀騎士:ブリランテ}として歌劇アリアを経験している\n依夜様はもちろん、つーちゃんも堂々としたものだ。%K%P
%LC美実
%LC美実
「そういう陽菜ちゃんもなかなかだったよ？」%K%P
「そういう陽菜ちゃんもなかなかだったよ？」%K%P
%LC陽菜
%LC陽菜
「ありがとうございます」%K%P
「ありがとうございます」%K%P
神楽のときに依夜様も褒めてくれたけど、\nいざとなったら腹は括れるほうだと思う。%K%P
神楽のときに依夜様も褒めてくれたけど、\nいざとなったら腹は括れるほうだと思う。%K%P
女装生活を経験したことで、\nある意味、以前より鍛えられているし。%K%P
女装生活を経験したことで、\nある意味、以前より鍛えられているし。%K%P
%LC美実
%LC美実
「で、梨理は……まあ、うん。頑張ろうねー？」%K%P
「で、梨理は……まあ、うん。頑張ろうねー？」%K%P
%LC梨理
%LC梨理
「むーぅ……」%K%P
「むーぅ……」%K%P
拗ねつつも反論しないあたり、\n自分自身でも納得がいってないんだろう。%K%P
拗ねつつも反論しないあたり、\n自分自身でも納得がいってないんだろう。%K%P
とはいえ{最優秀騎士:ブリランテ}の役以外は、\n台詞も少ないし、１週間も練習すれば大丈夫そうだ。%K%P
とはいえ{最優秀騎士:ブリランテ}の役以外は、\n台詞も少ないし、１週間も練習すれば大丈夫そうだ。%K%P
けど、逆に考えると――、%K%P
けど、逆に考えると――、%K%P
%LC陽菜
%LC陽菜
「美実様。依夜様って１年の頃から、\n　あれぐらいお芝居できちゃってたんですか？」%K%P
「美実様。依夜様って１年の頃から、\n　あれぐらいお芝居できちゃってたんですか？」%K%P
%LC美実
%LC美実
「まぁね。{舞闘:カデンツァ}だけじゃなくて、\n　依夜はお芝居も１年のときから抜群だったよ」%K%P
「まぁね。{舞闘:カデンツァ}だけじゃなくて、\n　依夜はお芝居も１年のときから抜群だったよ」%K%P
%LC美実
%LC美実
「歌劇アリアを見て依夜のファンになった子も、\n　少なからずいるんじゃないかな」%K%P
「歌劇アリアを見て依夜のファンになった子も、\n　少なからずいるんじゃないかな」%K%P
%LC美実
%LC美実
「で、なんでそんなに芝居出来るの？　って聞いたら、\n　神楽を覚えるよりも簡単って言われて」%K%P
「で、なんでそんなに芝居出来るの？　って聞いたら、\n　神楽を覚えるよりも簡単って言われて」%K%P
%LC美実
%LC美実
「それで私は、依夜の家が神社だって知ったわけ」%K%P
「それで私は、依夜の家が神社だって知ったわけ」%K%P
%LC美実
%LC美実
「……ほんと、依夜は何でも出来るんだよねぇ」%K%P
「……ほんと、依夜は何でも出来るんだよねぇ」%K%P
こちらの疑問にさらっと答えた美実様は、\nそれから、付け足すように小さく呟く。%K%P
こちらの疑問にさらっと答えた美実様は、\nそれから、付け足すように小さく呟く。%K%P
その声の感情は、感嘆や称賛というより、\n羨望に近いように、オレには思えた。%K%P
その声の感情は、感嘆や称賛というより、\n羨望に近いように、オレには思えた。%K%P
%LC美実
%LC美実
「それじゃ、{歌姫:ディーバ}以外の配役を変えて、\n　もっかい最初からやってみよっか」%K%P
「それじゃ、{歌姫:ディーバ}以外の配役を変えて、\n　もっかい最初からやってみよっか」%K%P
%LC美実
%LC美実
「なんだかんだ、合宿初日から\n　たっぷりお稽古しちゃったねぇ」%K%P
「なんだかんだ、合宿初日から\n　たっぷりお稽古しちゃったねぇ」%K%P
歌劇の稽古を終えてテアトルを出ると、\n美実様の言う通り、既に日が傾いていた。%K%P
歌劇の稽古を終えてテアトルを出ると、\n美実様の言う通り、既に日が傾いていた。%K%P
%LC睦月
%LC睦月
「すみません。ちょっと用があるので、\n　私は寮に寄っていきます」%K%P
「すみません。ちょっと用があるので、\n　私は寮に寄っていきます」%K%P
%LC睦月
%LC睦月
「夕食までには合宿所に戻りますので」%K%P
「夕食までには合宿所に戻りますので」%K%P
そうして、つーちゃんは一人学生寮のほうへ。%K%P
そうして、つーちゃんは一人学生寮のほうへ。%K%P
歌のこともあるし、{歌姫:ディーバ}は{歌姫:ディーバ}で\nやることが多いだろうから大変そうだ。%K%P
歌のこともあるし、{歌姫:ディーバ}は{歌姫:ディーバ}で\nやることが多いだろうから大変そうだ。%K%P
%LC陽菜
%LC陽菜
「そういえば合宿中の食事って\n　どうするんですか？」%K%P
「そういえば合宿中の食事って\n　どうするんですか？」%K%P
%LC依夜
%LC依夜
「寮の職員さんが作ってくださるの」%K%P
「寮の職員さんが作ってくださるの」%K%P
%LC美実
%LC美実
「自炊できる設備もあるんだけどね。\n　アリア合宿の間は練習に専念が基本だから」%K%P
「自炊できる設備もあるんだけどね。\n　アリア合宿の間は練習に専念が基本だから」%K%P
%LC美実
%LC美実
「設備といえば、合宿所のお風呂って、\n　めっちゃ広くて足伸ばし放題なんだよ」%K%P
「設備といえば、合宿所のお風呂って、\n　めっちゃ広くて足伸ばし放題なんだよ」%K%P
%LC美実
%LC美実
「というわけで、陽菜ちゃん」%K%P
「というわけで、陽菜ちゃん」%K%P
%LC陽菜
%LC陽菜
「イヤです」%K%P
「イヤです」%K%P
%LC美実
%LC美実
「まだ何も言ってないんだけど」%K%P
「まだ何も言ってないんだけど」%K%P
%LC陽菜
%LC陽菜
「言わなくたってわかります。\n　お風呂のお誘いだってことぐらい」%K%P
「言わなくたってわかります。\n　お風呂のお誘いだってことぐらい」%K%P
%LC陽菜
%LC陽菜
「お気持ちは嬉しいですけど、\n　私は、できればひとりのほうが」%K%P
「お気持ちは嬉しいですけど、\n　私は、できればひとりのほうが」%K%P
%LC美実
%LC美実
「えー。せっかくの合宿なんだし、\n　裸のお付き合いしようよー」%K%P
「えー。せっかくの合宿なんだし、\n　裸のお付き合いしようよー」%K%P
%LC美実
%LC美実
「依夜んちお泊まり行ったときだって、\n　ふたり一緒に入ったんでしょ？」%K%P
「依夜んちお泊まり行ったときだって、\n　ふたり一緒に入ったんでしょ？」%K%P
%LC陽菜
%LC陽菜
「入ってません。ですよね？　依夜様」%K%P
「入ってません。ですよね？　依夜様」%K%P
%LC依夜
%LC依夜
「そうね。あのときはタイミングが合わなくて」%K%P
「そうね。あのときはタイミングが合わなくて」%K%P
%LC依夜
%LC依夜
「だから、今日は一緒に入りましょう？」%K%P
「だから、今日は一緒に入りましょう？」%K%P
%LC陽菜
%LC陽菜
「……へ？」%K%P
「……へ？」%K%P
%LC依夜
%LC依夜
「いいでしょう？　陽菜。そういうのも」%K%P
「いいでしょう？　陽菜。そういうのも」%K%P
%LC陽菜
%LC陽菜
「いや、でも――」%K%P
「いや、でも――」%K%P
オレが男だってわかってるのに、\nなんでそんなこと堂々と言えちゃうかなぁ？！%K%P
オレが男だってわかってるのに、\nなんでそんなこと堂々と言えちゃうかなぁ？！%K%P
けど、男だから一緒には入れません、とは、\n美実様たちの手前、言うわけにはいかないし――、%K%P
けど、男だから一緒には入れません、とは、\n美実様たちの手前、言うわけにはいかないし――、%K%P
%LC依夜
%LC依夜
「そういうわけだから、美実。\n　陽菜のことは諦めて」%K%P
「そういうわけだから、美実。\n　陽菜のことは諦めて」%K%P
%LC美実
%LC美実
「むぅ……。ま、依夜がそう言うなら」%K%P
「むぅ……。ま、依夜がそう言うなら」%K%P
%LC陽菜
%LC陽菜
「え……？　美実様、諦めてくれるんですか？」%K%P
「え……？　美実様、諦めてくれるんですか？」%K%P
%LC美実
%LC美実
「だって依夜、めっちゃ長湯なんだもん。\n　前に一緒したとき、茹でダコにされかけたし」%K%P
「だって依夜、めっちゃ長湯なんだもん。\n　前に一緒したとき、茹でダコにされかけたし」%K%P
%LC依夜
%LC依夜
「その点、陽菜は長湯だから平気でしょう？\n　泊まりにきたときも長く入っていたものね？」%K%P
「その点、陽菜は長湯だから平気でしょう？\n　泊まりにきたときも長く入っていたものね？」%K%P
%LC陽菜
%LC陽菜
「ええ、まあ……」%K%P
「ええ、まあ……」%K%P
あのときオレが長湯だったのは、緊張もあって、\n身体（とくに股間）を洗いすぎたせいだけど。%K%P
あのときオレが長湯だったのは、緊張もあって、\n身体（とくに股間）を洗いすぎたせいだけど。%K%P
けど、これってもしや、オレを美実様から\n守るために、お風呂に誘ってくれてるのかな。%K%P
けど、これってもしや、オレを美実様から\n守るために、お風呂に誘ってくれてるのかな。%K%P
……うん、きっとそうだ。%K%P
……うん、きっとそうだ。%K%P
%LC陽菜
%LC陽菜
「というわけで、すみません、美実様。\n　私、お風呂は依夜様と入ります」%K%P
「というわけで、すみません、美実様。\n　私、お風呂は依夜様と入ります」%K%P
%LC美実
%LC美実
「うぅ……梨ぃ理ぃー。\n　フラれたお姉様をお風呂で慰めてー」%K%P
「うぅ……梨ぃ理ぃー。\n　フラれたお姉様をお風呂で慰めてー」%K%P
%LC梨理
%LC梨理
「もう……。合宿に来てまで一緒に入りたいの？」%K%P
「もう……。合宿に来てまで一緒に入りたいの？」%K%P
%LC陽菜
%LC陽菜
「梨理ちゃんと美実様、\n　普段から一緒に入ってるの？」%K%P
「梨理ちゃんと美実様、\n　普段から一緒に入ってるの？」%K%P
%LC梨理
%LC梨理
「あっ……た、たまにですよ？\n　お姉ちゃんが入ろう入ろうしつこくて」%K%P
「あっ……た、たまにですよ？\n　お姉ちゃんが入ろう入ろうしつこくて」%K%P
%LC美実
%LC美実
「くふふっ、照れちゃって。お姉ちゃんと\n　一緒に入るーっていっつも甘えるくせにぃ」%K%P
「くふふっ、照れちゃって。お姉ちゃんと\n　一緒に入るーっていっつも甘えるくせにぃ」%K%P
%LC梨理
%LC梨理
「それ子供の頃のことだからっ。\n　勝手なこと言うなら一緒に入ってあげないっ」%K%P
「それ子供の頃のことだからっ。\n　勝手なこと言うなら一緒に入ってあげないっ」%K%P
%LC美実
%LC美実
「ちょっ、置いてかないでってばっ」%K%P
「ちょっ、置いてかないでってばっ」%K%P
拗ねて足早になった梨理ちゃんを、\n美実様がいつもの調子で追いかけていって。%K%P
拗ねて足早になった梨理ちゃんを、\n美実様がいつもの調子で追いかけていって。%K%P
運良く、依夜様とふたりきりに。%K%P
運良く、依夜様とふたりきりに。%K%P
%LC陽菜
%LC陽菜
「ありがとうございます、依夜様。\n　美実様から助けてくれて」%K%P
「ありがとうございます、依夜様。\n　美実様から助けてくれて」%K%P
%LC依夜
%LC依夜
「気にしないで。陽菜と一緒に入りたいって\n　思っていたのは、本当のことだもの」%K%P
「気にしないで。陽菜と一緒に入りたいって\n　思っていたのは、本当のことだもの」%K%P
……え？%K%P
……え？%K%P
%LC陽菜
%LC陽菜
「あの、本当に一緒に入るつもりですか……？」%K%P
「あの、本当に一緒に入るつもりですか……？」%K%P
%LC依夜
%LC依夜
「うん。長湯同士、のんびり入りましょう」%K%P
「うん。長湯同士、のんびり入りましょう」%K%P
%LC依夜
%LC依夜
「それと、ずっと話しそびれていた、\n　例の、ご褒美のことだけれど――」%K%P
「それと、ずっと話しそびれていた、\n　例の、ご褒美のことだけれど――」%K%P
%LC依夜
%LC依夜
「陽菜さえよければ、今夜にでも、どう？」%K%P
「陽菜さえよければ、今夜にでも、どう？」%K%P
夕食後、美実様と梨理ちゃんは、\nふたりでお風呂に行ってしまって。%K%P
夕食後、美実様と梨理ちゃんは、\nふたりでお風呂に行ってしまって。%K%P
つーちゃんも、忘れ物をしたので取りに行くと\n言って、ふたたび学生寮に行ってしまって。%K%P
つーちゃんも、忘れ物をしたので取りに行くと\n言って、ふたたび学生寮に行ってしまって。%K%P
結果、依夜様とふたりきり。%K%P
結果、依夜様とふたりきり。%K%P
%LC依夜
%LC依夜
「ねえ、陽菜」%K%P
「ねえ、陽菜」%K%P
%LC陽菜
%LC陽菜
「はっ、はいっ」%K%P
「はっ、はいっ」%K%P
%LC依夜
%LC依夜
「……？　どうしたの？　そんなに硬くなって」%K%P
「……？　どうしたの？　そんなに硬くなって」%K%P
%LC陽菜
%LC陽菜
「ひんっ……？！」%K%P
「ひんっ……？！」%K%P
依夜様の言葉に思わず股間を押さえたあと、\nそこが平常運転だったので、思わず安堵。%K%P
依夜様の言葉に思わず股間を押さえたあと、\nそこが平常運転だったので、思わず安堵。%K%P
とはいえ、意識せずにはいられない。%K%P
とはいえ、意識せずにはいられない。%K%P
%LC陽菜
%LC陽菜
「あの、ご褒美の件なんですけど……。\n　なかったことにする、というのは――」%K%P
「あの、ご褒美の件なんですけど……。\n　なかったことにする、というのは――」%K%P
%LC依夜
%LC依夜
「意地悪を言わないで。\n　私、楽しみにしていたんだから」%K%P
「意地悪を言わないで。\n　私、楽しみにしていたんだから」%K%P
%LC陽菜
%LC陽菜
「楽しみ……？」%K%P
「楽しみ……？」%K%P
%LC依夜
%LC依夜
「うん」%K%P
「うん」%K%P
%LC陽菜
%LC陽菜
「私のアレに、さわるのを……？」%K%P
「私のアレに、さわるのを……？」%K%P
%LC依夜
%LC依夜
「うん」%K%P
「うん」%K%P
%LC陽菜
%LC陽菜
「うぅ……」%K%P
「うぅ……」%K%P
照れずに告げられると、\nかえってこっちのほうが照れてしまう。%K%P
照れずに告げられると、\nかえってこっちのほうが照れてしまう。%K%P
でも、約束してしまった以上、\nそれを守らないのは、あまりに不義理だ。%K%P
でも、約束してしまった以上、\nそれを守らないのは、あまりに不義理だ。%K%P
なにより、依夜様はオレのこと、\n大切だって迷わずに言ってくれたし。%K%P
なにより、依夜様はオレのこと、\n大切だって迷わずに言ってくれたし。%K%P
オレだって、依夜様のことは大切で。%K%P
オレだって、依夜様のことは大切で。%K%P
なら、お互いの身体をさわりっこするのも、\nスキンシップの一環として考えれば――、%K%P
なら、お互いの身体をさわりっこするのも、\nスキンシップの一環として考えれば――、%K%P
%LC美実
%LC美実
「ふぃー、いいお湯だったぁ」%K%P
「ふぃー、いいお湯だったぁ」%K%P
%LC陽菜
%LC陽菜
%XS21「ふぁおっ！？」%XE%K%P
%XS21「ふぁおっ！？」%XE%K%P
%LC美実
%LC美実
「どったの陽菜ちゃん、へんな声出して」%K%P
「どったの陽菜ちゃん、へんな声出して」%K%P
%LC陽菜
%LC陽菜
「べべべべつになんでもっ」%K%P
「べべべべつになんでもっ」%K%P
考えていた内容が内容だけに、\nかつて出したことがないぐらい変な声が。%K%P
考えていた内容が内容だけに、\nかつて出したことがないぐらい変な声が。%K%P
%LC陽菜
%LC陽菜
「美実様、ずいぶんと早いんですね」%K%P
「美実様、ずいぶんと早いんですね」%K%P
%LC美実
%LC美実
「ホントはのんびり入りたいんだけど、\n　私、のぼせやすい体質らしくて」%K%P
「ホントはのんびり入りたいんだけど、\n　私、のぼせやすい体質らしくて」%K%P
%LC梨理
%LC梨理
「のぼせた姉の介抱は大変なので。\n　茹で上がる前に戻ってきました」%K%P
「のぼせた姉の介抱は大変なので。\n　茹で上がる前に戻ってきました」%K%P
%LC美実
%LC美実
「で？　ふたりはなにを話してたわけ？」%K%P
「で？　ふたりはなにを話してたわけ？」%K%P
%LC依夜
%LC依夜
「ご褒美の話」%K%P
「ご褒美の話」%K%P
%LC美実
%LC美実
「ごほうび？」%K%P
「ごほうび？」%K%P
%LC依夜
%LC依夜
「そう。実は――」%K%P
「そう。実は――」%K%P
%LC陽菜
%LC陽菜
「うにゃーにゃーにゃぁー！？」%K%P
「うにゃーにゃーにゃぁー！？」%K%P
%LC梨理
%LC梨理
「うにゃー？」%K%P
「うにゃー？」%K%P
%LC陽菜
%LC陽菜
「待って待って依夜様っ……！\n　なんで言おうとしちゃうんですかっ」%K%P
「待って待って依夜様っ……！\n　なんで言おうとしちゃうんですかっ」%K%P
%LC依夜
%LC依夜
「いけなかった？」%K%P
「いけなかった？」%K%P
%LC陽菜
%LC陽菜
「いけませんっ。このことは二人の秘密だって\n　約束したじゃないですかっ」%K%P
「いけませんっ。このことは二人の秘密だって\n　約束したじゃないですかっ」%K%P
%LC依夜
%LC依夜
「でもそれは、握って寝ていたことを\n　秘密にするっていう話でしょう？」%K%P
「でもそれは、握って寝ていたことを\n　秘密にするっていう話でしょう？」%K%P
%LC陽菜
%LC陽菜
「全部です、全部っ。アレに関すること全部っ」%K%P
「全部です、全部っ。アレに関すること全部っ」%K%P
%LC依夜
%LC依夜
「ごめんなさい、そうだったのね。\n　私、勘違いをしていたみたい」%K%P
「ごめんなさい、そうだったのね。\n　私、勘違いをしていたみたい」%K%P
%LC陽菜
%LC陽菜
「あっ、いえ……。\n　私も言い方が紛らわしくて……」%K%P
「あっ、いえ……。\n　私も言い方が紛らわしくて……」%K%P
%LC美実
%LC美実
「ほらほら、そこのおふたりさん。\n　内緒話はお風呂でどうぞ」%K%P
「ほらほら、そこのおふたりさん。\n　内緒話はお風呂でどうぞ」%K%P
%LC依夜
%LC依夜
「そうね。続きは、お風呂でしましょう」%K%P
「そうね。続きは、お風呂でしましょう」%K%P
お風呂で、って……それもう、\n完全に裸のお付き合いってことじゃ――、%K%P
お風呂で、って……それもう、\n完全に裸のお付き合いってことじゃ――、%K%P
%LC依夜
%LC依夜
「陽菜は先に行って待っていて。\n　私は支度に少し時間がかかるから」%K%P
「陽菜は先に行って待っていて。\n　私は支度に少し時間がかかるから」%K%P
%LC陽菜
%LC陽菜
「本当に、一緒に入るんですか……？」%K%P
「本当に、一緒に入るんですか……？」%K%P
%LC依夜
%LC依夜
「私とは、いや？」%K%P
「私とは、いや？」%K%P
%LC陽菜
%LC陽菜
「いえ、そんなことは」%K%P
「いえ、そんなことは」%K%P
直前に謝らせてしまったせいか、\n依夜様の問い方は、どこか遠慮がちで。%K%P
直前に謝らせてしまったせいか、\n依夜様の問い方は、どこか遠慮がちで。%K%P
そうなると、断ることはできなくて。%K%P
そうなると、断ることはできなくて。%K%P
%LC陽菜
%LC陽菜
「……わかりました。\n　私、先に行ってます」%K%P
「……わかりました。\n　私、先に行ってます」%K%P
%LC陽菜
%LC陽菜
「くれぐれも他の人は、入ってこないでください。\n　特に美実様は」%K%P
「くれぐれも他の人は、入ってこないでください。\n　特に美実様は」%K%P
%LC美実
%LC美実
「わかってるってば。\n　そんな野暮なことしませんて」%K%P
「わかってるってば。\n　そんな野暮なことしませんて」%K%P
脱衣所にやってきたら、またもや溜め息が漏れた。%K%P
脱衣所にやってきたら、またもや溜め息が漏れた。%K%P
%LC陽菜
%LC陽菜
「本当に依夜様と入ることになるなんて……」%K%P
「本当に依夜様と入ることになるなんて……」%K%P
アリア合宿の話を聞いたあと、\n自分なりに、色々なトラブルを想定していた。%K%P
アリア合宿の話を聞いたあと、\n自分なりに、色々なトラブルを想定していた。%K%P
けど、こんなのはまったくの想定外。%K%P
けど、こんなのはまったくの想定外。%K%P
とはいえ、前向きに考えれば、\n依夜様の申し出はすごくありがたい。%K%P
とはいえ、前向きに考えれば、\n依夜様の申し出はすごくありがたい。%K%P
アリア合宿で一番の懸念していたのは、\nどうやってお風呂に入るか、ということだった。%K%P
アリア合宿で一番の懸念していたのは、\nどうやってお風呂に入るか、ということだった。%K%P
職員寮のお風呂を借りることも考えたけど、\n毎日続けば、かえって怪しまれるかもしれないし。%K%P
職員寮のお風呂を借りることも考えたけど、\n毎日続けば、かえって怪しまれるかもしれないし。%K%P
その点、依夜様と一緒に入浴できるなら、\nそういった心配をしなくても済む。%K%P
その点、依夜様と一緒に入浴できるなら、\nそういった心配をしなくても済む。%K%P
ただ、そうなれば別の悩み――依夜様と入浴して、\n平静でいられるのかって問題が発生するんだけど。%K%P
ただ、そうなれば別の悩み――依夜様と入浴して、\n平静でいられるのかって問題が発生するんだけど。%K%P
%LC陽菜
%LC陽菜
「わ……」%K%P
「わ……」%K%P
浴室の戸を開けた瞬間、\n湯気と熱気で、悶々としていた気持ちが浮上する。%K%P
浴室の戸を開けた瞬間、\n湯気と熱気で、悶々としていた気持ちが浮上する。%K%P
浴室は確かに広くて、\nちょっとした温泉旅館の湯殿みたいだった。%K%P
浴室は確かに広くて、\nちょっとした温泉旅館の湯殿みたいだった。%K%P
とりあえず身体を洗おうと椅子に腰掛けたら、\n自然と、鏡に映る自分と姿が目に入った。%K%P
とりあえず身体を洗おうと椅子に腰掛けたら、\n自然と、鏡に映る自分と姿が目に入った。%K%P
ウィッグをつけただけの、自分の裸。%K%P
ウィッグをつけただけの、自分の裸。%K%P
職員寮のお風呂には鏡がなかったせいか、\nなんというか……妙に、照れくさい。%K%P
職員寮のお風呂には鏡がなかったせいか、\nなんというか……妙に、照れくさい。%K%P
って、なに照れてるんだオレは。%K%P
って、なに照れてるんだオレは。%K%P
女装してるといったって、\nあくまでも自分の裸なのに。%K%P
女装してるといったって、\nあくまでも自分の裸なのに。%K%P
これでもし股間が反応なんてしてたら、\nさすがに立ち直れない――、%K%P
これでもし股間が反応なんてしてたら、\nさすがに立ち直れない――、%K%P
%LC陽菜
%LC陽菜
「……ほっ」%K%P
「……ほっ」%K%P
きちんと大人しい自分の息子を見て、\n思わず胸をなで下ろす、けど。%K%P
きちんと大人しい自分の息子を見て、\n思わず胸をなで下ろす、けど。%K%P
じきこの場に依夜様が来るって考えたら、\n股間がこのままってわけにはいかなそうだ。%K%P
じきこの場に依夜様が来るって考えたら、\n股間がこのままってわけにはいかなそうだ。%K%P
さすがにタオルを巻いたりして隠してくれると\n思うけど、それにしたって、たった布一枚。%K%P
さすがにタオルを巻いたりして隠してくれると\n思うけど、それにしたって、たった布一枚。%K%P
その向こうに依夜様の裸があるって考えたら、\n勃起せずに我慢できるかどうか――、%K%P
その向こうに依夜様の裸があるって考えたら、\n勃起せずに我慢できるかどうか――、%K%P
……待てよ？　それが依夜様の狙い、とか？%K%P
……待てよ？　それが依夜様の狙い、とか？%K%P
寝ぼけていたとは言え、朝勃ちのペニスを\nにぎにぎしちゃうような大胆な人だし。%K%P
寝ぼけていたとは言え、朝勃ちのペニスを\nにぎにぎしちゃうような大胆な人だし。%K%P
一緒に入浴することでオレを勃起させて、\n握りやすくしちゃおうって作戦だったりとか――、%K%P
一緒に入浴することでオレを勃起させて、\n握りやすくしちゃおうって作戦だったりとか――、%K%P
むくむくっ。%K%P
むくむくっ。%K%P
%LC陽菜
%LC陽菜
「わわわっ……」%K%P
「わわわっ……」%K%P
ちょっと思い出しただけで、\nアン・ガルドしかけちゃう股間のクラージュ。%K%P
ちょっと思い出しただけで、\nアン・ガルドしかけちゃう股間のクラージュ。%K%P
けど、今のは思い出したオレにも非があるし、\n一方的にペニスを責めるわけにはいかない。%K%P
けど、今のは思い出したオレにも非があるし、\n一方的にペニスを責めるわけにはいかない。%K%P
こんなオレにいま出来ること。それは――、%K%P
こんなオレにいま出来ること。それは――、%K%P
%LC陽菜
%LC陽菜
「……洗おう。念入りに」%K%P
「……洗おう。念入りに」%K%P
万が一にも依夜様が、ご褒美はここで……、\nなんて言ったとき、恥ずかしくないように。%K%P
万が一にも依夜様が、ご褒美はここで……、\nなんて言ったとき、恥ずかしくないように。%K%P
%LC陽菜
%LC陽菜
「って、うわっ、とりすぎたっ……」%K%P
「って、うわっ、とりすぎたっ……」%K%P
力んでボトルをプッシュしすぎた結果、\n手には大量のボディーソープが。%K%P
力んでボトルをプッシュしすぎた結果、\n手には大量のボディーソープが。%K%P
ううっ、こうなったら念入りどころか、\n煩悩ごと綺麗さっぱり洗い流してやるっ……！%K%P
ううっ、こうなったら念入りどころか、\n煩悩ごと綺麗さっぱり洗い流してやるっ……！%K%P
浴場へと向かう陽菜の見送ったあと、\nそのまま、入浴の支度を始める。%K%P
浴場へと向かう陽菜の見送ったあと、\nそのまま、入浴の支度を始める。%K%P
これから、陽菜と一緒にお風呂――、%K%P
これから、陽菜と一緒にお風呂――、%K%P
%LC依夜
%LC依夜
「……ふふ」%K%P
「……ふふ」%K%P
%LC美実
%LC美実
「依夜ってば最近ご機嫌だよね」%K%P
「依夜ってば最近ご機嫌だよね」%K%P
%LC依夜
%LC依夜
「そう？」%K%P
「そう？」%K%P
%LC美実
%LC美実
「そう。いまだって笑ってたし」%K%P
「そう。いまだって笑ってたし」%K%P
%LC依夜
%LC依夜
「……そう、だったかも」%K%P
「……そう、だったかも」%K%P
指摘されて気付く。%K%P
指摘されて気付く。%K%P
確かに、笑っていたかもしれない。%K%P
確かに、笑っていたかもしれない。%K%P
%LC美実
%LC美実
「ご機嫌な理由は、やっぱ陽菜ちゃん？」%K%P
「ご機嫌な理由は、やっぱ陽菜ちゃん？」%K%P
%LC依夜
%LC依夜
「うん」%K%P
「うん」%K%P
今度は迷わず頷く。%K%P
今度は迷わず頷く。%K%P
だって、思い当たる理由はそれしかない。%K%P
だって、思い当たる理由はそれしかない。%K%P
%LC依夜
%LC依夜
「陽菜といると、楽しいの」%K%P
「陽菜といると、楽しいの」%K%P
%LC依夜
%LC依夜
「話しているときも、一緒に戦っているときも。\n　今日の稽古だってとても楽しくて――」%K%P
「話しているときも、一緒に戦っているときも。\n　今日の稽古だってとても楽しくて――」%K%P
%LC依夜
%LC依夜
「最近、陽菜のことばかり考えてしまって」%K%P
「最近、陽菜のことばかり考えてしまって」%K%P
%LC美実
%LC美実
「ふふっ、そっかそっか」%K%P
「ふふっ、そっかそっか」%K%P
%LC美実
%LC美実
「依夜ってさ、陽菜ちゃんのこと好きでしょ？」%K%P
「依夜ってさ、陽菜ちゃんのこと好きでしょ？」%K%P
%LC依夜
%LC依夜
「うん。好き」%K%P
「うん。好き」%K%P
%LC美実
%LC美実
「おっ、即答」%K%P
「おっ、即答」%K%P
%LC依夜
%LC依夜
「変？」%K%P
「変？」%K%P
%LC美実
%LC美実
「ううん。陽菜ちゃん、いい子だし」%K%P
「ううん。陽菜ちゃん、いい子だし」%K%P
%LC依夜
%LC依夜
「うん。とってもいい子」%K%P
「うん。とってもいい子」%K%P
%LC美実
%LC美実
「いやはや、あの依夜をこんなにしちゃうなんて。\n　陽菜ちゃんも罪作りな子だねぇ」%K%P
「いやはや、あの依夜をこんなにしちゃうなんて。\n　陽菜ちゃんも罪作りな子だねぇ」%K%P
%LC依夜
%LC依夜
「どういう意味？」%K%P
「どういう意味？」%K%P
%LC美実
%LC美実
「そのままの意味」%K%P
「そのままの意味」%K%P
%LC美実
%LC美実
「睦月ちゃんが戻ってきたら、\n　依夜たちを邪魔しないように伝えておくから」%K%P
「睦月ちゃんが戻ってきたら、\n　依夜たちを邪魔しないように伝えておくから」%K%P
%LC美実
%LC美実
「お風呂、ふたりでのんびり楽しんでらっしゃい」%K%P
「お風呂、ふたりでのんびり楽しんでらっしゃい」%K%P
%LC依夜
%LC依夜
「ありがとう、美実」%K%P
「ありがとう、美実」%K%P
脱衣所に入ると、カゴのひとつに、\n陽菜の脱いだ服が綺麗に畳まれて入っていて。%K%P
脱衣所に入ると、カゴのひとつに、\n陽菜の脱いだ服が綺麗に畳まれて入っていて。%K%P
それを見て、少しドキッとした。%K%P
それを見て、少しドキッとした。%K%P
自分でもよくわからないけれど……、\nでも、確かにドキッとしてしまって。%K%P
自分でもよくわからないけれど……、\nでも、確かにドキッとしてしまって。%K%P
%LC依夜
%LC依夜
「さっきの話の続き、できるといいのだけど……」%K%P
「さっきの話の続き、できるといいのだけど……」%K%P
服を脱ぎながら、\n自分を落ち着かせるように呟く。%K%P
服を脱ぎながら、\n自分を落ち着かせるように呟く。%K%P
お互いの大切なモノ――、\nクラージュをさわりっこするという、ご褒美の約束。%K%P
お互いの大切なモノ――、\nクラージュをさわりっこするという、ご褒美の約束。%K%P
なぜだか陽菜は、この件に関して、\n妙に身構えている気がする。%K%P
なぜだか陽菜は、この件に関して、\n妙に身構えている気がする。%K%P
思えば、家に泊まりに来たあたりから、\n彼女の様子が少し変わったように思う。%K%P
思えば、家に泊まりに来たあたりから、\n彼女の様子が少し変わったように思う。%K%P
正確には、私が寝ぼけて抱きついた時から。%K%P
正確には、私が寝ぼけて抱きついた時から。%K%P
%LC依夜
%LC依夜
「……でも、それは私も同じ」%K%P
「……でも、それは私も同じ」%K%P
陽菜の体温、匂い、息遣い、心臓の鼓動――、%K%P
陽菜の体温、匂い、息遣い、心臓の鼓動――、%K%P
そして、手に残るクラージュの感触。%K%P
そして、手に残るクラージュの感触。%K%P
私は、あの朝のことが忘れられなくて。%K%P
私は、あの朝のことが忘れられなくて。%K%P
だから、ご褒美だなんて理由をつけてでも、\nもう一度、それにさわりたいと思った。%K%P
だから、ご褒美だなんて理由をつけてでも、\nもう一度、それにさわりたいと思った。%K%P
もっと言えば、確かめたかった。%K%P
もっと言えば、確かめたかった。%K%P
あんなにもドキドキした、その理由を。%K%P
あんなにもドキドキした、その理由を。%K%P
服を脱いで、浴室の戸をそっと開ける。%K%P
服を脱いで、浴室の戸をそっと開ける。%K%P
ふわっと出迎えてくれた湯気の向こうに、\n愛しい陽菜のシルエットが見えた。%K%P
ふわっと出迎えてくれた湯気の向こうに、\n愛しい陽菜のシルエットが見えた。%K%P
%LC依夜
%LC依夜
「泡だらけになって、なにをしているの？」%K%P
「泡だらけになって、なにをしているの？」%K%P
%LC陽菜
%LC陽菜
「いえ、これはなんでも――」%K%P
「いえ、これはなんでも――」%K%P
%LC陽菜
%LC陽菜
「って……い、依夜さまっ！？\n　なんで裸なんでっ？！　タオルはっ？！」%K%P
「って……い、依夜さまっ！？\n　なんで裸なんでっ？！　タオルはっ？！」%K%P
%LC依夜
%LC依夜
「どうして？　隠す必要はないでしょう？」%K%P
「どうして？　隠す必要はないでしょう？」%K%P
%LC依夜
%LC依夜
「混浴の温泉ならわかるけれど、\n　ここには私たちしかいないのだし」%K%P
「混浴の温泉ならわかるけれど、\n　ここには私たちしかいないのだし」%K%P
%LC陽菜
%LC陽菜
「ででででもっ」%K%P
「ででででもっ」%K%P
%LC依夜
%LC依夜
「ひょっとして陽菜は、女の子同士でも、\n　裸を見せるのが恥ずかしい？」%K%P
「ひょっとして陽菜は、女の子同士でも、\n　裸を見せるのが恥ずかしい？」%K%P
%LC陽菜
%LC陽菜
「……へ？　おんなのこ、どうし……？」%K%P
「……へ？　おんなのこ、どうし……？」%K%P
%LC依夜
%LC依夜
「うん」%K%P
「うん」%K%P
%LC陽菜
%LC陽菜
「おんなのこ、どうし……」%K%P
「おんなのこ、どうし……」%K%P
%LC陽菜
%LC陽菜
「…………」%K%P
「…………」%K%P
%LC依夜
%LC依夜
「陽菜……？　どうしたの？　陽菜」%K%P
「陽菜……？　どうしたの？　陽菜」%K%P
%LC陽菜
%LC陽菜
「……あの、依夜様。\n　お聞きしたいことが、あるんですけど」%K%P
「……あの、依夜様。\n　お聞きしたいことが、あるんですけど」%K%P
%LC依夜
%LC依夜
「なに？」%K%P
「なに？」%K%P
%LC陽菜
%LC陽菜
「依夜様の家にお泊まりにいったとき、\n　寝ぼけて、抱きついてきたじゃないですか」%K%P
「依夜様の家にお泊まりにいったとき、\n　寝ぼけて、抱きついてきたじゃないですか」%K%P
%LC依夜
%LC依夜
「うん」%K%P
「うん」%K%P
%LC陽菜
%LC陽菜
「そのとき、何を握ったか、覚えてます……？」%K%P
「そのとき、何を握ったか、覚えてます……？」%K%P
%LC依夜
%LC依夜
「なにって、クラージュでしょう？\n　陽菜のクラージュ」%K%P
「なにって、クラージュでしょう？\n　陽菜のクラージュ」%K%P
%LC陽菜
%LC陽菜
「ッ……じゃ、じゃあ、その前の晩、\n　私が眠ったまま、握っていたのも……？」%K%P
「ッ……じゃ、じゃあ、その前の晩、\n　私が眠ったまま、握っていたのも……？」%K%P
%LC依夜
%LC依夜
「もちろんクラージュよ。\n　陽菜、とても大切そうに握っていたわ」%K%P
「もちろんクラージュよ。\n　陽菜、とても大切そうに握っていたわ」%K%P
%LC依夜
%LC依夜
「でも、持ったままだと、\n　寝返ったりしたとき危ないと思って」%K%P
「でも、持ったままだと、\n　寝返ったりしたとき危ないと思って」%K%P
%LC依夜
%LC依夜
「それで、あなたの手から、\n　引き抜いてあげようとしたのだけれど――」%K%P
「それで、あなたの手から、\n　引き抜いてあげようとしたのだけれど――」%K%P
%LC依夜
%LC依夜
「陽菜、かなり強い力で握っていたから。\n　私では、それを抜いてあげることができなくて」%K%P
「陽菜、かなり強い力で握っていたから。\n　私では、それを抜いてあげることができなくて」%K%P
%LC陽菜
%LC陽菜
「あ……それで、抜けない、なんだ……」%K%P
「あ……それで、抜けない、なんだ……」%K%P
%LC依夜
%LC依夜
「でも、どうして今になって、\n　そんなことを聞くの？」%K%P
「でも、どうして今になって、\n　そんなことを聞くの？」%K%P
%LC陽菜
%LC陽菜
「それは、その、なんというか……」%K%P
「それは、その、なんというか……」%K%P
%LC陽菜
%LC陽菜
「……なんででしょうね？　あは、あはは……」%K%P
「……なんででしょうね？　あは、あはは……」%K%P
%LC依夜
%LC依夜
「ふふ、おかしな陽菜」%K%P
「ふふ、おかしな陽菜」%K%P
%LC依夜
%LC依夜
「それより、本当にすごい泡ね。\n　いつもそうして洗っているの？」%K%P
「それより、本当にすごい泡ね。\n　いつもそうして洗っているの？」%K%P
%LC陽菜
%LC陽菜
「ういっ？！　これは、なんというかっ……」%K%P
「ういっ？！　これは、なんというかっ……」%K%P
%LC陽菜
%LC陽菜
「その、気合いを入れた結果、というかぁっ……」%K%P
「その、気合いを入れた結果、というかぁっ……」%K%P
どこか慌てた様子で、陽菜は顔を伏せる。%K%P
どこか慌てた様子で、陽菜は顔を伏せる。%K%P
最初にこっちをちらっと見てから、\nずっと目を逸らしたままだし。%K%P
最初にこっちをちらっと見てから、\nずっと目を逸らしたままだし。%K%P
やっぱり、様子がおかしい。%K%P
やっぱり、様子がおかしい。%K%P
なにか困っているのだとしたら、\n力になってあげたい。%K%P
なにか困っているのだとしたら、\n力になってあげたい。%K%P
……うん、そうだ。力になろう。\nだって陽菜は、私の大切な人だもの。%K%P
……うん、そうだ。力になろう。\nだって陽菜は、私の大切な人だもの。%K%P
せっかくこうしてふたりとも裸なのだし、\n少しでも彼女とスキンシップをしなくては。%K%P
せっかくこうしてふたりとも裸なのだし、\n少しでも彼女とスキンシップをしなくては。%K%P
そうすればきっと、陽菜もいろいろと\n話しやすくなるだろうから。%K%P
そうすればきっと、陽菜もいろいろと\n話しやすくなるだろうから。%K%P
%LC依夜
%LC依夜
「ねえ、陽菜。\n　その泡、私が流してもいい？」%K%P
「ねえ、陽菜。\n　その泡、私が流してもいい？」%K%P
%LC陽菜
%LC陽菜
「え゛……？」%K%P
「え゛……？」%K%P
%LC依夜
%LC依夜
「いいでしょう？　見たところ、\n　すでに洗い終えているようだし」%K%P
「いいでしょう？　見たところ、\n　すでに洗い終えているようだし」%K%P
%LC陽菜
%LC陽菜
「いっ、いえ、いいです」%K%P
「いっ、いえ、いいです」%K%P
%LC依夜
%LC依夜
「遠慮しないで、私に任せて」%K%P
「遠慮しないで、私に任せて」%K%P
%LC陽菜
%LC陽菜
「でも、いまこれ流されると、\n　すっごく困るっていうかっ……」%K%P
「でも、いまこれ流されると、\n　すっごく困るっていうかっ……」%K%P
%LC依夜
%LC依夜
「そのままだと湯船につかれないでしょう？\n　そうしたら、身体も冷えてしまうわ」%K%P
「そのままだと湯船につかれないでしょう？\n　そうしたら、身体も冷えてしまうわ」%K%P
%LC陽菜
%LC陽菜
「だとしても、このぐらいは自分で出来るので。\n　依夜様はどうか、ご自分を優先してください」%K%P
「だとしても、このぐらいは自分で出来るので。\n　依夜様はどうか、ご自分を優先してください」%K%P
%LC依夜
%LC依夜
「そう言わずに、お願い。\n　すぐにお湯を用意するから」%K%P
「そう言わずに、お願い。\n　すぐにお湯を用意するから」%K%P
強引かもしれないけれど、\nとにかく桶に湯を貯め、それを手にして。%K%P
強引かもしれないけれど、\nとにかく桶に湯を貯め、それを手にして。%K%P
%LC依夜
%LC依夜
「ほら、陽菜。私に任せて」%K%P
「ほら、陽菜。私に任せて」%K%P
%LC陽菜
%LC陽菜
「わっ、わわわっ……！？\n　待って依夜様、ホントに待ってっ！？」%K%P
「わっ、わわわっ……！？\n　待って依夜様、ホントに待ってっ！？」%K%P
%LC依夜
%LC依夜
「待ちません。……っと、せいっ」%K%P
「待ちません。……っと、せいっ」%K%P
%LC陽菜
%LC陽菜
%XS21「ひぁああああああっ！！」%XE%K%P
%XS21「ひぁああああああっ！！」%XE%K%P
桶に貯めたお湯をひと思いにさばっと掛ければ、\n陽菜の身体を覆っていた泡が、見事に一掃されて。%K%P
桶に貯めたお湯をひと思いにさばっと掛ければ、\n陽菜の身体を覆っていた泡が、見事に一掃されて。%K%P
綺麗な肌が露わになると、\nその股間には、立派な――、%K%P
綺麗な肌が露わになると、\nその股間には、立派な――、%K%P
………………え？%K%P
………………え？%K%P
%LC依夜
%LC依夜
「これって……」%K%P
「これって……」%K%P
%LC陽菜
%LC陽菜
「ひああっ？！　こっ、これはえとっ、\n　なんていうか、えと、ええっとっ……」%K%P
「ひああっ？！　こっ、これはえとっ、\n　なんていうか、えと、ええっとっ……」%K%P
咄嗟に前屈みになった陽菜が、\nそれを抱きしめるようにして隠す。%K%P
咄嗟に前屈みになった陽菜が、\nそれを抱きしめるようにして隠す。%K%P
けれど、股間のそれは、\nその程度で隠れるような小ささではなくて。%K%P
けれど、股間のそれは、\nその程度で隠れるような小ささではなくて。%K%P
彼女の股間に、確かに存在していて。%K%P
彼女の股間に、確かに存在していて。%K%P
それがあるということは、\nつまり、彼女は、彼女ではなく――、%K%P
それがあるということは、\nつまり、彼女は、彼女ではなく――、%K%P
%LC依夜
%LC依夜
「……男の子、なの？」%K%P
「……男の子、なの？」%K%P
%LC陽菜
%LC陽菜
「ッ……」%K%P
「ッ……」%K%P
思わず漏れた問い掛けに、陽菜が息を呑む。%K%P
思わず漏れた問い掛けに、陽菜が息を呑む。%K%P
よく見れば、その身体は微かに震えていて。%K%P
よく見れば、その身体は微かに震えていて。%K%P
少しの間、沈黙があって。%K%P
少しの間、沈黙があって。%K%P
%LC陽菜
%LC陽菜
「……ごめん、なさい」%K%P
「……ごめん、なさい」%K%P
やがてぽつりと呟いたその言葉は、\n私の問いに対する答えだったのだろう。%K%P
やがてぽつりと呟いたその言葉は、\n私の問いに対する答えだったのだろう。%K%P
誤魔化すでもなく、開き直るでもなく、\n弁明するでもなく、沈黙を守るでもなく。%K%P
誤魔化すでもなく、開き直るでもなく、\n弁明するでもなく、沈黙を守るでもなく。%K%P
素直に謝るという陽菜の行動は、\nいかにも陽菜らしくて、好ましくて。%K%P
素直に謝るという陽菜の行動は、\nいかにも陽菜らしくて、好ましくて。%K%P
%LC依夜
%LC依夜
「陽菜、顔をあげて」%K%P
「陽菜、顔をあげて」%K%P
%LC陽菜
%LC陽菜
「ダメです。見れません。\n　見ちゃダメなんです」%K%P
「ダメです。見れません。\n　見ちゃダメなんです」%K%P
%LC依夜
%LC依夜
「こっちを見てくれないと、\n　話すことも出来ないでしょう？」%K%P
「こっちを見てくれないと、\n　話すことも出来ないでしょう？」%K%P
%LC陽菜
%LC陽菜
「ならせめて、タオルかなにかで、\n　隠してもらえませんか？」%K%P
「ならせめて、タオルかなにかで、\n　隠してもらえませんか？」%K%P
%LC陽菜
%LC陽菜
「……依夜様の裸は、刺激が強すぎて」%K%P
「……依夜様の裸は、刺激が強すぎて」%K%P
陽菜に指摘されて、そこでようやく、\n自分が異性に裸を晒しているのだと気付く。%K%P
陽菜に指摘されて、そこでようやく、\n自分が異性に裸を晒しているのだと気付く。%K%P
でも、不思議と恥ずかしさはなかった。%K%P
でも、不思議と恥ずかしさはなかった。%K%P
だって、私よりも陽菜の方が、\nよほど恥ずかしそうにしていたから。%K%P
だって、私よりも陽菜の方が、\nよほど恥ずかしそうにしていたから。%K%P
%LC依夜
%LC依夜
「もう見られてしまったあとなのだし、\n　いまさら隠す必要もないと思うのだけど」%K%P
「もう見られてしまったあとなのだし、\n　いまさら隠す必要もないと思うのだけど」%K%P
%LC陽菜
%LC陽菜
「ダメです隠して下さいっ。\n　でないとこっちが色々困るんですっ……！」%K%P
「ダメです隠して下さいっ。\n　でないとこっちが色々困るんですっ……！」%K%P
前屈みになったまま必死に訴える陽菜。%K%P
前屈みになったまま必死に訴える陽菜。%K%P
陽菜が必死になればなるほど、\nある想いが、胸を急速に満たしていった。%K%P
陽菜が必死になればなるほど、\nある想いが、胸を急速に満たしていった。%K%P
可愛い。抱きしめたい――って。%K%P
可愛い。抱きしめたい――って。%K%P
――{本当に:・・・}、女装がバレてしまった。%K%P
――{本当に:・・・}、女装がバレてしまった。%K%P
お泊まりの朝、がっちりペニスを握られて、\nあそこで女装はバレたものだと思っていたのに。%K%P
お泊まりの朝、がっちりペニスを握られて、\nあそこで女装はバレたものだと思っていたのに。%K%P
それはこちらの早とちりで、実際には、\n依夜様はオレが男だとは気付いてなくて。%K%P
それはこちらの早とちりで、実際には、\n依夜様はオレが男だとは気付いてなくて。%K%P
とんでもない勘違いをしていたんだと\n気付いた時には、すでに、色々と手遅れで。%K%P
とんでもない勘違いをしていたんだと\n気付いた時には、すでに、色々と手遅れで。%K%P
運良く股間を隠してくれていた泡を流されて、\n完全に終わったと、そう思ったのに――、%K%P
運良く股間を隠してくれていた泡を流されて、\n完全に終わったと、そう思ったのに――、%K%P
%LC依夜
%LC依夜
「どう？　気持ちいい？」%K%P
「どう？　気持ちいい？」%K%P
%LC陽菜
%LC陽菜
「ええと……」%K%P
「ええと……」%K%P
%LC依夜
%LC依夜
「気持ちいい？」%K%P
「気持ちいい？」%K%P
%LC陽菜
%LC陽菜
「……はい」%K%P
「……はい」%K%P
%LC依夜
%LC依夜
「よかった」%K%P
「よかった」%K%P
背後で依夜様がくすりと笑う。%K%P
背後で依夜様がくすりと笑う。%K%P
どうしてこんなことになっているかといえば、\n依夜様が裸を隠そうとしてくれないからだ。%K%P
どうしてこんなことになっているかといえば、\n依夜様が裸を隠そうとしてくれないからだ。%K%P
タオルを巻いてほしいといくら頼んでも、\nもう見られたあとだからの一点張りで。%K%P
タオルを巻いてほしいといくら頼んでも、\nもう見られたあとだからの一点張りで。%K%P
結局、折衷案という形で、\nオレが背を向けて話す事になって。%K%P
結局、折衷案という形で、\nオレが背を向けて話す事になって。%K%P
それならせっかくだし背中を流してあげると\n依夜様が言い出した結果、いまに至る。%K%P
それならせっかくだし背中を流してあげると\n依夜様が言い出した結果、いまに至る。%K%P
%LC陽菜
%LC陽菜
「……あの、依夜様」%K%P
「……あの、依夜様」%K%P
%LC依夜
%LC依夜
「前も洗って欲しい？」%K%P
「前も洗って欲しい？」%K%P
%LC陽菜
%LC陽菜
「なっ……ち、違いますっ。\n　そんなこと頼みませんっ」%K%P
「なっ……ち、違いますっ。\n　そんなこと頼みませんっ」%K%P
%LC依夜
%LC依夜
「私は構わないけれど」%K%P
「私は構わないけれど」%K%P
%LC陽菜
%LC陽菜
「構ってくださいっ」%K%P
「構ってくださいっ」%K%P
%LC依夜
%LC依夜
「陽菜を構ってあげればいいの？」%K%P
「陽菜を構ってあげればいいの？」%K%P
%LC陽菜
%LC陽菜
「そういう意味ではなくてっ……！」%K%P
「そういう意味ではなくてっ……！」%K%P
%LC依夜
%LC依夜
「ふふっ」%K%P
「ふふっ」%K%P
%LC陽菜
%LC陽菜
「うぅ……」%K%P
「うぅ……」%K%P
完全にやり込められて、思わず呻く。%K%P
完全にやり込められて、思わず呻く。%K%P
気のせいか、男だとバレた後のほうが、\n依夜様の積極性が増しているような気がする。%K%P
気のせいか、男だとバレた後のほうが、\n依夜様の積極性が増しているような気がする。%K%P
%LC陽菜
%LC陽菜
「……依夜様、怒ってないんですか？」%K%P
「……依夜様、怒ってないんですか？」%K%P
%LC依夜
%LC依夜
「どうして？」%K%P
「どうして？」%K%P
%LC陽菜
%LC陽菜
「それは、だって……。\n　私は、嘘をついていたわけで……」%K%P
「それは、だって……。\n　私は、嘘をついていたわけで……」%K%P
%LC依夜
%LC依夜
「そうね……。確かに陽菜は、嘘をついた」%K%P
「そうね……。確かに陽菜は、嘘をついた」%K%P
%LC依夜
%LC依夜
「それも、とんでもない嘘を」%K%P
「それも、とんでもない嘘を」%K%P
%LC陽菜
%LC陽菜
「ん……」%K%P
「ん……」%K%P
%LC依夜
%LC依夜
「けれど、頭ごなしにあなたを批難しても、\n　なにも解決しないもの」%K%P
「けれど、頭ごなしにあなたを批難しても、\n　なにも解決しないもの」%K%P
%LC依夜
%LC依夜
「第一、私が知っている陽菜は、\n　理由もなく人を欺いたりしないわ」%K%P
「第一、私が知っている陽菜は、\n　理由もなく人を欺いたりしないわ」%K%P
%LC依夜
%LC依夜
「話をしましょうって言ったのは、\n　その理由を、教えてほしかったからよ」%K%P
「話をしましょうって言ったのは、\n　その理由を、教えてほしかったからよ」%K%P
%LC依夜
%LC依夜
「そして、あなたはそれに応じてくれた。\n　だから怒ったりなんかしない」%K%P
「そして、あなたはそれに応じてくれた。\n　だから怒ったりなんかしない」%K%P
%LC依夜
%LC依夜
「女装をしていた理由次第では、\n　多少は怒るかも知れないけれど」%K%P
「女装をしていた理由次第では、\n　多少は怒るかも知れないけれど」%K%P
%LC依夜
%LC依夜
「だから、ぜんぶ話して。\n　あなたが女装していたわけを」%K%P
「だから、ぜんぶ話して。\n　あなたが女装していたわけを」%K%P
依夜様に促される形で、\n女装するに至った経緯を、一から話していく。%K%P
依夜様に促される形で、\n女装するに至った経緯を、一から話していく。%K%P
それこそ、留学を終えて日本に帰ってきた日から、\n親善試合を経て編入するまでを、事細かに。%K%P
それこそ、留学を終えて日本に帰ってきた日から、\n親善試合を経て編入するまでを、事細かに。%K%P
ニナさんと姉さんが関わっていると知ったときは、\nさすがの依夜様も驚いていて。%K%P
ニナさんと姉さんが関わっていると知ったときは、\nさすがの依夜様も驚いていて。%K%P
申し訳ないけれど、その反応を見たおかげで、\nいくらか平常心を取り戻すことができた。%K%P
申し訳ないけれど、その反応を見たおかげで、\nいくらか平常心を取り戻すことができた。%K%P
%LC依夜
%LC依夜
「――そう。そんな事があったのね」%K%P
「――そう。そんな事があったのね」%K%P
話を聞き終えた依夜様が、小さく呟く。%K%P
話を聞き終えた依夜様が、小さく呟く。%K%P
オレの背中を洗っていた手は、\nいつの間にか、止まっていた。%K%P
オレの背中を洗っていた手は、\nいつの間にか、止まっていた。%K%P
%LC依夜
%LC依夜
「ひとつ、聞いてもいい？」%K%P
「ひとつ、聞いてもいい？」%K%P
%LC陽菜
%LC陽菜
「はい」%K%P
「はい」%K%P
%LC依夜
%LC依夜
「私に女装がバレたと勘違いしていたとき、\n　そのこと、宗千佳先生や学園長に話した？」%K%P
「私に女装がバレたと勘違いしていたとき、\n　そのこと、宗千佳先生や学園長に話した？」%K%P
%LC陽菜
%LC陽菜
「言おうとはしたんですけど、\n　結局、言いそびれてしまって……」%K%P
「言おうとはしたんですけど、\n　結局、言いそびれてしまって……」%K%P
%LC依夜
%LC依夜
「なら、少なくとも銀蘭祭が終わるまで、\n　このことは先生たちに言わないでおいて」%K%P
「なら、少なくとも銀蘭祭が終わるまで、\n　このことは先生たちに言わないでおいて」%K%P
%LC依夜
%LC依夜
「私さえ黙っていれば、陽菜は今まで通り、\n　ここで過ごせるのでしょう？」%K%P
「私さえ黙っていれば、陽菜は今まで通り、\n　ここで過ごせるのでしょう？」%K%P
%LC陽菜
%LC陽菜
「私が男だってこと、\n　内緒にしてくれるんですか……？」%K%P
「私が男だってこと、\n　内緒にしてくれるんですか……？」%K%P
%LC依夜
%LC依夜
「昨日の約束、もう忘れたの？」%K%P
「昨日の約束、もう忘れたの？」%K%P
%LC依夜
%LC依夜
「あなたの秘密は内緒にするって、\n　私、そう言ったでしょう？」%K%P
「あなたの秘密は内緒にするって、\n　私、そう言ったでしょう？」%K%P
%LC陽菜
%LC陽菜
「でも、あのときの依夜様は、\n　秘密の内容を勘違いしていて――」%K%P
「でも、あのときの依夜様は、\n　秘密の内容を勘違いしていて――」%K%P
%LC依夜
%LC依夜
「だとしても、約束は約束よ」%K%P
「だとしても、約束は約束よ」%K%P
%LC依夜
%LC依夜
「それに……このことを先生や学園長に伝えて、\n　万が一にも合宿が中止になったらイヤだもの」%K%P
「それに……このことを先生や学園長に伝えて、\n　万が一にも合宿が中止になったらイヤだもの」%K%P
%LC依夜
%LC依夜
「私はこのアリア合宿を、陽菜と過ごす時間を、\n　とても楽しみにしていたんだから」%K%P
「私はこのアリア合宿を、陽菜と過ごす時間を、\n　とても楽しみにしていたんだから」%K%P
%LC陽菜
%LC陽菜
「依夜様……」%K%P
「依夜様……」%K%P
卯花陽菜が実は男だと知った今、\n腹を立て、オレを責めてもおかしくないのに。%K%P
卯花陽菜が実は男だと知った今、\n腹を立て、オレを責めてもおかしくないのに。%K%P
背中に語りかける声の優しさに、\n思わず振り向いてしまいたくなる。%K%P
背中に語りかける声の優しさに、\n思わず振り向いてしまいたくなる。%K%P
けど、そんなことをしたら大変なので、\nとにかく、ぐっと堪えるしかない。%K%P
けど、そんなことをしたら大変なので、\nとにかく、ぐっと堪えるしかない。%K%P
%LC依夜
%LC依夜
「ところで陽菜。\n　例の、ご褒美の件なのだけど」%K%P
「ところで陽菜。\n　例の、ご褒美の件なのだけど」%K%P
%LC陽菜
%LC陽菜
「あ、そっか……。お互いの大切なモノを\n　さわりっこするって約束でしたよね」%K%P
「あ、そっか……。お互いの大切なモノを\n　さわりっこするって約束でしたよね」%K%P
オレは勝手に、依夜様と互いの身体をさわりっこ、\nなんて邪な想像をして翻弄されていたけれど。%K%P
オレは勝手に、依夜様と互いの身体をさわりっこ、\nなんて邪な想像をして翻弄されていたけれど。%K%P
依夜様からすれば、互いのクラージュを触り合う\nという、微笑ましい約束――それが、ご褒美の正体。%K%P
依夜様からすれば、互いのクラージュを触り合う\nという、微笑ましい約束――それが、ご褒美の正体。%K%P
%LC依夜
%LC依夜
「あのご褒美は、まだ有効？」%K%P
「あのご褒美は、まだ有効？」%K%P
%LC陽菜
%LC陽菜
「もちろんです。お風呂から上がったら、\n　依夜様の好きなだけ、私のクラージュを――」%K%P
「もちろんです。お風呂から上がったら、\n　依夜様の好きなだけ、私のクラージュを――」%K%P
%LC依夜
%LC依夜
「違うわ。そうじゃ、なくて……」%K%P
「違うわ。そうじゃ、なくて……」%K%P
%LC依夜
%LC依夜
「私がいま言っているのは、\n　陽菜が勘違いしていたほうの、ご褒美のこと」%K%P
「私がいま言っているのは、\n　陽菜が勘違いしていたほうの、ご褒美のこと」%K%P
依夜様の声が、やけに近い。%K%P
依夜様の声が、やけに近い。%K%P
でもそれは、初めて経験する距離じゃなくて。%K%P
でもそれは、初めて経験する距離じゃなくて。%K%P
お泊まりの朝、寝ぼけて抱きついてきた依夜様が、\nオレの耳元で囁いてきたときと同じ――、%K%P
お泊まりの朝、寝ぼけて抱きついてきた依夜様が、\nオレの耳元で囁いてきたときと同じ――、%K%P
%LC依夜
%LC依夜
「私、もう一度ふれてみたいの。\n　陽菜のあそこに」%K%P
「私、もう一度ふれてみたいの。\n　陽菜のあそこに」%K%P
%LC陽菜
%LC陽菜
「で、でもっ……それこそ、\n　そういったことは、好きな人と」%K%P
「で、でもっ……それこそ、\n　そういったことは、好きな人と」%K%P
%LC依夜
%LC依夜
「好きよ、陽菜」%K%P
「好きよ、陽菜」%K%P
%LC陽菜
%LC陽菜
「……え？」%K%P
「……え？」%K%P
%LC依夜
%LC依夜
「さっき、美実に聞かれたの。\n　陽菜のことが好き？　って」%K%P
「さっき、美実に聞かれたの。\n　陽菜のことが好き？　って」%K%P
%LC依夜
%LC依夜
「私、迷わずに好きだと答えたわ」%K%P
「私、迷わずに好きだと答えたわ」%K%P
%LC陽菜
%LC陽菜
「それは……だって、さっきまで依夜様は、\n　私が男だってこと知らなかったわけで」%K%P
「それは……だって、さっきまで依夜様は、\n　私が男だってこと知らなかったわけで」%K%P
%LC依夜
%LC依夜
「うん。知らないから、好きって言えた」%K%P
「うん。知らないから、好きって言えた」%K%P
%LC依夜
%LC依夜
「でも、男の子だってわかった今、\n　私はもっと、陽菜が好きになった」%K%P
「でも、男の子だってわかった今、\n　私はもっと、陽菜が好きになった」%K%P
%LC依夜
%LC依夜
「あなたがとっても、格好いいから」%K%P
「あなたがとっても、格好いいから」%K%P
%LC陽菜
%LC陽菜
「かっこ、いい……？　私が……？」%K%P
「かっこ、いい……？　私が……？」%K%P
%LC依夜
%LC依夜
「だってそうでしょう？」%K%P
「だってそうでしょう？」%K%P
%LC依夜
%LC依夜
「幼い頃のあなたは、格好良くなりたくて、\n　先生に剣術を習い始めて、留学までして――」%K%P
「幼い頃のあなたは、格好良くなりたくて、\n　先生に剣術を習い始めて、留学までして――」%K%P
%LC依夜
%LC依夜
「そんなあなたのポリシーからすれば、\n　女装はもっとも相反する行為だったはず」%K%P
「そんなあなたのポリシーからすれば、\n　女装はもっとも相反する行為だったはず」%K%P
%LC依夜
%LC依夜
「なのに、あなたはこうして女装している」%K%P
「なのに、あなたはこうして女装している」%K%P
%LC依夜
%LC依夜
「それは、困っている人を放っておけない優しさと、\n　先生の役に立ちたいという想いがあればこそで」%K%P
「それは、困っている人を放っておけない優しさと、\n　先生の役に立ちたいという想いがあればこそで」%K%P
%LC依夜
%LC依夜
「私はそんなあなたを、とても格好いいと思う」%K%P
「私はそんなあなたを、とても格好いいと思う」%K%P
%LC依夜
%LC依夜
「だから、好き。大好きよ、陽菜」%K%P
「だから、好き。大好きよ、陽菜」%K%P
%LC陽菜
%LC陽菜
「あ……」%K%P
「あ……」%K%P
依夜様の言葉に、胸がぽっと温かくなった。%K%P
依夜様の言葉に、胸がぽっと温かくなった。%K%P
気持ちを言葉にするのが苦手な人だと\n知っているからこそ、その告白に、胸が震えた。%K%P
気持ちを言葉にするのが苦手な人だと\n知っているからこそ、その告白に、胸が震えた。%K%P
まさか、女装したオレのことを、\n格好いいと言ってくれる人がいるだなんて。%K%P
まさか、女装したオレのことを、\n格好いいと言ってくれる人がいるだなんて。%K%P
しかもそれが、依夜様だなんて――、%K%P
しかもそれが、依夜様だなんて――、%K%P
%LC依夜
%LC依夜
「私が好きな理由は、ちゃんと言ったわ。\n　だから今度は、陽菜の番」%K%P
「私が好きな理由は、ちゃんと言ったわ。\n　だから今度は、陽菜の番」%K%P
%LC依夜
%LC依夜
「教えて。陽菜は私のこと、好き？」%K%P
「教えて。陽菜は私のこと、好き？」%K%P
%LC陽菜
%LC陽菜
「……はい。私も、依夜様が好きです」%K%P
「……はい。私も、依夜様が好きです」%K%P
%LC依夜
%LC依夜
「ありがとう。嬉しい……っ」%K%P
「ありがとう。嬉しい……っ」%K%P
%LC陽菜
%LC陽菜
「わっ、わわ、わわわっ……？！」%K%P
「わっ、わわ、わわわっ……？！」%K%P
