翌朝、お泊まりの件を伝えるため、\nさっそく依夜様がいる３年の教室へ――、%K%P
翌朝、お泊まりの件を伝えるため、\nさっそく依夜様がいる３年の教室へ――、%K%P
と、思っていたら。%K%P
と、思っていたら。%K%P
%LC依夜
%LC依夜
「陽菜、ごきげんよう」%K%P
「陽菜、ごきげんよう」%K%P
お目当ての相手は、\n昇降口でオレのことを待っていてくれた。%K%P
お目当ての相手は、\n昇降口でオレのことを待っていてくれた。%K%P
%LC陽菜
%LC陽菜
「びっくりしました。\n　まさか、待っていてもらえるだなんて」%K%P
「びっくりしました。\n　まさか、待っていてもらえるだなんて」%K%P
%LC依夜
%LC依夜
「お泊まりの件に関して、\n　少しでも早く陽菜に伝えたくて」%K%P
「お泊まりの件に関して、\n　少しでも早く陽菜に伝えたくて」%K%P
%LC陽菜
%LC陽菜
「私も教室に鞄を置いたら、\n　３年の教室に行こうと思ってました」%K%P
「私も教室に鞄を置いたら、\n　３年の教室に行こうと思ってました」%K%P
%LC依夜
%LC依夜
「そう。昨日から私たち、\n　同じことばかり考えているのね」%K%P
「そう。昨日から私たち、\n　同じことばかり考えているのね」%K%P
%LC陽菜
%LC陽菜
「みたいですね」%K%P
「みたいですね」%K%P
顔を見合わせると、自然と笑みが漏れる。%K%P
顔を見合わせると、自然と笑みが漏れる。%K%P
%LC陽菜
%LC陽菜
「依夜様の家でのお泊まりですが、\n　私はいつでも大丈夫です」%K%P
「依夜様の家でのお泊まりですが、\n　私はいつでも大丈夫です」%K%P
%LC依夜
%LC依夜
「そう、なら良かった」%K%P
「そう、なら良かった」%K%P
%LC依夜
%LC依夜
「実は今週、神社のほうに色々と\n　予定が入ってしまっていて」%K%P
「実は今週、神社のほうに色々と\n　予定が入ってしまっていて」%K%P
%LC依夜
%LC依夜
「泊まりに来てもらえそうな日が、\n　金曜しかなかったの」%K%P
「泊まりに来てもらえそうな日が、\n　金曜しかなかったの」%K%P
%LC陽菜
%LC陽菜
「金曜ってことは、あけて土曜だから、\n　初戦前夜ってことになりますね」%K%P
「金曜ってことは、あけて土曜だから、\n　初戦前夜ってことになりますね」%K%P
%LC依夜
%LC依夜
「ギリギリになってしまうけれど、\n　それでも構わない？」%K%P
「ギリギリになってしまうけれど、\n　それでも構わない？」%K%P
%LC陽菜
%LC陽菜
「もちろんです」%K%P
「もちろんです」%K%P
%LC陽菜
%LC陽菜
「でも、そんな忙しそうなところに\n　泊まりにいって、大丈夫なんですか？」%K%P
「でも、そんな忙しそうなところに\n　泊まりにいって、大丈夫なんですか？」%K%P
%LC依夜
%LC依夜
「むしろ、来てくれないと父が泣くわ」%K%P
「むしろ、来てくれないと父が泣くわ」%K%P
%LC陽菜
%LC陽菜
「泣くって……えっ、どうして」%K%P
「泣くって……えっ、どうして」%K%P
%LC依夜
%LC依夜
「実は……私が家に友達を招くの、\n　今回が初めてなの」%K%P
「実は……私が家に友達を招くの、\n　今回が初めてなの」%K%P
%LC依夜
%LC依夜
「しかも、いきなり泊まりでしょう？\n　それで父が浮き足だってしまっていて」%K%P
「しかも、いきなり泊まりでしょう？\n　それで父が浮き足だってしまっていて」%K%P
%LC陽菜
%LC陽菜
「初めてって……。あの、\n　私が初めてで、いいんですか？」%K%P
「初めてって……。あの、\n　私が初めてで、いいんですか？」%K%P
%LC依夜
%LC依夜
「いいに決まっているでしょう？\n　私は、初めてが陽菜で嬉しい」%K%P
「いいに決まっているでしょう？\n　私は、初めてが陽菜で嬉しい」%K%P
%LC陽菜
%LC陽菜
「ん……」%K%P
「ん……」%K%P
そういう意味じゃないとわかっていても、\n邪な意味に捉えてしまう自分の煩悩を払いたい。%K%P
そういう意味じゃないとわかっていても、\n邪な意味に捉えてしまう自分の煩悩を払いたい。%K%P
こんな気持ちで神社になんて赴いて、\n神罰食らっちゃったりしないだろうか。%K%P
こんな気持ちで神社になんて赴いて、\n神罰食らっちゃったりしないだろうか。%K%P
%LC依夜
%LC依夜
「ただ、金曜も少し立て込んでいて。\n　夕刻に小祭があるの」%K%P
「ただ、金曜も少し立て込んでいて。\n　夕刻に小祭があるの」%K%P
%LC陽菜
%LC陽菜
「しょうさい？」%K%P
「しょうさい？」%K%P
%LC依夜
%LC依夜
「小さな祭りと書いて、小祭。\n　小規模な祭事だと思っておいて」%K%P
「小さな祭りと書いて、小祭。\n　小規模な祭事だと思っておいて」%K%P
%LC依夜
%LC依夜
「私はその小祭で、巫女として、\n　神楽を奉納することになっているから」%K%P
「私はその小祭で、巫女として、\n　神楽を奉納することになっているから」%K%P
%LC陽菜
%LC陽菜
「神楽ってことは……ひょっとして、\n　依夜様が舞うってことですか？」%K%P
「神楽ってことは……ひょっとして、\n　依夜様が舞うってことですか？」%K%P
%LC依夜
%LC依夜
「そう。だからその間だけ少し、\n　待たせてしまうことになるのだけど――」%K%P
「そう。だからその間だけ少し、\n　待たせてしまうことになるのだけど――」%K%P
%LC陽菜
%LC陽菜
「構いません。というか、\n　よければ見学させてください」%K%P
「構いません。というか、\n　よければ見学させてください」%K%P
%LC依夜
%LC依夜
「興味があるの？」%K%P
「興味があるの？」%K%P
%LC陽菜
%LC陽菜
「はい」%K%P
「はい」%K%P
あれほどの剣術を披露する人の舞だ。\nそれが美しいのは、もはや疑いようもない。%K%P
あれほどの剣術を披露する人の舞だ。\nそれが美しいのは、もはや疑いようもない。%K%P
もちろん、巫女装束姿にも興味があるんだけど。%K%P
もちろん、巫女装束姿にも興味があるんだけど。%K%P
%LC依夜
%LC依夜
「では、金曜の放課後に一緒に帰る、\n　ということでいい？」%K%P
「では、金曜の放課後に一緒に帰る、\n　ということでいい？」%K%P
%LC陽菜
%LC陽菜
「はい。できれば、\n　それ以外の日も放課後は――」%K%P
「はい。できれば、\n　それ以外の日も放課後は――」%K%P
%LC依夜
%LC依夜
「もちろん。一緒にトレーニングしましょう」%K%P
「もちろん。一緒にトレーニングしましょう」%K%P
%LC陽菜
%LC陽菜
「よろしくお願いします」%K%P
「よろしくお願いします」%K%P
%LC依夜
%LC依夜
「こちらこそ」%K%P
「こちらこそ」%K%P
なんだかんだ、トントン拍子で\nお泊まりの段取りが決まっていく。%K%P
なんだかんだ、トントン拍子で\nお泊まりの段取りが決まっていく。%K%P
エンゲージしてからたった数日で、\n依夜様の家にお泊まり、だなんて――、%K%P
エンゲージしてからたった数日で、\n依夜様の家にお泊まり、だなんて――、%K%P
なんか、すごいことになっている気がする。%K%P
なんか、すごいことになっている気がする。%K%P
