それから何事もなく数日が過ぎて、\nいよいよ、金曜日――の、放課後。%K%P
それから何事もなく数日が過ぎて、\nいよいよ、金曜日――の、放課後。%K%P
%LC杏奈
%LC杏奈
「ねえ陽菜ちゃん、\n　ひとつ、聞きたいんだけど……」%K%P
「ねえ陽菜ちゃん、\n　ひとつ、聞きたいんだけど……」%K%P
%LC杏奈
%LC杏奈
「依夜様とお泊まりするって、ホント？」%K%P
「依夜様とお泊まりするって、ホント？」%K%P
%LC陽菜
%LC陽菜
「そうだけど……あれ？\n　私、そのこと話したっけ？」%K%P
「そうだけど……あれ？\n　私、そのこと話したっけ？」%K%P
%LC杏奈
%LC杏奈
「ううん、直接は聞いてないよ。\n　ただ、学園中で噂になってて」%K%P
「ううん、直接は聞いてないよ。\n　ただ、学園中で噂になってて」%K%P
%LC杏奈
%LC杏奈
「この前のお昼休み、陽菜ちゃんが食堂で、\n　お泊まりぃー！？　って叫んでたって」%K%P
「この前のお昼休み、陽菜ちゃんが食堂で、\n　お泊まりぃー！？　って叫んでたって」%K%P
%LC陽菜
%LC陽菜
「あー……」%K%P
「あー……」%K%P
あのときは依夜様も一緒にいたし、\nそういう噂が流れてもおかしくないか。%K%P
あのときは依夜様も一緒にいたし、\nそういう噂が流れてもおかしくないか。%K%P
%LC杏奈
%LC杏奈
「でも、そっか、そうなんだ。\n　噂、ホントだったんだ……」%K%P
「でも、そっか、そうなんだ。\n　噂、ホントだったんだ……」%K%P
呟く杏奈ちゃんの頬が、少し赤い。%K%P
呟く杏奈ちゃんの頬が、少し赤い。%K%P
……なんか、妙な胸騒ぎが。%K%P
……なんか、妙な胸騒ぎが。%K%P
%LC陽菜
%LC陽菜
「ちなみにその噂って、どんな内容？」%K%P
「ちなみにその噂って、どんな内容？」%K%P
%LC杏奈
%LC杏奈
「えっ……？！　それは、ええっと……」%K%P
「えっ……？！　それは、ええっと……」%K%P
%LC杏奈
%LC杏奈
「……陽菜ちゃんと依夜様が、婚前旅行するって」%K%P
「……陽菜ちゃんと依夜様が、婚前旅行するって」%K%P
%LC陽菜
%LC陽菜
「ん゛……？」%K%P
「ん゛……？」%K%P
こんぜん、りょこう？%K%P
こんぜん、りょこう？%K%P
%LC陽菜
%LC陽菜
「なんで……？」%K%P
「なんで……？」%K%P
%LC杏奈
%LC杏奈
「たぶん、エンゲージって言葉から\n　連想しちゃったんだとは思うけど……」%K%P
「たぶん、エンゲージって言葉から\n　連想しちゃったんだとは思うけど……」%K%P
発想の飛躍、すごい。%K%P
発想の飛躍、すごい。%K%P
けど、エンゲージって響きだけだと、\n婚約を思い浮かべるのも無理ないか。%K%P
けど、エンゲージって響きだけだと、\n婚約を思い浮かべるのも無理ないか。%K%P
そこにお泊まりなんてワードが出てきたから、\n尾ヒレや背ビレがついちゃったのかもしれない。%K%P
そこにお泊まりなんてワードが出てきたから、\n尾ヒレや背ビレがついちゃったのかもしれない。%K%P
%LC陽菜
%LC陽菜
「婚前どころか旅行もしないよ。\n　依夜様の家にお泊まりにいくだけ」%K%P
「婚前どころか旅行もしないよ。\n　依夜様の家にお泊まりにいくだけ」%K%P
%LC杏奈
%LC杏奈
「明日の試合に備えて？」%K%P
「明日の試合に備えて？」%K%P
%LC陽菜
%LC陽菜
「そんなところ」%K%P
「そんなところ」%K%P
%LC杏奈
%LC杏奈
「なんだ、そっか。\n　陽菜ちゃんたちもなんだ」%K%P
「なんだ、そっか。\n　陽菜ちゃんたちもなんだ」%K%P
%LC陽菜
%LC陽菜
「たち『も』？」%K%P
「たち『も』？」%K%P
%LC杏奈
%LC杏奈
「うん。だって――」%K%P
「うん。だって――」%K%P
%LCクレール
%LCクレール
「ごきげんよう。杏奈ちゃん、陽菜ちゃん」%K%P
「ごきげんよう。杏奈ちゃん、陽菜ちゃん」%K%P
%LC陽菜
%LC陽菜
「く、クレール様っ……！？」%K%P
「く、クレール様っ……！？」%K%P
先日の姉さんに負けず劣らず、\n気配なくススッと現れるクレール様。%K%P
先日の姉さんに負けず劣らず、\n気配なくススッと現れるクレール様。%K%P
アリアンロッドの{最優秀騎士:ブリランテ}って、\n騎士道以外に忍道まで修めてたりするんだろうか。%K%P
アリアンロッドの{最優秀騎士:ブリランテ}って、\n騎士道以外に忍道まで修めてたりするんだろうか。%K%P
%LCクレール
%LCクレール
「二人してなんのお話？」%K%P
「二人してなんのお話？」%K%P
%LC杏奈
%LC杏奈
「陽菜ちゃん、これから依夜様の家に\n　お泊まりするそうなんです」%K%P
「陽菜ちゃん、これから依夜様の家に\n　お泊まりするそうなんです」%K%P
%LCクレール
%LCクレール
「まあまあ、陽菜ちゃんたちも？」%K%P
「まあまあ、陽菜ちゃんたちも？」%K%P
%LC陽菜
%LC陽菜
「ってことは、クレール様たちも――」%K%P
「ってことは、クレール様たちも――」%K%P
%LC杏奈
%LC杏奈
「うん。私も今日、クレール様の部屋に\n　お泊まりしにいくんだよ」%K%P
「うん。私も今日、クレール様の部屋に\n　お泊まりしにいくんだよ」%K%P
%LC陽菜
%LC陽菜
「むぅ……」%K%P
「むぅ……」%K%P
ただでさえ連携が上手くいっている二人が、\nこの上、お泊まりで交流だなんて。%K%P
ただでさえ連携が上手くいっている二人が、\nこの上、お泊まりで交流だなんて。%K%P
これは気を引き締めないと――って、そうだ。%K%P
これは気を引き締めないと――って、そうだ。%K%P
%LC陽菜
%LC陽菜
「杏奈ちゃん、クレール様。先日は一緒に\n　練習してくれて、ありがとうございました」%K%P
「杏奈ちゃん、クレール様。先日は一緒に\n　練習してくれて、ありがとうございました」%K%P
%LC杏奈
%LC杏奈
「どうしたの？　急にあらたまって」%K%P
「どうしたの？　急にあらたまって」%K%P
%LC陽菜
%LC陽菜
「あの練習のおかげで、色々と気づけたから。\n　そのお礼を伝えておこうと思って」%K%P
「あの練習のおかげで、色々と気づけたから。\n　そのお礼を伝えておこうと思って」%K%P
%LCクレール
%LCクレール
「なるほど……。そういうことね」%K%P
「なるほど……。そういうことね」%K%P
%LC杏奈
%LC杏奈
「あの、どういうことですか？」%K%P
「あの、どういうことですか？」%K%P
%LCクレール
%LCクレール
「明日の陽菜ちゃんたちは手強いってこと」%K%P
「明日の陽菜ちゃんたちは手強いってこと」%K%P
%LC杏奈
%LC杏奈
「そんなの当たり前じゃないですかっ。\n　依夜様も陽菜ちゃんも、めちゃ強いですっ」%K%P
「そんなの当たり前じゃないですかっ。\n　依夜様も陽菜ちゃんも、めちゃ強いですっ」%K%P
%LCクレール
%LCクレール
「くすっ、そうね、そうよね。\n　あーもう、杏奈ちゃん可愛いぃっ」%K%P
「くすっ、そうね、そうよね。\n　あーもう、杏奈ちゃん可愛いぃっ」%K%P
%LC杏奈
%LC杏奈
「ふみゃっ？！　ふもっ、んももーっ？！」%K%P
「ふみゃっ？！　ふもっ、んももーっ？！」%K%P
うわ、すごい……。クレール様のハグで、\n杏奈ちゃんの頭が一瞬でおっぱいに埋もれた。%K%P
うわ、すごい……。クレール様のハグで、\n杏奈ちゃんの頭が一瞬でおっぱいに埋もれた。%K%P
オレも初対面でいきなりアレを食らったけど……、\nそうか、あんなに埋もれちゃってたんだ……。%K%P
オレも初対面でいきなりアレを食らったけど……、\nそうか、あんなに埋もれちゃってたんだ……。%K%P
%LCクレール
%LCクレール
「ねえ陽菜ちゃん。あとで依夜ちゃんに会ったら、\n　伝えておいてくれる？」%K%P
「ねえ陽菜ちゃん。あとで依夜ちゃんに会ったら、\n　伝えておいてくれる？」%K%P
%LCクレール
%LCクレール
「お礼は剣で返してちょうだい――って」%K%P
「お礼は剣で返してちょうだい――って」%K%P
にこにこ笑っていたクレール様が、\n不意に、凜々しい騎士の顔で告げてくる。%K%P
にこにこ笑っていたクレール様が、\n不意に、凜々しい騎士の顔で告げてくる。%K%P
なんていうか、ちょっとズルい。%K%P
なんていうか、ちょっとズルい。%K%P
%LCクレール
%LCクレール
「それじゃ、私たちはこれで。\n　明日はお互い頑張りましょうね」%K%P
「それじゃ、私たちはこれで。\n　明日はお互い頑張りましょうね」%K%P
%LC杏奈
%LC杏奈
「んもも、ふぅもももっ、ふももぅもー」%K%P
「んもも、ふぅもももっ、ふももぅもー」%K%P
%LC陽菜
%LC陽菜
「うん、ごきげんよう」%K%P
「うん、ごきげんよう」%K%P
クレール様に抱っこされたままの杏奈ちゃんが、\nふもふも言いながら、ぱたぱた手を振る。%K%P
クレール様に抱っこされたままの杏奈ちゃんが、\nふもふも言いながら、ぱたぱた手を振る。%K%P
同じ谷間に挟まれた者同士のシンパシーか、\nごきげんようって言ってるのがわかってしまった。%K%P
同じ谷間に挟まれた者同士のシンパシーか、\nごきげんようって言ってるのがわかってしまった。%K%P
いったん寮に戻って、出掛ける前に、\nまとめておいた荷物を再チェック。%K%P
いったん寮に戻って、出掛ける前に、\nまとめておいた荷物を再チェック。%K%P
依夜様とは、学園の正門で待ち合わせだ。%K%P
依夜様とは、学園の正門で待ち合わせだ。%K%P
%LC陽菜
%LC陽菜
「じゃあ、いってきます」%K%P
「じゃあ、いってきます」%K%P
%LC宗千佳
%LC宗千佳
「制服のまま行くのか？」%K%P
「制服のまま行くのか？」%K%P
%LC陽菜
%LC陽菜
「明日の朝、また着なきゃいけないから。\n　それなら着ていったほうが楽かなって」%K%P
「明日の朝、また着なきゃいけないから。\n　それなら着ていったほうが楽かなって」%K%P
%LC宗千佳
%LC宗千佳
「なるほど」%K%P
「なるほど」%K%P
%LC陽菜
%LC陽菜
「ニナさんは？」%K%P
「ニナさんは？」%K%P
%LC宗千佳
%LC宗千佳
「テアトルで色々とチェック中だ。\n　明日は失敗が許されないからな」%K%P
「テアトルで色々とチェック中だ。\n　明日は失敗が許されないからな」%K%P
%LC宗千佳
%LC宗千佳
「今夜は遅くなるだろうし、\n　あとで差し入れを持っていくつもりだ」%K%P
「今夜は遅くなるだろうし、\n　あとで差し入れを持っていくつもりだ」%K%P
%LC陽菜
%LC陽菜
「なら、無理しないでって伝えておいて」%K%P
「なら、無理しないでって伝えておいて」%K%P
%LC宗千佳
%LC宗千佳
「わかった。陽菜も困ったことがあれば、\n　無理せずニナか私に連絡をとるように」%K%P
「わかった。陽菜も困ったことがあれば、\n　無理せずニナか私に連絡をとるように」%K%P
%LC宗千佳
%LC宗千佳
「まあ、万一女装がバレたとして、\n　依夜なら悪いようにはしないだろうが」%K%P
「まあ、万一女装がバレたとして、\n　依夜なら悪いようにはしないだろうが」%K%P
%LC陽菜
%LC陽菜
「お願いだからフラグ立てないで」%K%P
「お願いだからフラグ立てないで」%K%P
%LC宗千佳
%LC宗千佳
「そういう可能性も考慮した上で、\n　今回の外泊を認めているということだ」%K%P
「そういう可能性も考慮した上で、\n　今回の外泊を認めているということだ」%K%P
%LC宗千佳
%LC宗千佳
「それを気に留めておいてくれればいい」%K%P
「それを気に留めておいてくれればいい」%K%P
%LC陽菜
%LC陽菜
「うん。……ありがとう、姉さん」%K%P
「うん。……ありがとう、姉さん」%K%P
用意した荷物を手に、\n待ち合わせ場所である正門前に到着。%K%P
用意した荷物を手に、\n待ち合わせ場所である正門前に到着。%K%P
妙に懐かしいと感じてしまうけど、\n実際、学園の外に出るのって久しぶりだ。%K%P
妙に懐かしいと感じてしまうけど、\n実際、学園の外に出るのって久しぶりだ。%K%P
女装生活が始まってからというもの、\nずっと学園内で暮らしていたし。%K%P
女装生活が始まってからというもの、\nずっと学園内で暮らしていたし。%K%P
……待てよ？　そういえば、女装して\n学園外に出るのって、これが初めてじゃ――、%K%P
……待てよ？　そういえば、女装して\n学園外に出るのって、これが初めてじゃ――、%K%P
%LC陽菜
%LC陽菜
（今さらだけど、平気かな……。\n　この格好のまま、学外に出ても……）%K%P
（今さらだけど、平気かな……。\n　この格好のまま、学外に出ても……）%K%P
そもそもオレが女装しているのは、\n{学園:ここ}で生活するために必要だからだ。%K%P
そもそもオレが女装しているのは、\n{学園:ここ}で生活するために必要だからだ。%K%P
けど、その場所から外に出るのに、\n女装をしたままってことは――、%K%P
けど、その場所から外に出るのに、\n女装をしたままってことは――、%K%P
それって、ただ女装してるだけの男子では……？%K%P
それって、ただ女装してるだけの男子では……？%K%P
%LC陽菜
%LC陽菜
（いやいやっ、目的地は依夜様の家だし。\n　おかしくない、おかしくない――）%K%P
（いやいやっ、目的地は依夜様の家だし。\n　おかしくない、おかしくない――）%K%P
%LC女学生Ａ
%LC女学生Ａ
「ごきげんよう、陽菜様。\n　こんなところでどうされたんですか？」%K%P
「ごきげんよう、陽菜様。\n　こんなところでどうされたんですか？」%K%P
%LC陽菜
%LC陽菜
「あ、えっと……いま、\n　ちょっと人を待っていて」%K%P
「あ、えっと……いま、\n　ちょっと人を待っていて」%K%P
%LC依夜
%LC依夜
「お待たせ、陽菜」%K%P
「お待たせ、陽菜」%K%P
%LC陽菜
%LC陽菜
「大丈夫です、いま来たところなので」%K%P
「大丈夫です、いま来たところなので」%K%P
%LC依夜
%LC依夜
「そう、良かった」%K%P
「そう、良かった」%K%P
%LC依夜
%LC依夜
「ところで、こちらの子は？」%K%P
「ところで、こちらの子は？」%K%P
%LC女学生Ａ
%LC女学生Ａ
「あっ、私はなんでもないですっ！\n　すみません、婚前旅行の邪魔をしてしまって」%K%P
「あっ、私はなんでもないですっ！\n　すみません、婚前旅行の邪魔をしてしまって」%K%P
%LC依夜
%LC依夜
「婚前旅行？」%K%P
「婚前旅行？」%K%P
%LC女学生Ａ
%LC女学生Ａ
「依夜様、陽菜様、行ってらっしゃいませっ！\n　どうかお幸せにっ！！」%K%P
「依夜様、陽菜様、行ってらっしゃいませっ！\n　どうかお幸せにっ！！」%K%P
%LC陽菜
%LC陽菜
「あっ、ちょっと……！？」%K%P
「あっ、ちょっと……！？」%K%P
誤解を解こうと呼びとめる声も虚しく、\n女の子は駆け去ってしまって。%K%P
誤解を解こうと呼びとめる声も虚しく、\n女の子は駆け去ってしまって。%K%P
%LC依夜
%LC依夜
「陽菜。婚前旅行って、どういうこと？」%K%P
「陽菜。婚前旅行って、どういうこと？」%K%P
依夜様の疑問は、もっともだった。%K%P
依夜様の疑問は、もっともだった。%K%P
%LC依夜
%LC依夜
「――なるほど。\n　そういうことだったのね」%K%P
「――なるほど。\n　そういうことだったのね」%K%P
依夜様の家へと向かう道すがら、\n先ほどの事について説明する。%K%P
依夜様の家へと向かう道すがら、\n先ほどの事について説明する。%K%P
杏奈ちゃんから噂の詳細を聞いていなければ、\n依夜様と一緒になって首を傾げていたところだ。%K%P
杏奈ちゃんから噂の詳細を聞いていなければ、\n依夜様と一緒になって首を傾げていたところだ。%K%P
%LC陽菜
%LC陽菜
「すみません。私が食堂で叫んだせいで、\n　変な噂が流れてしまって……」%K%P
「すみません。私が食堂で叫んだせいで、\n　変な噂が流れてしまって……」%K%P
%LC依夜
%LC依夜
「そう？　私は、良いことだと思うけれど」%K%P
「そう？　私は、良いことだと思うけれど」%K%P
%LC依夜
%LC依夜
「そういう噂が流れるということは、\n　私たちが親しく見えている裏返しでしょう？」%K%P
「そういう噂が流れるということは、\n　私たちが親しく見えている裏返しでしょう？」%K%P
%LC依夜
%LC依夜
「それは今の私たちからすると、\n　喜ぶべきことだと思う」%K%P
「それは今の私たちからすると、\n　喜ぶべきことだと思う」%K%P
%LC陽菜
%LC陽菜
「そう、ですね」%K%P
「そう、ですね」%K%P
実際、エンゲージが決まってから今日まで、\n依夜様と過ごす時間は、以前よりも格段に増えた。%K%P
実際、エンゲージが決まってから今日まで、\n依夜様と過ごす時間は、以前よりも格段に増えた。%K%P
昼食はあれからずっと一緒に食べていたし、\n放課後も、ふたりで練習していたし。%K%P
昼食はあれからずっと一緒に食べていたし、\n放課後も、ふたりで練習していたし。%K%P
%LC依夜
%LC依夜
「嘘から出た{実:まこと}――とは、\n　少し違うとは思うのだけれど……」%K%P
「嘘から出た{実:まこと}――とは、\n　少し違うとは思うのだけれど……」%K%P
%LC依夜
%LC依夜
「私はもっと、陽菜と親しくなりたい」%K%P
「私はもっと、陽菜と親しくなりたい」%K%P
%LC依夜
%LC依夜
「それこそ、婚前旅行という噂の信憑性が、\n　増してしまうぐらいに」%K%P
「それこそ、婚前旅行という噂の信憑性が、\n　増してしまうぐらいに」%K%P
%LC陽菜
%LC陽菜
「依夜様……」%K%P
「依夜様……」%K%P
他愛ない噂を前向きに捉えて、\nそれを力に変えてしまう依夜様が心強い。%K%P
他愛ない噂を前向きに捉えて、\nそれを力に変えてしまう依夜様が心強い。%K%P
この人のためにも、頑張らないと――、%K%P
この人のためにも、頑張らないと――、%K%P
%LC陽菜
%LC陽菜
「っと、そうだ。\n　さっき、クレール様と会ったんです」%K%P
「っと、そうだ。\n　さっき、クレール様と会ったんです」%K%P
%LC陽菜
%LC陽菜
「それで、この前の練習のお礼を、\n　あらためて伝えたんですけど――」%K%P
「それで、この前の練習のお礼を、\n　あらためて伝えたんですけど――」%K%P
%LC陽菜
%LC陽菜
「そのとき、依夜様宛ての伝言を預かりました」%K%P
「そのとき、依夜様宛ての伝言を預かりました」%K%P
%LC陽菜
%LC陽菜
「お礼は剣で返してちょうだい、だそうです」%K%P
「お礼は剣で返してちょうだい、だそうです」%K%P
%LC依夜
%LC依夜
「そう。それは是非、応えないと」%K%P
「そう。それは是非、応えないと」%K%P
%LC依夜
%LC依夜
「そのためにも、今日は練習、頑張りましょう」%K%P
「そのためにも、今日は練習、頑張りましょう」%K%P
学園から徒歩とバスで小一時間とかからない場所に、\nその神社はあった。%K%P
学園から徒歩とバスで小一時間とかからない場所に、\nその神社はあった。%K%P
事前に姉さんが教えてくれたけど、\n地元ではそれなりに名の知れた神社だそうだ。%K%P
事前に姉さんが教えてくれたけど、\n地元ではそれなりに名の知れた神社だそうだ。%K%P
%LC依夜
%LC依夜
「見せたい場所があるの。ついてきて」%K%P
「見せたい場所があるの。ついてきて」%K%P
そうして依夜様に案内されたのは、\n社務所とは別の建物の、大きな広間だった。%K%P
そうして依夜様に案内されたのは、\n社務所とは別の建物の、大きな広間だった。%K%P
%LC依夜
%LC依夜
「ここは{参集殿:さんしゅうでん}といって、\n　様々な催しなどに使われる場所よ」%K%P
「ここは{参集殿:さんしゅうでん}といって、\n　様々な催しなどに使われる場所よ」%K%P
%LC依夜
%LC依夜
「昔はここで剣道場もやっていて。\n　私も家で稽古をするときは、ここを使うの」%K%P
「昔はここで剣道場もやっていて。\n　私も家で稽古をするときは、ここを使うの」%K%P
%LC依夜
%LC依夜
「ただ、今週は色々と予定が入っていて。\n　空いているのが今日だけだったから」%K%P
「ただ、今週は色々と予定が入っていて。\n　空いているのが今日だけだったから」%K%P
%LC陽菜
%LC陽菜
「お泊まりを金曜にしたのは、\n　この場所を使うため、だったんですね」%K%P
「お泊まりを金曜にしたのは、\n　この場所を使うため、だったんですね」%K%P
%LC依夜
%LC依夜
「そう。ここなら思い切り練習できるでしょう？」%K%P
「そう。ここなら思い切り練習できるでしょう？」%K%P
確かにこれだけのスペースがあれば、\nテアトルの舞台と遜色なく動き回れそうだ。%K%P
確かにこれだけのスペースがあれば、\nテアトルの舞台と遜色なく動き回れそうだ。%K%P
%LC依夜
%LC依夜
「フィエルテとクラージュは持ってきた？」%K%P
「フィエルテとクラージュは持ってきた？」%K%P
%LC陽菜
%LC陽菜
「もちろんです」%K%P
「もちろんです」%K%P
そのふたつがあれば、トレーニングルームと同様に、\n模擬戦などの基本的な練習を行うことができる。%K%P
そのふたつがあれば、トレーニングルームと同様に、\n模擬戦などの基本的な練習を行うことができる。%K%P
もちろん、立体映像関係の再現は無理だけど。%K%P
もちろん、立体映像関係の再現は無理だけど。%K%P
%LC依夜
%LC依夜
「来て早々だけれど、少し練習する？」%K%P
「来て早々だけれど、少し練習する？」%K%P
%LC陽菜
%LC陽菜
「でも、依夜様はこのあと、\n　神楽を奉納する予定なんじゃ」%K%P
「でも、依夜様はこのあと、\n　神楽を奉納する予定なんじゃ」%K%P
%LC依夜
%LC依夜
「少しであれば大丈夫よ。\n　どちらにせよ、着替えの必要があるし」%K%P
「少しであれば大丈夫よ。\n　どちらにせよ、着替えの必要があるし」%K%P
%LC陽菜
%LC陽菜
「そういうことであれば、ぜひ」%K%P
「そういうことであれば、ぜひ」%K%P
%LC依夜
%LC依夜
「なら、一緒に着替えましょうか」%K%P
「なら、一緒に着替えましょうか」%K%P
%LC陽菜
%LC陽菜
「え……？　一緒に……？」%K%P
「え……？　一緒に……？」%K%P
%LC依夜
%LC依夜
「ここには更衣室として使える部屋が、\n　ひとつしかないの」%K%P
「ここには更衣室として使える部屋が、\n　ひとつしかないの」%K%P
%LC依夜
%LC依夜
「でも、今日は交流が目的だから。\n　時間も惜しいし、いいでしょう？」%K%P
「でも、今日は交流が目的だから。\n　時間も惜しいし、いいでしょう？」%K%P
%LC陽菜
%LC陽菜
「いっ、いえ、そういうわけにはっ……」%K%P
「いっ、いえ、そういうわけにはっ……」%K%P
%LC依夜
%LC依夜
「私と着替えるのは、いや？」%K%P
「私と着替えるのは、いや？」%K%P
%LC陽菜
%LC陽菜
「いやというわけではなくてですね、\n　その、なんというかっ……」%K%P
「いやというわけではなくてですね、\n　その、なんというかっ……」%K%P
%LC？？？
%LC？？？
「おお、依夜。\n　良かった、帰っていたか」%K%P
「おお、依夜。\n　良かった、帰っていたか」%K%P
%LC依夜
%LC依夜
「父さん」%K%P
「父さん」%K%P
依夜様が父さんと呼んだ人は、オレを見つけると、\n少し慌てた様子で、伸びていた背筋をさらに正す。%K%P
依夜様が父さんと呼んだ人は、オレを見つけると、\n少し慌てた様子で、伸びていた背筋をさらに正す。%K%P
%LC依夜の父
%LC依夜の父
「おお、よくおいでなさった。\n　あなたが依夜のご学友だね」%K%P
「おお、よくおいでなさった。\n　あなたが依夜のご学友だね」%K%P
%LC陽菜
%LC陽菜
「はっ、はい。初めまして、\n　銀蘭学園２年、卯花陽菜です」%K%P
「はっ、はい。初めまして、\n　銀蘭学園２年、卯花陽菜です」%K%P
%LC陽菜
%LC陽菜
「本日は依夜様にお招きいただきました。\n　お言葉に甘えて、お世話になります」%K%P
「本日は依夜様にお招きいただきました。\n　お言葉に甘えて、お世話になります」%K%P
%LC依夜の父
%LC依夜の父
「これはこれはご丁寧に。依夜の父です。\n　どうぞゆっくりしていってください」%K%P
「これはこれはご丁寧に。依夜の父です。\n　どうぞゆっくりしていってください」%K%P
%LC依夜の父
%LC依夜の父
「で、すまないが、依夜。ちょっと話がある」%K%P
「で、すまないが、依夜。ちょっと話がある」%K%P
%LC依夜
%LC依夜
「でも」%K%P
「でも」%K%P
%LC依夜の父
%LC依夜の父
「すぐに済む」%K%P
「すぐに済む」%K%P
%LC依夜
%LC依夜
「ん……。ごめんなさい、陽菜。\n　すぐに戻るから」%K%P
「ん……。ごめんなさい、陽菜。\n　すぐに戻るから」%K%P
依夜様が退出して、待つこと少し。%K%P
依夜様が退出して、待つこと少し。%K%P
%LC依夜
%LC依夜
「ごめんなさい、待たせてしまって」%K%P
「ごめんなさい、待たせてしまって」%K%P
戻ってきた依夜様は、\nあきらかに困った顔をしていた。%K%P
戻ってきた依夜様は、\nあきらかに困った顔をしていた。%K%P
%LC陽菜
%LC陽菜
「なにかあったんですか？」%K%P
「なにかあったんですか？」%K%P
%LC依夜
%LC依夜
「神楽を一緒に舞う予定だった子が、\n　急に体調を崩してしまったそうなの」%K%P
「神楽を一緒に舞う予定だった子が、\n　急に体調を崩してしまったそうなの」%K%P
%LC依夜
%LC依夜
「それでいま、父が代役を探しているって」%K%P
「それでいま、父が代役を探しているって」%K%P
%LC陽菜
%LC陽菜
「代役って……神楽を舞う巫女さんの、ですよね？\n　すぐに見つかるものなんですか？」%K%P
「代役って……神楽を舞う巫女さんの、ですよね？\n　すぐに見つかるものなんですか？」%K%P
%LC依夜
%LC依夜
「その点は大丈夫。\n　神楽を覚えていなくても問題はないから」%K%P
「その点は大丈夫。\n　神楽を覚えていなくても問題はないから」%K%P
%LC依夜
%LC依夜
「今日の神楽はふたり一組で舞うのだけれど、\n　振り付け自体は、さほど難しくないの」%K%P
「今日の神楽はふたり一組で舞うのだけれど、\n　振り付け自体は、さほど難しくないの」%K%P
%LC依夜
%LC依夜
「１時間ほど手ほどきすれば、\n　覚えられるはずよ」%K%P
「１時間ほど手ほどきすれば、\n　覚えられるはずよ」%K%P
%LC陽菜
%LC陽菜
「その手ほどきは、依夜様が？」%K%P
「その手ほどきは、依夜様が？」%K%P
%LC依夜
%LC依夜
「うん。もちろん、私が――」%K%P
「うん。もちろん、私が――」%K%P
%LC依夜
%LC依夜
「あ……そうか、そうね。神楽を教える間、\n　陽菜を一人で待たせてしまうことになるわね」%K%P
「あ……そうか、そうね。神楽を教える間、\n　陽菜を一人で待たせてしまうことになるわね」%K%P
%LC依夜
%LC依夜
「そうなると、練習をする時間も――」%K%P
「そうなると、練習をする時間も――」%K%P
%LC陽菜
%LC陽菜
「私のことは気にしないで下さい。\n　神楽のほうが大切ですから」%K%P
「私のことは気にしないで下さい。\n　神楽のほうが大切ですから」%K%P
小祭での奉納がどれほど重要なのか、\nオレにはまったくわからない。%K%P
小祭での奉納がどれほど重要なのか、\nオレにはまったくわからない。%K%P
でも、代役を探し、手ほどきをしてでも\n奉納しなくては、という気概は伝わってくる。%K%P
でも、代役を探し、手ほどきをしてでも\n奉納しなくては、という気概は伝わってくる。%K%P
と、そこに再び、依夜様のお父さんが。%K%P
と、そこに再び、依夜様のお父さんが。%K%P
%LC依夜の父
%LC依夜の父
「すまない。心当たりすべてに連絡したが、\n　どこも今日は予定があるそうだ」%K%P
「すまない。心当たりすべてに連絡したが、\n　どこも今日は予定があるそうだ」%K%P
%LC依夜の父
%LC依夜の父
「唯一、近藤の娘さんの都合はつきそうだが、\n　こちらにくるまで１時間以上かかると」%K%P
「唯一、近藤の娘さんの都合はつきそうだが、\n　こちらにくるまで１時間以上かかると」%K%P
%LC依夜
%LC依夜
「１時間……」%K%P
「１時間……」%K%P
依夜様の声が沈む。%K%P
依夜様の声が沈む。%K%P
お父さんの背筋も、先ほどとは打って変わって、\n意気消沈しているのが見て取れるほどに元気がない。%K%P
お父さんの背筋も、先ほどとは打って変わって、\n意気消沈しているのが見て取れるほどに元気がない。%K%P
%LC依夜の父
%LC依夜の父
「私はもう少し近所の人にあたってみる。\n　依夜は準備をしておいてくれるか」%K%P
「私はもう少し近所の人にあたってみる。\n　依夜は準備をしておいてくれるか」%K%P
%LC依夜
%LC依夜
「……はい」%K%P
「……はい」%K%P
そうして、依夜様のお父さんが立ち去って。%K%P
そうして、依夜様のお父さんが立ち去って。%K%P
%LC依夜
%LC依夜
「ごめんなさい、陽菜。\n　私、今から準備をしないと」%K%P
「ごめんなさい、陽菜。\n　私、今から準備をしないと」%K%P
%LC依夜
%LC依夜
「せっかくの機会が、こんなことになって……。\n　本当にごめんなさい」%K%P
「せっかくの機会が、こんなことになって……。\n　本当にごめんなさい」%K%P
%LC陽菜
%LC陽菜
「依夜様のせいじゃないです」%K%P
「依夜様のせいじゃないです」%K%P
%LC依夜
%LC依夜
「陽菜……」%K%P
「陽菜……」%K%P
唇を噛むように、依夜様が顔を伏せる。%K%P
唇を噛むように、依夜様が顔を伏せる。%K%P
あまり感情を表に出さない人だからこそ、\nそういう仕草を見ると、胸がぎゅっと詰まる。%K%P
あまり感情を表に出さない人だからこそ、\nそういう仕草を見ると、胸がぎゅっと詰まる。%K%P
――なら、すべきことはひとつ。%K%P
――なら、すべきことはひとつ。%K%P
%LC陽菜
%LC陽菜
「依夜様。その代役、私じゃダメですか？」%K%P
「依夜様。その代役、私じゃダメですか？」%K%P
%LC依夜
%LC依夜
「もう、なにを言い出すのかと思えば……。\n　ダメに決まっているでしょう」%K%P
「もう、なにを言い出すのかと思えば……。\n　ダメに決まっているでしょう」%K%P
%LC陽菜
%LC陽菜
「どうしてですか？」%K%P
「どうしてですか？」%K%P
%LC依夜
%LC依夜
「陽菜はお客様なのよ。\n　させられるはずがないわ」%K%P
「陽菜はお客様なのよ。\n　させられるはずがないわ」%K%P
%LC陽菜
%LC陽菜
「お客様だからダメなんですか？」%K%P
「お客様だからダメなんですか？」%K%P
%LC依夜
%LC依夜
「そう」%K%P
「そう」%K%P
%LC陽菜
%LC陽菜
「理由は、それだけ？」%K%P
「理由は、それだけ？」%K%P
%LC依夜
%LC依夜
「そう、だけど……」%K%P
「そう、だけど……」%K%P
%LC陽菜
%LC陽菜
「ならよかった」%K%P
「ならよかった」%K%P
%LC依夜
%LC依夜
「よかった、って――」%K%P
「よかった、って――」%K%P
%LC陽菜
%LC陽菜
「巫女経験者でないとダメだって言われたら、\n　詰んじゃうところでしたから」%K%P
「巫女経験者でないとダメだって言われたら、\n　詰んじゃうところでしたから」%K%P
%LC陽菜
%LC陽菜
「あらためて、依夜様。\n　私に代役をやらせてください」%K%P
「あらためて、依夜様。\n　私に代役をやらせてください」%K%P
%LC依夜
%LC依夜
「ダメだと言ったでしょう」%K%P
「ダメだと言ったでしょう」%K%P
%LC陽菜
%LC陽菜
「なら私、お客様やめます」%K%P
「なら私、お客様やめます」%K%P
%LC依夜
%LC依夜
「なっ……」%K%P
「なっ……」%K%P
%LC陽菜
%LC陽菜
「このままだと依夜様と練習できないので。\n　それなら、お泊まりは辞めて帰ります」%K%P
「このままだと依夜様と練習できないので。\n　それなら、お泊まりは辞めて帰ります」%K%P
%LC依夜
%LC依夜
「もう、むちゃくちゃを言わないで」%K%P
「もう、むちゃくちゃを言わないで」%K%P
%LC依夜
%LC依夜
「こちらの都合に、無関係なあなたを\n　巻き込めるはずがないでしょう？」%K%P
「こちらの都合に、無関係なあなたを\n　巻き込めるはずがないでしょう？」%K%P
%LC陽菜
%LC陽菜
「無関係じゃありません。\n　私は依夜様のパートナーです」%K%P
「無関係じゃありません。\n　私は依夜様のパートナーです」%K%P
%LC依夜
%LC依夜
「それは……そう、だけど……」%K%P
「それは……そう、だけど……」%K%P
畳みかけると、依夜様が口ごもる。%K%P
畳みかけると、依夜様が口ごもる。%K%P
弱みに付け込むようで申し訳ないけど、\nいまはとにかく、依夜様に頷いてもらわないと。%K%P
弱みに付け込むようで申し訳ないけど、\nいまはとにかく、依夜様に頷いてもらわないと。%K%P
%LC陽菜
%LC陽菜
「お願いします。巫女の経験はないですけど、\n　協力させてください」%K%P
「お願いします。巫女の経験はないですけど、\n　協力させてください」%K%P
%LC依夜
%LC依夜
「でも……」%K%P
「でも……」%K%P
%LC陽菜
%LC陽菜
「見つかった代役の人がここまでくるのに、\n　１時間以上かかってしまうんでしょう？」%K%P
「見つかった代役の人がここまでくるのに、\n　１時間以上かかってしまうんでしょう？」%K%P
%LC陽菜
%LC陽菜
「そのあと手ほどきや準備もするとなると、\n　３時間近くかかってしまうと思います」%K%P
「そのあと手ほどきや準備もするとなると、\n　３時間近くかかってしまうと思います」%K%P
%LC陽菜
%LC陽菜
「その点、私なら今すぐにでも、\n　神楽の手ほどきが受けられます」%K%P
「その点、私なら今すぐにでも、\n　神楽の手ほどきが受けられます」%K%P
%LC陽菜
%LC陽菜
「その間、依夜様とも一緒にいられます。\n　親睦を深めることができます」%K%P
「その間、依夜様とも一緒にいられます。\n　親睦を深めることができます」%K%P
%LC陽菜
%LC陽菜
「だからどうか、お願いします。\n　私に神楽を教えて下さい」%K%P
「だからどうか、お願いします。\n　私に神楽を教えて下さい」%K%P
%LC依夜
%LC依夜
「……もう。あなたという子は……」%K%P
「……もう。あなたという子は……」%K%P
まるで、悪戯した子供を許す母親のように、\n依夜様は、どこか呆れたように笑みを漏らす。%K%P
まるで、悪戯した子供を許す母親のように、\n依夜様は、どこか呆れたように笑みを漏らす。%K%P
%LC依夜
%LC依夜
「本当に、お願いしていいのね？」%K%P
「本当に、お願いしていいのね？」%K%P
%LC陽菜
%LC陽菜
「はい。喜んで」%K%P
「はい。喜んで」%K%P
オレが自覚している性分のひとつに、\n困っている人を放っておけない、というものがある。%K%P
オレが自覚している性分のひとつに、\n困っている人を放っておけない、というものがある。%K%P
そのおかげで女装生活をすることになったし、\n今日だってこうして、巫女をすることになった。%K%P
そのおかげで女装生活をすることになったし、\n今日だってこうして、巫女をすることになった。%K%P
でも、困っている人がいたら、助けたい。%K%P
でも、困っている人がいたら、助けたい。%K%P
だって、助けないのは『格好よくない』から。%K%P
だって、助けないのは『格好よくない』から。%K%P
%LC依夜
%LC依夜
「どう？　サイズは問題ない？」%K%P
「どう？　サイズは問題ない？」%K%P
%LC陽菜
%LC陽菜
「大丈夫そうです」%K%P
「大丈夫そうです」%K%P
戸口越し、心配そうな依夜様の声に応えつつ、\n渡された巫女装束に袖を通す。%K%P
戸口越し、心配そうな依夜様の声に応えつつ、\n渡された巫女装束に袖を通す。%K%P
巫女装束を着るのはもちろん初めてだけど、\n着替え自体に大きな問題はなかった。%K%P
巫女装束を着るのはもちろん初めてだけど、\n着替え自体に大きな問題はなかった。%K%P
剣道着を着ていた経験が、\nこんな形で役に立つ日がくるだなんて。%K%P
剣道着を着ていた経験が、\nこんな形で役に立つ日がくるだなんて。%K%P
着替えたあとは、さっそく神楽の手ほどき。%K%P
着替えたあとは、さっそく神楽の手ほどき。%K%P
依夜様の巫女姿は、想像以上に神々しくて、\nこれ以上ないくらい似合っていた。%K%P
依夜様の巫女姿は、想像以上に神々しくて、\nこれ以上ないくらい似合っていた。%K%P
%LC依夜
%LC依夜
「さっき見せた舞は、頭の中に入った？」%K%P
「さっき見せた舞は、頭の中に入った？」%K%P
%LC陽菜
%LC陽菜
「はい、だいたいは」%K%P
「はい、だいたいは」%K%P
%LC依夜
%LC依夜
「なら、側で見ているから。\n　覚えた印象のまま舞ってみて」%K%P
「なら、側で見ているから。\n　覚えた印象のまま舞ってみて」%K%P
%LC依夜
%LC依夜
「そこは、腕をもう少し前に出して。\n　肘は曲げずに、真っ直ぐ前に出すの」%K%P
「そこは、腕をもう少し前に出して。\n　肘は曲げずに、真っ直ぐ前に出すの」%K%P
%LC陽菜
%LC陽菜
「このぐらい、ですか？\n　それとも、もっと？」%K%P
「このぐらい、ですか？\n　それとも、もっと？」%K%P
%LC依夜
%LC依夜
「もっとよ。ええと……そうね、\n　そこから半歩、踏み込むぐらい」%K%P
「もっとよ。ええと……そうね、\n　そこから半歩、踏み込むぐらい」%K%P
%LC依夜
%LC依夜
「千早を羽織っているときは、\n　そのぐらいのほうが綺麗に見えるの」%K%P
「千早を羽織っているときは、\n　そのぐらいのほうが綺麗に見えるの」%K%P
%LC陽菜
%LC陽菜
「足の運び方って、\n　これであってますか？」%K%P
「足の運び方って、\n　これであってますか？」%K%P
%LC依夜
%LC依夜
「もう少し……気持ち、控えめに」%K%P
「もう少し……気持ち、控えめに」%K%P
%LC陽菜
%LC陽菜
「控えめ、というと……このぐらい？」%K%P
「控えめ、というと……このぐらい？」%K%P
%LC依夜
%LC依夜
「そう。いい感じよ」%K%P
「そう。いい感じよ」%K%P
%LC依夜
%LC依夜
「初めての場合、袴の感触に惑って、\n　動きが小さくなったりするのだけれど――」%K%P
「初めての場合、袴の感触に惑って、\n　動きが小さくなったりするのだけれど――」%K%P
%LC依夜
%LC依夜
「陽菜は、そういうこともなくて。\n　見ていて、とても綺麗よ」%K%P
「陽菜は、そういうこともなくて。\n　見ていて、とても綺麗よ」%K%P
%LC陽菜
%LC陽菜
「袴自体は剣道で慣れていますから」%K%P
「袴自体は剣道で慣れていますから」%K%P
%LC依夜
%LC依夜
「頼もしい言葉ね。\n　なら、最初からもう一度」%K%P
「頼もしい言葉ね。\n　なら、最初からもう一度」%K%P
%LC依夜
%LC依夜
「陽菜。少し、ふれてもいい？」%K%P
「陽菜。少し、ふれてもいい？」%K%P
%LC陽菜
%LC陽菜
「あっ、はい」%K%P
「あっ、はい」%K%P
%LC依夜
%LC依夜
「腕をあげるときなのだけど……。\n　ここは、もっと……こう」%K%P
「腕をあげるときなのだけど……。\n　ここは、もっと……こう」%K%P
%LC依夜
%LC依夜
「ね？　このほうが次に繋げるとき、\n　動きが途切れないでしょう？」%K%P
「ね？　このほうが次に繋げるとき、\n　動きが途切れないでしょう？」%K%P
%LC陽菜
%LC陽菜
「んっ……そう、ですね。\n　ありがとうございます」%K%P
「んっ……そう、ですね。\n　ありがとうございます」%K%P
依夜様にふれられた瞬間、あまりに声が近くて、\n耳をくすぐる吐息にドキッとしてしまう。%K%P
依夜様にふれられた瞬間、あまりに声が近くて、\n耳をくすぐる吐息にドキッとしてしまう。%K%P
手取足取り、なんていうけれど、\n心臓の鼓動――脈まで取られちゃいそうだ。%K%P
手取足取り、なんていうけれど、\n心臓の鼓動――脈まで取られちゃいそうだ。%K%P
けど、近いが故に、わかることもある。%K%P
けど、近いが故に、わかることもある。%K%P
それは、依夜様の呼吸。%K%P
それは、依夜様の呼吸。%K%P
呼吸を合わせる、なんてよく言うけれど、\n神楽の手ほどきは、まさにそれだった。%K%P
呼吸を合わせる、なんてよく言うけれど、\n神楽の手ほどきは、まさにそれだった。%K%P
なんてことない踏み込みひとつとっても、\n依夜様ならではの所作――呼吸があって。%K%P
なんてことない踏み込みひとつとっても、\n依夜様ならではの所作――呼吸があって。%K%P
神楽をなぞり、舞を真似ることで、\n依夜様の心の中に、潜っていくようだった。%K%P
神楽をなぞり、舞を真似ることで、\n依夜様の心の中に、潜っていくようだった。%K%P
%LC依夜
%LC依夜
「ここは、もう少し腰を――」%K%P
「ここは、もう少し腰を――」%K%P
%LC陽菜
%LC陽菜
「このぐらい、落とす」%K%P
「このぐらい、落とす」%K%P
%LC依夜
%LC依夜
「うん、そう。とても上手」%K%P
「うん、そう。とても上手」%K%P
最初は互いのことを伝えるのに、\n多くの言葉が必要だったのに。%K%P
最初は互いのことを伝えるのに、\n多くの言葉が必要だったのに。%K%P
それがだんだん、短く簡潔になっていく。%K%P
それがだんだん、短く簡潔になっていく。%K%P
でも、ちゃんと伝わる。%K%P
でも、ちゃんと伝わる。%K%P
ちゃんとわかる。%K%P
ちゃんとわかる。%K%P
それがとても、心地良い。%K%P
それがとても、心地良い。%K%P
%LC依夜
%LC依夜
「――うん、これなら問題ないわ。\n　私よりも上手よ」%K%P
「――うん、これなら問題ないわ。\n　私よりも上手よ」%K%P
%LC陽菜
%LC陽菜
「それはさすがに褒めすぎです」%K%P
「それはさすがに褒めすぎです」%K%P
%LC依夜
%LC依夜
「ううん、そんなことない。\n　今後もお願いしたいぐらい」%K%P
「ううん、そんなことない。\n　今後もお願いしたいぐらい」%K%P
%LC依夜
%LC依夜
「じゃあ、このまま準備にかかりましょう」%K%P
「じゃあ、このまま準備にかかりましょう」%K%P
%LC依夜
%LC依夜
「今日の神楽はお披露目をするから。\n　もう人が集まっているはずよ」%K%P
「今日の神楽はお披露目をするから。\n　もう人が集まっているはずよ」%K%P
%LC陽菜
%LC陽菜
「…………え？」%K%P
「…………え？」%K%P
おひ、ろめ……？%K%P
おひ、ろめ……？%K%P
%LC陽菜
%LC陽菜
「ふぅ……」%K%P
「ふぅ……」%K%P
無事に小祭が終わり、巫女装束から着替えると、\n全身を支えていた力がどさっと抜けた。%K%P
無事に小祭が終わり、巫女装束から着替えると、\n全身を支えていた力がどさっと抜けた。%K%P
お披露目という言葉が出たときは焦ったけど、\n神楽を見に来ていた人の数は、１０人程度。%K%P
お披露目という言葉が出たときは焦ったけど、\n神楽を見に来ていた人の数は、１０人程度。%K%P
毎月決まった日に行っている小さな祭事なので、\n訪れる人は、いつもそれぐらいなのだそうだ。%K%P
毎月決まった日に行っている小さな祭事なので、\n訪れる人は、いつもそれぐらいなのだそうだ。%K%P
%LC依夜
%LC依夜
「よかった。ここにいたのね」%K%P
「よかった。ここにいたのね」%K%P
%LC陽菜
%LC陽菜
「依夜様――」%K%P
「依夜様――」%K%P
声がして、振り向いて、その姿に固まる。%K%P
声がして、振り向いて、その姿に固まる。%K%P
巫女姿のときは、こちらも同じ格好だったし、\n緊張もあって眺める余裕があまりなかったけれど。%K%P
巫女姿のときは、こちらも同じ格好だったし、\n緊張もあって眺める余裕があまりなかったけれど。%K%P
制服やフィエルテ以外の服を着る依夜様は、\n普段よりも、雰囲気がぐっと柔らかくて。%K%P
制服やフィエルテ以外の服を着る依夜様は、\n普段よりも、雰囲気がぐっと柔らかくて。%K%P
ついさっきまで巫女装束だったこともあり、\nプライベートを覗き見てしまったような気分だ。%K%P
ついさっきまで巫女装束だったこともあり、\nプライベートを覗き見てしまったような気分だ。%K%P
%LC依夜
%LC依夜
「着替えを取りに行くと言ったまま戻らないから、\n　迷ったのかと思って心配したのよ」%K%P
「着替えを取りに行くと言ったまま戻らないから、\n　迷ったのかと思って心配したのよ」%K%P
%LC陽菜
%LC陽菜
「すみません。\n　ついでに着替えちゃおうと思って」%K%P
「すみません。\n　ついでに着替えちゃおうと思って」%K%P
神楽を終えたあと、依夜様は当然のように、\n一緒に着替えましょうって提案してくれて。%K%P
神楽を終えたあと、依夜様は当然のように、\n一緒に着替えましょうって提案してくれて。%K%P
けど、それを承知したら大変なことになるから、\nいま言ったような理由でこっちに逃げてきたのだ。%K%P
けど、それを承知したら大変なことになるから、\nいま言ったような理由でこっちに逃げてきたのだ。%K%P
%LC依夜
%LC依夜
「陽菜、今日は本当にありがとう」%K%P
「陽菜、今日は本当にありがとう」%K%P
%LC陽菜
%LC陽菜
「こちらこそ、ありがとうございました。\n　貴重な体験ができました」%K%P
「こちらこそ、ありがとうございました。\n　貴重な体験ができました」%K%P
%LC依夜
%LC依夜
「貴重というなら、こちらもよ。\n　まさか、あれほど堂々と神楽を舞うなんて」%K%P
「貴重というなら、こちらもよ。\n　まさか、あれほど堂々と神楽を舞うなんて」%K%P
%LC依夜
%LC依夜
「舞踊の素質はもちろんだけれど……、\n　なにより、本番度胸に驚かされたわ」%K%P
「舞踊の素質はもちろんだけれど……、\n　なにより、本番度胸に驚かされたわ」%K%P
%LC依夜
%LC依夜
「どんな人であれ最初は緊張するのに、\n　あなたには、それがまったくないんだもの」%K%P
「どんな人であれ最初は緊張するのに、\n　あなたには、それがまったくないんだもの」%K%P
%LC依夜
%LC依夜
「舞台慣れのようなものを感じたけれど、\n　なにか、そういった芸事を修めていたの？」%K%P
「舞台慣れのようなものを感じたけれど、\n　なにか、そういった芸事を修めていたの？」%K%P
%LC陽菜
%LC陽菜
「実は、その……小さな頃、\n　合唱団に入っていたことがあって」%K%P
「実は、その……小さな頃、\n　合唱団に入っていたことがあって」%K%P
%LC依夜
%LC依夜
「そう。それはさぞ、\n　可愛らしい歌姫だったのでしょうね」%K%P
「そう。それはさぞ、\n　可愛らしい歌姫だったのでしょうね」%K%P
幼い頃のオレを想像しているのか、\n依夜様がちょっと目を細める。%K%P
幼い頃のオレを想像しているのか、\n依夜様がちょっと目を細める。%K%P
%LC陽菜
%LC陽菜
「打ち明けておいてなんですが、このことは、\n　他の人には内緒にしておいてもらえますか？」%K%P
「打ち明けておいてなんですが、このことは、\n　他の人には内緒にしておいてもらえますか？」%K%P
依夜様が誰かに話すとは思えないけれど、\n話の弾みで、ということもある。%K%P
依夜様が誰かに話すとは思えないけれど、\n話の弾みで、ということもある。%K%P
万一、杏奈ちゃんやつーちゃんの耳に入ったら、\n日向であることに気付かれてしまうかもしれない。%K%P
万一、杏奈ちゃんやつーちゃんの耳に入ったら、\n日向であることに気付かれてしまうかもしれない。%K%P
%LC依夜
%LC依夜
「安心して。内緒にすると約束するわ」%K%P
「安心して。内緒にすると約束するわ」%K%P
%LC依夜
%LC依夜
「ただ、聞いてしまった私が言うのも、\n　おこがましい話ではあるのだけれど――」%K%P
「ただ、聞いてしまった私が言うのも、\n　おこがましい話ではあるのだけれど――」%K%P
%LC依夜
%LC依夜
「本当に隠しておきたいことは、\n　相手が誰であれ、胸に秘めておくべきよ」%K%P
「本当に隠しておきたいことは、\n　相手が誰であれ、胸に秘めておくべきよ」%K%P
%LC陽菜
%LC陽菜
「……はい」%K%P
「……はい」%K%P
頷くまでに少し間が空いてしまったのは、\nまさにいま、秘密を隠しているからに他ならない。%K%P
頷くまでに少し間が空いてしまったのは、\nまさにいま、秘密を隠しているからに他ならない。%K%P
%LC依夜
%LC依夜
「陽菜、お腹は空いている？」%K%P
「陽菜、お腹は空いている？」%K%P
%LC陽菜
%LC陽菜
「あっ、はい。……わりと、けっこう」%K%P
「あっ、はい。……わりと、けっこう」%K%P
%LC依夜
%LC依夜
「そう。なら、先にお風呂に入ってきて。\n　その間に夕食の支度をしておくから」%K%P
「そう。なら、先にお風呂に入ってきて。\n　その間に夕食の支度をしておくから」%K%P
%LC陽菜
%LC陽菜
「私もなにか、お手伝いを」%K%P
「私もなにか、お手伝いを」%K%P
%LC依夜
%LC依夜
「ダメよ。あなたはお客様なんだから」%K%P
「ダメよ。あなたはお客様なんだから」%K%P
依夜様にしては珍しく、\nめっ、という感じでびしっと言い切る。%K%P
依夜様にしては珍しく、\nめっ、という感じでびしっと言い切る。%K%P
巫女の代役を申し出たときのやりとりに対する、\n依夜様なりの、ささやかな報復かも。%K%P
巫女の代役を申し出たときのやりとりに対する、\n依夜様なりの、ささやかな報復かも。%K%P
%LC陽菜
%LC陽菜
「そういえば私、\n　今日はどこで寝るんですか？」%K%P
「そういえば私、\n　今日はどこで寝るんですか？」%K%P
%LC依夜
%LC依夜
「ここよ。あなたが入浴している間に、\n　布団を敷いておくわ」%K%P
「ここよ。あなたが入浴している間に、\n　布団を敷いておくわ」%K%P
依夜様いわく、参集殿は小学校の集団宿泊学習や、\n部活動の合宿にも使用される場所らしい。%K%P
依夜様いわく、参集殿は小学校の集団宿泊学習や、\n部活動の合宿にも使用される場所らしい。%K%P
%LC陽菜
%LC陽菜
「でも、この広さに一人きりというのも、\n　ちょっと寂しいですね」%K%P
「でも、この広さに一人きりというのも、\n　ちょっと寂しいですね」%K%P
%LC依夜
%LC依夜
「一人で寝かせるわけがないでしょう？\n　私も一緒に、ここで寝るわ」%K%P
「一人で寝かせるわけがないでしょう？\n　私も一緒に、ここで寝るわ」%K%P
……えっ？　依夜様も、一緒に……？%K%P
……えっ？　依夜様も、一緒に……？%K%P
慎重に慎重に入浴を済ませたあと、\n依夜様の手料理をご馳走になって。%K%P
慎重に慎重に入浴を済ませたあと、\n依夜様の手料理をご馳走になって。%K%P
夕食の片付けを手伝おうとしたけど、\n案の定、お客様だからと断られてしまって。%K%P
夕食の片付けを手伝おうとしたけど、\n案の定、お客様だからと断られてしまって。%K%P
疲れているだろうし先に休んでいてと\n依夜様に言われ、参集殿に戻ってみれば――、%K%P
疲れているだろうし先に休んでいてと\n依夜様に言われ、参集殿に戻ってみれば――、%K%P
%LC陽菜
%LC陽菜
「わ……」%K%P
「わ……」%K%P
広いスペースのほぼ真ん中に、\nぴったりとくっついて敷かれた２組の布団。%K%P
広いスペースのほぼ真ん中に、\nぴったりとくっついて敷かれた２組の布団。%K%P
女の子同士のお泊まりってことを考えたら、\nあるいは、ごくごく普通のことかもしれない。%K%P
女の子同士のお泊まりってことを考えたら、\nあるいは、ごくごく普通のことかもしれない。%K%P
けど、この距離はちょっとマズい気がする。%K%P
けど、この距離はちょっとマズい気がする。%K%P
寝る時って基本、薄着だし。無防備だし。%K%P
寝る時って基本、薄着だし。無防備だし。%K%P
もしも寝ぼけて、布団や服がはだけてしまったら。%K%P
もしも寝ぼけて、布団や服がはだけてしまったら。%K%P
オレがはだけるのもマズいけど、\n依夜様がはだけるのは、もっとマズい。%K%P
オレがはだけるのもマズいけど、\n依夜様がはだけるのは、もっとマズい。%K%P
たとえば、夜中ふと目を覚ましたら、\n隣で眠る依夜様の布団がはだけていたりとか。%K%P
たとえば、夜中ふと目を覚ましたら、\n隣で眠る依夜様の布団がはだけていたりとか。%K%P
で、寝返った拍子に服まではだけて、\nそれで、見えちゃいけないところが――、%K%P
で、寝返った拍子に服まではだけて、\nそれで、見えちゃいけないところが――、%K%P
%LC陽菜
%LC陽菜
「わっ、わっ、わわわっ……」%K%P
「わっ、わっ、わわわっ……」%K%P
膨らみかけた股間を、慌てて押さえつける。%K%P
膨らみかけた股間を、慌てて押さえつける。%K%P
こんな場所で煩悩にまみれるとか、\n今すぐ鐘を撞きたい――って、それは寺だけど。%K%P
こんな場所で煩悩にまみれるとか、\n今すぐ鐘を撞きたい――って、それは寺だけど。%K%P
ともかく、こんなところに依夜様がやってきたら、\n誤魔化すものも誤魔化せない。%K%P
ともかく、こんなところに依夜様がやってきたら、\n誤魔化すものも誤魔化せない。%K%P
依夜様はいま、お風呂に入っていて、\n入浴が終わり次第こちらにくると言っていた。%K%P
依夜様はいま、お風呂に入っていて、\n入浴が終わり次第こちらにくると言っていた。%K%P
早く息子を鎮めないと、\nここに湯上がりの依夜様が――、%K%P
早く息子を鎮めないと、\nここに湯上がりの依夜様が――、%K%P
湯上がりの、依夜様が――、%K%P
湯上がりの、依夜様が――、%K%P
%LC陽菜
%LC陽菜
「だからそういうのダメだってっ……！」%K%P
「だからそういうのダメだってっ……！」%K%P
妄想オウンゴールが見事に決まって、\n股間が俄然やる気になっちゃってるし……！%K%P
妄想オウンゴールが見事に決まって、\n股間が俄然やる気になっちゃってるし……！%K%P
くっ……。こういう煩悩を打ち払うには、\nやっぱり、アレをするしかっ……！%K%P
くっ……。こういう煩悩を打ち払うには、\nやっぱり、アレをするしかっ……！%K%P
%LC依夜
%LC依夜
「ふぅ……」%K%P
「ふぅ……」%K%P
身体を洗い、湯船につかると、自然と息が漏れた。%K%P
身体を洗い、湯船につかると、自然と息が漏れた。%K%P
今日の出来事を振り返ったとき、\n真っ先に思い出されるのは、陽菜の神楽。%K%P
今日の出来事を振り返ったとき、\n真っ先に思い出されるのは、陽菜の神楽。%K%P
神楽にはいくつも種類があって、\n今日舞った神楽は、私が一番好きなものだった。%K%P
神楽にはいくつも種類があって、\n今日舞った神楽は、私が一番好きなものだった。%K%P
そして今日、さらに好きになった。%K%P
そして今日、さらに好きになった。%K%P
%LC依夜
%LC依夜
「あんなに気持ち良かった神楽、初めてね……」%K%P
「あんなに気持ち良かった神楽、初めてね……」%K%P
手ほどきをしている段階から、予兆はあった。%K%P
手ほどきをしている段階から、予兆はあった。%K%P
最初は普通に、会話を交わして教えていた。%K%P
最初は普通に、会話を交わして教えていた。%K%P
そのうち、だんだん呼吸が重なって。%K%P
そのうち、だんだん呼吸が重なって。%K%P
身体が溶け合っていくような感覚があって。%K%P
身体が溶け合っていくような感覚があって。%K%P
やがて、私が言葉を尽くさなくても、\n陽菜が思った通りに舞うようになって。%K%P
やがて、私が言葉を尽くさなくても、\n陽菜が思った通りに舞うようになって。%K%P
手ほどきを終えたあとに伝えた称賛は、\nお世辞ではなく、偽りのない本心だった。%K%P
手ほどきを終えたあとに伝えた称賛は、\nお世辞ではなく、偽りのない本心だった。%K%P
そのあと本殿で披露した神楽は、\nそれはもう、見事なもので。%K%P
そのあと本殿で披露した神楽は、\nそれはもう、見事なもので。%K%P
陽菜と神楽を舞っている間、私は幸せだった。%K%P
陽菜と神楽を舞っている間、私は幸せだった。%K%P
%LC依夜
%LC依夜
「あれがきっと、以心伝心……ふふっ」%K%P
「あれがきっと、以心伝心……ふふっ」%K%P
思ったことを口に出す――私はそれが苦手で、\n苦手だからこそ、克服しようとして。%K%P
思ったことを口に出す――私はそれが苦手で、\n苦手だからこそ、克服しようとして。%K%P
この１週間、陽菜と過ごすときは、\nできるだけ積極的になろうと務めてきた。%K%P
この１週間、陽菜と過ごすときは、\nできるだけ積極的になろうと務めてきた。%K%P
それはそれで間違っていたとは思わないし、\nそれにより、理解しあえた部分もあると思う。%K%P
それはそれで間違っていたとは思わないし、\nそれにより、理解しあえた部分もあると思う。%K%P
だけど、陽菜となら、できるかもしれない。%K%P
だけど、陽菜となら、できるかもしれない。%K%P
心と心で、通じ合えるかも――。%K%P
心と心で、通じ合えるかも――。%K%P
湯船であれこれ考え事をしていたら、\nいつも以上に長湯になってしまった。%K%P
湯船であれこれ考え事をしていたら、\nいつも以上に長湯になってしまった。%K%P
%LC依夜
%LC依夜
「ごめんなさい、待たせてしまって」%K%P
「ごめんなさい、待たせてしまって」%K%P
そっと戸を開けた次の瞬間、\n私はその場に立ち尽くした。%K%P
そっと戸を開けた次の瞬間、\n私はその場に立ち尽くした。%K%P
――寝てる。%K%P
――寝てる。%K%P
それも、かなりぐっすりと。%K%P
それも、かなりぐっすりと。%K%P
%LC依夜
%LC依夜
「……可愛い」%K%P
「……可愛い」%K%P
だらしない……と言ったら失礼だけど、\n彼女の寝顔を見た率直な感想が、可愛い、だった。%K%P
だらしない……と言ったら失礼だけど、\n彼女の寝顔を見た率直な感想が、可愛い、だった。%K%P
あまりに無防備で、とても愛らしい。%K%P
あまりに無防備で、とても愛らしい。%K%P
%LC依夜
%LC依夜
「疲れて寝てしまったのね……」%K%P
「疲れて寝てしまったのね……」%K%P
堂々とした舞を披露したといっても、\n初めての巫女で、気疲れしていただろうし。%K%P
堂々とした舞を披露したといっても、\n初めての巫女で、気疲れしていただろうし。%K%P
あるいは私のように、お泊まり会を翌日に控え、\n緊張して夕べは余り眠れなかったのかも――、%K%P
あるいは私のように、お泊まり会を翌日に控え、\n緊張して夕べは余り眠れなかったのかも――、%K%P
って、それはさすがに恥ずかしいから、\n陽菜にも言わずに黙っていたことなのだけど。%K%P
って、それはさすがに恥ずかしいから、\n陽菜にも言わずに黙っていたことなのだけど。%K%P
%LC依夜
%LC依夜
「……寝顔、本当に可愛い」%K%P
「……寝顔、本当に可愛い」%K%P
陽菜との出会いは、テアトル――、\n私は彼女と、{騎士:ワルキュリア}として対峙した。%K%P
陽菜との出会いは、テアトル――、\n私は彼女と、{騎士:ワルキュリア}として対峙した。%K%P
最初こそ少し戸惑っていた様子の陽菜も、\nいざ{舞闘:カデンツァ}が始まれば、とても勇ましくて。%K%P
最初こそ少し戸惑っていた様子の陽菜も、\nいざ{舞闘:カデンツァ}が始まれば、とても勇ましくて。%K%P
だから、私の陽菜の第一印象は――格好いい、だった。%K%P
だから、私の陽菜の第一印象は――格好いい、だった。%K%P
そんな格好いい女の子の、\n無防備な寝顔を見られるだなんて。%K%P
そんな格好いい女の子の、\n無防備な寝顔を見られるだなんて。%K%P
%LC依夜
%LC依夜
「……今日はありがとう、陽菜」%K%P
「……今日はありがとう、陽菜」%K%P
起こさないようにそっと声をかけ、\n少し乱れていた布団をかけ直す、と。%K%P
起こさないようにそっと声をかけ、\n少し乱れていた布団をかけ直す、と。%K%P
%LC陽菜
%LC陽菜
「んぅ……」%K%P
「んぅ……」%K%P
ぴょこん。%K%P
ぴょこん。%K%P
%LC依夜
%LC依夜
「……え？」%K%P
「……え？」%K%P
陽菜が少し身じろぐと、\n股間あたりが、もこっと膨らんだ。%K%P
陽菜が少し身じろぐと、\n股間あたりが、もこっと膨らんだ。%K%P
これって――、%K%P
これって――、%K%P
%LC依夜
%LC依夜
「……」%K%P
「……」%K%P
陽菜を揺り起こそうとして、思いとどまる。%K%P
陽菜を揺り起こそうとして、思いとどまる。%K%P
まさか、とは思う。%K%P
まさか、とは思う。%K%P
けれど、万が一、ということもあるし。%K%P
けれど、万が一、ということもあるし。%K%P
何事もなければ、それはそれ。%K%P
何事もなければ、それはそれ。%K%P
でも、見てしまった以上、確かめないと。%K%P
でも、見てしまった以上、確かめないと。%K%P
%LC依夜
%LC依夜
「すぅ……はぁ……」%K%P
「すぅ……はぁ……」%K%P
自らを落ち着かせるために深呼吸して、\nそれから、陽菜の布団に手をかけて。%K%P
自らを落ち着かせるために深呼吸して、\nそれから、陽菜の布団に手をかけて。%K%P
せーのっ……！%K%P
せーのっ……！%K%P
%LC依夜
%LC依夜
「ほっ……。なんだ、クラージュ……」%K%P
「ほっ……。なんだ、クラージュ……」%K%P
布団をめくると、\nそこにあったのはクラージュだった。%K%P
布団をめくると、\nそこにあったのはクラージュだった。%K%P
おそらく、寝る前に素振りなどをしていて、\n手にしたまま眠ってしまったんだろう。%K%P
おそらく、寝る前に素振りなどをしていて、\n手にしたまま眠ってしまったんだろう。%K%P
私も幼い頃は竹刀を抱いて寝ていたし、\nなにかを抱いて寝る癖は、未だに抜けていない。%K%P
私も幼い頃は竹刀を抱いて寝ていたし、\nなにかを抱いて寝る癖は、未だに抜けていない。%K%P
ともかく、誤作動したら危ないし、\nこのクラージュは回収しておかないと。%K%P
ともかく、誤作動したら危ないし、\nこのクラージュは回収しておかないと。%K%P
%LC依夜
%LC依夜
「ごめんなさい、陽菜」%K%P
「ごめんなさい、陽菜」%K%P
そっと声を掛けつつ、\n彼女のクラージュを抜き取ろうとする、けど。%K%P
そっと声を掛けつつ、\n彼女のクラージュを抜き取ろうとする、けど。%K%P
ぎゅっと握っているのか、なかなか抜けない。%K%P
ぎゅっと握っているのか、なかなか抜けない。%K%P
%LC陽菜
%LC陽菜
「んぅ……だめ、とっちゃ、やだ……」%K%P
「んぅ……だめ、とっちゃ、やだ……」%K%P
%LC依夜
%LC依夜
「わっ……」%K%P
「わっ……」%K%P
ぽつりと漏れた寝言に、\n不覚にもきゅんときてしまう。%K%P
ぽつりと漏れた寝言に、\n不覚にもきゅんときてしまう。%K%P
どうしよう、可愛い。陽菜、すごく可愛い。%K%P
どうしよう、可愛い。陽菜、すごく可愛い。%K%P
こんなに可愛い陽菜が大切に握っているのに、\nそれを抜き取るなんて……私には無理。%K%P
こんなに可愛い陽菜が大切に握っているのに、\nそれを抜き取るなんて……私には無理。%K%P
……仕方ない。クラージュはこのままにして、\n布団を直して――、%K%P
……仕方ない。クラージュはこのままにして、\n布団を直して――、%K%P
%LC依夜
%LC依夜
「ん……」%K%P
「ん……」%K%P
これはこれで目のやり場に困るというか、\n妙な気持ちになってしまうのだけど。%K%P
これはこれで目のやり場に困るというか、\n妙な気持ちになってしまうのだけど。%K%P
でも、あの膨らみはクラージュなのだから、\nなんの問題はない。うん。%K%P
でも、あの膨らみはクラージュなのだから、\nなんの問題はない。うん。%K%P
%LC依夜
%LC依夜
「寝る前に少し、\n　あなたと話をしたかったのだけど……」%K%P
「寝る前に少し、\n　あなたと話をしたかったのだけど……」%K%P
でも、可愛い寝顔が見れたから、よしとして。%K%P
でも、可愛い寝顔が見れたから、よしとして。%K%P
今夜はきっと、良い夢が見られそう。%K%P
今夜はきっと、良い夢が見られそう。%K%P
以心伝心――願わくば、夢で会えますように。%K%P
以心伝心――願わくば、夢で会えますように。%K%P
