%LC陽菜
%LC陽菜
「せっかくなら、梨理ちゃんと――」%K%P
「せっかくなら、梨理ちゃんと――」%K%P
最初に接して以来、いつでもどこでも、\nオレをずっと『センセ』って呼び続ける彼女。%K%P
最初に接して以来、いつでもどこでも、\nオレをずっと『センセ』って呼び続ける彼女。%K%P
授業態度や練習風景から、\nストイックな子だってことはわかる。%K%P
授業態度や練習風景から、\nストイックな子だってことはわかる。%K%P
でも、その他のことに関しては、\nまだまだ知らないことが多い。%K%P
でも、その他のことに関しては、\nまだまだ知らないことが多い。%K%P
淑やかなお嬢様が多い学園内にあって、\nいかにも普通というか、いまどきというか。%K%P
淑やかなお嬢様が多い学園内にあって、\nいかにも普通というか、いまどきというか。%K%P
それはきっと、姉である美実様の影響が\n大きいんだろうと思うけど――、%K%P
それはきっと、姉である美実様の影響が\n大きいんだろうと思うけど――、%K%P
%LC陽菜
%LC陽菜
「あっ、そっか……。\n　美実様がいるんだっけ……」%K%P
「あっ、そっか……。\n　美実様がいるんだっけ……」%K%P
オレが梨理ちゃんとエンゲージを希望しても、\n彼女が美実様を選んでしまえばそれまでだ。%K%P
オレが梨理ちゃんとエンゲージを希望しても、\n彼女が美実様を選んでしまえばそれまでだ。%K%P
けど、彼女のことが気になっているのは事実で、\nそれをそのままにして、他の子は選びたくない。%K%P
けど、彼女のことが気になっているのは事実で、\nそれをそのままにして、他の子は選びたくない。%K%P
なら、とりあえず出来ることをするしかない。%K%P
なら、とりあえず出来ることをするしかない。%K%P
彼女に会って、話してみよう。%K%P
彼女に会って、話してみよう。%K%P
そうして、１年の教室がある廊下へ。%K%P
そうして、１年の教室がある廊下へ。%K%P
すでに食堂へ向かった子も多いようで、\n廊下も教室も、人影はまばらだった。%K%P
すでに食堂へ向かった子も多いようで、\n廊下も教室も、人影はまばらだった。%K%P
えっと、梨理ちゃんのクラスは――、%K%P
えっと、梨理ちゃんのクラスは――、%K%P
%LC女学生
%LC女学生
「あっ、陽菜先生だっ。\n　どうしたんですか？　こんなところで」%K%P
「あっ、陽菜先生だっ。\n　どうしたんですか？　こんなところで」%K%P
梨理ちゃんの教室を覗こうとしたところで、\n中から出てきた子と鉢合わせる。%K%P
梨理ちゃんの教室を覗こうとしたところで、\n中から出てきた子と鉢合わせる。%K%P
彼女の肩越しに見えた教室内に、\n梨理ちゃんの姿はないようだった。%K%P
彼女の肩越しに見えた教室内に、\n梨理ちゃんの姿はないようだった。%K%P
%LC陽菜
%LC陽菜
「ごきげんよう。\n　梨理ちゃんに用があったんだけど」%K%P
「ごきげんよう。\n　梨理ちゃんに用があったんだけど」%K%P
%LC女学生
%LC女学生
「梨理ならたぶん、トレーニングルームです。\n　フィエルテとか入ってるバッグ持ってったし」%K%P
「梨理ならたぶん、トレーニングルームです。\n　フィエルテとか入ってるバッグ持ってったし」%K%P
%LC陽菜
%LC陽菜
「そっか……。ありがとう、教えてくれて」%K%P
「そっか……。ありがとう、教えてくれて」%K%P
%LC女学生
%LC女学生
「いえいえ。私、彼女のお隣さんなんで。\n　お役に立てたのなら幸いです」%K%P
「いえいえ。私、彼女のお隣さんなんで。\n　お役に立てたのなら幸いです」%K%P
そう言って、女の子はぺこっと頭を下げる。%K%P
そう言って、女の子はぺこっと頭を下げる。%K%P
{騎士道:シュバルリィ}の実技授業では大抵一人だし、\n普段も一人で過ごしてるのかと思っていたけど。%K%P
{騎士道:シュバルリィ}の実技授業では大抵一人だし、\n普段も一人で過ごしてるのかと思っていたけど。%K%P
どうやら、そんなことはないみたいだ。%K%P
どうやら、そんなことはないみたいだ。%K%P
%LC女学生
%LC女学生
「あの、ひょっとして陽菜先生、\n　梨理とエンゲージする気ですか？」%K%P
「あの、ひょっとして陽菜先生、\n　梨理とエンゲージする気ですか？」%K%P
%LC陽菜
%LC陽菜
「それはまだわからないけどね。\n　みんなの都合や気持ちだってあるし」%K%P
「それはまだわからないけどね。\n　みんなの都合や気持ちだってあるし」%K%P
%LC陽菜
%LC陽菜
「ただ、梨理ちゃんのことが気になったから。\n　それで、話をしたいなって」%K%P
「ただ、梨理ちゃんのことが気になったから。\n　それで、話をしたいなって」%K%P
%LC女学生
%LC女学生
「梨理、無愛想だけどいい子なんで。\n　ぜひ、お嫁さん候補にお願いします」%K%P
「梨理、無愛想だけどいい子なんで。\n　ぜひ、お嫁さん候補にお願いします」%K%P
%LC陽菜
%LC陽菜
「お嫁さんって」%K%P
「お嫁さんって」%K%P
%LC女学生
%LC女学生
「でも、エンゲージって言ったら、\n　そんな感じしませんか？　ふふっ」%K%P
「でも、エンゲージって言ったら、\n　そんな感じしませんか？　ふふっ」%K%P
%LC女学生
%LC女学生
「じゃ、私はお昼を食べに行くので。\n　ごきげんよう、先生っ」%K%P
「じゃ、私はお昼を食べに行くので。\n　ごきげんよう、先生っ」%K%P
%LC陽菜
%LC陽菜
「うん。ごきげんよう」%K%P
「うん。ごきげんよう」%K%P
けして走らず、けれど跳ねるように、\nその子は食堂へと向かっていった。%K%P
けして走らず、けれど跳ねるように、\nその子は食堂へと向かっていった。%K%P
オレのことを先生って呼ぶ子は少ないけど、\n彼女の場合、梨理ちゃんの影響だったりするのかも。%K%P
オレのことを先生って呼ぶ子は少ないけど、\n彼女の場合、梨理ちゃんの影響だったりするのかも。%K%P
トレーニングルームに行ってみると、\n教わった通り、梨理ちゃんの姿があった。%K%P
トレーニングルームに行ってみると、\n教わった通り、梨理ちゃんの姿があった。%K%P
広い空間には彼女の姿しかなくて、\n自然と、前に見た朝練の光景を思い出す。%K%P
広い空間には彼女の姿しかなくて、\n自然と、前に見た朝練の光景を思い出す。%K%P
一人黙々と練習に打ち込む――その姿には、\nやはりどこか、鬼気迫るものがあって。%K%P
一人黙々と練習に打ち込む――その姿には、\nやはりどこか、鬼気迫るものがあって。%K%P
声を掛けるのを躊躇うだけでなく、\n思わず気配を潜め、その姿を見守ってしまった。%K%P
声を掛けるのを躊躇うだけでなく、\n思わず気配を潜め、その姿を見守ってしまった。%K%P
%LC陽菜
%LC陽菜
「……すごい……」%K%P
「……すごい……」%K%P
トレーニングルームにやってきて、\nたぶん、３０分ぐらい。%K%P
トレーニングルームにやってきて、\nたぶん、３０分ぐらい。%K%P
その間、梨理ちゃんは休むことなく、\nステップを踏み、クラージュを振り続けた。%K%P
その間、梨理ちゃんは休むことなく、\nステップを踏み、クラージュを振り続けた。%K%P
最初こそ見つからないよう気配を潜めていたけど、\n途中からは、それもやめてしまった。%K%P
最初こそ見つからないよう気配を潜めていたけど、\n途中からは、それもやめてしまった。%K%P
わざわざそんなことをしなくても、\n彼女がオレに気付くことはないとわかったからだ。%K%P
わざわざそんなことをしなくても、\n彼女がオレに気付くことはないとわかったからだ。%K%P
本当に、凄まじいまでの集中力――、%K%P
本当に、凄まじいまでの集中力――、%K%P
%LC陽菜
%LC陽菜
「前に朝練で見たときは、\n　ここまでじゃなかったと思うんだけど……」%K%P
「前に朝練で見たときは、\n　ここまでじゃなかったと思うんだけど……」%K%P
%LC美実
%LC美実
「そりゃ、あのときはまだ、\n　トーナメント出場が決まる前だったしね」%K%P
「そりゃ、あのときはまだ、\n　トーナメント出場が決まる前だったしね」%K%P
%LC美実
%LC美実
「いよいよ目標が手の届くところにやってきて、\n　気合いが入ってるんだと思うよ」%K%P
「いよいよ目標が手の届くところにやってきて、\n　気合いが入ってるんだと思うよ」%K%P
%LC陽菜
%LC陽菜
「なるほど、目標――」%K%P
「なるほど、目標――」%K%P
……って、え？%K%P
……って、え？%K%P
%LC陽菜
%LC陽菜
「みっ、美実様っ……！？」%K%P
「みっ、美実様っ……！？」%K%P
%LC美実
%LC美実
「しー」%K%P
「しー」%K%P
%LC陽菜
%LC陽菜
「あっ……」%K%P
「あっ……」%K%P
ぴっと立てた人差し指を唇にあて、\nお静かに、というジェスチャーをする美実様。%K%P
ぴっと立てた人差し指を唇にあて、\nお静かに、というジェスチャーをする美実様。%K%P
恐る恐る梨理ちゃんを確認したけど、\n彼女がこちらに気付いた様子はなかった。%K%P
恐る恐る梨理ちゃんを確認したけど、\n彼女がこちらに気付いた様子はなかった。%K%P
%LC陽菜
%LC陽菜
「はぁ、びっくりした……。\n　いったい、いつのまに……」%K%P
「はぁ、びっくりした……。\n　いったい、いつのまに……」%K%P
%LC美実
%LC美実
「けっこう前からいたよ？\n　陽菜ちゃん、気付いてなかった？」%K%P
「けっこう前からいたよ？\n　陽菜ちゃん、気付いてなかった？」%K%P
%LC陽菜
%LC陽菜
「ちっとも……」%K%P
「ちっとも……」%K%P
%LC美実
%LC美実
「ふふっ。ま、無理もないか。\n　陽菜ちゃん、やたら真剣に見入ってたし」%K%P
「ふふっ。ま、無理もないか。\n　陽菜ちゃん、やたら真剣に見入ってたし」%K%P
%LC陽菜
%LC陽菜
「ん……」%K%P
「ん……」%K%P
美実様の指摘に、少し照れくさくなる。%K%P
美実様の指摘に、少し照れくさくなる。%K%P
実際、オレはずっと梨理ちゃんだけを見ていて、\nまわりのことなんて、まるで気にしてなかった。%K%P
実際、オレはずっと梨理ちゃんだけを見ていて、\nまわりのことなんて、まるで気にしてなかった。%K%P
こういうのも、ミイラ取りがミイラになるって\n言うんだろうか。%K%P
こういうのも、ミイラ取りがミイラになるって\n言うんだろうか。%K%P
%LC美実
%LC美実
「ひょっとして陽菜ちゃん、\n　うちの妹とエンゲージしたいとか？」%K%P
「ひょっとして陽菜ちゃん、\n　うちの妹とエンゲージしたいとか？」%K%P
%LC陽菜
%LC陽菜
「それは……まだ、わかりません。\n　ただ、梨理ちゃんに興味があって」%K%P
「それは……まだ、わかりません。\n　ただ、梨理ちゃんに興味があって」%K%P
%LC美実
%LC美実
「おっ、素直だ」%K%P
「おっ、素直だ」%K%P
%LC陽菜
%LC陽菜
「変に誤魔化すと、本当にエンゲージしたとき、\n　絶対にからかってくるじゃないですか」%K%P
「変に誤魔化すと、本当にエンゲージしたとき、\n　絶対にからかってくるじゃないですか」%K%P
%LC美実
%LC美実
「ふふっ、よくわかってらっしゃる」%K%P
「ふふっ、よくわかってらっしゃる」%K%P
%LC陽菜
%LC陽菜
「もう……」%K%P
「もう……」%K%P
%LC美実
%LC美実
「ちなみに、なんで興味をもったの？\n　可愛いから？　それとも、強いから？」%K%P
「ちなみに、なんで興味をもったの？\n　可愛いから？　それとも、強いから？」%K%P
%LC陽菜
%LC陽菜
「それは……」%K%P
「それは……」%K%P
確かに梨理ちゃんは可憐だし、強さも申し分ない。%K%P
確かに梨理ちゃんは可憐だし、強さも申し分ない。%K%P
けど、どこに興味をもったかと問われたら、\nたぶん、そのどちらでもなくて。%K%P
けど、どこに興味をもったかと問われたら、\nたぶん、そのどちらでもなくて。%K%P
いまもそうであるように、\nストイックに練習に打ち込む姿――。%K%P
いまもそうであるように、\nストイックに練習に打ち込む姿――。%K%P
オレは、その姿に惹かれたのだと思う。%K%P
オレは、その姿に惹かれたのだと思う。%K%P
それを、一言で表すとするのなら。%K%P
それを、一言で表すとするのなら。%K%P
%LC陽菜
%LC陽菜
「……懸命で、ひたむきなところに」%K%P
「……懸命で、ひたむきなところに」%K%P
%LC美実
%LC美実
「なるほど……。そっかそっか、\n　陽菜ちゃん、ちゃんと見てくれてるんだ」%K%P
「なるほど……。そっかそっか、\n　陽菜ちゃん、ちゃんと見てくれてるんだ」%K%P
%LC陽菜
%LC陽菜
「ん……」%K%P
「ん……」%K%P
嬉しそうに微笑んだ美実様に、\nちょっと照れくさくなってしまう。%K%P
嬉しそうに微笑んだ美実様に、\nちょっと照れくさくなってしまう。%K%P
%LC陽菜
%LC陽菜
「そういう美実様は……やっぱり、\n　梨理ちゃんとエンゲージしたいんですか？」%K%P
「そういう美実様は……やっぱり、\n　梨理ちゃんとエンゲージしたいんですか？」%K%P
%LC美実
%LC美実
「あー、よくないよー？　そういう決めつけ」%K%P
「あー、よくないよー？　そういう決めつけ」%K%P
%LC美実
%LC美実
「別に、姉妹だからエンゲージするとか、\n　そういう決まりがあるわけじゃないでしょ？」%K%P
「別に、姉妹だからエンゲージするとか、\n　そういう決まりがあるわけじゃないでしょ？」%K%P
%LC陽菜
%LC陽菜
「それは……そうですね、ごめんなさい」%K%P
「それは……そうですね、ごめんなさい」%K%P
美実様は同学年の依夜様だけでなく、\n同じ部のクレール様や杏奈ちゃんとも仲が良い。%K%P
美実様は同学年の依夜様だけでなく、\n同じ部のクレール様や杏奈ちゃんとも仲が良い。%K%P
交友関係って点で考えたら、彼女が一番、\n誰とエンゲージをしてもおかしくないだろう。%K%P
交友関係って点で考えたら、彼女が一番、\n誰とエンゲージをしてもおかしくないだろう。%K%P
%LC陽菜
%LC陽菜
「すみませんでした。姉妹って先入観で、つい」%K%P
「すみませんでした。姉妹って先入観で、つい」%K%P
%LC美実
%LC美実
「もう、何度も謝っちゃって真面目なんだから。\n　陽菜ちゃんって案外、梨理と似てるかもね」%K%P
「もう、何度も謝っちゃって真面目なんだから。\n　陽菜ちゃんって案外、梨理と似てるかもね」%K%P
%LC陽菜
%LC陽菜
「へっ……？　似てる？　私が？」%K%P
「へっ……？　似てる？　私が？」%K%P
%LC美実
%LC美実
「そっ。あの子も根が真面目だから。\n　あの様子見てたら、わかるでしょ？」%K%P
「そっ。あの子も根が真面目だから。\n　あの様子見てたら、わかるでしょ？」%K%P
%LC陽菜
%LC陽菜
「それは……」%K%P
「それは……」%K%P
こうして美実様と会話していても、\n梨理ちゃんがこちらに気付く気配はない。%K%P
こうして美実様と会話していても、\n梨理ちゃんがこちらに気付く気配はない。%K%P
さっきと変わらず、一人、黙々とトレーニング。%K%P
さっきと変わらず、一人、黙々とトレーニング。%K%P
まるで、彼女とオレたちの間に、\n見えない壁でもあるみたいな集中力だ。%K%P
まるで、彼女とオレたちの間に、\n見えない壁でもあるみたいな集中力だ。%K%P
%LC陽菜
%LC陽菜
「あの……梨理ちゃんって練習のとき、\n　いつもあんな感じなんですか？」%K%P
「あの……梨理ちゃんって練習のとき、\n　いつもあんな感じなんですか？」%K%P
%LC美実
%LC美実
「あー、うん。あそこまで集中してるのは、\n　滅多にないとは思うけどね」%K%P
「あー、うん。あそこまで集中してるのは、\n　滅多にないとは思うけどね」%K%P
%LC美実
%LC美実
「でもま、今日ばっかりはしょうがないかも。\n　なんたって学年代表に選ばれたわけだし」%K%P
「でもま、今日ばっかりはしょうがないかも。\n　なんたって学年代表に選ばれたわけだし」%K%P
%LC美実
%LC美実
「あの子が{銀蘭:ここ}に入った理由って、\n　{最優秀騎士:ブリランテ}になるため、みたいなとこあって」%K%P
「あの子が{銀蘭:ここ}に入った理由って、\n　{最優秀騎士:ブリランテ}になるため、みたいなとこあって」%K%P
%LC美実
%LC美実
「それがいよいよ手の届くところまで来たからね。\n　気合いが入っちゃうのも無理ないと思う」%K%P
「それがいよいよ手の届くところまで来たからね。\n　気合いが入っちゃうのも無理ないと思う」%K%P
%LC美実
%LC美実
「おまけに、今年は普通の{舞闘:カデンツァ}じゃなく、\n　二人一組で戦うペアマッチ形式になったでしょ？」%K%P
「おまけに、今年は普通の{舞闘:カデンツァ}じゃなく、\n　二人一組で戦うペアマッチ形式になったでしょ？」%K%P
%LC美実
%LC美実
「ああいうの、あの子にとっちゃ初めてだし」%K%P
「ああいうの、あの子にとっちゃ初めてだし」%K%P
%LC陽菜
%LC陽菜
「初めてって……{連弾:デュオ}{舞闘:カデンツァ}自体、\n　今回が初めての試みですよね？」%K%P
「初めてって……{連弾:デュオ}{舞闘:カデンツァ}自体、\n　今回が初めての試みですよね？」%K%P
%LC美実
%LC美実
「ああ、うん。それはそう。\n　私が言いたかったのは、チーム競技がってこと」%K%P
「ああ、うん。それはそう。\n　私が言いたかったのは、チーム競技がってこと」%K%P
%LC美実
%LC美実
「剣道もフェンシングも{舞闘:カデンツァ}も、\n　基本、１対１で行うものでしょ？」%K%P
「剣道もフェンシングも{舞闘:カデンツァ}も、\n　基本、１対１で行うものでしょ？」%K%P
%LC美実
%LC美実
「けど、{連弾:デュオ}{舞闘:カデンツァ}は２対２。\n　イヤでも誰かとペアを組まないといけないわけ」%K%P
「けど、{連弾:デュオ}{舞闘:カデンツァ}は２対２。\n　イヤでも誰かとペアを組まないといけないわけ」%K%P
%LC陽菜
%LC陽菜
「イヤでもって……」%K%P
「イヤでもって……」%K%P
%LC美実
%LC美実
「あっ、私はそんなこと思ってないよ？\n　テスト{舞闘:カデンツァ}も楽しかったし」%K%P
「あっ、私はそんなこと思ってないよ？\n　テスト{舞闘:カデンツァ}も楽しかったし」%K%P
%LC美実
%LC美実
「そもそも、バレーとかバスケとか、\n　そういうチーム競技も好きなほうだしね」%K%P
「そもそも、バレーとかバスケとか、\n　そういうチーム競技も好きなほうだしね」%K%P
%LC美実
%LC美実
「でも、梨理はそういうの、\n　あんま好きじゃないから」%K%P
「でも、梨理はそういうの、\n　あんま好きじゃないから」%K%P
%LC陽菜
%LC陽菜
「それって、団体競技がってことですか？」%K%P
「それって、団体競技がってことですか？」%K%P
%LC美実
%LC美実
「まあ、うん。ざっくり言うと、そんな感じ」%K%P
「まあ、うん。ざっくり言うと、そんな感じ」%K%P
%LC美実
%LC美実
「陽菜ちゃん、授業中のあの子、見てきたでしょ？\n　だったら想像つくと思うんだけど――」%K%P
「陽菜ちゃん、授業中のあの子、見てきたでしょ？\n　だったら想像つくと思うんだけど――」%K%P
%LC美実
%LC美実
「梨理って、みんなとわいわいやるより、\n　一人で黙々ってタイプになっちゃったから」%K%P
「梨理って、みんなとわいわいやるより、\n　一人で黙々ってタイプになっちゃったから」%K%P
確かに、朝練も{騎士道:シュバルリィ}の授業中も、\n梨理ちゃんは基本、一人でトレーニングしていた。%K%P
確かに、朝練も{騎士道:シュバルリィ}の授業中も、\n梨理ちゃんは基本、一人でトレーニングしていた。%K%P
……って、ん？　『なっちゃった』？%K%P
……って、ん？　『なっちゃった』？%K%P
%LC陽菜
%LC陽菜
「いまの美実様の言い方だと、梨理ちゃんって、\n　昔はそうじゃなかったんですか？」%K%P
「いまの美実様の言い方だと、梨理ちゃんって、\n　昔はそうじゃなかったんですか？」%K%P
%LC美実
%LC美実
「あー、まぁ……そのへんは色々ね。\n　いまはまだ、陽菜ちゃんには教えられないかな」%K%P
「あー、まぁ……そのへんは色々ね。\n　いまはまだ、陽菜ちゃんには教えられないかな」%K%P
%LC美実
%LC美実
「私が余計なことを言った結果、\n　未来が変わっちゃうかもしれないしね」%K%P
「私が余計なことを言った結果、\n　未来が変わっちゃうかもしれないしね」%K%P
なんて、冗談めかして笑う美実様。%K%P
なんて、冗談めかして笑う美実様。%K%P
けど、知識や情報によって、\n選択――未来が変わってしまうことはあり得る。%K%P
けど、知識や情報によって、\n選択――未来が変わってしまうことはあり得る。%K%P
例えば、オレがニナさんと初めて会ったとき、\n彼女がオレを女装させるつもりだと知っていたら、\nオレは彼女の車には乗らなかっただろう。%K%P
例えば、オレがニナさんと初めて会ったとき、\n彼女がオレを女装させるつもりだと知っていたら、\nオレは彼女の車には乗らなかっただろう。%K%P
その場合、オレはいま、ここにいない。%K%P
その場合、オレはいま、ここにいない。%K%P
実際、ニナさんもそれがわかっていたから、\n外堀を埋めてから、オレを女装させたわけで――、%K%P
実際、ニナさんもそれがわかっていたから、\n外堀を埋めてから、オレを女装させたわけで――、%K%P
……うん。やっぱニナさん、油断ならない。%K%P
……うん。やっぱニナさん、油断ならない。%K%P
%LC美実
%LC美実
「ともかく、梨理はそういう子だから。\n　本番までは人一倍練習しちゃうんじゃないかな」%K%P
「ともかく、梨理はそういう子だから。\n　本番までは人一倍練習しちゃうんじゃないかな」%K%P
%LC美実
%LC美実
「自分が足を引っ張って負けた、みたいな展開は、\n　あの子にとって一番避けたい結末だろうし」%K%P
「自分が足を引っ張って負けた、みたいな展開は、\n　あの子にとって一番避けたい結末だろうし」%K%P
%LC陽菜
%LC陽菜
「ん……」%K%P
「ん……」%K%P
本来の{舞闘:カデンツァ}――個人競技では、\n勝つも負けるも、各々の実力次第だ。%K%P
本来の{舞闘:カデンツァ}――個人競技では、\n勝つも負けるも、各々の実力次第だ。%K%P
けど、団体競技はそうじゃない。%K%P
けど、団体競技はそうじゃない。%K%P
どれほど自分が獅子奮迅の活躍をしても、\n味方のミスであっさり負けてしまうこともある。%K%P
どれほど自分が獅子奮迅の活躍をしても、\n味方のミスであっさり負けてしまうこともある。%K%P
%LC美実
%LC美実
「で、陽菜ちゃん。ちょっと提案なんだけど。\n　明日、一緒に私たちとお出かけしない？」%K%P
「で、陽菜ちゃん。ちょっと提案なんだけど。\n　明日、一緒に私たちとお出かけしない？」%K%P
%LC陽菜
%LC陽菜
「お出かけ？　私たちと？」%K%P
「お出かけ？　私たちと？」%K%P
%LC美実
%LC美実
「そっ。さっきも言ったように、\n　この先、梨理は根詰めちゃうと思うんだよね」%K%P
「そっ。さっきも言ったように、\n　この先、梨理は根詰めちゃうと思うんだよね」%K%P
%LC美実
%LC美実
「だから、そうなる前に息抜きっていうか、\n　買い物にでも行こうと思って」%K%P
「だから、そうなる前に息抜きっていうか、\n　買い物にでも行こうと思って」%K%P
%LC美実
%LC美実
「今日ここに来たのも、梨理にそれを提案して、\n　丸め込んでやろうと思ってたってわけ」%K%P
「今日ここに来たのも、梨理にそれを提案して、\n　丸め込んでやろうと思ってたってわけ」%K%P
%LC陽菜
%LC陽菜
「丸め込むって……」%K%P
「丸め込むって……」%K%P
%LC美実
%LC美実
「ふふっ、まあ、そこは置いといて。\n　どう？　陽菜ちゃんも一緒にお買い物」%K%P
「ふふっ、まあ、そこは置いといて。\n　どう？　陽菜ちゃんも一緒にお買い物」%K%P
%LC陽菜
%LC陽菜
「お買い物……」%K%P
「お買い物……」%K%P
その単語で脳裏に思い浮かべたのは、\n昔、よく出掛けていたショッピングモールだった。%K%P
その単語で脳裏に思い浮かべたのは、\n昔、よく出掛けていたショッピングモールだった。%K%P
そういえば日本に帰ってきてから今日まで、\nオレは一度も学園の外に出掛けていない。%K%P
そういえば日本に帰ってきてから今日まで、\nオレは一度も学園の外に出掛けていない。%K%P
それは、ニナさんのおかげで買い物に行かなくても\n何不自由なく暮らせていることの証明でもあった。%K%P
それは、ニナさんのおかげで買い物に行かなくても\n何不自由なく暮らせていることの証明でもあった。%K%P
けど、買い物か……。ちょっと楽しそう。%K%P
けど、買い物か……。ちょっと楽しそう。%K%P
%LC陽菜
%LC陽菜
「ちなみに、なにを買いに行くんですか？」%K%P
「ちなみに、なにを買いに行くんですか？」%K%P
%LC美実
%LC美実
「そりゃ、やっぱ下着っしょ」%K%P
「そりゃ、やっぱ下着っしょ」%K%P
%LC陽菜
%LC陽菜
「え゛」%K%P
「え゛」%K%P
%LC美実
%LC美実
「私たち、これから大きな勝負するわけだし。\n　となったら、勝負下着、欲しくない？」%K%P
「私たち、これから大きな勝負するわけだし。\n　となったら、勝負下着、欲しくない？」%K%P
%LC陽菜
%LC陽菜
「い、いえ、私は、そういうのは……」%K%P
「い、いえ、私は、そういうのは……」%K%P
%LC美実
%LC美実
「陽菜ちゃんって験担ぎとかジンクスとか、\n　そういうの気にしないタイプ？」%K%P
「陽菜ちゃんって験担ぎとかジンクスとか、\n　そういうの気にしないタイプ？」%K%P
%LC陽菜
%LC陽菜
「そういうわけじゃないですけど」%K%P
「そういうわけじゃないですけど」%K%P
脳裏に甦る、いつぞやの部室で\n制服を脱がされかけたアクシデント。%K%P
脳裏に甦る、いつぞやの部室で\n制服を脱がされかけたアクシデント。%K%P
もしあのとき、つーちゃんが来てくれなければ、\nオレは文字通り丸裸にされていたかもしれない。%K%P
もしあのとき、つーちゃんが来てくれなければ、\nオレは文字通り丸裸にされていたかもしれない。%K%P
そもそも男のオレからすれば、\n下着ショップなんて異世界同然なわけで――、%K%P
そもそも男のオレからすれば、\n下着ショップなんて異世界同然なわけで――、%K%P
%LC美実
%LC美実
「おーい、梨理ぃーっ！　りぃーりぃー！」%K%P
「おーい、梨理ぃーっ！　りぃーりぃー！」%K%P
%LC陽菜
%LC陽菜
「えっ……ええっ？！　買い物の話はっ……！？」%K%P
「えっ……ええっ？！　買い物の話はっ……！？」%K%P
%LC美実
%LC美実
「あれはひとまずぶん投げ。\n　大丈夫、後でちゃんと戻ってくるし」%K%P
「あれはひとまずぶん投げ。\n　大丈夫、後でちゃんと戻ってくるし」%K%P
そう言った美実様の呼びかけに、\nさすがの梨理ちゃんも、こちらの存在に気付いて。%K%P
そう言った美実様の呼びかけに、\nさすがの梨理ちゃんも、こちらの存在に気付いて。%K%P
タオルを手にとり、汗を拭いたあと、\n彼女はすぐさまこちらに寄ってきた。%K%P
タオルを手にとり、汗を拭いたあと、\n彼女はすぐさまこちらに寄ってきた。%K%P
%LC陽菜
%LC陽菜
「ごっ、ごきげんよう、梨理ちゃん」%K%P
「ごっ、ごきげんよう、梨理ちゃん」%K%P
%LC梨理
%LC梨理
「どうも、センセ」%K%P
「どうも、センセ」%K%P
%LC梨理
%LC梨理
「で？　お姉ちゃん、\n　なんでセンセと一緒にいるの？」%K%P
「で？　お姉ちゃん、\n　なんでセンセと一緒にいるの？」%K%P
%LC美実
%LC美実
「なになに？　ヤキモチ？」%K%P
「なになに？　ヤキモチ？」%K%P
%LC梨理
%LC梨理
「するわけないでしょ。\n　私、お姉ちゃんとは違うんだし」%K%P
「するわけないでしょ。\n　私、お姉ちゃんとは違うんだし」%K%P
%LC美実
%LC美実
「あははっ、こやつめ。雷が怖くって、\n　一緒に寝ていい？　ってよく甘えてくるくせに」%K%P
「あははっ、こやつめ。雷が怖くって、\n　一緒に寝ていい？　ってよく甘えてくるくせに」%K%P
%LC梨理
%LC梨理
「いつの話してるのっ。\n　っていうか、私の質問っ」%K%P
「いつの話してるのっ。\n　っていうか、私の質問っ」%K%P
%LC美実
%LC美実
「陽菜ちゃんとはさっきここで会ったの。\n　梨理とのエンゲージに興味があるんだって」%K%P
「陽菜ちゃんとはさっきここで会ったの。\n　梨理とのエンゲージに興味があるんだって」%K%P
%LC陽菜
%LC陽菜
「ちょっ、美実様っ」%K%P
「ちょっ、美実様っ」%K%P
%LC美実
%LC美実
「このぐらいはいいでしょ？\n　言わないと先に進まないんだし」%K%P
「このぐらいはいいでしょ？\n　言わないと先に進まないんだし」%K%P
%LC陽菜
%LC陽菜
「それはそうですけど……」%K%P
「それはそうですけど……」%K%P
%LC梨理
%LC梨理
「あの、今の話、ホントですか？\n　センセが私に興味あるって」%K%P
「あの、今の話、ホントですか？\n　センセが私に興味あるって」%K%P
%LC陽菜
%LC陽菜
「うっ、うん。あっ、もちろん、\n　エンゲージの相手としてって意味だよ？」%K%P
「うっ、うん。あっ、もちろん、\n　エンゲージの相手としてって意味だよ？」%K%P
%LC美実
%LC美実
「結婚を前提にお付き合いしたいって」%K%P
「結婚を前提にお付き合いしたいって」%K%P
%LC陽菜
%LC陽菜
「変な意訳しないでくださいっ」%K%P
「変な意訳しないでくださいっ」%K%P
%LC美実
%LC美実
「あははっ。まっ、あの学園長のことだし、\n　こういうニュアンスも込みだとは思うけど」%K%P
「あははっ。まっ、あの学園長のことだし、\n　こういうニュアンスも込みだとは思うけど」%K%P
ありそう。めっちゃありそう。%K%P
ありそう。めっちゃありそう。%K%P
%LC梨理
%LC梨理
「……そう、ですか。センセが、私を……」%K%P
「……そう、ですか。センセが、私を……」%K%P
%LC美実
%LC美実
「おっ。その反応、まんざらでもない感じ？」%K%P
「おっ。その反応、まんざらでもない感じ？」%K%P
%LC梨理
%LC梨理
「なっ……べっ、べつに、まんざらとか、\n　そんなことないしっ……！」%K%P
「なっ……べっ、べつに、まんざらとか、\n　そんなことないしっ……！」%K%P
%LC梨理
%LC梨理
「私は……ただ、その、なんていうか……」%K%P
「私は……ただ、その、なんていうか……」%K%P
%LC美実
%LC美実
「嬉しかったんでしょ？\n　陽菜ちゃんに興味をもってもらえて」%K%P
「嬉しかったんでしょ？\n　陽菜ちゃんに興味をもってもらえて」%K%P
%LC美実
%LC美実
「あの依夜を打ち負かした相手から、\n　自分の実力を評価してもらえたってことだから」%K%P
「あの依夜を打ち負かした相手から、\n　自分の実力を評価してもらえたってことだから」%K%P
%LC梨理
%LC梨理
「それは……」%K%P
「それは……」%K%P
美実様の舌鋒に、梨理ちゃんが黙り込む。%K%P
美実様の舌鋒に、梨理ちゃんが黙り込む。%K%P
でも、その表情は美実様が言うように、\nちょっと喜んでいるように見えた。%K%P
でも、その表情は美実様が言うように、\nちょっと喜んでいるように見えた。%K%P
梨理ちゃんって、かなり顔に出やすいと思う。%K%P
梨理ちゃんって、かなり顔に出やすいと思う。%K%P
けど、こうして喜んでもらえたってことは、\nエンゲージの可能性、あると思っていいのかな。%K%P
けど、こうして喜んでもらえたってことは、\nエンゲージの可能性、あると思っていいのかな。%K%P
%LC美実
%LC美実
「と、いうわけで。親睦深めるために、\n　この３人でぱーっと買い物にいかない？」%K%P
「と、いうわけで。親睦深めるために、\n　この３人でぱーっと買い物にいかない？」%K%P
%LC梨理
%LC梨理
「買い物？」%K%P
「買い物？」%K%P
%LC美実
%LC美実
「そっ。梨理、新しい下着欲しいって\n　この前言ってたでしょ？」%K%P
「そっ。梨理、新しい下着欲しいって\n　この前言ってたでしょ？」%K%P
%LC梨理
%LC梨理
「あっ、うん。欲しい」%K%P
「あっ、うん。欲しい」%K%P
%LC美実
%LC美実
「よし、決まりっ。\n　みんなで見に行こっ、勝負下着っ氈v%K%P
「よし、決まりっ。\n　みんなで見に行こっ、勝負下着っ氈v%K%P
さっき思いっきりぶん投げたやつ、\n本当にちゃんと戻ってきたっ……！？%K%P
さっき思いっきりぶん投げたやつ、\n本当にちゃんと戻ってきたっ……！？%K%P
%LC陽菜
%LC陽菜
「あっ、あの、ちょっと待ってください。\n　私、まだ行くとは一言も……」%K%P
「あっ、あの、ちょっと待ってください。\n　私、まだ行くとは一言も……」%K%P
%LC美実
%LC美実
「えー？　一緒に行こうよー。\n　私、すっごくいいお店知ってるから」%K%P
「えー？　一緒に行こうよー。\n　私、すっごくいいお店知ってるから」%K%P
%LC美実
%LC美実
「そこ、広めのフィッティングルームがあってね、\n　みんなで試着しながら選べるんだよ？」%K%P
「そこ、広めのフィッティングルームがあってね、\n　みんなで試着しながら選べるんだよ？」%K%P
%LC陽菜
%LC陽菜
「ごめんなさい私明日は用があって行けないので\n　姉妹水いらずでお買い物してきてくださいっ！」%K%P
「ごめんなさい私明日は用があって行けないので\n　姉妹水いらずでお買い物してきてくださいっ！」%K%P
